Build started 5/5/2025 11:47:31 AM.
Logging verbosity is set to: Detailed.     0>Process = "/nix/store/8y83na7h81fw5kr1msmjc7rvx329djp0-dotnet-sdk-8.0.300/dotnet"
       MSBuild executable path = "/nix/store/8y83na7h81fw5kr1msmjc7rvx329djp0-dotnet-sdk-8.0.300/sdk/8.0.300/MSBuild.dll"
       Command line arguments = "/nix/store/8y83na7h81fw5kr1msmjc7rvx329djp0-dotnet-sdk-8.0.300/sdk/8.0.300/MSBuild.dll -maxcpucount -verbosity:m -nologo -restore -consoleloggerparameters:Summary PokerGame.Tests/PokerGame.Tests.csproj -flp:logfile=build_errors.txt -distributedlogger:Microsoft.DotNet.Tools.MSBuild.MSBuildLogger,/nix/store/8y83na7h81fw5kr1msmjc7rvx329djp0-dotnet-sdk-8.0.300/sdk/8.0.300/dotnet.dll*Microsoft.DotNet.Tools.MSBuild.MSBuildForwardingLogger,/nix/store/8y83na7h81fw5kr1msmjc7rvx329djp0-dotnet-sdk-8.0.300/sdk/8.0.300/dotnet.dll"
       Current directory = "/home/runner/workspace"
       MSBuild version = "17.10.4+10fbfbf2e"
       Assembly loaded during Evaluation: System.Reflection.Metadata, Version=8.0.0.0, Culture=neutral, PublicKeyToken=b03f5f7f11d50a3a (location: /nix/store/8y83na7h81fw5kr1msmjc7rvx329djp0-dotnet-sdk-8.0.300/shared/Microsoft.NETCore.App/8.0.5/System.Reflection.Metadata.dll, MVID: 9e4af6dc-d886-467b-b6a3-dfb2d3b9f088, AssemblyLoadContext: Default)
       The SDK "Microsoft.NET.Sdk" was successfully resolved by the "DefaultSdkResolver" resolver to location "/nix/store/8y83na7h81fw5kr1msmjc7rvx329djp0-dotnet-sdk-8.0.300/sdk/8.0.300/Sdks/Microsoft.NET.Sdk/Sdk" and version "".
       Assembly loaded during Evaluation: Microsoft.NET.StringTools, Version=1.0.0.0, Culture=neutral, PublicKeyToken=b03f5f7f11d50a3a (location: /nix/store/8y83na7h81fw5kr1msmjc7rvx329djp0-dotnet-sdk-8.0.300/sdk/8.0.300/Microsoft.NET.StringTools.dll, MVID: a8215d72-494e-46bc-80f3-3ce7f496c99c, AssemblyLoadContext: Default)
       Property 'MSBuildExtensionsPath' with value '/nix/store/8y83na7h81fw5kr1msmjc7rvx329djp0-dotnet-sdk-8.0.300/sdk/8.0.300/' expanded from the environment.
       Property reassignment: $(MSBuildProjectExtensionsPath)="/home/runner/workspace/PokerGame.Tests/obj/" (previous value: "obj/") at /nix/store/8y83na7h81fw5kr1msmjc7rvx329djp0-dotnet-sdk-8.0.300/sdk/8.0.300/Current/Microsoft.Common.props (60,5)
       Property reassignment: $(AssemblySearchPaths)="{CandidateAssemblyFiles};{HintPathFromItem}" (previous value: "{CandidateAssemblyFiles}") at /nix/store/8y83na7h81fw5kr1msmjc7rvx329djp0-dotnet-sdk-8.0.300/sdk/8.0.300/Sdks/Microsoft.NET.Sdk/targets/Microsoft.NET.Sdk.props (91,5)
       Property reassignment: $(AssemblySearchPaths)="{CandidateAssemblyFiles};{HintPathFromItem};{TargetFrameworkDirectory}" (previous value: "{CandidateAssemblyFiles};{HintPathFromItem}") at /nix/store/8y83na7h81fw5kr1msmjc7rvx329djp0-dotnet-sdk-8.0.300/sdk/8.0.300/Sdks/Microsoft.NET.Sdk/targets/Microsoft.NET.Sdk.props (92,5)
       Property reassignment: $(AssemblySearchPaths)="{CandidateAssemblyFiles};{HintPathFromItem};{TargetFrameworkDirectory};{RawFileName}" (previous value: "{CandidateAssemblyFiles};{HintPathFromItem};{TargetFrameworkDirectory}") at /nix/store/8y83na7h81fw5kr1msmjc7rvx329djp0-dotnet-sdk-8.0.300/sdk/8.0.300/Sdks/Microsoft.NET.Sdk/targets/Microsoft.NET.Sdk.props (93,5)
       The "DefaultSdkResolver" resolver attempted to resolve the SDK "Microsoft.NET.SDK.WorkloadAutoImportPropsLocator".
       Warnings: null
       Errors: MSB4276: The default SDK resolver failed to resolve SDK "Microsoft.NET.SDK.WorkloadAutoImportPropsLocator" because directory "/nix/store/8y83na7h81fw5kr1msmjc7rvx329djp0-dotnet-sdk-8.0.300/sdk/8.0.300/Sdks/Microsoft.NET.SDK.WorkloadAutoImportPropsLocator/Sdk" did not exist.
       Assembly loaded during Evaluation: Microsoft.Build.NuGetSdkResolver, Version=6.10.0.97, Culture=neutral, PublicKeyToken=31bf3856ad364e35 (location: /nix/store/8y83na7h81fw5kr1msmjc7rvx329djp0-dotnet-sdk-8.0.300/sdk/8.0.300/Microsoft.Build.NuGetSdkResolver.dll, MVID: 892518ee-ce10-4c18-ad79-a096196c3fcf, AssemblyLoadContext: MSBuild plugin /nix/store/8y83na7h81fw5kr1msmjc7rvx329djp0-dotnet-sdk-8.0.300/sdk/8.0.300/Microsoft.Build.NuGetSdkResolver.dll)
       Assembly loaded during Evaluation: Microsoft.NET.Sdk.WorkloadMSBuildSdkResolver, Version=8.0.300.0, Culture=neutral, PublicKeyToken=31bf3856ad364e35 (location: /nix/store/8y83na7h81fw5kr1msmjc7rvx329djp0-dotnet-sdk-8.0.300/sdk/8.0.300/Microsoft.NET.Sdk.WorkloadMSBuildSdkResolver.dll, MVID: f5fa4dec-820a-4cf1-a594-dc92637eb401, AssemblyLoadContext: MSBuild plugin /nix/store/8y83na7h81fw5kr1msmjc7rvx329djp0-dotnet-sdk-8.0.300/sdk/8.0.300/Microsoft.NET.Sdk.WorkloadMSBuildSdkResolver.dll)
       Assembly loaded during Evaluation: Microsoft.DotNet.Cli.Utils, Version=8.0.300.0, Culture=neutral, PublicKeyToken=adb9793829ddae60 (location: /nix/store/8y83na7h81fw5kr1msmjc7rvx329djp0-dotnet-sdk-8.0.300/sdk/8.0.300/Microsoft.DotNet.Cli.Utils.dll, MVID: 4b77f33b-55cc-4dbb-9c0f-92d798a6d6f2, AssemblyLoadContext: MSBuild plugin /nix/store/8y83na7h81fw5kr1msmjc7rvx329djp0-dotnet-sdk-8.0.300/sdk/8.0.300/Microsoft.NET.Sdk.WorkloadMSBuildSdkResolver.dll)
       Assembly loaded during Evaluation: Microsoft.NET.Sdk.WorkloadManifestReader, Version=8.0.300.0, Culture=neutral, PublicKeyToken=adb9793829ddae60 (location: /nix/store/8y83na7h81fw5kr1msmjc7rvx329djp0-dotnet-sdk-8.0.300/sdk/8.0.300/Microsoft.NET.Sdk.WorkloadManifestReader.dll, MVID: ac12131e-8cc8-4dfb-a978-5f85ad026ece, AssemblyLoadContext: MSBuild plugin /nix/store/8y83na7h81fw5kr1msmjc7rvx329djp0-dotnet-sdk-8.0.300/sdk/8.0.300/Microsoft.NET.Sdk.WorkloadMSBuildSdkResolver.dll)
       Assembly loaded during Evaluation: Microsoft.Deployment.DotNet.Releases, Version=2.0.0.0, Culture=neutral, PublicKeyToken=31bf3856ad364e35 (location: /nix/store/8y83na7h81fw5kr1msmjc7rvx329djp0-dotnet-sdk-8.0.300/sdk/8.0.300/Microsoft.Deployment.DotNet.Releases.dll, MVID: eb340e0e-b895-41fa-8fc4-c04faee03b3b, AssemblyLoadContext: MSBuild plugin /nix/store/8y83na7h81fw5kr1msmjc7rvx329djp0-dotnet-sdk-8.0.300/sdk/8.0.300/Microsoft.NET.Sdk.WorkloadMSBuildSdkResolver.dll)
       The SDK "Microsoft.NET.SDK.WorkloadAutoImportPropsLocator" was successfully resolved by the "Microsoft.DotNet.MSBuildWorkloadSdkResolver" resolver to location "null" and version "null".
       Property reassignment: $(TargetsForTfmSpecificContentInPackage)=";PackTool;_PackProjectToolValidation" (previous value: ";PackTool") at /nix/store/8y83na7h81fw5kr1msmjc7rvx329djp0-dotnet-sdk-8.0.300/sdk/8.0.300/Sdks/Microsoft.NET.Sdk/targets/Microsoft.NET.PackProjectTool.props (15,5)
       Property reassignment: $(PublishProfileImported)="false" (previous value: "true") at /nix/store/8y83na7h81fw5kr1msmjc7rvx329djp0-dotnet-sdk-8.0.300/sdk/8.0.300/Sdks/Microsoft.NET.Sdk/targets/Microsoft.NET.Sdk.ImportPublishProfile.targets (28,5)
       Assembly loaded during Evaluation: NuGet.Frameworks, Version=6.10.0.97, Culture=neutral, PublicKeyToken=31bf3856ad364e35 (location: /nix/store/8y83na7h81fw5kr1msmjc7rvx329djp0-dotnet-sdk-8.0.300/sdk/8.0.300/NuGet.Frameworks.dll, MVID: 05e5996d-f121-4c49-b976-ad842a7e715b, AssemblyLoadContext: Assembly.LoadFile(/nix/store/8y83na7h81fw5kr1msmjc7rvx329djp0-dotnet-sdk-8.0.300/sdk/8.0.300/NuGet.Frameworks.dll))
       Property reassignment: $(TargetPlatformVersion)="" (previous value: "0.0") at /nix/store/8y83na7h81fw5kr1msmjc7rvx329djp0-dotnet-sdk-8.0.300/sdk/8.0.300/Sdks/Microsoft.NET.Sdk/targets/Microsoft.NET.TargetFrameworkInference.targets (69,5)
       Property reassignment: $(DefaultItemExcludes)=";bin/Debug//**;obj/Debug//**" (previous value: ";bin/Debug//**") at /nix/store/8y83na7h81fw5kr1msmjc7rvx329djp0-dotnet-sdk-8.0.300/sdk/8.0.300/Sdks/Microsoft.NET.Sdk/targets/Microsoft.NET.DefaultOutputPaths.targets (122,5)
       Property reassignment: $(OutputPath)="bin/Debug/net8.0/" (previous value: "bin/Debug/") at /nix/store/8y83na7h81fw5kr1msmjc7rvx329djp0-dotnet-sdk-8.0.300/sdk/8.0.300/Sdks/Microsoft.NET.Sdk/targets/Microsoft.NET.DefaultOutputPaths.targets (137,5)
       Property reassignment: $(IntermediateOutputPath)="obj/Debug/net8.0/" (previous value: "obj/Debug/") at /nix/store/8y83na7h81fw5kr1msmjc7rvx329djp0-dotnet-sdk-8.0.300/sdk/8.0.300/Sdks/Microsoft.NET.Sdk/targets/Microsoft.NET.DefaultOutputPaths.targets (142,5)
       The "DefaultSdkResolver" resolver attempted to resolve the SDK "Microsoft.NET.SDK.WorkloadManifestTargetsLocator".
       Warnings: null
       Errors: MSB4276: The default SDK resolver failed to resolve SDK "Microsoft.NET.SDK.WorkloadManifestTargetsLocator" because directory "/nix/store/8y83na7h81fw5kr1msmjc7rvx329djp0-dotnet-sdk-8.0.300/sdk/8.0.300/Sdks/Microsoft.NET.SDK.WorkloadManifestTargetsLocator/Sdk" did not exist.
       The SDK "Microsoft.NET.SDK.WorkloadManifestTargetsLocator" was successfully resolved by the "Microsoft.DotNet.MSBuildWorkloadSdkResolver" resolver to location "/nix/store/8y83na7h81fw5kr1msmjc7rvx329djp0-dotnet-sdk-8.0.300/sdk-manifests/8.0.100/microsoft.net.sdk.android/34.0.43" and version "null".
       Property reassignment: $(_FrameworkIdentifierForImplicitDefine)="NET" (previous value: "NETCOREAPP") at /nix/store/8y83na7h81fw5kr1msmjc7rvx329djp0-dotnet-sdk-8.0.300/sdk/8.0.300/Sdks/Microsoft.NET.Sdk/targets/Microsoft.NET.Sdk.BeforeCommon.targets (187,5)
       Property reassignment: $(_FrameworkVersionForImplicitDefine)="8_0" (previous value: "8.0") at /nix/store/8y83na7h81fw5kr1msmjc7rvx329djp0-dotnet-sdk-8.0.300/sdk/8.0.300/Sdks/Microsoft.NET.Sdk/targets/Microsoft.NET.Sdk.BeforeCommon.targets (192,5)
       Property reassignment: $(CommandLineArgsForDesignTimeEvaluation)="-langversion:12.0 -define:TRACE" (previous value: "-langversion:12.0") at /nix/store/8y83na7h81fw5kr1msmjc7rvx329djp0-dotnet-sdk-8.0.300/sdk/8.0.300/Roslyn/Microsoft.CSharp.Core.targets (200,5)
       Assembly loaded during Evaluation: Microsoft.Build.Utilities.Core, Version=15.1.0.0, Culture=neutral, PublicKeyToken=b03f5f7f11d50a3a (location: /nix/store/8y83na7h81fw5kr1msmjc7rvx329djp0-dotnet-sdk-8.0.300/sdk/8.0.300/Microsoft.Build.Utilities.Core.dll, MVID: 84532266-19dd-42f6-80b7-de475da9a256, AssemblyLoadContext: Default)
       Property reassignment: $(_DebugSymbolsProduced)="true" (previous value: "false") at /nix/store/8y83na7h81fw5kr1msmjc7rvx329djp0-dotnet-sdk-8.0.300/sdk/8.0.300/Microsoft.Common.CurrentVersion.targets (175,5)
       Property reassignment: $(_DocumentationFileProduced)="false" (previous value: "true") at /nix/store/8y83na7h81fw5kr1msmjc7rvx329djp0-dotnet-sdk-8.0.300/sdk/8.0.300/Microsoft.Common.CurrentVersion.targets (185,5)
       Property reassignment: $(MSBuildCopyMarkerName)="PokerGam.64075D9C" (previous value: "PokerGame.Tests.csproj") at /nix/store/8y83na7h81fw5kr1msmjc7rvx329djp0-dotnet-sdk-8.0.300/sdk/8.0.300/Microsoft.Common.CurrentVersion.targets (392,5)
       Property reassignment: $(MSBuildCopyMarkerName)="PokerGam.64075D9C.Up2Date" (previous value: "PokerGam.64075D9C") at /nix/store/8y83na7h81fw5kr1msmjc7rvx329djp0-dotnet-sdk-8.0.300/sdk/8.0.300/Microsoft.Common.CurrentVersion.targets (393,5)
       Property reassignment: $(ProcessorArchitecture)="msil" (previous value: "") at /nix/store/8y83na7h81fw5kr1msmjc7rvx329djp0-dotnet-sdk-8.0.300/sdk/8.0.300/Microsoft.Common.CurrentVersion.targets (536,5)
       Property reassignment: $(DelaySign)="" (previous value: "false") at /nix/store/8y83na7h81fw5kr1msmjc7rvx329djp0-dotnet-sdk-8.0.300/sdk/8.0.300/Microsoft.Common.CurrentVersion.targets (575,5)
       Property 'LocalAppData' with value '/home/runner/workspace/.local/share' expanded from the environment.
       Property reassignment: $(_SGenGenerateSerializationAssembliesConfig)="Auto" (previous value: "") at /nix/store/8y83na7h81fw5kr1msmjc7rvx329djp0-dotnet-sdk-8.0.300/sdk/8.0.300/Microsoft.Common.CurrentVersion.targets (3880,5)
       Property reassignment: $(_SGenGenerateSerializationAssembliesConfig)="Off" (previous value: "Auto") at /nix/store/8y83na7h81fw5kr1msmjc7rvx329djp0-dotnet-sdk-8.0.300/sdk/8.0.300/Microsoft.Common.CurrentVersion.targets (3881,5)
       Property reassignment: $(_TargetsThatPrepareProjectReferences)="
             AssignProjectConfiguration;
             _SplitProjectReferencesByFileExistence
           " (previous value: "_SplitProjectReferencesByFileExistence") at /nix/store/8y83na7h81fw5kr1msmjc7rvx329djp0-dotnet-sdk-8.0.300/sdk/8.0.300/Microsoft.Common.CurrentVersion.targets (5048,5)
       Property 'MSBuildExtensionsPath32' with value '/nix/store/8y83na7h81fw5kr1msmjc7rvx329djp0-dotnet-sdk-8.0.300/sdk/8.0.300' expanded from the environment.
       Assembly loaded during Evaluation: System.Threading.Tasks.Parallel, Version=8.0.0.0, Culture=neutral, PublicKeyToken=b03f5f7f11d50a3a (location: /nix/store/8y83na7h81fw5kr1msmjc7rvx329djp0-dotnet-sdk-8.0.300/shared/Microsoft.NETCore.App/8.0.5/System.Threading.Tasks.Parallel.dll, MVID: b93e7adf-6281-45b1-9828-63f0af2bf141, AssemblyLoadContext: Default)
       Property reassignment: $(ProjectAssetsFile)="/home/runner/workspace/PokerGame.Tests/obj/project.assets.json" (previous value: "/home/runner/workspace/PokerGame.Tests/obj//project.assets.json") at /nix/store/8y83na7h81fw5kr1msmjc7rvx329djp0-dotnet-sdk-8.0.300/sdk/8.0.300/Sdks/Microsoft.NET.Sdk/targets/Microsoft.PackageDependencyResolution.targets (24,5)
       Property reassignment: $(ProjectAssetsCacheFile)="/home/runner/workspace/PokerGame.Tests/obj/Debug/net8.0/PokerGame.Tests.assets.cache" (previous value: "obj/Debug/net8.0/PokerGame.Tests.assets.cache") at /nix/store/8y83na7h81fw5kr1msmjc7rvx329djp0-dotnet-sdk-8.0.300/sdk/8.0.300/Sdks/Microsoft.NET.Sdk/targets/Microsoft.PackageDependencyResolution.targets (29,5)
       Property reassignment: $(ResolveAssemblyReferencesDependsOn)="
             
             ResolveProjectReferences;
             FindInvalidProjectReferences;
             GetFrameworkPaths;
             GetReferenceAssemblyPaths;
             PrepareForBuild;
             ResolveSDKReferences;
             ExpandSDKReferences;
           ;
             ResolvePackageDependenciesForBuild;
             _HandlePackageFileConflicts;
           " (previous value: "
             ResolveProjectReferences;
             FindInvalidProjectReferences;
             GetFrameworkPaths;
             GetReferenceAssemblyPaths;
             PrepareForBuild;
             ResolveSDKReferences;
             ExpandSDKReferences;
           ") at /nix/store/8y83na7h81fw5kr1msmjc7rvx329djp0-dotnet-sdk-8.0.300/sdk/8.0.300/Sdks/Microsoft.NET.Sdk/targets/Microsoft.PackageDependencyResolution.targets (80,5)
       Property reassignment: $(PrepareResourcesDependsOn)="
             ResolvePackageDependenciesForBuild;
             _HandlePackageFileConflicts;
             
             ;
             PrepareResourceNames;
             ResGen;
             CompileLicxFiles
           
           " (previous value: "
             ;
             PrepareResourceNames;
             ResGen;
             CompileLicxFiles
           ") at /nix/store/8y83na7h81fw5kr1msmjc7rvx329djp0-dotnet-sdk-8.0.300/sdk/8.0.300/Sdks/Microsoft.NET.Sdk/targets/Microsoft.PackageDependencyResolution.targets (86,5)
       Property reassignment: $(DefaultItemExcludes)=";bin/Debug//**;obj/Debug//**;bin//**" (previous value: ";bin/Debug//**;obj/Debug//**") at /nix/store/8y83na7h81fw5kr1msmjc7rvx329djp0-dotnet-sdk-8.0.300/sdk/8.0.300/Sdks/Microsoft.NET.Sdk/targets/Microsoft.NET.Sdk.DefaultItems.targets (27,5)
       Property reassignment: $(DefaultItemExcludes)=";bin/Debug//**;obj/Debug//**;bin//**;obj//**" (previous value: ";bin/Debug//**;obj/Debug//**;bin//**") at /nix/store/8y83na7h81fw5kr1msmjc7rvx329djp0-dotnet-sdk-8.0.300/sdk/8.0.300/Sdks/Microsoft.NET.Sdk/targets/Microsoft.NET.Sdk.DefaultItems.targets (29,5)
       Property reassignment: $(DefaultItemExcludes)=";bin/Debug//**;obj/Debug//**;bin//**;obj//**;**/*.user" (previous value: ";bin/Debug//**;obj/Debug//**;bin//**;obj//**") at /nix/store/8y83na7h81fw5kr1msmjc7rvx329djp0-dotnet-sdk-8.0.300/sdk/8.0.300/Sdks/Microsoft.NET.Sdk/targets/Microsoft.NET.Sdk.DefaultItems.targets (32,5)
       Property reassignment: $(DefaultItemExcludes)=";bin/Debug//**;obj/Debug//**;bin//**;obj//**;**/*.user;**/*.*proj" (previous value: ";bin/Debug//**;obj/Debug//**;bin//**;obj//**;**/*.user") at /nix/store/8y83na7h81fw5kr1msmjc7rvx329djp0-dotnet-sdk-8.0.300/sdk/8.0.300/Sdks/Microsoft.NET.Sdk/targets/Microsoft.NET.Sdk.DefaultItems.targets (33,5)
       Property reassignment: $(DefaultItemExcludes)=";bin/Debug//**;obj/Debug//**;bin//**;obj//**;**/*.user;**/*.*proj;**/*.sln" (previous value: ";bin/Debug//**;obj/Debug//**;bin//**;obj//**;**/*.user;**/*.*proj") at /nix/store/8y83na7h81fw5kr1msmjc7rvx329djp0-dotnet-sdk-8.0.300/sdk/8.0.300/Sdks/Microsoft.NET.Sdk/targets/Microsoft.NET.Sdk.DefaultItems.targets (34,5)
       Property reassignment: $(DefaultItemExcludes)=";bin/Debug//**;obj/Debug//**;bin//**;obj//**;**/*.user;**/*.*proj;**/*.sln;**/*.vssscc" (previous value: ";bin/Debug//**;obj/Debug//**;bin//**;obj//**;**/*.user;**/*.*proj;**/*.sln") at /nix/store/8y83na7h81fw5kr1msmjc7rvx329djp0-dotnet-sdk-8.0.300/sdk/8.0.300/Sdks/Microsoft.NET.Sdk/targets/Microsoft.NET.Sdk.DefaultItems.targets (35,5)
       Property reassignment: $(DefaultItemExcludes)=";bin/Debug//**;obj/Debug//**;bin//**;obj//**;**/*.user;**/*.*proj;**/*.sln;**/*.vssscc;**/.DS_Store" (previous value: ";bin/Debug//**;obj/Debug//**;bin//**;obj//**;**/*.user;**/*.*proj;**/*.sln;**/*.vssscc") at /nix/store/8y83na7h81fw5kr1msmjc7rvx329djp0-dotnet-sdk-8.0.300/sdk/8.0.300/Sdks/Microsoft.NET.Sdk/targets/Microsoft.NET.Sdk.DefaultItems.targets (36,5)
       Property reassignment: $(ResolveAssemblyReferencesDependsOn)="
             
             
             ResolveProjectReferences;
             FindInvalidProjectReferences;
             GetFrameworkPaths;
             GetReferenceAssemblyPaths;
             PrepareForBuild;
             ResolveSDKReferences;
             ExpandSDKReferences;
           ;
             ResolvePackageDependenciesForBuild;
             _HandlePackageFileConflicts;
           ;
             ResolveTargetingPackAssets;
           " (previous value: "
             
             ResolveProjectReferences;
             FindInvalidProjectReferences;
             GetFrameworkPaths;
             GetReferenceAssemblyPaths;
             PrepareForBuild;
             ResolveSDKReferences;
             ExpandSDKReferences;
           ;
             ResolvePackageDependenciesForBuild;
             _HandlePackageFileConflicts;
           ") at /nix/store/8y83na7h81fw5kr1msmjc7rvx329djp0-dotnet-sdk-8.0.300/sdk/8.0.300/Sdks/Microsoft.NET.Sdk/targets/Microsoft.NET.Sdk.FrameworkReferenceResolution.targets (14,5)
       Property reassignment: $(_GenerateRuntimeConfigurationPropertyInputsCache)="/home/runner/workspace/PokerGame.Tests/obj/Debug/net8.0/PokerGame.Tests.genruntimeconfig.cache" (previous value: "obj/Debug/net8.0/PokerGame.Tests.genruntimeconfig.cache") at /nix/store/8y83na7h81fw5kr1msmjc7rvx329djp0-dotnet-sdk-8.0.300/sdk/8.0.300/Sdks/Microsoft.NET.Sdk/targets/Microsoft.NET.Sdk.targets (44,5)
       Property reassignment: $(_GeneratePublishDependencyFilePropertyInputsCache)="/home/runner/workspace/PokerGame.Tests/obj/Debug/net8.0/PokerGame.Tests.genpublishdeps.cache" (previous value: "obj/Debug/net8.0/PokerGame.Tests.genpublishdeps.cache") at /nix/store/8y83na7h81fw5kr1msmjc7rvx329djp0-dotnet-sdk-8.0.300/sdk/8.0.300/Sdks/Microsoft.NET.Sdk/targets/Microsoft.NET.Sdk.targets (46,5)
       Property reassignment: $(_GenerateSingleFileBundlePropertyInputsCache)="/home/runner/workspace/PokerGame.Tests/obj/Debug/net8.0/PokerGame.Tests.genbundle.cache" (previous value: "obj/Debug/net8.0/PokerGame.Tests.genbundle.cache") at /nix/store/8y83na7h81fw5kr1msmjc7rvx329djp0-dotnet-sdk-8.0.300/sdk/8.0.300/Sdks/Microsoft.NET.Sdk/targets/Microsoft.NET.Sdk.targets (48,5)
       Property reassignment: $(GenerateRuntimeConfigDevFile)="false" (previous value: "true") at /nix/store/8y83na7h81fw5kr1msmjc7rvx329djp0-dotnet-sdk-8.0.300/sdk/8.0.300/Sdks/Microsoft.NET.Sdk/targets/Microsoft.NET.Sdk.targets (81,5)
       Property 'HOME' with value '/home/runner' expanded from the environment.
       Property reassignment: $(_DefaultUserProfileRuntimeStorePath)="/home/runner/.dotnet/store" (previous value: "/home/runner") at /nix/store/8y83na7h81fw5kr1msmjc7rvx329djp0-dotnet-sdk-8.0.300/sdk/8.0.300/Sdks/Microsoft.NET.Sdk/targets/Microsoft.NET.Sdk.targets (98,5)
       Property reassignment: $(AvailablePlatforms)="Any CPU,x86,x64,ARM32" (previous value: "Any CPU,x86,x64") at /nix/store/8y83na7h81fw5kr1msmjc7rvx329djp0-dotnet-sdk-8.0.300/sdk/8.0.300/Sdks/Microsoft.NET.Sdk/targets/Microsoft.NET.Sdk.targets (136,5)
       Property reassignment: $(AvailablePlatforms)="Any CPU,x86,x64,ARM32,ARM64" (previous value: "Any CPU,x86,x64,ARM32") at /nix/store/8y83na7h81fw5kr1msmjc7rvx329djp0-dotnet-sdk-8.0.300/sdk/8.0.300/Sdks/Microsoft.NET.Sdk/targets/Microsoft.NET.Sdk.targets (140,5)
       Property reassignment: $(CoreBuildDependsOn)="
             _CheckForBuildWithNoBuild;
             
             BuildOnlySettings;
             PrepareForBuild;
             PreBuildEvent;
             ResolveReferences;
             PrepareResources;
             ResolveKeySource;
             Compile;
             ExportWindowsMDFile;
             UnmanagedUnregistration;
             GenerateSerializationAssemblies;
             CreateSatelliteAssemblies;
             GenerateManifests;
             GetTargetPath;
             PrepareForRun;
             UnmanagedRegistration;
             IncrementalClean;
             PostBuildEvent
           ;
             GenerateBuildDependencyFile;
             GenerateBuildRuntimeConfigurationFiles
           " (previous value: "
             BuildOnlySettings;
             PrepareForBuild;
             PreBuildEvent;
             ResolveReferences;
             PrepareResources;
             ResolveKeySource;
             Compile;
             ExportWindowsMDFile;
             UnmanagedUnregistration;
             GenerateSerializationAssemblies;
             CreateSatelliteAssemblies;
             GenerateManifests;
             GetTargetPath;
             PrepareForRun;
             UnmanagedRegistration;
             IncrementalClean;
             PostBuildEvent
           ") at /nix/store/8y83na7h81fw5kr1msmjc7rvx329djp0-dotnet-sdk-8.0.300/sdk/8.0.300/Sdks/Microsoft.NET.Sdk/targets/Microsoft.NET.Sdk.targets (197,5)
       Property reassignment: $(CoreCleanDependsOn)="
             _SdkBeforeClean;
             
           " (previous value: "") at /nix/store/8y83na7h81fw5kr1msmjc7rvx329djp0-dotnet-sdk-8.0.300/sdk/8.0.300/Sdks/Microsoft.NET.Sdk/targets/Microsoft.NET.Sdk.targets (206,5)
       Property reassignment: $(RebuildDependsOn)="
             _SdkBeforeRebuild;
             
             BeforeRebuild;
             Clean;
             Build;
             AfterRebuild;
           
           " (previous value: "
             BeforeRebuild;
             Clean;
             Build;
             AfterRebuild;
           ") at /nix/store/8y83na7h81fw5kr1msmjc7rvx329djp0-dotnet-sdk-8.0.300/sdk/8.0.300/Sdks/Microsoft.NET.Sdk/targets/Microsoft.NET.Sdk.targets (213,5)
       Property reassignment: $(CompileDependsOn)="
             
             ResolveReferences;
             ResolveKeySource;
             SetWin32ManifestProperties;
             FindReferenceAssembliesForReferences;
             _GenerateCompileInputs;
             BeforeCompile;
             _TimeStampBeforeCompile;
             _GenerateCompileDependencyCache;
             CoreCompile;
             _TimeStampAfterCompile;
             AfterCompile;
           ;
             _CreateAppHost;
             _CreateComHost;
             _GetIjwHostPaths;
           " (previous value: "
             ResolveReferences;
             ResolveKeySource;
             SetWin32ManifestProperties;
             FindReferenceAssembliesForReferences;
             _GenerateCompileInputs;
             BeforeCompile;
             _TimeStampBeforeCompile;
             _GenerateCompileDependencyCache;
             CoreCompile;
             _TimeStampAfterCompile;
             AfterCompile;
           ") at /nix/store/8y83na7h81fw5kr1msmjc7rvx329djp0-dotnet-sdk-8.0.300/sdk/8.0.300/Sdks/Microsoft.NET.Sdk/targets/Microsoft.NET.Sdk.targets (679,5)
       Property reassignment: $(CreateSatelliteAssembliesDependsOn)="
             
             ;
             _GenerateSatelliteAssemblyInputs;
             ComputeIntermediateSatelliteAssemblies;
             GenerateSatelliteAssemblies
           ;
             CoreGenerateSatelliteAssemblies
           " (previous value: "
             ;
             _GenerateSatelliteAssemblyInputs;
             ComputeIntermediateSatelliteAssemblies;
             GenerateSatelliteAssemblies
           ") at /nix/store/8y83na7h81fw5kr1msmjc7rvx329djp0-dotnet-sdk-8.0.300/sdk/8.0.300/Sdks/Microsoft.NET.Sdk/targets/Microsoft.NET.Sdk.targets (1065,5)
       Property reassignment: $(SourceLinkUrlInitializerTargets)=";_InitializeGitHubSourceLinkUrl;_InitializeGitLabSourceLinkUrl" (previous value: ";_InitializeGitHubSourceLinkUrl") at /nix/store/8y83na7h81fw5kr1msmjc7rvx329djp0-dotnet-sdk-8.0.300/sdk/8.0.300/Sdks/Microsoft.SourceLink.GitLab/build/Microsoft.SourceLink.GitLab.targets (12,5)
       Property reassignment: $(SourceControlManagerUrlTranslationTargets)=";TranslateGitHubUrlsInSourceControlInformation;TranslateGitLabUrlsInSourceControlInformation" (previous value: ";TranslateGitHubUrlsInSourceControlInformation") at /nix/store/8y83na7h81fw5kr1msmjc7rvx329djp0-dotnet-sdk-8.0.300/sdk/8.0.300/Sdks/Microsoft.SourceLink.GitLab/build/Microsoft.SourceLink.GitLab.targets (13,5)
       Property reassignment: $(SourceLinkUrlInitializerTargets)=";_InitializeGitHubSourceLinkUrl;_InitializeGitLabSourceLinkUrl;_InitializeAzureReposGitSourceLinkUrl" (previous value: ";_InitializeGitHubSourceLinkUrl;_InitializeGitLabSourceLinkUrl") at /nix/store/8y83na7h81fw5kr1msmjc7rvx329djp0-dotnet-sdk-8.0.300/sdk/8.0.300/Sdks/Microsoft.SourceLink.AzureRepos.Git/build/Microsoft.SourceLink.AzureRepos.Git.targets (12,5)
       Property reassignment: $(SourceControlManagerUrlTranslationTargets)=";TranslateGitHubUrlsInSourceControlInformation;TranslateGitLabUrlsInSourceControlInformation;TranslateAzureReposGitUrlsInSourceControlInformation" (previous value: ";TranslateGitHubUrlsInSourceControlInformation;TranslateGitLabUrlsInSourceControlInformation") at /nix/store/8y83na7h81fw5kr1msmjc7rvx329djp0-dotnet-sdk-8.0.300/sdk/8.0.300/Sdks/Microsoft.SourceLink.AzureRepos.Git/build/Microsoft.SourceLink.AzureRepos.Git.targets (13,5)
       Property reassignment: $(SourceLinkUrlInitializerTargets)=";_InitializeGitHubSourceLinkUrl;_InitializeGitLabSourceLinkUrl;_InitializeAzureReposGitSourceLinkUrl;_InitializeBitbucketGitSourceLinkUrl" (previous value: ";_InitializeGitHubSourceLinkUrl;_InitializeGitLabSourceLinkUrl;_InitializeAzureReposGitSourceLinkUrl") at /nix/store/8y83na7h81fw5kr1msmjc7rvx329djp0-dotnet-sdk-8.0.300/sdk/8.0.300/Sdks/Microsoft.SourceLink.Bitbucket.Git/build/Microsoft.SourceLink.Bitbucket.Git.targets (12,5)
       Property reassignment: $(SourceControlManagerUrlTranslationTargets)=";TranslateGitHubUrlsInSourceControlInformation;TranslateGitLabUrlsInSourceControlInformation;TranslateAzureReposGitUrlsInSourceControlInformation;TranslateBitbucketGitUrlsInSourceControlInformation" (previous value: ";TranslateGitHubUrlsInSourceControlInformation;TranslateGitLabUrlsInSourceControlInformation;TranslateAzureReposGitUrlsInSourceControlInformation") at /nix/store/8y83na7h81fw5kr1msmjc7rvx329djp0-dotnet-sdk-8.0.300/sdk/8.0.300/Sdks/Microsoft.SourceLink.Bitbucket.Git/build/Microsoft.SourceLink.Bitbucket.Git.targets (13,5)
       Property reassignment: $(DesignerRuntimeImplementationProjectOutputGroupDependsOn)="
             
             ;
             
             ;
             BuildOnlySettings;
             PrepareForBuild;
             AssignTargetPaths;
             ResolveReferences
           
           ;
             _GenerateDesignerDepsFile;
             _GenerateDesignerRuntimeConfigFile;
             GetCopyToOutputDirectoryItems;
             _GatherDesignerShadowCopyFiles;
           " (previous value: "
             ;
             
             ;
             BuildOnlySettings;
             PrepareForBuild;
             AssignTargetPaths;
             ResolveReferences
           
           ") at /nix/store/8y83na7h81fw5kr1msmjc7rvx329djp0-dotnet-sdk-8.0.300/sdk/8.0.300/Sdks/Microsoft.NET.Sdk/targets/Microsoft.NET.DesignerSupport.targets (21,5)
       Property reassignment: $(_GenerateToolsSettingsFileCacheFile)="/home/runner/workspace/PokerGame.Tests/obj/Debug/net8.0/PokerGame.Tests.toolssettingsinput.cache" (previous value: "obj/Debug/net8.0/PokerGame.Tests.toolssettingsinput.cache") at /nix/store/8y83na7h81fw5kr1msmjc7rvx329djp0-dotnet-sdk-8.0.300/sdk/8.0.300/Sdks/Microsoft.NET.Sdk/targets/Microsoft.NET.PackTool.targets (68,5)
       Property reassignment: $(_ShimInputCacheFile)="/home/runner/workspace/PokerGame.Tests/obj/Debug/net8.0/PokerGame.Tests.shiminput.cache" (previous value: "obj/Debug/net8.0/PokerGame.Tests.shiminput.cache") at /nix/store/8y83na7h81fw5kr1msmjc7rvx329djp0-dotnet-sdk-8.0.300/sdk/8.0.300/Sdks/Microsoft.NET.Sdk/targets/Microsoft.NET.PackTool.targets (137,5)
       Property reassignment: $(_ShimCreatedSentinelFile)="/home/runner/workspace/PokerGame.Tests/obj/Debug/net8.0/PokerGame.Tests.shimcreated.sentinel" (previous value: "obj/Debug/net8.0/PokerGame.Tests.shimcreated.sentinel") at /nix/store/8y83na7h81fw5kr1msmjc7rvx329djp0-dotnet-sdk-8.0.300/sdk/8.0.300/Sdks/Microsoft.NET.Sdk/targets/Microsoft.NET.PackTool.targets (139,5)
       Property reassignment: $(DefineConstants)="TRACE;DEBUG" (previous value: "TRACE") at /nix/store/8y83na7h81fw5kr1msmjc7rvx329djp0-dotnet-sdk-8.0.300/sdk/8.0.300/Sdks/Microsoft.NET.Sdk/targets/Microsoft.NET.Sdk.CSharp.targets (31,5)
       Property reassignment: $(DefineConstants)="TRACE;DEBUG;NET;NET8_0;NETCOREAPP" (previous value: "TRACE;DEBUG") at /nix/store/8y83na7h81fw5kr1msmjc7rvx329djp0-dotnet-sdk-8.0.300/sdk/8.0.300/Sdks/Microsoft.NET.Sdk/targets/Microsoft.NET.Sdk.CSharp.targets (34,5)
       Property reassignment: $(WarningsAsErrors)=";NU1605;SYSLIB0011" (previous value: ";NU1605") at /nix/store/8y83na7h81fw5kr1msmjc7rvx329djp0-dotnet-sdk-8.0.300/sdk/8.0.300/Sdks/Microsoft.NET.Sdk/targets/Microsoft.NET.Sdk.CSharp.targets (48,5)
       Property reassignment: $(PackageDescription)="Package Description" (previous value: "") at /nix/store/8y83na7h81fw5kr1msmjc7rvx329djp0-dotnet-sdk-8.0.300/sdk/8.0.300/Sdks/NuGet.Build.Tasks.Pack/build/NuGet.Build.Tasks.Pack.targets (34,5)
       Property reassignment: $(GenerateNuspecDependsOn)="Build;_LoadPackInputItems; _GetTargetFrameworksOutput; _WalkEachTargetPerFramework; _GetPackageFiles; " (previous value: "_LoadPackInputItems; _GetTargetFrameworksOutput; _WalkEachTargetPerFramework; _GetPackageFiles; ") at /nix/store/8y83na7h81fw5kr1msmjc7rvx329djp0-dotnet-sdk-8.0.300/sdk/8.0.300/Sdks/NuGet.Build.Tasks.Pack/build/NuGet.Build.Tasks.Pack.targets (59,5)
       Property reassignment: $(_IsSDKContainerAllowedVersion)="true" (previous value: "false") at /nix/store/8y83na7h81fw5kr1msmjc7rvx329djp0-dotnet-sdk-8.0.300/sdk/8.0.300/Containers/build/Microsoft.NET.Build.Containers.targets (5,5)
       Property reassignment: $(_ContainerIsTargetingNet8TFM)="true" (previous value: "false") at /nix/store/8y83na7h81fw5kr1msmjc7rvx329djp0-dotnet-sdk-8.0.300/sdk/8.0.300/Containers/build/Microsoft.NET.Build.Containers.targets (15,5)
       Assembly loaded during Evaluation: System.Reflection.Emit.Lightweight, Version=8.0.0.0, Culture=neutral, PublicKeyToken=b03f5f7f11d50a3a (location: /nix/store/8y83na7h81fw5kr1msmjc7rvx329djp0-dotnet-sdk-8.0.300/shared/Microsoft.NETCore.App/8.0.5/System.Reflection.Emit.Lightweight.dll, MVID: a94472e4-7b50-4ab7-b378-b1d4cab88e66, AssemblyLoadContext: Default)
       Assembly loaded during Evaluation: System.Reflection.Emit.ILGeneration, Version=8.0.0.0, Culture=neutral, PublicKeyToken=b03f5f7f11d50a3a (location: /nix/store/8y83na7h81fw5kr1msmjc7rvx329djp0-dotnet-sdk-8.0.300/shared/Microsoft.NETCore.App/8.0.5/System.Reflection.Emit.ILGeneration.dll, MVID: 60b17ff9-2c32-4244-873a-ec15cbbe91c8, AssemblyLoadContext: Default)
       Assembly loaded during Evaluation: System.Reflection.Primitives, Version=8.0.0.0, Culture=neutral, PublicKeyToken=b03f5f7f11d50a3a (location: /nix/store/8y83na7h81fw5kr1msmjc7rvx329djp0-dotnet-sdk-8.0.300/shared/Microsoft.NETCore.App/8.0.5/System.Reflection.Primitives.dll, MVID: 05317f73-18f9-4e10-886c-f96273d98880, AssemblyLoadContext: Default)
       Overriding target "ResolveFrameworkReferences" in project "/nix/store/8y83na7h81fw5kr1msmjc7rvx329djp0-dotnet-sdk-8.0.300/sdk/8.0.300/Microsoft.Common.CurrentVersion.targets" with target "ResolveFrameworkReferences" from project "/nix/store/8y83na7h81fw5kr1msmjc7rvx329djp0-dotnet-sdk-8.0.300/sdk/8.0.300/Sdks/Microsoft.NET.Sdk/targets/Microsoft.NET.Sdk.FrameworkReferenceResolution.targets".
       Overriding target "Run" in project "/nix/store/8y83na7h81fw5kr1msmjc7rvx329djp0-dotnet-sdk-8.0.300/sdk/8.0.300/Microsoft.Common.CurrentVersion.targets" with target "Run" from project "/nix/store/8y83na7h81fw5kr1msmjc7rvx329djp0-dotnet-sdk-8.0.300/sdk/8.0.300/Sdks/Microsoft.NET.Sdk/targets/Microsoft.NET.Sdk.targets".
       Overriding target "GenerateSupportedTargetFrameworkAlias" in project "/nix/store/8y83na7h81fw5kr1msmjc7rvx329djp0-dotnet-sdk-8.0.300/sdk/8.0.300/Microsoft.Common.CurrentVersion.targets" with target "GenerateSupportedTargetFrameworkAlias" from project "/nix/store/8y83na7h81fw5kr1msmjc7rvx329djp0-dotnet-sdk-8.0.300/sdk/8.0.300/Sdks/Microsoft.NET.Sdk/targets/Microsoft.NET.Sdk.targets".
       Overriding target "GetReferenceAssemblyPaths" in project "/nix/store/8y83na7h81fw5kr1msmjc7rvx329djp0-dotnet-sdk-8.0.300/sdk/8.0.300/Microsoft.Common.CurrentVersion.targets" with target "GetReferenceAssemblyPaths" from project "/nix/store/8y83na7h81fw5kr1msmjc7rvx329djp0-dotnet-sdk-8.0.300/sdk/8.0.300/Sdks/Microsoft.NET.Sdk/targets/Microsoft.NET.DisableStandardFrameworkResolution.targets".
       Overriding target "GetFrameworkPaths" in project "/nix/store/8y83na7h81fw5kr1msmjc7rvx329djp0-dotnet-sdk-8.0.300/sdk/8.0.300/Microsoft.Common.CurrentVersion.targets" with target "GetFrameworkPaths" from project "/nix/store/8y83na7h81fw5kr1msmjc7rvx329djp0-dotnet-sdk-8.0.300/sdk/8.0.300/Sdks/Microsoft.NET.Sdk/targets/Microsoft.NET.DisableStandardFrameworkResolution.targets".
       Overriding target "DesignerRuntimeImplementationProjectOutputGroup" in project "/nix/store/8y83na7h81fw5kr1msmjc7rvx329djp0-dotnet-sdk-8.0.300/sdk/8.0.300/Microsoft.Common.CurrentVersion.targets" with target "DesignerRuntimeImplementationProjectOutputGroup" from project "/nix/store/8y83na7h81fw5kr1msmjc7rvx329djp0-dotnet-sdk-8.0.300/sdk/8.0.300/Sdks/Microsoft.NET.Sdk/targets/Microsoft.NET.DesignerSupport.targets".
       Overriding target "Publish" in project "/nix/store/8y83na7h81fw5kr1msmjc7rvx329djp0-dotnet-sdk-8.0.300/sdk/8.0.300/Microsoft.Common.CurrentVersion.targets" with target "Publish" from project "/nix/store/8y83na7h81fw5kr1msmjc7rvx329djp0-dotnet-sdk-8.0.300/sdk/8.0.300/Sdks/Microsoft.NET.Sdk/targets/Microsoft.NET.Publish.targets".
       Overriding target "ResolveReadyToRunCompilers" in project "/nix/store/8y83na7h81fw5kr1msmjc7rvx329djp0-dotnet-sdk-8.0.300/sdk/8.0.300/Sdks/Microsoft.NET.Sdk/targets/Microsoft.NET.CrossGen.targets" with target "ResolveReadyToRunCompilers" from project "/nix/store/8y83na7h81fw5kr1msmjc7rvx329djp0-dotnet-sdk-8.0.300/sdk/8.0.300/Sdks/Microsoft.NET.Sdk/targets/Microsoft.NET.Publish.targets".
       Overriding target "GetCopyToPublishDirectoryItems" in project "/nix/store/8y83na7h81fw5kr1msmjc7rvx329djp0-dotnet-sdk-8.0.300/sdk/8.0.300/Microsoft.Common.CurrentVersion.targets" with target "GetCopyToPublishDirectoryItems" from project "/nix/store/8y83na7h81fw5kr1msmjc7rvx329djp0-dotnet-sdk-8.0.300/sdk/8.0.300/Sdks/Microsoft.NET.Sdk/targets/Microsoft.NET.Publish.targets".
     1>Project "/home/runner/workspace/PokerGame.Tests/PokerGame.Tests.csproj" on node 1 (Restore target(s)).
     1>Target "_LoadRestoreGraphEntryPoints" in file "/nix/store/8y83na7h81fw5kr1msmjc7rvx329djp0-dotnet-sdk-8.0.300/sdk/8.0.300/NuGet.targets" from project "/home/runner/workspace/PokerGame.Tests/PokerGame.Tests.csproj" (target "_FilterRestoreGraphProjectInputItems" depends on it):
     1>Task "GetRestoreSolutionProjectsTask" skipped, due to false condition; ( $(MSBuildProjectFullPath.EndsWith('.metaproj')) == 'true' AND @(RestoreGraphProjectInputItems) == '' ) was evaluated as ( False == 'true' AND /home/runner/workspace/PokerGame.Tests/PokerGame.Tests.csproj == '' ).
     1>Done building target "_LoadRestoreGraphEntryPoints" in project "PokerGame.Tests.csproj".
     1>Target "_FilterRestoreGraphProjectInputItems" in file "/nix/store/8y83na7h81fw5kr1msmjc7rvx329djp0-dotnet-sdk-8.0.300/sdk/8.0.300/NuGet.targets" from project "/home/runner/workspace/PokerGame.Tests/PokerGame.Tests.csproj" (target "_GenerateRestoreGraph" depends on it):
       Using "RemoveDuplicates" task from assembly "Microsoft.Build.Tasks.Core, Version=15.1.0.0, Culture=neutral, PublicKeyToken=b03f5f7f11d50a3a".
       Task "RemoveDuplicates"
       Done executing task "RemoveDuplicates".
       Using "MSBuild" task from assembly "Microsoft.Build.Tasks.Core, Version=15.1.0.0, Culture=neutral, PublicKeyToken=b03f5f7f11d50a3a".
       Task "MSBuild"
         Global Properties:
           ExcludeRestorePackageImports=true
     0>Property 'MSBuildExtensionsPath' with value '/nix/store/8y83na7h81fw5kr1msmjc7rvx329djp0-dotnet-sdk-8.0.300/sdk/8.0.300/' expanded from the environment.
       Property reassignment: $(MSBuildProjectExtensionsPath)="/home/runner/workspace/PokerGame.Tests/obj/" (previous value: "obj/") at /nix/store/8y83na7h81fw5kr1msmjc7rvx329djp0-dotnet-sdk-8.0.300/sdk/8.0.300/Current/Microsoft.Common.props (60,5)
       Property reassignment: $(AssemblySearchPaths)="{CandidateAssemblyFiles};{HintPathFromItem}" (previous value: "{CandidateAssemblyFiles}") at /nix/store/8y83na7h81fw5kr1msmjc7rvx329djp0-dotnet-sdk-8.0.300/sdk/8.0.300/Sdks/Microsoft.NET.Sdk/targets/Microsoft.NET.Sdk.props (91,5)
       Property reassignment: $(AssemblySearchPaths)="{CandidateAssemblyFiles};{HintPathFromItem};{TargetFrameworkDirectory}" (previous value: "{CandidateAssemblyFiles};{HintPathFromItem}") at /nix/store/8y83na7h81fw5kr1msmjc7rvx329djp0-dotnet-sdk-8.0.300/sdk/8.0.300/Sdks/Microsoft.NET.Sdk/targets/Microsoft.NET.Sdk.props (92,5)
       Property reassignment: $(AssemblySearchPaths)="{CandidateAssemblyFiles};{HintPathFromItem};{TargetFrameworkDirectory};{RawFileName}" (previous value: "{CandidateAssemblyFiles};{HintPathFromItem};{TargetFrameworkDirectory}") at /nix/store/8y83na7h81fw5kr1msmjc7rvx329djp0-dotnet-sdk-8.0.300/sdk/8.0.300/Sdks/Microsoft.NET.Sdk/targets/Microsoft.NET.Sdk.props (93,5)
       Property reassignment: $(TargetsForTfmSpecificContentInPackage)=";PackTool;_PackProjectToolValidation" (previous value: ";PackTool") at /nix/store/8y83na7h81fw5kr1msmjc7rvx329djp0-dotnet-sdk-8.0.300/sdk/8.0.300/Sdks/Microsoft.NET.Sdk/targets/Microsoft.NET.PackProjectTool.props (15,5)
       Property reassignment: $(PublishProfileImported)="false" (previous value: "true") at /nix/store/8y83na7h81fw5kr1msmjc7rvx329djp0-dotnet-sdk-8.0.300/sdk/8.0.300/Sdks/Microsoft.NET.Sdk/targets/Microsoft.NET.Sdk.ImportPublishProfile.targets (28,5)
       Property reassignment: $(TargetPlatformVersion)="" (previous value: "0.0") at /nix/store/8y83na7h81fw5kr1msmjc7rvx329djp0-dotnet-sdk-8.0.300/sdk/8.0.300/Sdks/Microsoft.NET.Sdk/targets/Microsoft.NET.TargetFrameworkInference.targets (69,5)
       Property reassignment: $(DefaultItemExcludes)=";bin/Debug//**;obj/Debug//**" (previous value: ";bin/Debug//**") at /nix/store/8y83na7h81fw5kr1msmjc7rvx329djp0-dotnet-sdk-8.0.300/sdk/8.0.300/Sdks/Microsoft.NET.Sdk/targets/Microsoft.NET.DefaultOutputPaths.targets (122,5)
       Property reassignment: $(OutputPath)="bin/Debug/net8.0/" (previous value: "bin/Debug/") at /nix/store/8y83na7h81fw5kr1msmjc7rvx329djp0-dotnet-sdk-8.0.300/sdk/8.0.300/Sdks/Microsoft.NET.Sdk/targets/Microsoft.NET.DefaultOutputPaths.targets (137,5)
       Property reassignment: $(IntermediateOutputPath)="obj/Debug/net8.0/" (previous value: "obj/Debug/") at /nix/store/8y83na7h81fw5kr1msmjc7rvx329djp0-dotnet-sdk-8.0.300/sdk/8.0.300/Sdks/Microsoft.NET.Sdk/targets/Microsoft.NET.DefaultOutputPaths.targets (142,5)
       Property reassignment: $(_FrameworkIdentifierForImplicitDefine)="NET" (previous value: "NETCOREAPP") at /nix/store/8y83na7h81fw5kr1msmjc7rvx329djp0-dotnet-sdk-8.0.300/sdk/8.0.300/Sdks/Microsoft.NET.Sdk/targets/Microsoft.NET.Sdk.BeforeCommon.targets (187,5)
       Property reassignment: $(_FrameworkVersionForImplicitDefine)="8_0" (previous value: "8.0") at /nix/store/8y83na7h81fw5kr1msmjc7rvx329djp0-dotnet-sdk-8.0.300/sdk/8.0.300/Sdks/Microsoft.NET.Sdk/targets/Microsoft.NET.Sdk.BeforeCommon.targets (192,5)
       Property reassignment: $(CommandLineArgsForDesignTimeEvaluation)="-langversion:12.0 -define:TRACE" (previous value: "-langversion:12.0") at /nix/store/8y83na7h81fw5kr1msmjc7rvx329djp0-dotnet-sdk-8.0.300/sdk/8.0.300/Roslyn/Microsoft.CSharp.Core.targets (200,5)
       Property reassignment: $(_DebugSymbolsProduced)="true" (previous value: "false") at /nix/store/8y83na7h81fw5kr1msmjc7rvx329djp0-dotnet-sdk-8.0.300/sdk/8.0.300/Microsoft.Common.CurrentVersion.targets (175,5)
       Property reassignment: $(_DocumentationFileProduced)="false" (previous value: "true") at /nix/store/8y83na7h81fw5kr1msmjc7rvx329djp0-dotnet-sdk-8.0.300/sdk/8.0.300/Microsoft.Common.CurrentVersion.targets (185,5)
       Property reassignment: $(MSBuildCopyMarkerName)="PokerGam.64075D9C" (previous value: "PokerGame.Tests.csproj") at /nix/store/8y83na7h81fw5kr1msmjc7rvx329djp0-dotnet-sdk-8.0.300/sdk/8.0.300/Microsoft.Common.CurrentVersion.targets (392,5)
       Property reassignment: $(MSBuildCopyMarkerName)="PokerGam.64075D9C.Up2Date" (previous value: "PokerGam.64075D9C") at /nix/store/8y83na7h81fw5kr1msmjc7rvx329djp0-dotnet-sdk-8.0.300/sdk/8.0.300/Microsoft.Common.CurrentVersion.targets (393,5)
       Property reassignment: $(ProcessorArchitecture)="msil" (previous value: "") at /nix/store/8y83na7h81fw5kr1msmjc7rvx329djp0-dotnet-sdk-8.0.300/sdk/8.0.300/Microsoft.Common.CurrentVersion.targets (536,5)
       Property reassignment: $(DelaySign)="" (previous value: "false") at /nix/store/8y83na7h81fw5kr1msmjc7rvx329djp0-dotnet-sdk-8.0.300/sdk/8.0.300/Microsoft.Common.CurrentVersion.targets (575,5)
       Property 'LocalAppData' with value '/home/runner/workspace/.local/share' expanded from the environment.
       Property reassignment: $(_SGenGenerateSerializationAssembliesConfig)="Auto" (previous value: "") at /nix/store/8y83na7h81fw5kr1msmjc7rvx329djp0-dotnet-sdk-8.0.300/sdk/8.0.300/Microsoft.Common.CurrentVersion.targets (3880,5)
       Property reassignment: $(_SGenGenerateSerializationAssembliesConfig)="Off" (previous value: "Auto") at /nix/store/8y83na7h81fw5kr1msmjc7rvx329djp0-dotnet-sdk-8.0.300/sdk/8.0.300/Microsoft.Common.CurrentVersion.targets (3881,5)
       Property reassignment: $(_TargetsThatPrepareProjectReferences)="
             AssignProjectConfiguration;
             _SplitProjectReferencesByFileExistence
           " (previous value: "_SplitProjectReferencesByFileExistence") at /nix/store/8y83na7h81fw5kr1msmjc7rvx329djp0-dotnet-sdk-8.0.300/sdk/8.0.300/Microsoft.Common.CurrentVersion.targets (5048,5)
       Property 'MSBuildExtensionsPath32' with value '/nix/store/8y83na7h81fw5kr1msmjc7rvx329djp0-dotnet-sdk-8.0.300/sdk/8.0.300' expanded from the environment.
       Property reassignment: $(ProjectAssetsFile)="/home/runner/workspace/PokerGame.Tests/obj/project.assets.json" (previous value: "/home/runner/workspace/PokerGame.Tests/obj//project.assets.json") at /nix/store/8y83na7h81fw5kr1msmjc7rvx329djp0-dotnet-sdk-8.0.300/sdk/8.0.300/Sdks/Microsoft.NET.Sdk/targets/Microsoft.PackageDependencyResolution.targets (24,5)
       Property reassignment: $(ProjectAssetsCacheFile)="/home/runner/workspace/PokerGame.Tests/obj/Debug/net8.0/PokerGame.Tests.assets.cache" (previous value: "obj/Debug/net8.0/PokerGame.Tests.assets.cache") at /nix/store/8y83na7h81fw5kr1msmjc7rvx329djp0-dotnet-sdk-8.0.300/sdk/8.0.300/Sdks/Microsoft.NET.Sdk/targets/Microsoft.PackageDependencyResolution.targets (29,5)
       Property reassignment: $(ResolveAssemblyReferencesDependsOn)="
             
             ResolveProjectReferences;
             FindInvalidProjectReferences;
             GetFrameworkPaths;
             GetReferenceAssemblyPaths;
             PrepareForBuild;
             ResolveSDKReferences;
             ExpandSDKReferences;
           ;
             ResolvePackageDependenciesForBuild;
             _HandlePackageFileConflicts;
           " (previous value: "
             ResolveProjectReferences;
             FindInvalidProjectReferences;
             GetFrameworkPaths;
             GetReferenceAssemblyPaths;
             PrepareForBuild;
             ResolveSDKReferences;
             ExpandSDKReferences;
           ") at /nix/store/8y83na7h81fw5kr1msmjc7rvx329djp0-dotnet-sdk-8.0.300/sdk/8.0.300/Sdks/Microsoft.NET.Sdk/targets/Microsoft.PackageDependencyResolution.targets (80,5)
       Property reassignment: $(PrepareResourcesDependsOn)="
             ResolvePackageDependenciesForBuild;
             _HandlePackageFileConflicts;
             
             ;
             PrepareResourceNames;
             ResGen;
             CompileLicxFiles
           
           " (previous value: "
             ;
             PrepareResourceNames;
             ResGen;
             CompileLicxFiles
           ") at /nix/store/8y83na7h81fw5kr1msmjc7rvx329djp0-dotnet-sdk-8.0.300/sdk/8.0.300/Sdks/Microsoft.NET.Sdk/targets/Microsoft.PackageDependencyResolution.targets (86,5)
       Property reassignment: $(DefaultItemExcludes)=";bin/Debug//**;obj/Debug//**;bin//**" (previous value: ";bin/Debug//**;obj/Debug//**") at /nix/store/8y83na7h81fw5kr1msmjc7rvx329djp0-dotnet-sdk-8.0.300/sdk/8.0.300/Sdks/Microsoft.NET.Sdk/targets/Microsoft.NET.Sdk.DefaultItems.targets (27,5)
       Property reassignment: $(DefaultItemExcludes)=";bin/Debug//**;obj/Debug//**;bin//**;obj//**" (previous value: ";bin/Debug//**;obj/Debug//**;bin//**") at /nix/store/8y83na7h81fw5kr1msmjc7rvx329djp0-dotnet-sdk-8.0.300/sdk/8.0.300/Sdks/Microsoft.NET.Sdk/targets/Microsoft.NET.Sdk.DefaultItems.targets (29,5)
       Property reassignment: $(DefaultItemExcludes)=";bin/Debug//**;obj/Debug//**;bin//**;obj//**;**/*.user" (previous value: ";bin/Debug//**;obj/Debug//**;bin//**;obj//**") at /nix/store/8y83na7h81fw5kr1msmjc7rvx329djp0-dotnet-sdk-8.0.300/sdk/8.0.300/Sdks/Microsoft.NET.Sdk/targets/Microsoft.NET.Sdk.DefaultItems.targets (32,5)
       Property reassignment: $(DefaultItemExcludes)=";bin/Debug//**;obj/Debug//**;bin//**;obj//**;**/*.user;**/*.*proj" (previous value: ";bin/Debug//**;obj/Debug//**;bin//**;obj//**;**/*.user") at /nix/store/8y83na7h81fw5kr1msmjc7rvx329djp0-dotnet-sdk-8.0.300/sdk/8.0.300/Sdks/Microsoft.NET.Sdk/targets/Microsoft.NET.Sdk.DefaultItems.targets (33,5)
       Property reassignment: $(DefaultItemExcludes)=";bin/Debug//**;obj/Debug//**;bin//**;obj//**;**/*.user;**/*.*proj;**/*.sln" (previous value: ";bin/Debug//**;obj/Debug//**;bin//**;obj//**;**/*.user;**/*.*proj") at /nix/store/8y83na7h81fw5kr1msmjc7rvx329djp0-dotnet-sdk-8.0.300/sdk/8.0.300/Sdks/Microsoft.NET.Sdk/targets/Microsoft.NET.Sdk.DefaultItems.targets (34,5)
       Property reassignment: $(DefaultItemExcludes)=";bin/Debug//**;obj/Debug//**;bin//**;obj//**;**/*.user;**/*.*proj;**/*.sln;**/*.vssscc" (previous value: ";bin/Debug//**;obj/Debug//**;bin//**;obj//**;**/*.user;**/*.*proj;**/*.sln") at /nix/store/8y83na7h81fw5kr1msmjc7rvx329djp0-dotnet-sdk-8.0.300/sdk/8.0.300/Sdks/Microsoft.NET.Sdk/targets/Microsoft.NET.Sdk.DefaultItems.targets (35,5)
       Property reassignment: $(DefaultItemExcludes)=";bin/Debug//**;obj/Debug//**;bin//**;obj//**;**/*.user;**/*.*proj;**/*.sln;**/*.vssscc;**/.DS_Store" (previous value: ";bin/Debug//**;obj/Debug//**;bin//**;obj//**;**/*.user;**/*.*proj;**/*.sln;**/*.vssscc") at /nix/store/8y83na7h81fw5kr1msmjc7rvx329djp0-dotnet-sdk-8.0.300/sdk/8.0.300/Sdks/Microsoft.NET.Sdk/targets/Microsoft.NET.Sdk.DefaultItems.targets (36,5)
       Property reassignment: $(ResolveAssemblyReferencesDependsOn)="
             
             
             ResolveProjectReferences;
             FindInvalidProjectReferences;
             GetFrameworkPaths;
             GetReferenceAssemblyPaths;
             PrepareForBuild;
             ResolveSDKReferences;
             ExpandSDKReferences;
           ;
             ResolvePackageDependenciesForBuild;
             _HandlePackageFileConflicts;
           ;
             ResolveTargetingPackAssets;
           " (previous value: "
             
             ResolveProjectReferences;
             FindInvalidProjectReferences;
             GetFrameworkPaths;
             GetReferenceAssemblyPaths;
             PrepareForBuild;
             ResolveSDKReferences;
             ExpandSDKReferences;
           ;
             ResolvePackageDependenciesForBuild;
             _HandlePackageFileConflicts;
           ") at /nix/store/8y83na7h81fw5kr1msmjc7rvx329djp0-dotnet-sdk-8.0.300/sdk/8.0.300/Sdks/Microsoft.NET.Sdk/targets/Microsoft.NET.Sdk.FrameworkReferenceResolution.targets (14,5)
       Property reassignment: $(_GenerateRuntimeConfigurationPropertyInputsCache)="/home/runner/workspace/PokerGame.Tests/obj/Debug/net8.0/PokerGame.Tests.genruntimeconfig.cache" (previous value: "obj/Debug/net8.0/PokerGame.Tests.genruntimeconfig.cache") at /nix/store/8y83na7h81fw5kr1msmjc7rvx329djp0-dotnet-sdk-8.0.300/sdk/8.0.300/Sdks/Microsoft.NET.Sdk/targets/Microsoft.NET.Sdk.targets (44,5)
       Property reassignment: $(_GeneratePublishDependencyFilePropertyInputsCache)="/home/runner/workspace/PokerGame.Tests/obj/Debug/net8.0/PokerGame.Tests.genpublishdeps.cache" (previous value: "obj/Debug/net8.0/PokerGame.Tests.genpublishdeps.cache") at /nix/store/8y83na7h81fw5kr1msmjc7rvx329djp0-dotnet-sdk-8.0.300/sdk/8.0.300/Sdks/Microsoft.NET.Sdk/targets/Microsoft.NET.Sdk.targets (46,5)
       Property reassignment: $(_GenerateSingleFileBundlePropertyInputsCache)="/home/runner/workspace/PokerGame.Tests/obj/Debug/net8.0/PokerGame.Tests.genbundle.cache" (previous value: "obj/Debug/net8.0/PokerGame.Tests.genbundle.cache") at /nix/store/8y83na7h81fw5kr1msmjc7rvx329djp0-dotnet-sdk-8.0.300/sdk/8.0.300/Sdks/Microsoft.NET.Sdk/targets/Microsoft.NET.Sdk.targets (48,5)
       Property reassignment: $(GenerateRuntimeConfigDevFile)="false" (previous value: "true") at /nix/store/8y83na7h81fw5kr1msmjc7rvx329djp0-dotnet-sdk-8.0.300/sdk/8.0.300/Sdks/Microsoft.NET.Sdk/targets/Microsoft.NET.Sdk.targets (81,5)
       Property 'HOME' with value '/home/runner' expanded from the environment.
       Property reassignment: $(_DefaultUserProfileRuntimeStorePath)="/home/runner/.dotnet/store" (previous value: "/home/runner") at /nix/store/8y83na7h81fw5kr1msmjc7rvx329djp0-dotnet-sdk-8.0.300/sdk/8.0.300/Sdks/Microsoft.NET.Sdk/targets/Microsoft.NET.Sdk.targets (98,5)
       Property reassignment: $(AvailablePlatforms)="Any CPU,x86,x64,ARM32" (previous value: "Any CPU,x86,x64") at /nix/store/8y83na7h81fw5kr1msmjc7rvx329djp0-dotnet-sdk-8.0.300/sdk/8.0.300/Sdks/Microsoft.NET.Sdk/targets/Microsoft.NET.Sdk.targets (136,5)
       Property reassignment: $(AvailablePlatforms)="Any CPU,x86,x64,ARM32,ARM64" (previous value: "Any CPU,x86,x64,ARM32") at /nix/store/8y83na7h81fw5kr1msmjc7rvx329djp0-dotnet-sdk-8.0.300/sdk/8.0.300/Sdks/Microsoft.NET.Sdk/targets/Microsoft.NET.Sdk.targets (140,5)
       Property reassignment: $(CoreBuildDependsOn)="
             _CheckForBuildWithNoBuild;
             
             BuildOnlySettings;
             PrepareForBuild;
             PreBuildEvent;
             ResolveReferences;
             PrepareResources;
             ResolveKeySource;
             Compile;
             ExportWindowsMDFile;
             UnmanagedUnregistration;
             GenerateSerializationAssemblies;
             CreateSatelliteAssemblies;
             GenerateManifests;
             GetTargetPath;
             PrepareForRun;
             UnmanagedRegistration;
             IncrementalClean;
             PostBuildEvent
           ;
             GenerateBuildDependencyFile;
             GenerateBuildRuntimeConfigurationFiles
           " (previous value: "
             BuildOnlySettings;
             PrepareForBuild;
             PreBuildEvent;
             ResolveReferences;
             PrepareResources;
             ResolveKeySource;
             Compile;
             ExportWindowsMDFile;
             UnmanagedUnregistration;
             GenerateSerializationAssemblies;
             CreateSatelliteAssemblies;
             GenerateManifests;
             GetTargetPath;
             PrepareForRun;
             UnmanagedRegistration;
             IncrementalClean;
             PostBuildEvent
           ") at /nix/store/8y83na7h81fw5kr1msmjc7rvx329djp0-dotnet-sdk-8.0.300/sdk/8.0.300/Sdks/Microsoft.NET.Sdk/targets/Microsoft.NET.Sdk.targets (197,5)
       Property reassignment: $(CoreCleanDependsOn)="
             _SdkBeforeClean;
             
           " (previous value: "") at /nix/store/8y83na7h81fw5kr1msmjc7rvx329djp0-dotnet-sdk-8.0.300/sdk/8.0.300/Sdks/Microsoft.NET.Sdk/targets/Microsoft.NET.Sdk.targets (206,5)
       Property reassignment: $(RebuildDependsOn)="
             _SdkBeforeRebuild;
             
             BeforeRebuild;
             Clean;
             Build;
             AfterRebuild;
           
           " (previous value: "
             BeforeRebuild;
             Clean;
             Build;
             AfterRebuild;
           ") at /nix/store/8y83na7h81fw5kr1msmjc7rvx329djp0-dotnet-sdk-8.0.300/sdk/8.0.300/Sdks/Microsoft.NET.Sdk/targets/Microsoft.NET.Sdk.targets (213,5)
       Property reassignment: $(CompileDependsOn)="
             
             ResolveReferences;
             ResolveKeySource;
             SetWin32ManifestProperties;
             FindReferenceAssembliesForReferences;
             _GenerateCompileInputs;
             BeforeCompile;
             _TimeStampBeforeCompile;
             _GenerateCompileDependencyCache;
             CoreCompile;
             _TimeStampAfterCompile;
             AfterCompile;
           ;
             _CreateAppHost;
             _CreateComHost;
             _GetIjwHostPaths;
           " (previous value: "
             ResolveReferences;
             ResolveKeySource;
             SetWin32ManifestProperties;
             FindReferenceAssembliesForReferences;
             _GenerateCompileInputs;
             BeforeCompile;
             _TimeStampBeforeCompile;
             _GenerateCompileDependencyCache;
             CoreCompile;
             _TimeStampAfterCompile;
             AfterCompile;
           ") at /nix/store/8y83na7h81fw5kr1msmjc7rvx329djp0-dotnet-sdk-8.0.300/sdk/8.0.300/Sdks/Microsoft.NET.Sdk/targets/Microsoft.NET.Sdk.targets (679,5)
       Property reassignment: $(CreateSatelliteAssembliesDependsOn)="
             
             ;
             _GenerateSatelliteAssemblyInputs;
             ComputeIntermediateSatelliteAssemblies;
             GenerateSatelliteAssemblies
           ;
             CoreGenerateSatelliteAssemblies
           " (previous value: "
             ;
             _GenerateSatelliteAssemblyInputs;
             ComputeIntermediateSatelliteAssemblies;
             GenerateSatelliteAssemblies
           ") at /nix/store/8y83na7h81fw5kr1msmjc7rvx329djp0-dotnet-sdk-8.0.300/sdk/8.0.300/Sdks/Microsoft.NET.Sdk/targets/Microsoft.NET.Sdk.targets (1065,5)
       Property reassignment: $(SourceLinkUrlInitializerTargets)=";_InitializeGitHubSourceLinkUrl;_InitializeGitLabSourceLinkUrl" (previous value: ";_InitializeGitHubSourceLinkUrl") at /nix/store/8y83na7h81fw5kr1msmjc7rvx329djp0-dotnet-sdk-8.0.300/sdk/8.0.300/Sdks/Microsoft.SourceLink.GitLab/build/Microsoft.SourceLink.GitLab.targets (12,5)
       Property reassignment: $(SourceControlManagerUrlTranslationTargets)=";TranslateGitHubUrlsInSourceControlInformation;TranslateGitLabUrlsInSourceControlInformation" (previous value: ";TranslateGitHubUrlsInSourceControlInformation") at /nix/store/8y83na7h81fw5kr1msmjc7rvx329djp0-dotnet-sdk-8.0.300/sdk/8.0.300/Sdks/Microsoft.SourceLink.GitLab/build/Microsoft.SourceLink.GitLab.targets (13,5)
       Property reassignment: $(SourceLinkUrlInitializerTargets)=";_InitializeGitHubSourceLinkUrl;_InitializeGitLabSourceLinkUrl;_InitializeAzureReposGitSourceLinkUrl" (previous value: ";_InitializeGitHubSourceLinkUrl;_InitializeGitLabSourceLinkUrl") at /nix/store/8y83na7h81fw5kr1msmjc7rvx329djp0-dotnet-sdk-8.0.300/sdk/8.0.300/Sdks/Microsoft.SourceLink.AzureRepos.Git/build/Microsoft.SourceLink.AzureRepos.Git.targets (12,5)
       Property reassignment: $(SourceControlManagerUrlTranslationTargets)=";TranslateGitHubUrlsInSourceControlInformation;TranslateGitLabUrlsInSourceControlInformation;TranslateAzureReposGitUrlsInSourceControlInformation" (previous value: ";TranslateGitHubUrlsInSourceControlInformation;TranslateGitLabUrlsInSourceControlInformation") at /nix/store/8y83na7h81fw5kr1msmjc7rvx329djp0-dotnet-sdk-8.0.300/sdk/8.0.300/Sdks/Microsoft.SourceLink.AzureRepos.Git/build/Microsoft.SourceLink.AzureRepos.Git.targets (13,5)
       Property reassignment: $(SourceLinkUrlInitializerTargets)=";_InitializeGitHubSourceLinkUrl;_InitializeGitLabSourceLinkUrl;_InitializeAzureReposGitSourceLinkUrl;_InitializeBitbucketGitSourceLinkUrl" (previous value: ";_InitializeGitHubSourceLinkUrl;_InitializeGitLabSourceLinkUrl;_InitializeAzureReposGitSourceLinkUrl") at /nix/store/8y83na7h81fw5kr1msmjc7rvx329djp0-dotnet-sdk-8.0.300/sdk/8.0.300/Sdks/Microsoft.SourceLink.Bitbucket.Git/build/Microsoft.SourceLink.Bitbucket.Git.targets (12,5)
       Property reassignment: $(SourceControlManagerUrlTranslationTargets)=";TranslateGitHubUrlsInSourceControlInformation;TranslateGitLabUrlsInSourceControlInformation;TranslateAzureReposGitUrlsInSourceControlInformation;TranslateBitbucketGitUrlsInSourceControlInformation" (previous value: ";TranslateGitHubUrlsInSourceControlInformation;TranslateGitLabUrlsInSourceControlInformation;TranslateAzureReposGitUrlsInSourceControlInformation") at /nix/store/8y83na7h81fw5kr1msmjc7rvx329djp0-dotnet-sdk-8.0.300/sdk/8.0.300/Sdks/Microsoft.SourceLink.Bitbucket.Git/build/Microsoft.SourceLink.Bitbucket.Git.targets (13,5)
       Property reassignment: $(DesignerRuntimeImplementationProjectOutputGroupDependsOn)="
             
             ;
             
             ;
             BuildOnlySettings;
             PrepareForBuild;
             AssignTargetPaths;
             ResolveReferences
           
           ;
             _GenerateDesignerDepsFile;
             _GenerateDesignerRuntimeConfigFile;
             GetCopyToOutputDirectoryItems;
             _GatherDesignerShadowCopyFiles;
           " (previous value: "
             ;
             
             ;
             BuildOnlySettings;
             PrepareForBuild;
             AssignTargetPaths;
             ResolveReferences
           
           ") at /nix/store/8y83na7h81fw5kr1msmjc7rvx329djp0-dotnet-sdk-8.0.300/sdk/8.0.300/Sdks/Microsoft.NET.Sdk/targets/Microsoft.NET.DesignerSupport.targets (21,5)
       Property reassignment: $(_GenerateToolsSettingsFileCacheFile)="/home/runner/workspace/PokerGame.Tests/obj/Debug/net8.0/PokerGame.Tests.toolssettingsinput.cache" (previous value: "obj/Debug/net8.0/PokerGame.Tests.toolssettingsinput.cache") at /nix/store/8y83na7h81fw5kr1msmjc7rvx329djp0-dotnet-sdk-8.0.300/sdk/8.0.300/Sdks/Microsoft.NET.Sdk/targets/Microsoft.NET.PackTool.targets (68,5)
       Property reassignment: $(_ShimInputCacheFile)="/home/runner/workspace/PokerGame.Tests/obj/Debug/net8.0/PokerGame.Tests.shiminput.cache" (previous value: "obj/Debug/net8.0/PokerGame.Tests.shiminput.cache") at /nix/store/8y83na7h81fw5kr1msmjc7rvx329djp0-dotnet-sdk-8.0.300/sdk/8.0.300/Sdks/Microsoft.NET.Sdk/targets/Microsoft.NET.PackTool.targets (137,5)
       Property reassignment: $(_ShimCreatedSentinelFile)="/home/runner/workspace/PokerGame.Tests/obj/Debug/net8.0/PokerGame.Tests.shimcreated.sentinel" (previous value: "obj/Debug/net8.0/PokerGame.Tests.shimcreated.sentinel") at /nix/store/8y83na7h81fw5kr1msmjc7rvx329djp0-dotnet-sdk-8.0.300/sdk/8.0.300/Sdks/Microsoft.NET.Sdk/targets/Microsoft.NET.PackTool.targets (139,5)
       Property reassignment: $(DefineConstants)="TRACE;DEBUG" (previous value: "TRACE") at /nix/store/8y83na7h81fw5kr1msmjc7rvx329djp0-dotnet-sdk-8.0.300/sdk/8.0.300/Sdks/Microsoft.NET.Sdk/targets/Microsoft.NET.Sdk.CSharp.targets (31,5)
       Property reassignment: $(DefineConstants)="TRACE;DEBUG;NET;NET8_0;NETCOREAPP" (previous value: "TRACE;DEBUG") at /nix/store/8y83na7h81fw5kr1msmjc7rvx329djp0-dotnet-sdk-8.0.300/sdk/8.0.300/Sdks/Microsoft.NET.Sdk/targets/Microsoft.NET.Sdk.CSharp.targets (34,5)
       Property reassignment: $(WarningsAsErrors)=";NU1605;SYSLIB0011" (previous value: ";NU1605") at /nix/store/8y83na7h81fw5kr1msmjc7rvx329djp0-dotnet-sdk-8.0.300/sdk/8.0.300/Sdks/Microsoft.NET.Sdk/targets/Microsoft.NET.Sdk.CSharp.targets (48,5)
       Property reassignment: $(PackageDescription)="Package Description" (previous value: "") at /nix/store/8y83na7h81fw5kr1msmjc7rvx329djp0-dotnet-sdk-8.0.300/sdk/8.0.300/Sdks/NuGet.Build.Tasks.Pack/build/NuGet.Build.Tasks.Pack.targets (34,5)
       Property reassignment: $(GenerateNuspecDependsOn)="Build;_LoadPackInputItems; _GetTargetFrameworksOutput; _WalkEachTargetPerFramework; _GetPackageFiles; " (previous value: "_LoadPackInputItems; _GetTargetFrameworksOutput; _WalkEachTargetPerFramework; _GetPackageFiles; ") at /nix/store/8y83na7h81fw5kr1msmjc7rvx329djp0-dotnet-sdk-8.0.300/sdk/8.0.300/Sdks/NuGet.Build.Tasks.Pack/build/NuGet.Build.Tasks.Pack.targets (59,5)
       Property reassignment: $(_IsSDKContainerAllowedVersion)="true" (previous value: "false") at /nix/store/8y83na7h81fw5kr1msmjc7rvx329djp0-dotnet-sdk-8.0.300/sdk/8.0.300/Containers/build/Microsoft.NET.Build.Containers.targets (5,5)
       Property reassignment: $(_ContainerIsTargetingNet8TFM)="true" (previous value: "false") at /nix/store/8y83na7h81fw5kr1msmjc7rvx329djp0-dotnet-sdk-8.0.300/sdk/8.0.300/Containers/build/Microsoft.NET.Build.Containers.targets (15,5)
       Overriding target "ResolveFrameworkReferences" in project "/nix/store/8y83na7h81fw5kr1msmjc7rvx329djp0-dotnet-sdk-8.0.300/sdk/8.0.300/Microsoft.Common.CurrentVersion.targets" with target "ResolveFrameworkReferences" from project "/nix/store/8y83na7h81fw5kr1msmjc7rvx329djp0-dotnet-sdk-8.0.300/sdk/8.0.300/Sdks/Microsoft.NET.Sdk/targets/Microsoft.NET.Sdk.FrameworkReferenceResolution.targets".
       Overriding target "Run" in project "/nix/store/8y83na7h81fw5kr1msmjc7rvx329djp0-dotnet-sdk-8.0.300/sdk/8.0.300/Microsoft.Common.CurrentVersion.targets" with target "Run" from project "/nix/store/8y83na7h81fw5kr1msmjc7rvx329djp0-dotnet-sdk-8.0.300/sdk/8.0.300/Sdks/Microsoft.NET.Sdk/targets/Microsoft.NET.Sdk.targets".
       Overriding target "GenerateSupportedTargetFrameworkAlias" in project "/nix/store/8y83na7h81fw5kr1msmjc7rvx329djp0-dotnet-sdk-8.0.300/sdk/8.0.300/Microsoft.Common.CurrentVersion.targets" with target "GenerateSupportedTargetFrameworkAlias" from project "/nix/store/8y83na7h81fw5kr1msmjc7rvx329djp0-dotnet-sdk-8.0.300/sdk/8.0.300/Sdks/Microsoft.NET.Sdk/targets/Microsoft.NET.Sdk.targets".
       Overriding target "GetReferenceAssemblyPaths" in project "/nix/store/8y83na7h81fw5kr1msmjc7rvx329djp0-dotnet-sdk-8.0.300/sdk/8.0.300/Microsoft.Common.CurrentVersion.targets" with target "GetReferenceAssemblyPaths" from project "/nix/store/8y83na7h81fw5kr1msmjc7rvx329djp0-dotnet-sdk-8.0.300/sdk/8.0.300/Sdks/Microsoft.NET.Sdk/targets/Microsoft.NET.DisableStandardFrameworkResolution.targets".
       Overriding target "GetFrameworkPaths" in project "/nix/store/8y83na7h81fw5kr1msmjc7rvx329djp0-dotnet-sdk-8.0.300/sdk/8.0.300/Microsoft.Common.CurrentVersion.targets" with target "GetFrameworkPaths" from project "/nix/store/8y83na7h81fw5kr1msmjc7rvx329djp0-dotnet-sdk-8.0.300/sdk/8.0.300/Sdks/Microsoft.NET.Sdk/targets/Microsoft.NET.DisableStandardFrameworkResolution.targets".
       Overriding target "DesignerRuntimeImplementationProjectOutputGroup" in project "/nix/store/8y83na7h81fw5kr1msmjc7rvx329djp0-dotnet-sdk-8.0.300/sdk/8.0.300/Microsoft.Common.CurrentVersion.targets" with target "DesignerRuntimeImplementationProjectOutputGroup" from project "/nix/store/8y83na7h81fw5kr1msmjc7rvx329djp0-dotnet-sdk-8.0.300/sdk/8.0.300/Sdks/Microsoft.NET.Sdk/targets/Microsoft.NET.DesignerSupport.targets".
       Overriding target "Publish" in project "/nix/store/8y83na7h81fw5kr1msmjc7rvx329djp0-dotnet-sdk-8.0.300/sdk/8.0.300/Microsoft.Common.CurrentVersion.targets" with target "Publish" from project "/nix/store/8y83na7h81fw5kr1msmjc7rvx329djp0-dotnet-sdk-8.0.300/sdk/8.0.300/Sdks/Microsoft.NET.Sdk/targets/Microsoft.NET.Publish.targets".
       Overriding target "ResolveReadyToRunCompilers" in project "/nix/store/8y83na7h81fw5kr1msmjc7rvx329djp0-dotnet-sdk-8.0.300/sdk/8.0.300/Sdks/Microsoft.NET.Sdk/targets/Microsoft.NET.CrossGen.targets" with target "ResolveReadyToRunCompilers" from project "/nix/store/8y83na7h81fw5kr1msmjc7rvx329djp0-dotnet-sdk-8.0.300/sdk/8.0.300/Sdks/Microsoft.NET.Sdk/targets/Microsoft.NET.Publish.targets".
       Overriding target "GetCopyToPublishDirectoryItems" in project "/nix/store/8y83na7h81fw5kr1msmjc7rvx329djp0-dotnet-sdk-8.0.300/sdk/8.0.300/Microsoft.Common.CurrentVersion.targets" with target "GetCopyToPublishDirectoryItems" from project "/nix/store/8y83na7h81fw5kr1msmjc7rvx329djp0-dotnet-sdk-8.0.300/sdk/8.0.300/Sdks/Microsoft.NET.Sdk/targets/Microsoft.NET.Publish.targets".
     1>Project "/home/runner/workspace/PokerGame.Tests/PokerGame.Tests.csproj" (1) is building "/home/runner/workspace/PokerGame.Tests/PokerGame.Tests.csproj" (1:2) on node 1 (_IsProjectRestoreSupported target(s)).
   1:2>Target "_IsProjectRestoreSupported" in file "/nix/store/8y83na7h81fw5kr1msmjc7rvx329djp0-dotnet-sdk-8.0.300/sdk/8.0.300/NuGet.targets" from project "/home/runner/workspace/PokerGame.Tests/PokerGame.Tests.csproj" (entry point):
   1:2>Done building target "_IsProjectRestoreSupported" in project "PokerGame.Tests.csproj".
   1:2>Done Building Project "/home/runner/workspace/PokerGame.Tests/PokerGame.Tests.csproj" (_IsProjectRestoreSupported target(s)).
     1>Done executing task "MSBuild".
       Task "MSBuild" skipped, due to false condition; ( '$(RestoreUseSkipNonexistentTargets)' != 'true' ) was evaluated as ( 'true' != 'true' ).
       Assembly loaded during TaskRun: NuGet.Build.Tasks, Version=6.10.0.97, Culture=neutral, PublicKeyToken=31bf3856ad364e35 (location: /nix/store/8y83na7h81fw5kr1msmjc7rvx329djp0-dotnet-sdk-8.0.300/sdk/8.0.300/NuGet.Build.Tasks.dll, MVID: 624f4ab8-c79e-4c70-a7c0-c59f08143029, AssemblyLoadContext: MSBuild plugin /nix/store/8y83na7h81fw5kr1msmjc7rvx329djp0-dotnet-sdk-8.0.300/sdk/8.0.300/NuGet.Build.Tasks.dll)
       Assembly loaded during TaskRun: NuGet.Common, Version=6.10.0.97, Culture=neutral, PublicKeyToken=31bf3856ad364e35 (location: /nix/store/8y83na7h81fw5kr1msmjc7rvx329djp0-dotnet-sdk-8.0.300/sdk/8.0.300/NuGet.Common.dll, MVID: be324f81-ded8-4e6c-b54c-98fb2a8317e3, AssemblyLoadContext: MSBuild plugin /nix/store/8y83na7h81fw5kr1msmjc7rvx329djp0-dotnet-sdk-8.0.300/sdk/8.0.300/NuGet.Build.Tasks.dll)
       Assembly loaded during TaskRun: NuGet.Commands, Version=6.10.0.97, Culture=neutral, PublicKeyToken=31bf3856ad364e35 (location: /nix/store/8y83na7h81fw5kr1msmjc7rvx329djp0-dotnet-sdk-8.0.300/sdk/8.0.300/NuGet.Commands.dll, MVID: 44908f5c-2a4c-439d-9ed2-21e095991cfd, AssemblyLoadContext: MSBuild plugin /nix/store/8y83na7h81fw5kr1msmjc7rvx329djp0-dotnet-sdk-8.0.300/sdk/8.0.300/NuGet.Build.Tasks.dll)
       Assembly loaded during TaskRun: NuGet.ProjectModel, Version=6.10.0.97, Culture=neutral, PublicKeyToken=31bf3856ad364e35 (location: /nix/store/8y83na7h81fw5kr1msmjc7rvx329djp0-dotnet-sdk-8.0.300/sdk/8.0.300/NuGet.ProjectModel.dll, MVID: 1a7afad2-66d2-4b93-94d2-4af6749164a6, AssemblyLoadContext: MSBuild plugin /nix/store/8y83na7h81fw5kr1msmjc7rvx329djp0-dotnet-sdk-8.0.300/sdk/8.0.300/NuGet.Build.Tasks.dll)
       Using "WarnForInvalidProjectsTask" task from assembly "/nix/store/8y83na7h81fw5kr1msmjc7rvx329djp0-dotnet-sdk-8.0.300/sdk/8.0.300/NuGet.Build.Tasks.dll".
       Task "WarnForInvalidProjectsTask"
       Done executing task "WarnForInvalidProjectsTask".
     1>Done building target "_FilterRestoreGraphProjectInputItems" in project "PokerGame.Tests.csproj".
       Target "_FilterRestoreGraphProjectInputItems" skipped. Previously built successfully.
     1>Target "_GetAllRestoreProjectPathItems" in file "/nix/store/8y83na7h81fw5kr1msmjc7rvx329djp0-dotnet-sdk-8.0.300/sdk/8.0.300/NuGet.targets" from project "/home/runner/workspace/PokerGame.Tests/PokerGame.Tests.csproj" (target "_GenerateRestoreGraph" depends on it):
       Using "NuGetMessageTask" task from assembly "/nix/store/8y83na7h81fw5kr1msmjc7rvx329djp0-dotnet-sdk-8.0.300/sdk/8.0.300/NuGet.Build.Tasks.dll".
       Task "NuGetMessageTask"
         Determining projects to restore...
       Done executing task "NuGetMessageTask".
       Task "MSBuild"
         Global Properties:
           ExcludeRestorePackageImports=true
     1>Project "/home/runner/workspace/PokerGame.Tests/PokerGame.Tests.csproj" (1) is building "/home/runner/workspace/PokerGame.Tests/PokerGame.Tests.csproj" (1:3) on node 1 (_GenerateRestoreProjectPathWalk target(s)).
   1:3>Target "_GenerateRestoreProjectPathItemsAllFrameworks" skipped, due to false condition; ( '$(TargetFrameworks)' != '' ) was evaluated as ( '' != '' ).
   1:3>Target "_GenerateRestoreProjectPathItemsPerFramework" in file "/nix/store/8y83na7h81fw5kr1msmjc7rvx329djp0-dotnet-sdk-8.0.300/sdk/8.0.300/NuGet.targets" from project "/home/runner/workspace/PokerGame.Tests/PokerGame.Tests.csproj" (target "_GenerateRestoreProjectPathItemsCurrentProject" depends on it):
       Using "ConvertToAbsolutePath" task from assembly "Microsoft.Build.Tasks.Core, Version=15.1.0.0, Culture=neutral, PublicKeyToken=b03f5f7f11d50a3a".
       Task "ConvertToAbsolutePath"
       Done executing task "ConvertToAbsolutePath".
   1:3>Done building target "_GenerateRestoreProjectPathItemsPerFramework" in project "PokerGame.Tests.csproj".
   1:3>Target "_GenerateRestoreProjectPathItemsCurrentProject" in file "/nix/store/8y83na7h81fw5kr1msmjc7rvx329djp0-dotnet-sdk-8.0.300/sdk/8.0.300/NuGet.targets" from project "/home/runner/workspace/PokerGame.Tests/PokerGame.Tests.csproj" (target "_GenerateRestoreProjectPathItems" depends on it):
   1:3>Done building target "_GenerateRestoreProjectPathItemsCurrentProject" in project "PokerGame.Tests.csproj".
   1:3>Target "_GenerateRestoreProjectPathItems" in file "/nix/store/8y83na7h81fw5kr1msmjc7rvx329djp0-dotnet-sdk-8.0.300/sdk/8.0.300/NuGet.targets" from project "/home/runner/workspace/PokerGame.Tests/PokerGame.Tests.csproj" (target "_GenerateRestoreProjectPathWalk" depends on it):
       Task "RemoveDuplicates"
       Done executing task "RemoveDuplicates".
   1:3>Done building target "_GenerateRestoreProjectPathItems" in project "PokerGame.Tests.csproj".
   1:3>Target "_GenerateRestoreProjectPathWalk" in file "/nix/store/8y83na7h81fw5kr1msmjc7rvx329djp0-dotnet-sdk-8.0.300/sdk/8.0.300/NuGet.targets" from project "/home/runner/workspace/PokerGame.Tests/PokerGame.Tests.csproj" (entry point):
       Task "MSBuild"
         Global Properties:
           ExcludeRestorePackageImports=true
     0>Property 'MSBuildExtensionsPath' with value '/nix/store/8y83na7h81fw5kr1msmjc7rvx329djp0-dotnet-sdk-8.0.300/sdk/8.0.300/' expanded from the environment.
       Property reassignment: $(MSBuildProjectExtensionsPath)="/home/runner/workspace/PokerGame.Core/obj/" (previous value: "obj/") at /nix/store/8y83na7h81fw5kr1msmjc7rvx329djp0-dotnet-sdk-8.0.300/sdk/8.0.300/Current/Microsoft.Common.props (60,5)
       Property reassignment: $(AssemblySearchPaths)="{CandidateAssemblyFiles};{HintPathFromItem}" (previous value: "{CandidateAssemblyFiles}") at /nix/store/8y83na7h81fw5kr1msmjc7rvx329djp0-dotnet-sdk-8.0.300/sdk/8.0.300/Sdks/Microsoft.NET.Sdk/targets/Microsoft.NET.Sdk.props (91,5)
       Property reassignment: $(AssemblySearchPaths)="{CandidateAssemblyFiles};{HintPathFromItem};{TargetFrameworkDirectory}" (previous value: "{CandidateAssemblyFiles};{HintPathFromItem}") at /nix/store/8y83na7h81fw5kr1msmjc7rvx329djp0-dotnet-sdk-8.0.300/sdk/8.0.300/Sdks/Microsoft.NET.Sdk/targets/Microsoft.NET.Sdk.props (92,5)
       Property reassignment: $(AssemblySearchPaths)="{CandidateAssemblyFiles};{HintPathFromItem};{TargetFrameworkDirectory};{RawFileName}" (previous value: "{CandidateAssemblyFiles};{HintPathFromItem};{TargetFrameworkDirectory}") at /nix/store/8y83na7h81fw5kr1msmjc7rvx329djp0-dotnet-sdk-8.0.300/sdk/8.0.300/Sdks/Microsoft.NET.Sdk/targets/Microsoft.NET.Sdk.props (93,5)
       Property reassignment: $(TargetsForTfmSpecificContentInPackage)=";PackTool;_PackProjectToolValidation" (previous value: ";PackTool") at /nix/store/8y83na7h81fw5kr1msmjc7rvx329djp0-dotnet-sdk-8.0.300/sdk/8.0.300/Sdks/Microsoft.NET.Sdk/targets/Microsoft.NET.PackProjectTool.props (15,5)
       Property reassignment: $(PublishProfileImported)="false" (previous value: "true") at /nix/store/8y83na7h81fw5kr1msmjc7rvx329djp0-dotnet-sdk-8.0.300/sdk/8.0.300/Sdks/Microsoft.NET.Sdk/targets/Microsoft.NET.Sdk.ImportPublishProfile.targets (28,5)
       Property reassignment: $(TargetPlatformVersion)="" (previous value: "0.0") at /nix/store/8y83na7h81fw5kr1msmjc7rvx329djp0-dotnet-sdk-8.0.300/sdk/8.0.300/Sdks/Microsoft.NET.Sdk/targets/Microsoft.NET.TargetFrameworkInference.targets (69,5)
       Property reassignment: $(DefaultItemExcludes)=";bin/Debug//**;obj/Debug//**" (previous value: ";bin/Debug//**") at /nix/store/8y83na7h81fw5kr1msmjc7rvx329djp0-dotnet-sdk-8.0.300/sdk/8.0.300/Sdks/Microsoft.NET.Sdk/targets/Microsoft.NET.DefaultOutputPaths.targets (122,5)
       Property reassignment: $(OutputPath)="bin/Debug/net8.0/" (previous value: "bin/Debug/") at /nix/store/8y83na7h81fw5kr1msmjc7rvx329djp0-dotnet-sdk-8.0.300/sdk/8.0.300/Sdks/Microsoft.NET.Sdk/targets/Microsoft.NET.DefaultOutputPaths.targets (137,5)
       Property reassignment: $(IntermediateOutputPath)="obj/Debug/net8.0/" (previous value: "obj/Debug/") at /nix/store/8y83na7h81fw5kr1msmjc7rvx329djp0-dotnet-sdk-8.0.300/sdk/8.0.300/Sdks/Microsoft.NET.Sdk/targets/Microsoft.NET.DefaultOutputPaths.targets (142,5)
       Property reassignment: $(_FrameworkIdentifierForImplicitDefine)="NET" (previous value: "NETCOREAPP") at /nix/store/8y83na7h81fw5kr1msmjc7rvx329djp0-dotnet-sdk-8.0.300/sdk/8.0.300/Sdks/Microsoft.NET.Sdk/targets/Microsoft.NET.Sdk.BeforeCommon.targets (187,5)
       Property reassignment: $(_FrameworkVersionForImplicitDefine)="8_0" (previous value: "8.0") at /nix/store/8y83na7h81fw5kr1msmjc7rvx329djp0-dotnet-sdk-8.0.300/sdk/8.0.300/Sdks/Microsoft.NET.Sdk/targets/Microsoft.NET.Sdk.BeforeCommon.targets (192,5)
       Property reassignment: $(CommandLineArgsForDesignTimeEvaluation)="-langversion:12.0 -define:TRACE" (previous value: "-langversion:12.0") at /nix/store/8y83na7h81fw5kr1msmjc7rvx329djp0-dotnet-sdk-8.0.300/sdk/8.0.300/Roslyn/Microsoft.CSharp.Core.targets (200,5)
       Property reassignment: $(_DebugSymbolsProduced)="true" (previous value: "false") at /nix/store/8y83na7h81fw5kr1msmjc7rvx329djp0-dotnet-sdk-8.0.300/sdk/8.0.300/Microsoft.Common.CurrentVersion.targets (175,5)
       Property reassignment: $(_DocumentationFileProduced)="false" (previous value: "true") at /nix/store/8y83na7h81fw5kr1msmjc7rvx329djp0-dotnet-sdk-8.0.300/sdk/8.0.300/Microsoft.Common.CurrentVersion.targets (185,5)
       Property reassignment: $(MSBuildCopyMarkerName)="PokerGam.4A707060" (previous value: "PokerGame.Core.csproj") at /nix/store/8y83na7h81fw5kr1msmjc7rvx329djp0-dotnet-sdk-8.0.300/sdk/8.0.300/Microsoft.Common.CurrentVersion.targets (392,5)
       Property reassignment: $(MSBuildCopyMarkerName)="PokerGam.4A707060.Up2Date" (previous value: "PokerGam.4A707060") at /nix/store/8y83na7h81fw5kr1msmjc7rvx329djp0-dotnet-sdk-8.0.300/sdk/8.0.300/Microsoft.Common.CurrentVersion.targets (393,5)
       Property reassignment: $(ProcessorArchitecture)="msil" (previous value: "") at /nix/store/8y83na7h81fw5kr1msmjc7rvx329djp0-dotnet-sdk-8.0.300/sdk/8.0.300/Microsoft.Common.CurrentVersion.targets (536,5)
       Property reassignment: $(DelaySign)="" (previous value: "false") at /nix/store/8y83na7h81fw5kr1msmjc7rvx329djp0-dotnet-sdk-8.0.300/sdk/8.0.300/Microsoft.Common.CurrentVersion.targets (575,5)
       Property 'LocalAppData' with value '/home/runner/workspace/.local/share' expanded from the environment.
       Property reassignment: $(_SGenGenerateSerializationAssembliesConfig)="Auto" (previous value: "") at /nix/store/8y83na7h81fw5kr1msmjc7rvx329djp0-dotnet-sdk-8.0.300/sdk/8.0.300/Microsoft.Common.CurrentVersion.targets (3880,5)
       Property reassignment: $(_SGenGenerateSerializationAssembliesConfig)="Off" (previous value: "Auto") at /nix/store/8y83na7h81fw5kr1msmjc7rvx329djp0-dotnet-sdk-8.0.300/sdk/8.0.300/Microsoft.Common.CurrentVersion.targets (3881,5)
       Property reassignment: $(_TargetsThatPrepareProjectReferences)="
             AssignProjectConfiguration;
             _SplitProjectReferencesByFileExistence
           " (previous value: "_SplitProjectReferencesByFileExistence") at /nix/store/8y83na7h81fw5kr1msmjc7rvx329djp0-dotnet-sdk-8.0.300/sdk/8.0.300/Microsoft.Common.CurrentVersion.targets (5048,5)
       Property 'MSBuildExtensionsPath32' with value '/nix/store/8y83na7h81fw5kr1msmjc7rvx329djp0-dotnet-sdk-8.0.300/sdk/8.0.300' expanded from the environment.
       Assembly loaded during Evaluation: System.IO.Pipes, Version=8.0.0.0, Culture=neutral, PublicKeyToken=b03f5f7f11d50a3a (location: /nix/store/8y83na7h81fw5kr1msmjc7rvx329djp0-dotnet-sdk-8.0.300/shared/Microsoft.NETCore.App/8.0.5/System.IO.Pipes.dll, MVID: 6053a68e-4f03-4f2d-a718-995d738cfc17, AssemblyLoadContext: Default)
       Property reassignment: $(ProjectAssetsFile)="/home/runner/workspace/PokerGame.Core/obj/project.assets.json" (previous value: "/home/runner/workspace/PokerGame.Core/obj//project.assets.json") at /nix/store/8y83na7h81fw5kr1msmjc7rvx329djp0-dotnet-sdk-8.0.300/sdk/8.0.300/Sdks/Microsoft.NET.Sdk/targets/Microsoft.PackageDependencyResolution.targets (24,5)
       Property reassignment: $(ProjectAssetsCacheFile)="/home/runner/workspace/PokerGame.Core/obj/Debug/net8.0/PokerGame.Core.assets.cache" (previous value: "obj/Debug/net8.0/PokerGame.Core.assets.cache") at /nix/store/8y83na7h81fw5kr1msmjc7rvx329djp0-dotnet-sdk-8.0.300/sdk/8.0.300/Sdks/Microsoft.NET.Sdk/targets/Microsoft.PackageDependencyResolution.targets (29,5)
       Property reassignment: $(ResolveAssemblyReferencesDependsOn)="
             
             ResolveProjectReferences;
             FindInvalidProjectReferences;
             GetFrameworkPaths;
             GetReferenceAssemblyPaths;
             PrepareForBuild;
             ResolveSDKReferences;
             ExpandSDKReferences;
           ;
             ResolvePackageDependenciesForBuild;
             _HandlePackageFileConflicts;
           " (previous value: "
             ResolveProjectReferences;
             FindInvalidProjectReferences;
             GetFrameworkPaths;
             GetReferenceAssemblyPaths;
             PrepareForBuild;
             ResolveSDKReferences;
             ExpandSDKReferences;
           ") at /nix/store/8y83na7h81fw5kr1msmjc7rvx329djp0-dotnet-sdk-8.0.300/sdk/8.0.300/Sdks/Microsoft.NET.Sdk/targets/Microsoft.PackageDependencyResolution.targets (80,5)
       Property reassignment: $(PrepareResourcesDependsOn)="
             ResolvePackageDependenciesForBuild;
             _HandlePackageFileConflicts;
             
             ;
             PrepareResourceNames;
             ResGen;
             CompileLicxFiles
           
           " (previous value: "
             ;
             PrepareResourceNames;
             ResGen;
             CompileLicxFiles
           ") at /nix/store/8y83na7h81fw5kr1msmjc7rvx329djp0-dotnet-sdk-8.0.300/sdk/8.0.300/Sdks/Microsoft.NET.Sdk/targets/Microsoft.PackageDependencyResolution.targets (86,5)
       Property reassignment: $(DefaultItemExcludes)=";bin/Debug//**;obj/Debug//**;bin//**" (previous value: ";bin/Debug//**;obj/Debug//**") at /nix/store/8y83na7h81fw5kr1msmjc7rvx329djp0-dotnet-sdk-8.0.300/sdk/8.0.300/Sdks/Microsoft.NET.Sdk/targets/Microsoft.NET.Sdk.DefaultItems.targets (27,5)
       Property reassignment: $(DefaultItemExcludes)=";bin/Debug//**;obj/Debug//**;bin//**;obj//**" (previous value: ";bin/Debug//**;obj/Debug//**;bin//**") at /nix/store/8y83na7h81fw5kr1msmjc7rvx329djp0-dotnet-sdk-8.0.300/sdk/8.0.300/Sdks/Microsoft.NET.Sdk/targets/Microsoft.NET.Sdk.DefaultItems.targets (29,5)
       Property reassignment: $(DefaultItemExcludes)=";bin/Debug//**;obj/Debug//**;bin//**;obj//**;**/*.user" (previous value: ";bin/Debug//**;obj/Debug//**;bin//**;obj//**") at /nix/store/8y83na7h81fw5kr1msmjc7rvx329djp0-dotnet-sdk-8.0.300/sdk/8.0.300/Sdks/Microsoft.NET.Sdk/targets/Microsoft.NET.Sdk.DefaultItems.targets (32,5)
       Property reassignment: $(DefaultItemExcludes)=";bin/Debug//**;obj/Debug//**;bin//**;obj//**;**/*.user;**/*.*proj" (previous value: ";bin/Debug//**;obj/Debug//**;bin//**;obj//**;**/*.user") at /nix/store/8y83na7h81fw5kr1msmjc7rvx329djp0-dotnet-sdk-8.0.300/sdk/8.0.300/Sdks/Microsoft.NET.Sdk/targets/Microsoft.NET.Sdk.DefaultItems.targets (33,5)
       Property reassignment: $(DefaultItemExcludes)=";bin/Debug//**;obj/Debug//**;bin//**;obj//**;**/*.user;**/*.*proj;**/*.sln" (previous value: ";bin/Debug//**;obj/Debug//**;bin//**;obj//**;**/*.user;**/*.*proj") at /nix/store/8y83na7h81fw5kr1msmjc7rvx329djp0-dotnet-sdk-8.0.300/sdk/8.0.300/Sdks/Microsoft.NET.Sdk/targets/Microsoft.NET.Sdk.DefaultItems.targets (34,5)
       Property reassignment: $(DefaultItemExcludes)=";bin/Debug//**;obj/Debug//**;bin//**;obj//**;**/*.user;**/*.*proj;**/*.sln;**/*.vssscc" (previous value: ";bin/Debug//**;obj/Debug//**;bin//**;obj//**;**/*.user;**/*.*proj;**/*.sln") at /nix/store/8y83na7h81fw5kr1msmjc7rvx329djp0-dotnet-sdk-8.0.300/sdk/8.0.300/Sdks/Microsoft.NET.Sdk/targets/Microsoft.NET.Sdk.DefaultItems.targets (35,5)
       Property reassignment: $(DefaultItemExcludes)=";bin/Debug//**;obj/Debug//**;bin//**;obj//**;**/*.user;**/*.*proj;**/*.sln;**/*.vssscc;**/.DS_Store" (previous value: ";bin/Debug//**;obj/Debug//**;bin//**;obj//**;**/*.user;**/*.*proj;**/*.sln;**/*.vssscc") at /nix/store/8y83na7h81fw5kr1msmjc7rvx329djp0-dotnet-sdk-8.0.300/sdk/8.0.300/Sdks/Microsoft.NET.Sdk/targets/Microsoft.NET.Sdk.DefaultItems.targets (36,5)
       Property reassignment: $(ResolveAssemblyReferencesDependsOn)="
             
             
             ResolveProjectReferences;
             FindInvalidProjectReferences;
             GetFrameworkPaths;
             GetReferenceAssemblyPaths;
             PrepareForBuild;
             ResolveSDKReferences;
             ExpandSDKReferences;
           ;
             ResolvePackageDependenciesForBuild;
             _HandlePackageFileConflicts;
           ;
             ResolveTargetingPackAssets;
           " (previous value: "
             
             ResolveProjectReferences;
             FindInvalidProjectReferences;
             GetFrameworkPaths;
             GetReferenceAssemblyPaths;
             PrepareForBuild;
             ResolveSDKReferences;
             ExpandSDKReferences;
           ;
             ResolvePackageDependenciesForBuild;
             _HandlePackageFileConflicts;
           ") at /nix/store/8y83na7h81fw5kr1msmjc7rvx329djp0-dotnet-sdk-8.0.300/sdk/8.0.300/Sdks/Microsoft.NET.Sdk/targets/Microsoft.NET.Sdk.FrameworkReferenceResolution.targets (14,5)
       Property reassignment: $(_GenerateRuntimeConfigurationPropertyInputsCache)="/home/runner/workspace/PokerGame.Core/obj/Debug/net8.0/PokerGame.Core.genruntimeconfig.cache" (previous value: "obj/Debug/net8.0/PokerGame.Core.genruntimeconfig.cache") at /nix/store/8y83na7h81fw5kr1msmjc7rvx329djp0-dotnet-sdk-8.0.300/sdk/8.0.300/Sdks/Microsoft.NET.Sdk/targets/Microsoft.NET.Sdk.targets (44,5)
       Property reassignment: $(_GeneratePublishDependencyFilePropertyInputsCache)="/home/runner/workspace/PokerGame.Core/obj/Debug/net8.0/PokerGame.Core.genpublishdeps.cache" (previous value: "obj/Debug/net8.0/PokerGame.Core.genpublishdeps.cache") at /nix/store/8y83na7h81fw5kr1msmjc7rvx329djp0-dotnet-sdk-8.0.300/sdk/8.0.300/Sdks/Microsoft.NET.Sdk/targets/Microsoft.NET.Sdk.targets (46,5)
       Property reassignment: $(_GenerateSingleFileBundlePropertyInputsCache)="/home/runner/workspace/PokerGame.Core/obj/Debug/net8.0/PokerGame.Core.genbundle.cache" (previous value: "obj/Debug/net8.0/PokerGame.Core.genbundle.cache") at /nix/store/8y83na7h81fw5kr1msmjc7rvx329djp0-dotnet-sdk-8.0.300/sdk/8.0.300/Sdks/Microsoft.NET.Sdk/targets/Microsoft.NET.Sdk.targets (48,5)
       Property reassignment: $(GenerateRuntimeConfigDevFile)="false" (previous value: "true") at /nix/store/8y83na7h81fw5kr1msmjc7rvx329djp0-dotnet-sdk-8.0.300/sdk/8.0.300/Sdks/Microsoft.NET.Sdk/targets/Microsoft.NET.Sdk.targets (81,5)
       Assembly loaded during Evaluation: System.Net.Sockets, Version=8.0.0.0, Culture=neutral, PublicKeyToken=b03f5f7f11d50a3a (location: /nix/store/8y83na7h81fw5kr1msmjc7rvx329djp0-dotnet-sdk-8.0.300/shared/Microsoft.NETCore.App/8.0.5/System.Net.Sockets.dll, MVID: e76f9b1a-56b1-4951-9ad6-b6b478c95f8d, AssemblyLoadContext: Default)
       Property 'HOME' with value '/home/runner' expanded from the environment.
       Property reassignment: $(_DefaultUserProfileRuntimeStorePath)="/home/runner/.dotnet/store" (previous value: "/home/runner") at /nix/store/8y83na7h81fw5kr1msmjc7rvx329djp0-dotnet-sdk-8.0.300/sdk/8.0.300/Sdks/Microsoft.NET.Sdk/targets/Microsoft.NET.Sdk.targets (98,5)
       Property reassignment: $(AvailablePlatforms)="Any CPU,x86,x64,ARM32" (previous value: "Any CPU,x86,x64") at /nix/store/8y83na7h81fw5kr1msmjc7rvx329djp0-dotnet-sdk-8.0.300/sdk/8.0.300/Sdks/Microsoft.NET.Sdk/targets/Microsoft.NET.Sdk.targets (136,5)
       Property reassignment: $(AvailablePlatforms)="Any CPU,x86,x64,ARM32,ARM64" (previous value: "Any CPU,x86,x64,ARM32") at /nix/store/8y83na7h81fw5kr1msmjc7rvx329djp0-dotnet-sdk-8.0.300/sdk/8.0.300/Sdks/Microsoft.NET.Sdk/targets/Microsoft.NET.Sdk.targets (140,5)
       Property reassignment: $(CoreBuildDependsOn)="
             _CheckForBuildWithNoBuild;
             
             BuildOnlySettings;
             PrepareForBuild;
             PreBuildEvent;
             ResolveReferences;
             PrepareResources;
             ResolveKeySource;
             Compile;
             ExportWindowsMDFile;
             UnmanagedUnregistration;
             GenerateSerializationAssemblies;
             CreateSatelliteAssemblies;
             GenerateManifests;
             GetTargetPath;
             PrepareForRun;
             UnmanagedRegistration;
             IncrementalClean;
             PostBuildEvent
           ;
             GenerateBuildDependencyFile;
             GenerateBuildRuntimeConfigurationFiles
           " (previous value: "
             BuildOnlySettings;
             PrepareForBuild;
             PreBuildEvent;
             ResolveReferences;
             PrepareResources;
             ResolveKeySource;
             Compile;
             ExportWindowsMDFile;
             UnmanagedUnregistration;
             GenerateSerializationAssemblies;
             CreateSatelliteAssemblies;
             GenerateManifests;
             GetTargetPath;
             PrepareForRun;
             UnmanagedRegistration;
             IncrementalClean;
             PostBuildEvent
           ") at /nix/store/8y83na7h81fw5kr1msmjc7rvx329djp0-dotnet-sdk-8.0.300/sdk/8.0.300/Sdks/Microsoft.NET.Sdk/targets/Microsoft.NET.Sdk.targets (197,5)
       Property reassignment: $(CoreCleanDependsOn)="
             _SdkBeforeClean;
             
           " (previous value: "") at /nix/store/8y83na7h81fw5kr1msmjc7rvx329djp0-dotnet-sdk-8.0.300/sdk/8.0.300/Sdks/Microsoft.NET.Sdk/targets/Microsoft.NET.Sdk.targets (206,5)
       Property reassignment: $(RebuildDependsOn)="
             _SdkBeforeRebuild;
             
             BeforeRebuild;
             Clean;
             Build;
             AfterRebuild;
           
           " (previous value: "
             BeforeRebuild;
             Clean;
             Build;
             AfterRebuild;
           ") at /nix/store/8y83na7h81fw5kr1msmjc7rvx329djp0-dotnet-sdk-8.0.300/sdk/8.0.300/Sdks/Microsoft.NET.Sdk/targets/Microsoft.NET.Sdk.targets (213,5)
       Property reassignment: $(CompileDependsOn)="
             
             ResolveReferences;
             ResolveKeySource;
             SetWin32ManifestProperties;
             FindReferenceAssembliesForReferences;
             _GenerateCompileInputs;
             BeforeCompile;
             _TimeStampBeforeCompile;
             _GenerateCompileDependencyCache;
             CoreCompile;
             _TimeStampAfterCompile;
             AfterCompile;
           ;
             _CreateAppHost;
             _CreateComHost;
             _GetIjwHostPaths;
           " (previous value: "
             ResolveReferences;
             ResolveKeySource;
             SetWin32ManifestProperties;
             FindReferenceAssembliesForReferences;
             _GenerateCompileInputs;
             BeforeCompile;
             _TimeStampBeforeCompile;
             _GenerateCompileDependencyCache;
             CoreCompile;
             _TimeStampAfterCompile;
             AfterCompile;
           ") at /nix/store/8y83na7h81fw5kr1msmjc7rvx329djp0-dotnet-sdk-8.0.300/sdk/8.0.300/Sdks/Microsoft.NET.Sdk/targets/Microsoft.NET.Sdk.targets (679,5)
       Property reassignment: $(CreateSatelliteAssembliesDependsOn)="
             
             ;
             _GenerateSatelliteAssemblyInputs;
             ComputeIntermediateSatelliteAssemblies;
             GenerateSatelliteAssemblies
           ;
             CoreGenerateSatelliteAssemblies
           " (previous value: "
             ;
             _GenerateSatelliteAssemblyInputs;
             ComputeIntermediateSatelliteAssemblies;
             GenerateSatelliteAssemblies
           ") at /nix/store/8y83na7h81fw5kr1msmjc7rvx329djp0-dotnet-sdk-8.0.300/sdk/8.0.300/Sdks/Microsoft.NET.Sdk/targets/Microsoft.NET.Sdk.targets (1065,5)
       Property reassignment: $(SourceLinkUrlInitializerTargets)=";_InitializeGitHubSourceLinkUrl;_InitializeGitLabSourceLinkUrl" (previous value: ";_InitializeGitHubSourceLinkUrl") at /nix/store/8y83na7h81fw5kr1msmjc7rvx329djp0-dotnet-sdk-8.0.300/sdk/8.0.300/Sdks/Microsoft.SourceLink.GitLab/build/Microsoft.SourceLink.GitLab.targets (12,5)
       Property reassignment: $(SourceControlManagerUrlTranslationTargets)=";TranslateGitHubUrlsInSourceControlInformation;TranslateGitLabUrlsInSourceControlInformation" (previous value: ";TranslateGitHubUrlsInSourceControlInformation") at /nix/store/8y83na7h81fw5kr1msmjc7rvx329djp0-dotnet-sdk-8.0.300/sdk/8.0.300/Sdks/Microsoft.SourceLink.GitLab/build/Microsoft.SourceLink.GitLab.targets (13,5)
       Property reassignment: $(SourceLinkUrlInitializerTargets)=";_InitializeGitHubSourceLinkUrl;_InitializeGitLabSourceLinkUrl;_InitializeAzureReposGitSourceLinkUrl" (previous value: ";_InitializeGitHubSourceLinkUrl;_InitializeGitLabSourceLinkUrl") at /nix/store/8y83na7h81fw5kr1msmjc7rvx329djp0-dotnet-sdk-8.0.300/sdk/8.0.300/Sdks/Microsoft.SourceLink.AzureRepos.Git/build/Microsoft.SourceLink.AzureRepos.Git.targets (12,5)
       Property reassignment: $(SourceControlManagerUrlTranslationTargets)=";TranslateGitHubUrlsInSourceControlInformation;TranslateGitLabUrlsInSourceControlInformation;TranslateAzureReposGitUrlsInSourceControlInformation" (previous value: ";TranslateGitHubUrlsInSourceControlInformation;TranslateGitLabUrlsInSourceControlInformation") at /nix/store/8y83na7h81fw5kr1msmjc7rvx329djp0-dotnet-sdk-8.0.300/sdk/8.0.300/Sdks/Microsoft.SourceLink.AzureRepos.Git/build/Microsoft.SourceLink.AzureRepos.Git.targets (13,5)
       Property reassignment: $(SourceLinkUrlInitializerTargets)=";_InitializeGitHubSourceLinkUrl;_InitializeGitLabSourceLinkUrl;_InitializeAzureReposGitSourceLinkUrl;_InitializeBitbucketGitSourceLinkUrl" (previous value: ";_InitializeGitHubSourceLinkUrl;_InitializeGitLabSourceLinkUrl;_InitializeAzureReposGitSourceLinkUrl") at /nix/store/8y83na7h81fw5kr1msmjc7rvx329djp0-dotnet-sdk-8.0.300/sdk/8.0.300/Sdks/Microsoft.SourceLink.Bitbucket.Git/build/Microsoft.SourceLink.Bitbucket.Git.targets (12,5)
       Property reassignment: $(SourceControlManagerUrlTranslationTargets)=";TranslateGitHubUrlsInSourceControlInformation;TranslateGitLabUrlsInSourceControlInformation;TranslateAzureReposGitUrlsInSourceControlInformation;TranslateBitbucketGitUrlsInSourceControlInformation" (previous value: ";TranslateGitHubUrlsInSourceControlInformation;TranslateGitLabUrlsInSourceControlInformation;TranslateAzureReposGitUrlsInSourceControlInformation") at /nix/store/8y83na7h81fw5kr1msmjc7rvx329djp0-dotnet-sdk-8.0.300/sdk/8.0.300/Sdks/Microsoft.SourceLink.Bitbucket.Git/build/Microsoft.SourceLink.Bitbucket.Git.targets (13,5)
       Property reassignment: $(DesignerRuntimeImplementationProjectOutputGroupDependsOn)="
             
             ;
             
             ;
             BuildOnlySettings;
             PrepareForBuild;
             AssignTargetPaths;
             ResolveReferences
           
           ;
             _GenerateDesignerDepsFile;
             _GenerateDesignerRuntimeConfigFile;
             GetCopyToOutputDirectoryItems;
             _GatherDesignerShadowCopyFiles;
           " (previous value: "
             ;
             
             ;
             BuildOnlySettings;
             PrepareForBuild;
             AssignTargetPaths;
             ResolveReferences
           
           ") at /nix/store/8y83na7h81fw5kr1msmjc7rvx329djp0-dotnet-sdk-8.0.300/sdk/8.0.300/Sdks/Microsoft.NET.Sdk/targets/Microsoft.NET.DesignerSupport.targets (21,5)
       Property reassignment: $(_GenerateToolsSettingsFileCacheFile)="/home/runner/workspace/PokerGame.Core/obj/Debug/net8.0/PokerGame.Core.toolssettingsinput.cache" (previous value: "obj/Debug/net8.0/PokerGame.Core.toolssettingsinput.cache") at /nix/store/8y83na7h81fw5kr1msmjc7rvx329djp0-dotnet-sdk-8.0.300/sdk/8.0.300/Sdks/Microsoft.NET.Sdk/targets/Microsoft.NET.PackTool.targets (68,5)
       Property reassignment: $(_ShimInputCacheFile)="/home/runner/workspace/PokerGame.Core/obj/Debug/net8.0/PokerGame.Core.shiminput.cache" (previous value: "obj/Debug/net8.0/PokerGame.Core.shiminput.cache") at /nix/store/8y83na7h81fw5kr1msmjc7rvx329djp0-dotnet-sdk-8.0.300/sdk/8.0.300/Sdks/Microsoft.NET.Sdk/targets/Microsoft.NET.PackTool.targets (137,5)
       Property reassignment: $(_ShimCreatedSentinelFile)="/home/runner/workspace/PokerGame.Core/obj/Debug/net8.0/PokerGame.Core.shimcreated.sentinel" (previous value: "obj/Debug/net8.0/PokerGame.Core.shimcreated.sentinel") at /nix/store/8y83na7h81fw5kr1msmjc7rvx329djp0-dotnet-sdk-8.0.300/sdk/8.0.300/Sdks/Microsoft.NET.Sdk/targets/Microsoft.NET.PackTool.targets (139,5)
       Property reassignment: $(DefineConstants)="TRACE;DEBUG" (previous value: "TRACE") at /nix/store/8y83na7h81fw5kr1msmjc7rvx329djp0-dotnet-sdk-8.0.300/sdk/8.0.300/Sdks/Microsoft.NET.Sdk/targets/Microsoft.NET.Sdk.CSharp.targets (31,5)
       Property reassignment: $(DefineConstants)="TRACE;DEBUG;NET;NET8_0;NETCOREAPP" (previous value: "TRACE;DEBUG") at /nix/store/8y83na7h81fw5kr1msmjc7rvx329djp0-dotnet-sdk-8.0.300/sdk/8.0.300/Sdks/Microsoft.NET.Sdk/targets/Microsoft.NET.Sdk.CSharp.targets (34,5)
       Property reassignment: $(WarningsAsErrors)=";NU1605;SYSLIB0011" (previous value: ";NU1605") at /nix/store/8y83na7h81fw5kr1msmjc7rvx329djp0-dotnet-sdk-8.0.300/sdk/8.0.300/Sdks/Microsoft.NET.Sdk/targets/Microsoft.NET.Sdk.CSharp.targets (48,5)
       Property reassignment: $(GenerateNuspecDependsOn)="Build;_LoadPackInputItems; _GetTargetFrameworksOutput; _WalkEachTargetPerFramework; _GetPackageFiles; " (previous value: "_LoadPackInputItems; _GetTargetFrameworksOutput; _WalkEachTargetPerFramework; _GetPackageFiles; ") at /nix/store/8y83na7h81fw5kr1msmjc7rvx329djp0-dotnet-sdk-8.0.300/sdk/8.0.300/Sdks/NuGet.Build.Tasks.Pack/build/NuGet.Build.Tasks.Pack.targets (59,5)
       Property reassignment: $(_IsSDKContainerAllowedVersion)="true" (previous value: "false") at /nix/store/8y83na7h81fw5kr1msmjc7rvx329djp0-dotnet-sdk-8.0.300/sdk/8.0.300/Containers/build/Microsoft.NET.Build.Containers.targets (5,5)
       Property reassignment: $(_ContainerIsTargetingNet8TFM)="true" (previous value: "false") at /nix/store/8y83na7h81fw5kr1msmjc7rvx329djp0-dotnet-sdk-8.0.300/sdk/8.0.300/Containers/build/Microsoft.NET.Build.Containers.targets (15,5)
       Overriding target "ResolveFrameworkReferences" in project "/nix/store/8y83na7h81fw5kr1msmjc7rvx329djp0-dotnet-sdk-8.0.300/sdk/8.0.300/Microsoft.Common.CurrentVersion.targets" with target "ResolveFrameworkReferences" from project "/nix/store/8y83na7h81fw5kr1msmjc7rvx329djp0-dotnet-sdk-8.0.300/sdk/8.0.300/Sdks/Microsoft.NET.Sdk/targets/Microsoft.NET.Sdk.FrameworkReferenceResolution.targets".
       Overriding target "Run" in project "/nix/store/8y83na7h81fw5kr1msmjc7rvx329djp0-dotnet-sdk-8.0.300/sdk/8.0.300/Microsoft.Common.CurrentVersion.targets" with target "Run" from project "/nix/store/8y83na7h81fw5kr1msmjc7rvx329djp0-dotnet-sdk-8.0.300/sdk/8.0.300/Sdks/Microsoft.NET.Sdk/targets/Microsoft.NET.Sdk.targets".
       Overriding target "GenerateSupportedTargetFrameworkAlias" in project "/nix/store/8y83na7h81fw5kr1msmjc7rvx329djp0-dotnet-sdk-8.0.300/sdk/8.0.300/Microsoft.Common.CurrentVersion.targets" with target "GenerateSupportedTargetFrameworkAlias" from project "/nix/store/8y83na7h81fw5kr1msmjc7rvx329djp0-dotnet-sdk-8.0.300/sdk/8.0.300/Sdks/Microsoft.NET.Sdk/targets/Microsoft.NET.Sdk.targets".
       Overriding target "GetReferenceAssemblyPaths" in project "/nix/store/8y83na7h81fw5kr1msmjc7rvx329djp0-dotnet-sdk-8.0.300/sdk/8.0.300/Microsoft.Common.CurrentVersion.targets" with target "GetReferenceAssemblyPaths" from project "/nix/store/8y83na7h81fw5kr1msmjc7rvx329djp0-dotnet-sdk-8.0.300/sdk/8.0.300/Sdks/Microsoft.NET.Sdk/targets/Microsoft.NET.DisableStandardFrameworkResolution.targets".
       Overriding target "GetFrameworkPaths" in project "/nix/store/8y83na7h81fw5kr1msmjc7rvx329djp0-dotnet-sdk-8.0.300/sdk/8.0.300/Microsoft.Common.CurrentVersion.targets" with target "GetFrameworkPaths" from project "/nix/store/8y83na7h81fw5kr1msmjc7rvx329djp0-dotnet-sdk-8.0.300/sdk/8.0.300/Sdks/Microsoft.NET.Sdk/targets/Microsoft.NET.DisableStandardFrameworkResolution.targets".
       Overriding target "DesignerRuntimeImplementationProjectOutputGroup" in project "/nix/store/8y83na7h81fw5kr1msmjc7rvx329djp0-dotnet-sdk-8.0.300/sdk/8.0.300/Microsoft.Common.CurrentVersion.targets" with target "DesignerRuntimeImplementationProjectOutputGroup" from project "/nix/store/8y83na7h81fw5kr1msmjc7rvx329djp0-dotnet-sdk-8.0.300/sdk/8.0.300/Sdks/Microsoft.NET.Sdk/targets/Microsoft.NET.DesignerSupport.targets".
       Overriding target "Publish" in project "/nix/store/8y83na7h81fw5kr1msmjc7rvx329djp0-dotnet-sdk-8.0.300/sdk/8.0.300/Microsoft.Common.CurrentVersion.targets" with target "Publish" from project "/nix/store/8y83na7h81fw5kr1msmjc7rvx329djp0-dotnet-sdk-8.0.300/sdk/8.0.300/Sdks/Microsoft.NET.Sdk/targets/Microsoft.NET.Publish.targets".
       Overriding target "ResolveReadyToRunCompilers" in project "/nix/store/8y83na7h81fw5kr1msmjc7rvx329djp0-dotnet-sdk-8.0.300/sdk/8.0.300/Sdks/Microsoft.NET.Sdk/targets/Microsoft.NET.CrossGen.targets" with target "ResolveReadyToRunCompilers" from project "/nix/store/8y83na7h81fw5kr1msmjc7rvx329djp0-dotnet-sdk-8.0.300/sdk/8.0.300/Sdks/Microsoft.NET.Sdk/targets/Microsoft.NET.Publish.targets".
       Overriding target "GetCopyToPublishDirectoryItems" in project "/nix/store/8y83na7h81fw5kr1msmjc7rvx329djp0-dotnet-sdk-8.0.300/sdk/8.0.300/Microsoft.Common.CurrentVersion.targets" with target "GetCopyToPublishDirectoryItems" from project "/nix/store/8y83na7h81fw5kr1msmjc7rvx329djp0-dotnet-sdk-8.0.300/sdk/8.0.300/Sdks/Microsoft.NET.Sdk/targets/Microsoft.NET.Publish.targets".
   1:3>Project "/home/runner/workspace/PokerGame.Tests/PokerGame.Tests.csproj" (1:3) is building "/home/runner/workspace/PokerGame.Core/PokerGame.Core.csproj" (2) on node 1 (_GenerateRestoreProjectPathWalk target(s)).
     2>Target "_GenerateRestoreProjectPathItemsAllFrameworks" skipped, due to false condition; ( '$(TargetFrameworks)' != '' ) was evaluated as ( '' != '' ).
     2>Target "_GenerateRestoreProjectPathItemsPerFramework" in file "/nix/store/8y83na7h81fw5kr1msmjc7rvx329djp0-dotnet-sdk-8.0.300/sdk/8.0.300/NuGet.targets" from project "/home/runner/workspace/PokerGame.Core/PokerGame.Core.csproj" (target "_GenerateRestoreProjectPathItemsCurrentProject" depends on it):
       Task "ConvertToAbsolutePath"
       Done executing task "ConvertToAbsolutePath".
     2>Done building target "_GenerateRestoreProjectPathItemsPerFramework" in project "PokerGame.Core.csproj".
     2>Target "_GenerateRestoreProjectPathItemsCurrentProject" in file "/nix/store/8y83na7h81fw5kr1msmjc7rvx329djp0-dotnet-sdk-8.0.300/sdk/8.0.300/NuGet.targets" from project "/home/runner/workspace/PokerGame.Core/PokerGame.Core.csproj" (target "_GenerateRestoreProjectPathItems" depends on it):
     2>Done building target "_GenerateRestoreProjectPathItemsCurrentProject" in project "PokerGame.Core.csproj".
     2>Target "_GenerateRestoreProjectPathItems" in file "/nix/store/8y83na7h81fw5kr1msmjc7rvx329djp0-dotnet-sdk-8.0.300/sdk/8.0.300/NuGet.targets" from project "/home/runner/workspace/PokerGame.Core/PokerGame.Core.csproj" (target "_GenerateRestoreProjectPathWalk" depends on it):
       Task "RemoveDuplicates"
       Done executing task "RemoveDuplicates".
     2>Done building target "_GenerateRestoreProjectPathItems" in project "PokerGame.Core.csproj".
     2>Target "_GenerateRestoreProjectPathWalk" in file "/nix/store/8y83na7h81fw5kr1msmjc7rvx329djp0-dotnet-sdk-8.0.300/sdk/8.0.300/NuGet.targets" from project "/home/runner/workspace/PokerGame.Core/PokerGame.Core.csproj" (entry point):
       Task "MSBuild"
         Global Properties:
           ExcludeRestorePackageImports=true
     0>Property 'MSBuildExtensionsPath' with value '/nix/store/8y83na7h81fw5kr1msmjc7rvx329djp0-dotnet-sdk-8.0.300/sdk/8.0.300/' expanded from the environment.
       Property reassignment: $(MSBuildProjectExtensionsPath)="/home/runner/workspace/PokerGame.Abstractions/obj/" (previous value: "obj/") at /nix/store/8y83na7h81fw5kr1msmjc7rvx329djp0-dotnet-sdk-8.0.300/sdk/8.0.300/Current/Microsoft.Common.props (60,5)
       Property reassignment: $(AssemblySearchPaths)="{CandidateAssemblyFiles};{HintPathFromItem}" (previous value: "{CandidateAssemblyFiles}") at /nix/store/8y83na7h81fw5kr1msmjc7rvx329djp0-dotnet-sdk-8.0.300/sdk/8.0.300/Sdks/Microsoft.NET.Sdk/targets/Microsoft.NET.Sdk.props (91,5)
       Property reassignment: $(AssemblySearchPaths)="{CandidateAssemblyFiles};{HintPathFromItem};{TargetFrameworkDirectory}" (previous value: "{CandidateAssemblyFiles};{HintPathFromItem}") at /nix/store/8y83na7h81fw5kr1msmjc7rvx329djp0-dotnet-sdk-8.0.300/sdk/8.0.300/Sdks/Microsoft.NET.Sdk/targets/Microsoft.NET.Sdk.props (92,5)
       Property reassignment: $(AssemblySearchPaths)="{CandidateAssemblyFiles};{HintPathFromItem};{TargetFrameworkDirectory};{RawFileName}" (previous value: "{CandidateAssemblyFiles};{HintPathFromItem};{TargetFrameworkDirectory}") at /nix/store/8y83na7h81fw5kr1msmjc7rvx329djp0-dotnet-sdk-8.0.300/sdk/8.0.300/Sdks/Microsoft.NET.Sdk/targets/Microsoft.NET.Sdk.props (93,5)
       Property reassignment: $(TargetsForTfmSpecificContentInPackage)=";PackTool;_PackProjectToolValidation" (previous value: ";PackTool") at /nix/store/8y83na7h81fw5kr1msmjc7rvx329djp0-dotnet-sdk-8.0.300/sdk/8.0.300/Sdks/Microsoft.NET.Sdk/targets/Microsoft.NET.PackProjectTool.props (15,5)
       Property reassignment: $(PublishProfileImported)="false" (previous value: "true") at /nix/store/8y83na7h81fw5kr1msmjc7rvx329djp0-dotnet-sdk-8.0.300/sdk/8.0.300/Sdks/Microsoft.NET.Sdk/targets/Microsoft.NET.Sdk.ImportPublishProfile.targets (28,5)
       Property 'MSBuildExtensionsPath' with value '/nix/store/8y83na7h81fw5kr1msmjc7rvx329djp0-dotnet-sdk-8.0.300/sdk/8.0.300/' expanded from the environment.
       Assembly loaded during Evaluation: Microsoft.Win32.Registry, Version=8.0.0.0, Culture=neutral, PublicKeyToken=b03f5f7f11d50a3a (location: /nix/store/8y83na7h81fw5kr1msmjc7rvx329djp0-dotnet-sdk-8.0.300/shared/Microsoft.NETCore.App/8.0.5/Microsoft.Win32.Registry.dll, MVID: a5c9d86f-6692-412b-b014-294494a3a019, AssemblyLoadContext: Default)
       Assembly loaded during Evaluation: NuGet.Frameworks, Version=6.10.0.97, Culture=neutral, PublicKeyToken=31bf3856ad364e35 (location: /nix/store/8y83na7h81fw5kr1msmjc7rvx329djp0-dotnet-sdk-8.0.300/sdk/8.0.300/NuGet.Frameworks.dll, MVID: 05e5996d-f121-4c49-b976-ad842a7e715b, AssemblyLoadContext: Assembly.LoadFile(/nix/store/8y83na7h81fw5kr1msmjc7rvx329djp0-dotnet-sdk-8.0.300/sdk/8.0.300/NuGet.Frameworks.dll))
       Assembly loaded during Evaluation: netstandard, Version=2.1.0.0, Culture=neutral, PublicKeyToken=cc7b13ffcd2ddd51 (location: /nix/store/8y83na7h81fw5kr1msmjc7rvx329djp0-dotnet-sdk-8.0.300/shared/Microsoft.NETCore.App/8.0.5/netstandard.dll, MVID: c6e9a92c-afdd-4327-9cab-9273387f5c9a, AssemblyLoadContext: Default)
       Property reassignment: $(MSBuildProjectExtensionsPath)="/home/runner/workspace/MSA.Foundation/obj/" (previous value: "obj/") at /nix/store/8y83na7h81fw5kr1msmjc7rvx329djp0-dotnet-sdk-8.0.300/sdk/8.0.300/Current/Microsoft.Common.props (60,5)
       Property reassignment: $(TargetPlatformVersion)="" (previous value: "0.0") at /nix/store/8y83na7h81fw5kr1msmjc7rvx329djp0-dotnet-sdk-8.0.300/sdk/8.0.300/Sdks/Microsoft.NET.Sdk/targets/Microsoft.NET.TargetFrameworkInference.targets (69,5)
       Property reassignment: $(AssemblySearchPaths)="{CandidateAssemblyFiles};{HintPathFromItem}" (previous value: "{CandidateAssemblyFiles}") at /nix/store/8y83na7h81fw5kr1msmjc7rvx329djp0-dotnet-sdk-8.0.300/sdk/8.0.300/Sdks/Microsoft.NET.Sdk/targets/Microsoft.NET.Sdk.props (91,5)
       Property reassignment: $(AssemblySearchPaths)="{CandidateAssemblyFiles};{HintPathFromItem};{TargetFrameworkDirectory}" (previous value: "{CandidateAssemblyFiles};{HintPathFromItem}") at /nix/store/8y83na7h81fw5kr1msmjc7rvx329djp0-dotnet-sdk-8.0.300/sdk/8.0.300/Sdks/Microsoft.NET.Sdk/targets/Microsoft.NET.Sdk.props (92,5)
       Property reassignment: $(AssemblySearchPaths)="{CandidateAssemblyFiles};{HintPathFromItem};{TargetFrameworkDirectory};{RawFileName}" (previous value: "{CandidateAssemblyFiles};{HintPathFromItem};{TargetFrameworkDirectory}") at /nix/store/8y83na7h81fw5kr1msmjc7rvx329djp0-dotnet-sdk-8.0.300/sdk/8.0.300/Sdks/Microsoft.NET.Sdk/targets/Microsoft.NET.Sdk.props (93,5)
       Property reassignment: $(DefaultItemExcludes)=";bin/Debug//**;obj/Debug//**" (previous value: ";bin/Debug//**") at /nix/store/8y83na7h81fw5kr1msmjc7rvx329djp0-dotnet-sdk-8.0.300/sdk/8.0.300/Sdks/Microsoft.NET.Sdk/targets/Microsoft.NET.DefaultOutputPaths.targets (122,5)
       Property reassignment: $(OutputPath)="bin/Debug/net8.0/" (previous value: "bin/Debug/") at /nix/store/8y83na7h81fw5kr1msmjc7rvx329djp0-dotnet-sdk-8.0.300/sdk/8.0.300/Sdks/Microsoft.NET.Sdk/targets/Microsoft.NET.DefaultOutputPaths.targets (137,5)
       Property reassignment: $(IntermediateOutputPath)="obj/Debug/net8.0/" (previous value: "obj/Debug/") at /nix/store/8y83na7h81fw5kr1msmjc7rvx329djp0-dotnet-sdk-8.0.300/sdk/8.0.300/Sdks/Microsoft.NET.Sdk/targets/Microsoft.NET.DefaultOutputPaths.targets (142,5)
       Property reassignment: $(TargetsForTfmSpecificContentInPackage)=";PackTool;_PackProjectToolValidation" (previous value: ";PackTool") at /nix/store/8y83na7h81fw5kr1msmjc7rvx329djp0-dotnet-sdk-8.0.300/sdk/8.0.300/Sdks/Microsoft.NET.Sdk/targets/Microsoft.NET.PackProjectTool.props (15,5)
       Property reassignment: $(PublishProfileImported)="false" (previous value: "true") at /nix/store/8y83na7h81fw5kr1msmjc7rvx329djp0-dotnet-sdk-8.0.300/sdk/8.0.300/Sdks/Microsoft.NET.Sdk/targets/Microsoft.NET.Sdk.ImportPublishProfile.targets (28,5)
       Property reassignment: $(_FrameworkIdentifierForImplicitDefine)="NET" (previous value: "NETCOREAPP") at /nix/store/8y83na7h81fw5kr1msmjc7rvx329djp0-dotnet-sdk-8.0.300/sdk/8.0.300/Sdks/Microsoft.NET.Sdk/targets/Microsoft.NET.Sdk.BeforeCommon.targets (187,5)
       Assembly loaded during Evaluation: Microsoft.Win32.Registry, Version=8.0.0.0, Culture=neutral, PublicKeyToken=b03f5f7f11d50a3a (location: /nix/store/8y83na7h81fw5kr1msmjc7rvx329djp0-dotnet-sdk-8.0.300/shared/Microsoft.NETCore.App/8.0.5/Microsoft.Win32.Registry.dll, MVID: a5c9d86f-6692-412b-b014-294494a3a019, AssemblyLoadContext: Default)
       Assembly loaded during Evaluation: NuGet.Frameworks, Version=6.10.0.97, Culture=neutral, PublicKeyToken=31bf3856ad364e35 (location: /nix/store/8y83na7h81fw5kr1msmjc7rvx329djp0-dotnet-sdk-8.0.300/sdk/8.0.300/NuGet.Frameworks.dll, MVID: 05e5996d-f121-4c49-b976-ad842a7e715b, AssemblyLoadContext: Assembly.LoadFile(/nix/store/8y83na7h81fw5kr1msmjc7rvx329djp0-dotnet-sdk-8.0.300/sdk/8.0.300/NuGet.Frameworks.dll))
       Property reassignment: $(_FrameworkVersionForImplicitDefine)="8_0" (previous value: "8.0") at /nix/store/8y83na7h81fw5kr1msmjc7rvx329djp0-dotnet-sdk-8.0.300/sdk/8.0.300/Sdks/Microsoft.NET.Sdk/targets/Microsoft.NET.Sdk.BeforeCommon.targets (192,5)
       Assembly loaded during Evaluation: netstandard, Version=2.1.0.0, Culture=neutral, PublicKeyToken=cc7b13ffcd2ddd51 (location: /nix/store/8y83na7h81fw5kr1msmjc7rvx329djp0-dotnet-sdk-8.0.300/shared/Microsoft.NETCore.App/8.0.5/netstandard.dll, MVID: c6e9a92c-afdd-4327-9cab-9273387f5c9a, AssemblyLoadContext: Default)
       Property reassignment: $(CommandLineArgsForDesignTimeEvaluation)="-langversion:12.0 -define:TRACE" (previous value: "-langversion:12.0") at /nix/store/8y83na7h81fw5kr1msmjc7rvx329djp0-dotnet-sdk-8.0.300/sdk/8.0.300/Roslyn/Microsoft.CSharp.Core.targets (200,5)
       Property reassignment: $(TargetPlatformVersion)="" (previous value: "0.0") at /nix/store/8y83na7h81fw5kr1msmjc7rvx329djp0-dotnet-sdk-8.0.300/sdk/8.0.300/Sdks/Microsoft.NET.Sdk/targets/Microsoft.NET.TargetFrameworkInference.targets (69,5)
       Property reassignment: $(DefaultItemExcludes)=";bin/Debug//**;obj/Debug//**" (previous value: ";bin/Debug//**") at /nix/store/8y83na7h81fw5kr1msmjc7rvx329djp0-dotnet-sdk-8.0.300/sdk/8.0.300/Sdks/Microsoft.NET.Sdk/targets/Microsoft.NET.DefaultOutputPaths.targets (122,5)
       Property reassignment: $(OutputPath)="bin/Debug/net8.0/" (previous value: "bin/Debug/") at /nix/store/8y83na7h81fw5kr1msmjc7rvx329djp0-dotnet-sdk-8.0.300/sdk/8.0.300/Sdks/Microsoft.NET.Sdk/targets/Microsoft.NET.DefaultOutputPaths.targets (137,5)
       Property reassignment: $(IntermediateOutputPath)="obj/Debug/net8.0/" (previous value: "obj/Debug/") at /nix/store/8y83na7h81fw5kr1msmjc7rvx329djp0-dotnet-sdk-8.0.300/sdk/8.0.300/Sdks/Microsoft.NET.Sdk/targets/Microsoft.NET.DefaultOutputPaths.targets (142,5)
       Assembly loaded during Evaluation: Microsoft.Build.Utilities.Core, Version=15.1.0.0, Culture=neutral, PublicKeyToken=b03f5f7f11d50a3a (location: /nix/store/8y83na7h81fw5kr1msmjc7rvx329djp0-dotnet-sdk-8.0.300/sdk/8.0.300/Microsoft.Build.Utilities.Core.dll, MVID: 84532266-19dd-42f6-80b7-de475da9a256, AssemblyLoadContext: Default)
       Property reassignment: $(_DebugSymbolsProduced)="true" (previous value: "false") at /nix/store/8y83na7h81fw5kr1msmjc7rvx329djp0-dotnet-sdk-8.0.300/sdk/8.0.300/Microsoft.Common.CurrentVersion.targets (175,5)
       Property reassignment: $(_DocumentationFileProduced)="false" (previous value: "true") at /nix/store/8y83na7h81fw5kr1msmjc7rvx329djp0-dotnet-sdk-8.0.300/sdk/8.0.300/Microsoft.Common.CurrentVersion.targets (185,5)
       Property reassignment: $(MSBuildCopyMarkerName)="PokerGam.BF7BC01E" (previous value: "PokerGame.Abstractions.csproj") at /nix/store/8y83na7h81fw5kr1msmjc7rvx329djp0-dotnet-sdk-8.0.300/sdk/8.0.300/Microsoft.Common.CurrentVersion.targets (392,5)
       Property reassignment: $(MSBuildCopyMarkerName)="PokerGam.BF7BC01E.Up2Date" (previous value: "PokerGam.BF7BC01E") at /nix/store/8y83na7h81fw5kr1msmjc7rvx329djp0-dotnet-sdk-8.0.300/sdk/8.0.300/Microsoft.Common.CurrentVersion.targets (393,5)
       Property reassignment: $(ProcessorArchitecture)="msil" (previous value: "") at /nix/store/8y83na7h81fw5kr1msmjc7rvx329djp0-dotnet-sdk-8.0.300/sdk/8.0.300/Microsoft.Common.CurrentVersion.targets (536,5)
       Property reassignment: $(DelaySign)="" (previous value: "false") at /nix/store/8y83na7h81fw5kr1msmjc7rvx329djp0-dotnet-sdk-8.0.300/sdk/8.0.300/Microsoft.Common.CurrentVersion.targets (575,5)
       Property 'LocalAppData' with value '/home/runner/workspace/.local/share' expanded from the environment.
       Property reassignment: $(_SGenGenerateSerializationAssembliesConfig)="Auto" (previous value: "") at /nix/store/8y83na7h81fw5kr1msmjc7rvx329djp0-dotnet-sdk-8.0.300/sdk/8.0.300/Microsoft.Common.CurrentVersion.targets (3880,5)
       Property reassignment: $(_SGenGenerateSerializationAssembliesConfig)="Off" (previous value: "Auto") at /nix/store/8y83na7h81fw5kr1msmjc7rvx329djp0-dotnet-sdk-8.0.300/sdk/8.0.300/Microsoft.Common.CurrentVersion.targets (3881,5)
       Property reassignment: $(_TargetsThatPrepareProjectReferences)="
             AssignProjectConfiguration;
             _SplitProjectReferencesByFileExistence
           " (previous value: "_SplitProjectReferencesByFileExistence") at /nix/store/8y83na7h81fw5kr1msmjc7rvx329djp0-dotnet-sdk-8.0.300/sdk/8.0.300/Microsoft.Common.CurrentVersion.targets (5048,5)
       Property 'MSBuildExtensionsPath32' with value '/nix/store/8y83na7h81fw5kr1msmjc7rvx329djp0-dotnet-sdk-8.0.300/sdk/8.0.300' expanded from the environment.
       Assembly loaded during Evaluation: System.Threading.Tasks.Parallel, Version=8.0.0.0, Culture=neutral, PublicKeyToken=b03f5f7f11d50a3a (location: /nix/store/8y83na7h81fw5kr1msmjc7rvx329djp0-dotnet-sdk-8.0.300/shared/Microsoft.NETCore.App/8.0.5/System.Threading.Tasks.Parallel.dll, MVID: b93e7adf-6281-45b1-9828-63f0af2bf141, AssemblyLoadContext: Default)
       Property reassignment: $(_FrameworkIdentifierForImplicitDefine)="NET" (previous value: "NETCOREAPP") at /nix/store/8y83na7h81fw5kr1msmjc7rvx329djp0-dotnet-sdk-8.0.300/sdk/8.0.300/Sdks/Microsoft.NET.Sdk/targets/Microsoft.NET.Sdk.BeforeCommon.targets (187,5)
       Property reassignment: $(_FrameworkVersionForImplicitDefine)="8_0" (previous value: "8.0") at /nix/store/8y83na7h81fw5kr1msmjc7rvx329djp0-dotnet-sdk-8.0.300/sdk/8.0.300/Sdks/Microsoft.NET.Sdk/targets/Microsoft.NET.Sdk.BeforeCommon.targets (192,5)
       Property reassignment: $(CommandLineArgsForDesignTimeEvaluation)="-langversion:12.0 -define:TRACE" (previous value: "-langversion:12.0") at /nix/store/8y83na7h81fw5kr1msmjc7rvx329djp0-dotnet-sdk-8.0.300/sdk/8.0.300/Roslyn/Microsoft.CSharp.Core.targets (200,5)
       Property reassignment: $(ProjectAssetsFile)="/home/runner/workspace/PokerGame.Abstractions/obj/project.assets.json" (previous value: "/home/runner/workspace/PokerGame.Abstractions/obj//project.assets.json") at /nix/store/8y83na7h81fw5kr1msmjc7rvx329djp0-dotnet-sdk-8.0.300/sdk/8.0.300/Sdks/Microsoft.NET.Sdk/targets/Microsoft.PackageDependencyResolution.targets (24,5)
       Property reassignment: $(ProjectAssetsCacheFile)="/home/runner/workspace/PokerGame.Abstractions/obj/Debug/net8.0/PokerGame.Abstractions.assets.cache" (previous value: "obj/Debug/net8.0/PokerGame.Abstractions.assets.cache") at /nix/store/8y83na7h81fw5kr1msmjc7rvx329djp0-dotnet-sdk-8.0.300/sdk/8.0.300/Sdks/Microsoft.NET.Sdk/targets/Microsoft.PackageDependencyResolution.targets (29,5)
       Property reassignment: $(ResolveAssemblyReferencesDependsOn)="
             
             ResolveProjectReferences;
             FindInvalidProjectReferences;
             GetFrameworkPaths;
             GetReferenceAssemblyPaths;
             PrepareForBuild;
             ResolveSDKReferences;
             ExpandSDKReferences;
           ;
             ResolvePackageDependenciesForBuild;
             _HandlePackageFileConflicts;
           " (previous value: "
             ResolveProjectReferences;
             FindInvalidProjectReferences;
             GetFrameworkPaths;
             GetReferenceAssemblyPaths;
             PrepareForBuild;
             ResolveSDKReferences;
             ExpandSDKReferences;
           ") at /nix/store/8y83na7h81fw5kr1msmjc7rvx329djp0-dotnet-sdk-8.0.300/sdk/8.0.300/Sdks/Microsoft.NET.Sdk/targets/Microsoft.PackageDependencyResolution.targets (80,5)
       Property reassignment: $(PrepareResourcesDependsOn)="
             ResolvePackageDependenciesForBuild;
             _HandlePackageFileConflicts;
             
             ;
             PrepareResourceNames;
             ResGen;
             CompileLicxFiles
           
           " (previous value: "
             ;
             PrepareResourceNames;
             ResGen;
             CompileLicxFiles
           ") at /nix/store/8y83na7h81fw5kr1msmjc7rvx329djp0-dotnet-sdk-8.0.300/sdk/8.0.300/Sdks/Microsoft.NET.Sdk/targets/Microsoft.PackageDependencyResolution.targets (86,5)
       Property reassignment: $(DefaultItemExcludes)=";bin/Debug//**;obj/Debug//**;bin//**" (previous value: ";bin/Debug//**;obj/Debug//**") at /nix/store/8y83na7h81fw5kr1msmjc7rvx329djp0-dotnet-sdk-8.0.300/sdk/8.0.300/Sdks/Microsoft.NET.Sdk/targets/Microsoft.NET.Sdk.DefaultItems.targets (27,5)
       Property reassignment: $(DefaultItemExcludes)=";bin/Debug//**;obj/Debug//**;bin//**;obj//**" (previous value: ";bin/Debug//**;obj/Debug//**;bin//**") at /nix/store/8y83na7h81fw5kr1msmjc7rvx329djp0-dotnet-sdk-8.0.300/sdk/8.0.300/Sdks/Microsoft.NET.Sdk/targets/Microsoft.NET.Sdk.DefaultItems.targets (29,5)
       Property reassignment: $(DefaultItemExcludes)=";bin/Debug//**;obj/Debug//**;bin//**;obj//**;**/*.user" (previous value: ";bin/Debug//**;obj/Debug//**;bin//**;obj//**") at /nix/store/8y83na7h81fw5kr1msmjc7rvx329djp0-dotnet-sdk-8.0.300/sdk/8.0.300/Sdks/Microsoft.NET.Sdk/targets/Microsoft.NET.Sdk.DefaultItems.targets (32,5)
       Property reassignment: $(DefaultItemExcludes)=";bin/Debug//**;obj/Debug//**;bin//**;obj//**;**/*.user;**/*.*proj" (previous value: ";bin/Debug//**;obj/Debug//**;bin//**;obj//**;**/*.user") at /nix/store/8y83na7h81fw5kr1msmjc7rvx329djp0-dotnet-sdk-8.0.300/sdk/8.0.300/Sdks/Microsoft.NET.Sdk/targets/Microsoft.NET.Sdk.DefaultItems.targets (33,5)
       Property reassignment: $(DefaultItemExcludes)=";bin/Debug//**;obj/Debug//**;bin//**;obj//**;**/*.user;**/*.*proj;**/*.sln" (previous value: ";bin/Debug//**;obj/Debug//**;bin//**;obj//**;**/*.user;**/*.*proj") at /nix/store/8y83na7h81fw5kr1msmjc7rvx329djp0-dotnet-sdk-8.0.300/sdk/8.0.300/Sdks/Microsoft.NET.Sdk/targets/Microsoft.NET.Sdk.DefaultItems.targets (34,5)
       Property reassignment: $(DefaultItemExcludes)=";bin/Debug//**;obj/Debug//**;bin//**;obj//**;**/*.user;**/*.*proj;**/*.sln;**/*.vssscc" (previous value: ";bin/Debug//**;obj/Debug//**;bin//**;obj//**;**/*.user;**/*.*proj;**/*.sln") at /nix/store/8y83na7h81fw5kr1msmjc7rvx329djp0-dotnet-sdk-8.0.300/sdk/8.0.300/Sdks/Microsoft.NET.Sdk/targets/Microsoft.NET.Sdk.DefaultItems.targets (35,5)
       Property reassignment: $(DefaultItemExcludes)=";bin/Debug//**;obj/Debug//**;bin//**;obj//**;**/*.user;**/*.*proj;**/*.sln;**/*.vssscc;**/.DS_Store" (previous value: ";bin/Debug//**;obj/Debug//**;bin//**;obj//**;**/*.user;**/*.*proj;**/*.sln;**/*.vssscc") at /nix/store/8y83na7h81fw5kr1msmjc7rvx329djp0-dotnet-sdk-8.0.300/sdk/8.0.300/Sdks/Microsoft.NET.Sdk/targets/Microsoft.NET.Sdk.DefaultItems.targets (36,5)
       Property reassignment: $(ResolveAssemblyReferencesDependsOn)="
             
             
             ResolveProjectReferences;
             FindInvalidProjectReferences;
             GetFrameworkPaths;
             GetReferenceAssemblyPaths;
             PrepareForBuild;
             ResolveSDKReferences;
             ExpandSDKReferences;
           ;
             ResolvePackageDependenciesForBuild;
             _HandlePackageFileConflicts;
           ;
             ResolveTargetingPackAssets;
           " (previous value: "
             
             ResolveProjectReferences;
             FindInvalidProjectReferences;
             GetFrameworkPaths;
             GetReferenceAssemblyPaths;
             PrepareForBuild;
             ResolveSDKReferences;
             ExpandSDKReferences;
           ;
             ResolvePackageDependenciesForBuild;
             _HandlePackageFileConflicts;
           ") at /nix/store/8y83na7h81fw5kr1msmjc7rvx329djp0-dotnet-sdk-8.0.300/sdk/8.0.300/Sdks/Microsoft.NET.Sdk/targets/Microsoft.NET.Sdk.FrameworkReferenceResolution.targets (14,5)
       Property reassignment: $(_GenerateRuntimeConfigurationPropertyInputsCache)="/home/runner/workspace/PokerGame.Abstractions/obj/Debug/net8.0/PokerGame.Abstractions.genruntimeconfig.cache" (previous value: "obj/Debug/net8.0/PokerGame.Abstractions.genruntimeconfig.cache") at /nix/store/8y83na7h81fw5kr1msmjc7rvx329djp0-dotnet-sdk-8.0.300/sdk/8.0.300/Sdks/Microsoft.NET.Sdk/targets/Microsoft.NET.Sdk.targets (44,5)
       Assembly loaded during Evaluation: Microsoft.Build.Utilities.Core, Version=15.1.0.0, Culture=neutral, PublicKeyToken=b03f5f7f11d50a3a (location: /nix/store/8y83na7h81fw5kr1msmjc7rvx329djp0-dotnet-sdk-8.0.300/sdk/8.0.300/Microsoft.Build.Utilities.Core.dll, MVID: 84532266-19dd-42f6-80b7-de475da9a256, AssemblyLoadContext: Default)
       Property reassignment: $(_GeneratePublishDependencyFilePropertyInputsCache)="/home/runner/workspace/PokerGame.Abstractions/obj/Debug/net8.0/PokerGame.Abstractions.genpublishdeps.cache" (previous value: "obj/Debug/net8.0/PokerGame.Abstractions.genpublishdeps.cache") at /nix/store/8y83na7h81fw5kr1msmjc7rvx329djp0-dotnet-sdk-8.0.300/sdk/8.0.300/Sdks/Microsoft.NET.Sdk/targets/Microsoft.NET.Sdk.targets (46,5)
       Property reassignment: $(_GenerateSingleFileBundlePropertyInputsCache)="/home/runner/workspace/PokerGame.Abstractions/obj/Debug/net8.0/PokerGame.Abstractions.genbundle.cache" (previous value: "obj/Debug/net8.0/PokerGame.Abstractions.genbundle.cache") at /nix/store/8y83na7h81fw5kr1msmjc7rvx329djp0-dotnet-sdk-8.0.300/sdk/8.0.300/Sdks/Microsoft.NET.Sdk/targets/Microsoft.NET.Sdk.targets (48,5)
       Property reassignment: $(_DebugSymbolsProduced)="true" (previous value: "false") at /nix/store/8y83na7h81fw5kr1msmjc7rvx329djp0-dotnet-sdk-8.0.300/sdk/8.0.300/Microsoft.Common.CurrentVersion.targets (175,5)
       Property reassignment: $(_DocumentationFileProduced)="false" (previous value: "true") at /nix/store/8y83na7h81fw5kr1msmjc7rvx329djp0-dotnet-sdk-8.0.300/sdk/8.0.300/Microsoft.Common.CurrentVersion.targets (185,5)
       Property reassignment: $(GenerateRuntimeConfigDevFile)="false" (previous value: "true") at /nix/store/8y83na7h81fw5kr1msmjc7rvx329djp0-dotnet-sdk-8.0.300/sdk/8.0.300/Sdks/Microsoft.NET.Sdk/targets/Microsoft.NET.Sdk.targets (81,5)
       Property 'HOME' with value '/home/runner' expanded from the environment.
       Property reassignment: $(_DefaultUserProfileRuntimeStorePath)="/home/runner/.dotnet/store" (previous value: "/home/runner") at /nix/store/8y83na7h81fw5kr1msmjc7rvx329djp0-dotnet-sdk-8.0.300/sdk/8.0.300/Sdks/Microsoft.NET.Sdk/targets/Microsoft.NET.Sdk.targets (98,5)
       Property reassignment: $(MSBuildCopyMarkerName)="MSA.Foun.97819077" (previous value: "MSA.Foundation.csproj") at /nix/store/8y83na7h81fw5kr1msmjc7rvx329djp0-dotnet-sdk-8.0.300/sdk/8.0.300/Microsoft.Common.CurrentVersion.targets (392,5)
       Property reassignment: $(AvailablePlatforms)="Any CPU,x86,x64,ARM32" (previous value: "Any CPU,x86,x64") at /nix/store/8y83na7h81fw5kr1msmjc7rvx329djp0-dotnet-sdk-8.0.300/sdk/8.0.300/Sdks/Microsoft.NET.Sdk/targets/Microsoft.NET.Sdk.targets (136,5)
       Property reassignment: $(AvailablePlatforms)="Any CPU,x86,x64,ARM32,ARM64" (previous value: "Any CPU,x86,x64,ARM32") at /nix/store/8y83na7h81fw5kr1msmjc7rvx329djp0-dotnet-sdk-8.0.300/sdk/8.0.300/Sdks/Microsoft.NET.Sdk/targets/Microsoft.NET.Sdk.targets (140,5)
       Property reassignment: $(CoreBuildDependsOn)="
             _CheckForBuildWithNoBuild;
             
             BuildOnlySettings;
             PrepareForBuild;
             PreBuildEvent;
             ResolveReferences;
             PrepareResources;
             ResolveKeySource;
             Compile;
             ExportWindowsMDFile;
             UnmanagedUnregistration;
             GenerateSerializationAssemblies;
             CreateSatelliteAssemblies;
             GenerateManifests;
             GetTargetPath;
             PrepareForRun;
             UnmanagedRegistration;
             IncrementalClean;
             PostBuildEvent
           ;
             GenerateBuildDependencyFile;
             GenerateBuildRuntimeConfigurationFiles
           " (previous value: "
             BuildOnlySettings;
             PrepareForBuild;
             PreBuildEvent;
             ResolveReferences;
             PrepareResources;
             ResolveKeySource;
             Compile;
             ExportWindowsMDFile;
             UnmanagedUnregistration;
             GenerateSerializationAssemblies;
             CreateSatelliteAssemblies;
             GenerateManifests;
             GetTargetPath;
             PrepareForRun;
             UnmanagedRegistration;
             IncrementalClean;
             PostBuildEvent
           ") at /nix/store/8y83na7h81fw5kr1msmjc7rvx329djp0-dotnet-sdk-8.0.300/sdk/8.0.300/Sdks/Microsoft.NET.Sdk/targets/Microsoft.NET.Sdk.targets (197,5)
       Property reassignment: $(CoreCleanDependsOn)="
             _SdkBeforeClean;
             
           " (previous value: "") at /nix/store/8y83na7h81fw5kr1msmjc7rvx329djp0-dotnet-sdk-8.0.300/sdk/8.0.300/Sdks/Microsoft.NET.Sdk/targets/Microsoft.NET.Sdk.targets (206,5)
       Property reassignment: $(RebuildDependsOn)="
             _SdkBeforeRebuild;
             
             BeforeRebuild;
             Clean;
             Build;
             AfterRebuild;
           
           " (previous value: "
             BeforeRebuild;
             Clean;
             Build;
             AfterRebuild;
           ") at /nix/store/8y83na7h81fw5kr1msmjc7rvx329djp0-dotnet-sdk-8.0.300/sdk/8.0.300/Sdks/Microsoft.NET.Sdk/targets/Microsoft.NET.Sdk.targets (213,5)
       Property reassignment: $(CompileDependsOn)="
             
             ResolveReferences;
             ResolveKeySource;
             SetWin32ManifestProperties;
             FindReferenceAssembliesForReferences;
             _GenerateCompileInputs;
             BeforeCompile;
             _TimeStampBeforeCompile;
             _GenerateCompileDependencyCache;
             CoreCompile;
             _TimeStampAfterCompile;
             AfterCompile;
           ;
             _CreateAppHost;
             _CreateComHost;
             _GetIjwHostPaths;
           " (previous value: "
             ResolveReferences;
             ResolveKeySource;
             SetWin32ManifestProperties;
             FindReferenceAssembliesForReferences;
             _GenerateCompileInputs;
             BeforeCompile;
             _TimeStampBeforeCompile;
             _GenerateCompileDependencyCache;
             CoreCompile;
             _TimeStampAfterCompile;
             AfterCompile;
           ") at /nix/store/8y83na7h81fw5kr1msmjc7rvx329djp0-dotnet-sdk-8.0.300/sdk/8.0.300/Sdks/Microsoft.NET.Sdk/targets/Microsoft.NET.Sdk.targets (679,5)
       Property reassignment: $(CreateSatelliteAssembliesDependsOn)="
             
             ;
             _GenerateSatelliteAssemblyInputs;
             ComputeIntermediateSatelliteAssemblies;
             GenerateSatelliteAssemblies
           ;
             CoreGenerateSatelliteAssemblies
           " (previous value: "
             ;
             _GenerateSatelliteAssemblyInputs;
             ComputeIntermediateSatelliteAssemblies;
             GenerateSatelliteAssemblies
           ") at /nix/store/8y83na7h81fw5kr1msmjc7rvx329djp0-dotnet-sdk-8.0.300/sdk/8.0.300/Sdks/Microsoft.NET.Sdk/targets/Microsoft.NET.Sdk.targets (1065,5)
       Property reassignment: $(MSBuildCopyMarkerName)="MSA.Foun.97819077.Up2Date" (previous value: "MSA.Foun.97819077") at /nix/store/8y83na7h81fw5kr1msmjc7rvx329djp0-dotnet-sdk-8.0.300/sdk/8.0.300/Microsoft.Common.CurrentVersion.targets (393,5)
       Property reassignment: $(SourceLinkUrlInitializerTargets)=";_InitializeGitHubSourceLinkUrl;_InitializeGitLabSourceLinkUrl" (previous value: ";_InitializeGitHubSourceLinkUrl") at /nix/store/8y83na7h81fw5kr1msmjc7rvx329djp0-dotnet-sdk-8.0.300/sdk/8.0.300/Sdks/Microsoft.SourceLink.GitLab/build/Microsoft.SourceLink.GitLab.targets (12,5)
       Property reassignment: $(SourceControlManagerUrlTranslationTargets)=";TranslateGitHubUrlsInSourceControlInformation;TranslateGitLabUrlsInSourceControlInformation" (previous value: ";TranslateGitHubUrlsInSourceControlInformation") at /nix/store/8y83na7h81fw5kr1msmjc7rvx329djp0-dotnet-sdk-8.0.300/sdk/8.0.300/Sdks/Microsoft.SourceLink.GitLab/build/Microsoft.SourceLink.GitLab.targets (13,5)
       Property reassignment: $(ProcessorArchitecture)="msil" (previous value: "") at /nix/store/8y83na7h81fw5kr1msmjc7rvx329djp0-dotnet-sdk-8.0.300/sdk/8.0.300/Microsoft.Common.CurrentVersion.targets (536,5)
       Property reassignment: $(SourceLinkUrlInitializerTargets)=";_InitializeGitHubSourceLinkUrl;_InitializeGitLabSourceLinkUrl;_InitializeAzureReposGitSourceLinkUrl" (previous value: ";_InitializeGitHubSourceLinkUrl;_InitializeGitLabSourceLinkUrl") at /nix/store/8y83na7h81fw5kr1msmjc7rvx329djp0-dotnet-sdk-8.0.300/sdk/8.0.300/Sdks/Microsoft.SourceLink.AzureRepos.Git/build/Microsoft.SourceLink.AzureRepos.Git.targets (12,5)
       Property reassignment: $(SourceControlManagerUrlTranslationTargets)=";TranslateGitHubUrlsInSourceControlInformation;TranslateGitLabUrlsInSourceControlInformation;TranslateAzureReposGitUrlsInSourceControlInformation" (previous value: ";TranslateGitHubUrlsInSourceControlInformation;TranslateGitLabUrlsInSourceControlInformation") at /nix/store/8y83na7h81fw5kr1msmjc7rvx329djp0-dotnet-sdk-8.0.300/sdk/8.0.300/Sdks/Microsoft.SourceLink.AzureRepos.Git/build/Microsoft.SourceLink.AzureRepos.Git.targets (13,5)
       Property reassignment: $(SourceLinkUrlInitializerTargets)=";_InitializeGitHubSourceLinkUrl;_InitializeGitLabSourceLinkUrl;_InitializeAzureReposGitSourceLinkUrl;_InitializeBitbucketGitSourceLinkUrl" (previous value: ";_InitializeGitHubSourceLinkUrl;_InitializeGitLabSourceLinkUrl;_InitializeAzureReposGitSourceLinkUrl") at /nix/store/8y83na7h81fw5kr1msmjc7rvx329djp0-dotnet-sdk-8.0.300/sdk/8.0.300/Sdks/Microsoft.SourceLink.Bitbucket.Git/build/Microsoft.SourceLink.Bitbucket.Git.targets (12,5)
       Property reassignment: $(SourceControlManagerUrlTranslationTargets)=";TranslateGitHubUrlsInSourceControlInformation;TranslateGitLabUrlsInSourceControlInformation;TranslateAzureReposGitUrlsInSourceControlInformation;TranslateBitbucketGitUrlsInSourceControlInformation" (previous value: ";TranslateGitHubUrlsInSourceControlInformation;TranslateGitLabUrlsInSourceControlInformation;TranslateAzureReposGitUrlsInSourceControlInformation") at /nix/store/8y83na7h81fw5kr1msmjc7rvx329djp0-dotnet-sdk-8.0.300/sdk/8.0.300/Sdks/Microsoft.SourceLink.Bitbucket.Git/build/Microsoft.SourceLink.Bitbucket.Git.targets (13,5)
       Property reassignment: $(DesignerRuntimeImplementationProjectOutputGroupDependsOn)="
             
             ;
             
             ;
             BuildOnlySettings;
             PrepareForBuild;
             AssignTargetPaths;
             ResolveReferences
           
           ;
             _GenerateDesignerDepsFile;
             _GenerateDesignerRuntimeConfigFile;
             GetCopyToOutputDirectoryItems;
             _GatherDesignerShadowCopyFiles;
           " (previous value: "
             ;
             
             ;
             BuildOnlySettings;
             PrepareForBuild;
             AssignTargetPaths;
             ResolveReferences
           
           ") at /nix/store/8y83na7h81fw5kr1msmjc7rvx329djp0-dotnet-sdk-8.0.300/sdk/8.0.300/Sdks/Microsoft.NET.Sdk/targets/Microsoft.NET.DesignerSupport.targets (21,5)
       Property reassignment: $(DelaySign)="" (previous value: "false") at /nix/store/8y83na7h81fw5kr1msmjc7rvx329djp0-dotnet-sdk-8.0.300/sdk/8.0.300/Microsoft.Common.CurrentVersion.targets (575,5)
       Property 'LocalAppData' with value '/home/runner/workspace/.local/share' expanded from the environment.
       Property reassignment: $(_SGenGenerateSerializationAssembliesConfig)="Auto" (previous value: "") at /nix/store/8y83na7h81fw5kr1msmjc7rvx329djp0-dotnet-sdk-8.0.300/sdk/8.0.300/Microsoft.Common.CurrentVersion.targets (3880,5)
       Property reassignment: $(_SGenGenerateSerializationAssembliesConfig)="Off" (previous value: "Auto") at /nix/store/8y83na7h81fw5kr1msmjc7rvx329djp0-dotnet-sdk-8.0.300/sdk/8.0.300/Microsoft.Common.CurrentVersion.targets (3881,5)
       Property reassignment: $(_TargetsThatPrepareProjectReferences)="
             AssignProjectConfiguration;
             _SplitProjectReferencesByFileExistence
           " (previous value: "_SplitProjectReferencesByFileExistence") at /nix/store/8y83na7h81fw5kr1msmjc7rvx329djp0-dotnet-sdk-8.0.300/sdk/8.0.300/Microsoft.Common.CurrentVersion.targets (5048,5)
       Property 'MSBuildExtensionsPath32' with value '/nix/store/8y83na7h81fw5kr1msmjc7rvx329djp0-dotnet-sdk-8.0.300/sdk/8.0.300' expanded from the environment.
       Assembly loaded during Evaluation: System.Threading.Tasks.Parallel, Version=8.0.0.0, Culture=neutral, PublicKeyToken=b03f5f7f11d50a3a (location: /nix/store/8y83na7h81fw5kr1msmjc7rvx329djp0-dotnet-sdk-8.0.300/shared/Microsoft.NETCore.App/8.0.5/System.Threading.Tasks.Parallel.dll, MVID: b93e7adf-6281-45b1-9828-63f0af2bf141, AssemblyLoadContext: Default)
       Property reassignment: $(_GenerateToolsSettingsFileCacheFile)="/home/runner/workspace/PokerGame.Abstractions/obj/Debug/net8.0/PokerGame.Abstractions.toolssettingsinput.cache" (previous value: "obj/Debug/net8.0/PokerGame.Abstractions.toolssettingsinput.cache") at /nix/store/8y83na7h81fw5kr1msmjc7rvx329djp0-dotnet-sdk-8.0.300/sdk/8.0.300/Sdks/Microsoft.NET.Sdk/targets/Microsoft.NET.PackTool.targets (68,5)
       Property reassignment: $(_ShimInputCacheFile)="/home/runner/workspace/PokerGame.Abstractions/obj/Debug/net8.0/PokerGame.Abstractions.shiminput.cache" (previous value: "obj/Debug/net8.0/PokerGame.Abstractions.shiminput.cache") at /nix/store/8y83na7h81fw5kr1msmjc7rvx329djp0-dotnet-sdk-8.0.300/sdk/8.0.300/Sdks/Microsoft.NET.Sdk/targets/Microsoft.NET.PackTool.targets (137,5)
       Property reassignment: $(_ShimCreatedSentinelFile)="/home/runner/workspace/PokerGame.Abstractions/obj/Debug/net8.0/PokerGame.Abstractions.shimcreated.sentinel" (previous value: "obj/Debug/net8.0/PokerGame.Abstractions.shimcreated.sentinel") at /nix/store/8y83na7h81fw5kr1msmjc7rvx329djp0-dotnet-sdk-8.0.300/sdk/8.0.300/Sdks/Microsoft.NET.Sdk/targets/Microsoft.NET.PackTool.targets (139,5)
       Property reassignment: $(ProjectAssetsFile)="/home/runner/workspace/MSA.Foundation/obj/project.assets.json" (previous value: "/home/runner/workspace/MSA.Foundation/obj//project.assets.json") at /nix/store/8y83na7h81fw5kr1msmjc7rvx329djp0-dotnet-sdk-8.0.300/sdk/8.0.300/Sdks/Microsoft.NET.Sdk/targets/Microsoft.PackageDependencyResolution.targets (24,5)
       Property reassignment: $(DefineConstants)="TRACE;DEBUG" (previous value: "TRACE") at /nix/store/8y83na7h81fw5kr1msmjc7rvx329djp0-dotnet-sdk-8.0.300/sdk/8.0.300/Sdks/Microsoft.NET.Sdk/targets/Microsoft.NET.Sdk.CSharp.targets (31,5)
       Property reassignment: $(DefineConstants)="TRACE;DEBUG;NET;NET8_0;NETCOREAPP" (previous value: "TRACE;DEBUG") at /nix/store/8y83na7h81fw5kr1msmjc7rvx329djp0-dotnet-sdk-8.0.300/sdk/8.0.300/Sdks/Microsoft.NET.Sdk/targets/Microsoft.NET.Sdk.CSharp.targets (34,5)
       Property reassignment: $(ProjectAssetsCacheFile)="/home/runner/workspace/MSA.Foundation/obj/Debug/net8.0/MSA.Foundation.assets.cache" (previous value: "obj/Debug/net8.0/MSA.Foundation.assets.cache") at /nix/store/8y83na7h81fw5kr1msmjc7rvx329djp0-dotnet-sdk-8.0.300/sdk/8.0.300/Sdks/Microsoft.NET.Sdk/targets/Microsoft.PackageDependencyResolution.targets (29,5)
       Property reassignment: $(ResolveAssemblyReferencesDependsOn)="
             
             ResolveProjectReferences;
             FindInvalidProjectReferences;
             GetFrameworkPaths;
             GetReferenceAssemblyPaths;
             PrepareForBuild;
             ResolveSDKReferences;
             ExpandSDKReferences;
           ;
             ResolvePackageDependenciesForBuild;
             _HandlePackageFileConflicts;
           " (previous value: "
             ResolveProjectReferences;
             FindInvalidProjectReferences;
             GetFrameworkPaths;
             GetReferenceAssemblyPaths;
             PrepareForBuild;
             ResolveSDKReferences;
             ExpandSDKReferences;
           ") at /nix/store/8y83na7h81fw5kr1msmjc7rvx329djp0-dotnet-sdk-8.0.300/sdk/8.0.300/Sdks/Microsoft.NET.Sdk/targets/Microsoft.PackageDependencyResolution.targets (80,5)
       Property reassignment: $(PrepareResourcesDependsOn)="
             ResolvePackageDependenciesForBuild;
             _HandlePackageFileConflicts;
             
             ;
             PrepareResourceNames;
             ResGen;
             CompileLicxFiles
           
           " (previous value: "
             ;
             PrepareResourceNames;
             ResGen;
             CompileLicxFiles
           ") at /nix/store/8y83na7h81fw5kr1msmjc7rvx329djp0-dotnet-sdk-8.0.300/sdk/8.0.300/Sdks/Microsoft.NET.Sdk/targets/Microsoft.PackageDependencyResolution.targets (86,5)
       Property reassignment: $(DefaultItemExcludes)=";bin/Debug//**;obj/Debug//**;bin//**" (previous value: ";bin/Debug//**;obj/Debug//**") at /nix/store/8y83na7h81fw5kr1msmjc7rvx329djp0-dotnet-sdk-8.0.300/sdk/8.0.300/Sdks/Microsoft.NET.Sdk/targets/Microsoft.NET.Sdk.DefaultItems.targets (27,5)
       Property reassignment: $(WarningsAsErrors)=";NU1605;SYSLIB0011" (previous value: ";NU1605") at /nix/store/8y83na7h81fw5kr1msmjc7rvx329djp0-dotnet-sdk-8.0.300/sdk/8.0.300/Sdks/Microsoft.NET.Sdk/targets/Microsoft.NET.Sdk.CSharp.targets (48,5)
       Property reassignment: $(DefaultItemExcludes)=";bin/Debug//**;obj/Debug//**;bin//**;obj//**" (previous value: ";bin/Debug//**;obj/Debug//**;bin//**") at /nix/store/8y83na7h81fw5kr1msmjc7rvx329djp0-dotnet-sdk-8.0.300/sdk/8.0.300/Sdks/Microsoft.NET.Sdk/targets/Microsoft.NET.Sdk.DefaultItems.targets (29,5)
       Property reassignment: $(DefaultItemExcludes)=";bin/Debug//**;obj/Debug//**;bin//**;obj//**;**/*.user" (previous value: ";bin/Debug//**;obj/Debug//**;bin//**;obj//**") at /nix/store/8y83na7h81fw5kr1msmjc7rvx329djp0-dotnet-sdk-8.0.300/sdk/8.0.300/Sdks/Microsoft.NET.Sdk/targets/Microsoft.NET.Sdk.DefaultItems.targets (32,5)
       Property reassignment: $(DefaultItemExcludes)=";bin/Debug//**;obj/Debug//**;bin//**;obj//**;**/*.user;**/*.*proj" (previous value: ";bin/Debug//**;obj/Debug//**;bin//**;obj//**;**/*.user") at /nix/store/8y83na7h81fw5kr1msmjc7rvx329djp0-dotnet-sdk-8.0.300/sdk/8.0.300/Sdks/Microsoft.NET.Sdk/targets/Microsoft.NET.Sdk.DefaultItems.targets (33,5)
       Property reassignment: $(DefaultItemExcludes)=";bin/Debug//**;obj/Debug//**;bin//**;obj//**;**/*.user;**/*.*proj;**/*.sln" (previous value: ";bin/Debug//**;obj/Debug//**;bin//**;obj//**;**/*.user;**/*.*proj") at /nix/store/8y83na7h81fw5kr1msmjc7rvx329djp0-dotnet-sdk-8.0.300/sdk/8.0.300/Sdks/Microsoft.NET.Sdk/targets/Microsoft.NET.Sdk.DefaultItems.targets (34,5)
       Property reassignment: $(GenerateNuspecDependsOn)="Build;_LoadPackInputItems; _GetTargetFrameworksOutput; _WalkEachTargetPerFramework; _GetPackageFiles; " (previous value: "_LoadPackInputItems; _GetTargetFrameworksOutput; _WalkEachTargetPerFramework; _GetPackageFiles; ") at /nix/store/8y83na7h81fw5kr1msmjc7rvx329djp0-dotnet-sdk-8.0.300/sdk/8.0.300/Sdks/NuGet.Build.Tasks.Pack/build/NuGet.Build.Tasks.Pack.targets (59,5)
       Property reassignment: $(DefaultItemExcludes)=";bin/Debug//**;obj/Debug//**;bin//**;obj//**;**/*.user;**/*.*proj;**/*.sln;**/*.vssscc" (previous value: ";bin/Debug//**;obj/Debug//**;bin//**;obj//**;**/*.user;**/*.*proj;**/*.sln") at /nix/store/8y83na7h81fw5kr1msmjc7rvx329djp0-dotnet-sdk-8.0.300/sdk/8.0.300/Sdks/Microsoft.NET.Sdk/targets/Microsoft.NET.Sdk.DefaultItems.targets (35,5)
       Property reassignment: $(DefaultItemExcludes)=";bin/Debug//**;obj/Debug//**;bin//**;obj//**;**/*.user;**/*.*proj;**/*.sln;**/*.vssscc;**/.DS_Store" (previous value: ";bin/Debug//**;obj/Debug//**;bin//**;obj//**;**/*.user;**/*.*proj;**/*.sln;**/*.vssscc") at /nix/store/8y83na7h81fw5kr1msmjc7rvx329djp0-dotnet-sdk-8.0.300/sdk/8.0.300/Sdks/Microsoft.NET.Sdk/targets/Microsoft.NET.Sdk.DefaultItems.targets (36,5)
       Property reassignment: $(ResolveAssemblyReferencesDependsOn)="
             
             
             ResolveProjectReferences;
             FindInvalidProjectReferences;
             GetFrameworkPaths;
             GetReferenceAssemblyPaths;
             PrepareForBuild;
             ResolveSDKReferences;
             ExpandSDKReferences;
           ;
             ResolvePackageDependenciesForBuild;
             _HandlePackageFileConflicts;
           ;
             ResolveTargetingPackAssets;
           " (previous value: "
             
             ResolveProjectReferences;
             FindInvalidProjectReferences;
             GetFrameworkPaths;
             GetReferenceAssemblyPaths;
             PrepareForBuild;
             ResolveSDKReferences;
             ExpandSDKReferences;
           ;
             ResolvePackageDependenciesForBuild;
             _HandlePackageFileConflicts;
           ") at /nix/store/8y83na7h81fw5kr1msmjc7rvx329djp0-dotnet-sdk-8.0.300/sdk/8.0.300/Sdks/Microsoft.NET.Sdk/targets/Microsoft.NET.Sdk.FrameworkReferenceResolution.targets (14,5)
       Property reassignment: $(_GenerateRuntimeConfigurationPropertyInputsCache)="/home/runner/workspace/MSA.Foundation/obj/Debug/net8.0/MSA.Foundation.genruntimeconfig.cache" (previous value: "obj/Debug/net8.0/MSA.Foundation.genruntimeconfig.cache") at /nix/store/8y83na7h81fw5kr1msmjc7rvx329djp0-dotnet-sdk-8.0.300/sdk/8.0.300/Sdks/Microsoft.NET.Sdk/targets/Microsoft.NET.Sdk.targets (44,5)
       Property reassignment: $(_IsSDKContainerAllowedVersion)="true" (previous value: "false") at /nix/store/8y83na7h81fw5kr1msmjc7rvx329djp0-dotnet-sdk-8.0.300/sdk/8.0.300/Containers/build/Microsoft.NET.Build.Containers.targets (5,5)
       Property reassignment: $(_ContainerIsTargetingNet8TFM)="true" (previous value: "false") at /nix/store/8y83na7h81fw5kr1msmjc7rvx329djp0-dotnet-sdk-8.0.300/sdk/8.0.300/Containers/build/Microsoft.NET.Build.Containers.targets (15,5)
       Property reassignment: $(_GeneratePublishDependencyFilePropertyInputsCache)="/home/runner/workspace/MSA.Foundation/obj/Debug/net8.0/MSA.Foundation.genpublishdeps.cache" (previous value: "obj/Debug/net8.0/MSA.Foundation.genpublishdeps.cache") at /nix/store/8y83na7h81fw5kr1msmjc7rvx329djp0-dotnet-sdk-8.0.300/sdk/8.0.300/Sdks/Microsoft.NET.Sdk/targets/Microsoft.NET.Sdk.targets (46,5)
       Property reassignment: $(_GenerateSingleFileBundlePropertyInputsCache)="/home/runner/workspace/MSA.Foundation/obj/Debug/net8.0/MSA.Foundation.genbundle.cache" (previous value: "obj/Debug/net8.0/MSA.Foundation.genbundle.cache") at /nix/store/8y83na7h81fw5kr1msmjc7rvx329djp0-dotnet-sdk-8.0.300/sdk/8.0.300/Sdks/Microsoft.NET.Sdk/targets/Microsoft.NET.Sdk.targets (48,5)
       Property reassignment: $(GenerateRuntimeConfigDevFile)="false" (previous value: "true") at /nix/store/8y83na7h81fw5kr1msmjc7rvx329djp0-dotnet-sdk-8.0.300/sdk/8.0.300/Sdks/Microsoft.NET.Sdk/targets/Microsoft.NET.Sdk.targets (81,5)
       Property 'HOME' with value '/home/runner' expanded from the environment.
       Property reassignment: $(_DefaultUserProfileRuntimeStorePath)="/home/runner/.dotnet/store" (previous value: "/home/runner") at /nix/store/8y83na7h81fw5kr1msmjc7rvx329djp0-dotnet-sdk-8.0.300/sdk/8.0.300/Sdks/Microsoft.NET.Sdk/targets/Microsoft.NET.Sdk.targets (98,5)
       Property reassignment: $(AvailablePlatforms)="Any CPU,x86,x64,ARM32" (previous value: "Any CPU,x86,x64") at /nix/store/8y83na7h81fw5kr1msmjc7rvx329djp0-dotnet-sdk-8.0.300/sdk/8.0.300/Sdks/Microsoft.NET.Sdk/targets/Microsoft.NET.Sdk.targets (136,5)
       Property reassignment: $(AvailablePlatforms)="Any CPU,x86,x64,ARM32,ARM64" (previous value: "Any CPU,x86,x64,ARM32") at /nix/store/8y83na7h81fw5kr1msmjc7rvx329djp0-dotnet-sdk-8.0.300/sdk/8.0.300/Sdks/Microsoft.NET.Sdk/targets/Microsoft.NET.Sdk.targets (140,5)
       Property reassignment: $(CoreBuildDependsOn)="
             _CheckForBuildWithNoBuild;
             
             BuildOnlySettings;
             PrepareForBuild;
             PreBuildEvent;
             ResolveReferences;
             PrepareResources;
             ResolveKeySource;
             Compile;
             ExportWindowsMDFile;
             UnmanagedUnregistration;
             GenerateSerializationAssemblies;
             CreateSatelliteAssemblies;
             GenerateManifests;
             GetTargetPath;
             PrepareForRun;
             UnmanagedRegistration;
             IncrementalClean;
             PostBuildEvent
           ;
             GenerateBuildDependencyFile;
             GenerateBuildRuntimeConfigurationFiles
           " (previous value: "
             BuildOnlySettings;
             PrepareForBuild;
             PreBuildEvent;
             ResolveReferences;
             PrepareResources;
             ResolveKeySource;
             Compile;
             ExportWindowsMDFile;
             UnmanagedUnregistration;
             GenerateSerializationAssemblies;
             CreateSatelliteAssemblies;
             GenerateManifests;
             GetTargetPath;
             PrepareForRun;
             UnmanagedRegistration;
             IncrementalClean;
             PostBuildEvent
           ") at /nix/store/8y83na7h81fw5kr1msmjc7rvx329djp0-dotnet-sdk-8.0.300/sdk/8.0.300/Sdks/Microsoft.NET.Sdk/targets/Microsoft.NET.Sdk.targets (197,5)
       Property reassignment: $(CoreCleanDependsOn)="
             _SdkBeforeClean;
             
           " (previous value: "") at /nix/store/8y83na7h81fw5kr1msmjc7rvx329djp0-dotnet-sdk-8.0.300/sdk/8.0.300/Sdks/Microsoft.NET.Sdk/targets/Microsoft.NET.Sdk.targets (206,5)
       Property reassignment: $(RebuildDependsOn)="
             _SdkBeforeRebuild;
             
             BeforeRebuild;
             Clean;
             Build;
             AfterRebuild;
           
           " (previous value: "
             BeforeRebuild;
             Clean;
             Build;
             AfterRebuild;
           ") at /nix/store/8y83na7h81fw5kr1msmjc7rvx329djp0-dotnet-sdk-8.0.300/sdk/8.0.300/Sdks/Microsoft.NET.Sdk/targets/Microsoft.NET.Sdk.targets (213,5)
       Property reassignment: $(CompileDependsOn)="
             
             ResolveReferences;
             ResolveKeySource;
             SetWin32ManifestProperties;
             FindReferenceAssembliesForReferences;
             _GenerateCompileInputs;
             BeforeCompile;
             _TimeStampBeforeCompile;
             _GenerateCompileDependencyCache;
             CoreCompile;
             _TimeStampAfterCompile;
             AfterCompile;
           ;
             _CreateAppHost;
             _CreateComHost;
             _GetIjwHostPaths;
           " (previous value: "
             ResolveReferences;
             ResolveKeySource;
             SetWin32ManifestProperties;
             FindReferenceAssembliesForReferences;
             _GenerateCompileInputs;
             BeforeCompile;
             _TimeStampBeforeCompile;
             _GenerateCompileDependencyCache;
             CoreCompile;
             _TimeStampAfterCompile;
             AfterCompile;
           ") at /nix/store/8y83na7h81fw5kr1msmjc7rvx329djp0-dotnet-sdk-8.0.300/sdk/8.0.300/Sdks/Microsoft.NET.Sdk/targets/Microsoft.NET.Sdk.targets (679,5)
       Property reassignment: $(CreateSatelliteAssembliesDependsOn)="
             
             ;
             _GenerateSatelliteAssemblyInputs;
             ComputeIntermediateSatelliteAssemblies;
             GenerateSatelliteAssemblies
           ;
             CoreGenerateSatelliteAssemblies
           " (previous value: "
             ;
             _GenerateSatelliteAssemblyInputs;
             ComputeIntermediateSatelliteAssemblies;
             GenerateSatelliteAssemblies
           ") at /nix/store/8y83na7h81fw5kr1msmjc7rvx329djp0-dotnet-sdk-8.0.300/sdk/8.0.300/Sdks/Microsoft.NET.Sdk/targets/Microsoft.NET.Sdk.targets (1065,5)
       Property reassignment: $(SourceLinkUrlInitializerTargets)=";_InitializeGitHubSourceLinkUrl;_InitializeGitLabSourceLinkUrl" (previous value: ";_InitializeGitHubSourceLinkUrl") at /nix/store/8y83na7h81fw5kr1msmjc7rvx329djp0-dotnet-sdk-8.0.300/sdk/8.0.300/Sdks/Microsoft.SourceLink.GitLab/build/Microsoft.SourceLink.GitLab.targets (12,5)
       Property reassignment: $(SourceControlManagerUrlTranslationTargets)=";TranslateGitHubUrlsInSourceControlInformation;TranslateGitLabUrlsInSourceControlInformation" (previous value: ";TranslateGitHubUrlsInSourceControlInformation") at /nix/store/8y83na7h81fw5kr1msmjc7rvx329djp0-dotnet-sdk-8.0.300/sdk/8.0.300/Sdks/Microsoft.SourceLink.GitLab/build/Microsoft.SourceLink.GitLab.targets (13,5)
       Property reassignment: $(SourceLinkUrlInitializerTargets)=";_InitializeGitHubSourceLinkUrl;_InitializeGitLabSourceLinkUrl;_InitializeAzureReposGitSourceLinkUrl" (previous value: ";_InitializeGitHubSourceLinkUrl;_InitializeGitLabSourceLinkUrl") at /nix/store/8y83na7h81fw5kr1msmjc7rvx329djp0-dotnet-sdk-8.0.300/sdk/8.0.300/Sdks/Microsoft.SourceLink.AzureRepos.Git/build/Microsoft.SourceLink.AzureRepos.Git.targets (12,5)
       Property reassignment: $(SourceControlManagerUrlTranslationTargets)=";TranslateGitHubUrlsInSourceControlInformation;TranslateGitLabUrlsInSourceControlInformation;TranslateAzureReposGitUrlsInSourceControlInformation" (previous value: ";TranslateGitHubUrlsInSourceControlInformation;TranslateGitLabUrlsInSourceControlInformation") at /nix/store/8y83na7h81fw5kr1msmjc7rvx329djp0-dotnet-sdk-8.0.300/sdk/8.0.300/Sdks/Microsoft.SourceLink.AzureRepos.Git/build/Microsoft.SourceLink.AzureRepos.Git.targets (13,5)
       Property reassignment: $(SourceLinkUrlInitializerTargets)=";_InitializeGitHubSourceLinkUrl;_InitializeGitLabSourceLinkUrl;_InitializeAzureReposGitSourceLinkUrl;_InitializeBitbucketGitSourceLinkUrl" (previous value: ";_InitializeGitHubSourceLinkUrl;_InitializeGitLabSourceLinkUrl;_InitializeAzureReposGitSourceLinkUrl") at /nix/store/8y83na7h81fw5kr1msmjc7rvx329djp0-dotnet-sdk-8.0.300/sdk/8.0.300/Sdks/Microsoft.SourceLink.Bitbucket.Git/build/Microsoft.SourceLink.Bitbucket.Git.targets (12,5)
       Property reassignment: $(SourceControlManagerUrlTranslationTargets)=";TranslateGitHubUrlsInSourceControlInformation;TranslateGitLabUrlsInSourceControlInformation;TranslateAzureReposGitUrlsInSourceControlInformation;TranslateBitbucketGitUrlsInSourceControlInformation" (previous value: ";TranslateGitHubUrlsInSourceControlInformation;TranslateGitLabUrlsInSourceControlInformation;TranslateAzureReposGitUrlsInSourceControlInformation") at /nix/store/8y83na7h81fw5kr1msmjc7rvx329djp0-dotnet-sdk-8.0.300/sdk/8.0.300/Sdks/Microsoft.SourceLink.Bitbucket.Git/build/Microsoft.SourceLink.Bitbucket.Git.targets (13,5)
       Property reassignment: $(DesignerRuntimeImplementationProjectOutputGroupDependsOn)="
             
             ;
             
             ;
             BuildOnlySettings;
             PrepareForBuild;
             AssignTargetPaths;
             ResolveReferences
           
           ;
             _GenerateDesignerDepsFile;
             _GenerateDesignerRuntimeConfigFile;
             GetCopyToOutputDirectoryItems;
             _GatherDesignerShadowCopyFiles;
           " (previous value: "
             ;
             
             ;
             BuildOnlySettings;
             PrepareForBuild;
             AssignTargetPaths;
             ResolveReferences
           
           ") at /nix/store/8y83na7h81fw5kr1msmjc7rvx329djp0-dotnet-sdk-8.0.300/sdk/8.0.300/Sdks/Microsoft.NET.Sdk/targets/Microsoft.NET.DesignerSupport.targets (21,5)
       Property reassignment: $(_GenerateToolsSettingsFileCacheFile)="/home/runner/workspace/MSA.Foundation/obj/Debug/net8.0/MSA.Foundation.toolssettingsinput.cache" (previous value: "obj/Debug/net8.0/MSA.Foundation.toolssettingsinput.cache") at /nix/store/8y83na7h81fw5kr1msmjc7rvx329djp0-dotnet-sdk-8.0.300/sdk/8.0.300/Sdks/Microsoft.NET.Sdk/targets/Microsoft.NET.PackTool.targets (68,5)
       Property reassignment: $(_ShimInputCacheFile)="/home/runner/workspace/MSA.Foundation/obj/Debug/net8.0/MSA.Foundation.shiminput.cache" (previous value: "obj/Debug/net8.0/MSA.Foundation.shiminput.cache") at /nix/store/8y83na7h81fw5kr1msmjc7rvx329djp0-dotnet-sdk-8.0.300/sdk/8.0.300/Sdks/Microsoft.NET.Sdk/targets/Microsoft.NET.PackTool.targets (137,5)
       Property reassignment: $(_ShimCreatedSentinelFile)="/home/runner/workspace/MSA.Foundation/obj/Debug/net8.0/MSA.Foundation.shimcreated.sentinel" (previous value: "obj/Debug/net8.0/MSA.Foundation.shimcreated.sentinel") at /nix/store/8y83na7h81fw5kr1msmjc7rvx329djp0-dotnet-sdk-8.0.300/sdk/8.0.300/Sdks/Microsoft.NET.Sdk/targets/Microsoft.NET.PackTool.targets (139,5)
       Property reassignment: $(DefineConstants)="TRACE;DEBUG" (previous value: "TRACE") at /nix/store/8y83na7h81fw5kr1msmjc7rvx329djp0-dotnet-sdk-8.0.300/sdk/8.0.300/Sdks/Microsoft.NET.Sdk/targets/Microsoft.NET.Sdk.CSharp.targets (31,5)
       Property reassignment: $(DefineConstants)="TRACE;DEBUG;NET;NET8_0;NETCOREAPP" (previous value: "TRACE;DEBUG") at /nix/store/8y83na7h81fw5kr1msmjc7rvx329djp0-dotnet-sdk-8.0.300/sdk/8.0.300/Sdks/Microsoft.NET.Sdk/targets/Microsoft.NET.Sdk.CSharp.targets (34,5)
       Property reassignment: $(WarningsAsErrors)=";NU1605;SYSLIB0011" (previous value: ";NU1605") at /nix/store/8y83na7h81fw5kr1msmjc7rvx329djp0-dotnet-sdk-8.0.300/sdk/8.0.300/Sdks/Microsoft.NET.Sdk/targets/Microsoft.NET.Sdk.CSharp.targets (48,5)
       Property reassignment: $(GenerateNuspecDependsOn)="Build;_LoadPackInputItems; _GetTargetFrameworksOutput; _WalkEachTargetPerFramework; _GetPackageFiles; " (previous value: "_LoadPackInputItems; _GetTargetFrameworksOutput; _WalkEachTargetPerFramework; _GetPackageFiles; ") at /nix/store/8y83na7h81fw5kr1msmjc7rvx329djp0-dotnet-sdk-8.0.300/sdk/8.0.300/Sdks/NuGet.Build.Tasks.Pack/build/NuGet.Build.Tasks.Pack.targets (59,5)
       Property reassignment: $(_IsSDKContainerAllowedVersion)="true" (previous value: "false") at /nix/store/8y83na7h81fw5kr1msmjc7rvx329djp0-dotnet-sdk-8.0.300/sdk/8.0.300/Containers/build/Microsoft.NET.Build.Containers.targets (5,5)
       Property reassignment: $(_ContainerIsTargetingNet8TFM)="true" (previous value: "false") at /nix/store/8y83na7h81fw5kr1msmjc7rvx329djp0-dotnet-sdk-8.0.300/sdk/8.0.300/Containers/build/Microsoft.NET.Build.Containers.targets (15,5)
       Assembly loaded during Evaluation: System.Reflection.Emit.Lightweight, Version=8.0.0.0, Culture=neutral, PublicKeyToken=b03f5f7f11d50a3a (location: /nix/store/8y83na7h81fw5kr1msmjc7rvx329djp0-dotnet-sdk-8.0.300/shared/Microsoft.NETCore.App/8.0.5/System.Reflection.Emit.Lightweight.dll, MVID: a94472e4-7b50-4ab7-b378-b1d4cab88e66, AssemblyLoadContext: Default)
       Assembly loaded during Evaluation: System.Reflection.Emit.ILGeneration, Version=8.0.0.0, Culture=neutral, PublicKeyToken=b03f5f7f11d50a3a (location: /nix/store/8y83na7h81fw5kr1msmjc7rvx329djp0-dotnet-sdk-8.0.300/shared/Microsoft.NETCore.App/8.0.5/System.Reflection.Emit.ILGeneration.dll, MVID: 60b17ff9-2c32-4244-873a-ec15cbbe91c8, AssemblyLoadContext: Default)
       Assembly loaded during Evaluation: System.Reflection.Primitives, Version=8.0.0.0, Culture=neutral, PublicKeyToken=b03f5f7f11d50a3a (location: /nix/store/8y83na7h81fw5kr1msmjc7rvx329djp0-dotnet-sdk-8.0.300/shared/Microsoft.NETCore.App/8.0.5/System.Reflection.Primitives.dll, MVID: 05317f73-18f9-4e10-886c-f96273d98880, AssemblyLoadContext: Default)
       Assembly loaded during Evaluation: System.Reflection.Emit.Lightweight, Version=8.0.0.0, Culture=neutral, PublicKeyToken=b03f5f7f11d50a3a (location: /nix/store/8y83na7h81fw5kr1msmjc7rvx329djp0-dotnet-sdk-8.0.300/shared/Microsoft.NETCore.App/8.0.5/System.Reflection.Emit.Lightweight.dll, MVID: a94472e4-7b50-4ab7-b378-b1d4cab88e66, AssemblyLoadContext: Default)
       Assembly loaded during Evaluation: System.Reflection.Emit.ILGeneration, Version=8.0.0.0, Culture=neutral, PublicKeyToken=b03f5f7f11d50a3a (location: /nix/store/8y83na7h81fw5kr1msmjc7rvx329djp0-dotnet-sdk-8.0.300/shared/Microsoft.NETCore.App/8.0.5/System.Reflection.Emit.ILGeneration.dll, MVID: 60b17ff9-2c32-4244-873a-ec15cbbe91c8, AssemblyLoadContext: Default)
       Assembly loaded during Evaluation: System.Reflection.Primitives, Version=8.0.0.0, Culture=neutral, PublicKeyToken=b03f5f7f11d50a3a (location: /nix/store/8y83na7h81fw5kr1msmjc7rvx329djp0-dotnet-sdk-8.0.300/shared/Microsoft.NETCore.App/8.0.5/System.Reflection.Primitives.dll, MVID: 05317f73-18f9-4e10-886c-f96273d98880, AssemblyLoadContext: Default)
       Overriding target "ResolveFrameworkReferences" in project "/nix/store/8y83na7h81fw5kr1msmjc7rvx329djp0-dotnet-sdk-8.0.300/sdk/8.0.300/Microsoft.Common.CurrentVersion.targets" with target "ResolveFrameworkReferences" from project "/nix/store/8y83na7h81fw5kr1msmjc7rvx329djp0-dotnet-sdk-8.0.300/sdk/8.0.300/Sdks/Microsoft.NET.Sdk/targets/Microsoft.NET.Sdk.FrameworkReferenceResolution.targets".
       Overriding target "Run" in project "/nix/store/8y83na7h81fw5kr1msmjc7rvx329djp0-dotnet-sdk-8.0.300/sdk/8.0.300/Microsoft.Common.CurrentVersion.targets" with target "Run" from project "/nix/store/8y83na7h81fw5kr1msmjc7rvx329djp0-dotnet-sdk-8.0.300/sdk/8.0.300/Sdks/Microsoft.NET.Sdk/targets/Microsoft.NET.Sdk.targets".
       Overriding target "GenerateSupportedTargetFrameworkAlias" in project "/nix/store/8y83na7h81fw5kr1msmjc7rvx329djp0-dotnet-sdk-8.0.300/sdk/8.0.300/Microsoft.Common.CurrentVersion.targets" with target "GenerateSupportedTargetFrameworkAlias" from project "/nix/store/8y83na7h81fw5kr1msmjc7rvx329djp0-dotnet-sdk-8.0.300/sdk/8.0.300/Sdks/Microsoft.NET.Sdk/targets/Microsoft.NET.Sdk.targets".
       Overriding target "GetReferenceAssemblyPaths" in project "/nix/store/8y83na7h81fw5kr1msmjc7rvx329djp0-dotnet-sdk-8.0.300/sdk/8.0.300/Microsoft.Common.CurrentVersion.targets" with target "GetReferenceAssemblyPaths" from project "/nix/store/8y83na7h81fw5kr1msmjc7rvx329djp0-dotnet-sdk-8.0.300/sdk/8.0.300/Sdks/Microsoft.NET.Sdk/targets/Microsoft.NET.DisableStandardFrameworkResolution.targets".
       Overriding target "GetFrameworkPaths" in project "/nix/store/8y83na7h81fw5kr1msmjc7rvx329djp0-dotnet-sdk-8.0.300/sdk/8.0.300/Microsoft.Common.CurrentVersion.targets" with target "GetFrameworkPaths" from project "/nix/store/8y83na7h81fw5kr1msmjc7rvx329djp0-dotnet-sdk-8.0.300/sdk/8.0.300/Sdks/Microsoft.NET.Sdk/targets/Microsoft.NET.DisableStandardFrameworkResolution.targets".
       Overriding target "DesignerRuntimeImplementationProjectOutputGroup" in project "/nix/store/8y83na7h81fw5kr1msmjc7rvx329djp0-dotnet-sdk-8.0.300/sdk/8.0.300/Microsoft.Common.CurrentVersion.targets" with target "DesignerRuntimeImplementationProjectOutputGroup" from project "/nix/store/8y83na7h81fw5kr1msmjc7rvx329djp0-dotnet-sdk-8.0.300/sdk/8.0.300/Sdks/Microsoft.NET.Sdk/targets/Microsoft.NET.DesignerSupport.targets".
       Overriding target "Publish" in project "/nix/store/8y83na7h81fw5kr1msmjc7rvx329djp0-dotnet-sdk-8.0.300/sdk/8.0.300/Microsoft.Common.CurrentVersion.targets" with target "Publish" from project "/nix/store/8y83na7h81fw5kr1msmjc7rvx329djp0-dotnet-sdk-8.0.300/sdk/8.0.300/Sdks/Microsoft.NET.Sdk/targets/Microsoft.NET.Publish.targets".
       Overriding target "ResolveReadyToRunCompilers" in project "/nix/store/8y83na7h81fw5kr1msmjc7rvx329djp0-dotnet-sdk-8.0.300/sdk/8.0.300/Sdks/Microsoft.NET.Sdk/targets/Microsoft.NET.CrossGen.targets" with target "ResolveReadyToRunCompilers" from project "/nix/store/8y83na7h81fw5kr1msmjc7rvx329djp0-dotnet-sdk-8.0.300/sdk/8.0.300/Sdks/Microsoft.NET.Sdk/targets/Microsoft.NET.Publish.targets".
       Overriding target "GetCopyToPublishDirectoryItems" in project "/nix/store/8y83na7h81fw5kr1msmjc7rvx329djp0-dotnet-sdk-8.0.300/sdk/8.0.300/Microsoft.Common.CurrentVersion.targets" with target "GetCopyToPublishDirectoryItems" from project "/nix/store/8y83na7h81fw5kr1msmjc7rvx329djp0-dotnet-sdk-8.0.300/sdk/8.0.300/Sdks/Microsoft.NET.Sdk/targets/Microsoft.NET.Publish.targets".
   1:3>Project "/home/runner/workspace/PokerGame.Tests/PokerGame.Tests.csproj" (1:3) is building "/home/runner/workspace/PokerGame.Abstractions/PokerGame.Abstractions.csproj" (3) on node 2 (_GenerateRestoreProjectPathWalk target(s)).
     3>Target "_GenerateRestoreProjectPathItemsAllFrameworks" skipped, due to false condition; ( '$(TargetFrameworks)' != '' ) was evaluated as ( '' != '' ).
     0>Overriding target "ResolveFrameworkReferences" in project "/nix/store/8y83na7h81fw5kr1msmjc7rvx329djp0-dotnet-sdk-8.0.300/sdk/8.0.300/Microsoft.Common.CurrentVersion.targets" with target "ResolveFrameworkReferences" from project "/nix/store/8y83na7h81fw5kr1msmjc7rvx329djp0-dotnet-sdk-8.0.300/sdk/8.0.300/Sdks/Microsoft.NET.Sdk/targets/Microsoft.NET.Sdk.FrameworkReferenceResolution.targets".
       Overriding target "Run" in project "/nix/store/8y83na7h81fw5kr1msmjc7rvx329djp0-dotnet-sdk-8.0.300/sdk/8.0.300/Microsoft.Common.CurrentVersion.targets" with target "Run" from project "/nix/store/8y83na7h81fw5kr1msmjc7rvx329djp0-dotnet-sdk-8.0.300/sdk/8.0.300/Sdks/Microsoft.NET.Sdk/targets/Microsoft.NET.Sdk.targets".
       Overriding target "GenerateSupportedTargetFrameworkAlias" in project "/nix/store/8y83na7h81fw5kr1msmjc7rvx329djp0-dotnet-sdk-8.0.300/sdk/8.0.300/Microsoft.Common.CurrentVersion.targets" with target "GenerateSupportedTargetFrameworkAlias" from project "/nix/store/8y83na7h81fw5kr1msmjc7rvx329djp0-dotnet-sdk-8.0.300/sdk/8.0.300/Sdks/Microsoft.NET.Sdk/targets/Microsoft.NET.Sdk.targets".
       Overriding target "GetReferenceAssemblyPaths" in project "/nix/store/8y83na7h81fw5kr1msmjc7rvx329djp0-dotnet-sdk-8.0.300/sdk/8.0.300/Microsoft.Common.CurrentVersion.targets" with target "GetReferenceAssemblyPaths" from project "/nix/store/8y83na7h81fw5kr1msmjc7rvx329djp0-dotnet-sdk-8.0.300/sdk/8.0.300/Sdks/Microsoft.NET.Sdk/targets/Microsoft.NET.DisableStandardFrameworkResolution.targets".
       Overriding target "GetFrameworkPaths" in project "/nix/store/8y83na7h81fw5kr1msmjc7rvx329djp0-dotnet-sdk-8.0.300/sdk/8.0.300/Microsoft.Common.CurrentVersion.targets" with target "GetFrameworkPaths" from project "/nix/store/8y83na7h81fw5kr1msmjc7rvx329djp0-dotnet-sdk-8.0.300/sdk/8.0.300/Sdks/Microsoft.NET.Sdk/targets/Microsoft.NET.DisableStandardFrameworkResolution.targets".
       Overriding target "DesignerRuntimeImplementationProjectOutputGroup" in project "/nix/store/8y83na7h81fw5kr1msmjc7rvx329djp0-dotnet-sdk-8.0.300/sdk/8.0.300/Microsoft.Common.CurrentVersion.targets" with target "DesignerRuntimeImplementationProjectOutputGroup" from project "/nix/store/8y83na7h81fw5kr1msmjc7rvx329djp0-dotnet-sdk-8.0.300/sdk/8.0.300/Sdks/Microsoft.NET.Sdk/targets/Microsoft.NET.DesignerSupport.targets".
     3>Target "_GenerateRestoreProjectPathItemsPerFramework" in file "/nix/store/8y83na7h81fw5kr1msmjc7rvx329djp0-dotnet-sdk-8.0.300/sdk/8.0.300/NuGet.targets" from project "/home/runner/workspace/PokerGame.Abstractions/PokerGame.Abstractions.csproj" (target "_GenerateRestoreProjectPathItemsCurrentProject" depends on it):
     3>Using "ConvertToAbsolutePath" task from assembly "Microsoft.Build.Tasks.Core, Version=15.1.0.0, Culture=neutral, PublicKeyToken=b03f5f7f11d50a3a".
       Task "ConvertToAbsolutePath"
     0>Overriding target "Publish" in project "/nix/store/8y83na7h81fw5kr1msmjc7rvx329djp0-dotnet-sdk-8.0.300/sdk/8.0.300/Microsoft.Common.CurrentVersion.targets" with target "Publish" from project "/nix/store/8y83na7h81fw5kr1msmjc7rvx329djp0-dotnet-sdk-8.0.300/sdk/8.0.300/Sdks/Microsoft.NET.Sdk/targets/Microsoft.NET.Publish.targets".
       Overriding target "ResolveReadyToRunCompilers" in project "/nix/store/8y83na7h81fw5kr1msmjc7rvx329djp0-dotnet-sdk-8.0.300/sdk/8.0.300/Sdks/Microsoft.NET.Sdk/targets/Microsoft.NET.CrossGen.targets" with target "ResolveReadyToRunCompilers" from project "/nix/store/8y83na7h81fw5kr1msmjc7rvx329djp0-dotnet-sdk-8.0.300/sdk/8.0.300/Sdks/Microsoft.NET.Sdk/targets/Microsoft.NET.Publish.targets".
     3>Done executing task "ConvertToAbsolutePath".
     0>Overriding target "GetCopyToPublishDirectoryItems" in project "/nix/store/8y83na7h81fw5kr1msmjc7rvx329djp0-dotnet-sdk-8.0.300/sdk/8.0.300/Microsoft.Common.CurrentVersion.targets" with target "GetCopyToPublishDirectoryItems" from project "/nix/store/8y83na7h81fw5kr1msmjc7rvx329djp0-dotnet-sdk-8.0.300/sdk/8.0.300/Sdks/Microsoft.NET.Sdk/targets/Microsoft.NET.Publish.targets".
   1:3>Project "/home/runner/workspace/PokerGame.Tests/PokerGame.Tests.csproj" (1:3) is building "/home/runner/workspace/MSA.Foundation/MSA.Foundation.csproj" (4) on node 3 (_GenerateRestoreProjectPathWalk target(s)).
     4>Target "_GenerateRestoreProjectPathItemsAllFrameworks" skipped, due to false condition; ( '$(TargetFrameworks)' != '' ) was evaluated as ( '' != '' ).
     3>Done building target "_GenerateRestoreProjectPathItemsPerFramework" in project "PokerGame.Abstractions.csproj".
     3>Target "_GenerateRestoreProjectPathItemsCurrentProject" in file "/nix/store/8y83na7h81fw5kr1msmjc7rvx329djp0-dotnet-sdk-8.0.300/sdk/8.0.300/NuGet.targets" from project "/home/runner/workspace/PokerGame.Abstractions/PokerGame.Abstractions.csproj" (target "_GenerateRestoreProjectPathItems" depends on it):
     3>Done building target "_GenerateRestoreProjectPathItemsCurrentProject" in project "PokerGame.Abstractions.csproj".
     3>Target "_GenerateRestoreProjectPathItems" in file "/nix/store/8y83na7h81fw5kr1msmjc7rvx329djp0-dotnet-sdk-8.0.300/sdk/8.0.300/NuGet.targets" from project "/home/runner/workspace/PokerGame.Abstractions/PokerGame.Abstractions.csproj" (target "_GenerateRestoreProjectPathWalk" depends on it):
       Using "RemoveDuplicates" task from assembly "Microsoft.Build.Tasks.Core, Version=15.1.0.0, Culture=neutral, PublicKeyToken=b03f5f7f11d50a3a".
       Task "RemoveDuplicates"
       Done executing task "RemoveDuplicates".
     3>Done building target "_GenerateRestoreProjectPathItems" in project "PokerGame.Abstractions.csproj".
     3>Target "_GenerateRestoreProjectPathWalk" in file "/nix/store/8y83na7h81fw5kr1msmjc7rvx329djp0-dotnet-sdk-8.0.300/sdk/8.0.300/NuGet.targets" from project "/home/runner/workspace/PokerGame.Abstractions/PokerGame.Abstractions.csproj" (entry point):
       Using "MSBuild" task from assembly "Microsoft.Build.Tasks.Core, Version=15.1.0.0, Culture=neutral, PublicKeyToken=b03f5f7f11d50a3a".
       Task "MSBuild"
         Global Properties:
           ExcludeRestorePackageImports=true
     4>Target "_GenerateRestoreProjectPathItemsPerFramework" in file "/nix/store/8y83na7h81fw5kr1msmjc7rvx329djp0-dotnet-sdk-8.0.300/sdk/8.0.300/NuGet.targets" from project "/home/runner/workspace/MSA.Foundation/MSA.Foundation.csproj" (target "_GenerateRestoreProjectPathItemsCurrentProject" depends on it):
     4>Using "ConvertToAbsolutePath" task from assembly "Microsoft.Build.Tasks.Core, Version=15.1.0.0, Culture=neutral, PublicKeyToken=b03f5f7f11d50a3a".
       Task "ConvertToAbsolutePath"
       Done executing task "ConvertToAbsolutePath".
     4>Done building target "_GenerateRestoreProjectPathItemsPerFramework" in project "MSA.Foundation.csproj".
     4>Target "_GenerateRestoreProjectPathItemsCurrentProject" in file "/nix/store/8y83na7h81fw5kr1msmjc7rvx329djp0-dotnet-sdk-8.0.300/sdk/8.0.300/NuGet.targets" from project "/home/runner/workspace/MSA.Foundation/MSA.Foundation.csproj" (target "_GenerateRestoreProjectPathItems" depends on it):
     4>Done building target "_GenerateRestoreProjectPathItemsCurrentProject" in project "MSA.Foundation.csproj".
     4>Target "_GenerateRestoreProjectPathItems" in file "/nix/store/8y83na7h81fw5kr1msmjc7rvx329djp0-dotnet-sdk-8.0.300/sdk/8.0.300/NuGet.targets" from project "/home/runner/workspace/MSA.Foundation/MSA.Foundation.csproj" (target "_GenerateRestoreProjectPathWalk" depends on it):
       Using "RemoveDuplicates" task from assembly "Microsoft.Build.Tasks.Core, Version=15.1.0.0, Culture=neutral, PublicKeyToken=b03f5f7f11d50a3a".
       Task "RemoveDuplicates"
       Done executing task "RemoveDuplicates".
     4>Done building target "_GenerateRestoreProjectPathItems" in project "MSA.Foundation.csproj".
     4>Target "_GenerateRestoreProjectPathWalk" in file "/nix/store/8y83na7h81fw5kr1msmjc7rvx329djp0-dotnet-sdk-8.0.300/sdk/8.0.300/NuGet.targets" from project "/home/runner/workspace/MSA.Foundation/MSA.Foundation.csproj" (entry point):
       Using "MSBuild" task from assembly "Microsoft.Build.Tasks.Core, Version=15.1.0.0, Culture=neutral, PublicKeyToken=b03f5f7f11d50a3a".
       Task "MSBuild"
       Done executing task "MSBuild".
       Task "MSBuild" skipped, due to false condition; ( '$(RestoreUseSkipNonexistentTargets)' != 'true' ) was evaluated as ( 'true' != 'true' ).
       Task "RemoveDuplicates"
       Done executing task "RemoveDuplicates".
     4>Done building target "_GenerateRestoreProjectPathWalk" in project "MSA.Foundation.csproj".
     4>Done Building Project "/home/runner/workspace/MSA.Foundation/MSA.Foundation.csproj" (_GenerateRestoreProjectPathWalk target(s)).
     3>Project "/home/runner/workspace/PokerGame.Abstractions/PokerGame.Abstractions.csproj" (3) is building "/home/runner/workspace/MSA.Foundation/MSA.Foundation.csproj" (4:2) on node 3 (_GenerateRestoreProjectPathWalk target(s)).
   4:2>Target "_GenerateRestoreProjectPathWalk" skipped. Previously built successfully.
   4:2>Done Building Project "/home/runner/workspace/MSA.Foundation/MSA.Foundation.csproj" (_GenerateRestoreProjectPathWalk target(s)).
     3>Done executing task "MSBuild".
       Task "MSBuild" skipped, due to false condition; ( '$(RestoreUseSkipNonexistentTargets)' != 'true' ) was evaluated as ( 'true' != 'true' ).
       Task "RemoveDuplicates"
       Done executing task "RemoveDuplicates".
     3>Done building target "_GenerateRestoreProjectPathWalk" in project "PokerGame.Abstractions.csproj".
     3>Done Building Project "/home/runner/workspace/PokerGame.Abstractions/PokerGame.Abstractions.csproj" (_GenerateRestoreProjectPathWalk target(s)).
     2>Project "/home/runner/workspace/PokerGame.Core/PokerGame.Core.csproj" (2) is building "/home/runner/workspace/PokerGame.Abstractions/PokerGame.Abstractions.csproj" (3:2) on node 2 (_GenerateRestoreProjectPathWalk target(s)).
   3:2>Target "_GenerateRestoreProjectPathWalk" skipped. Previously built successfully.
   3:2>Done Building Project "/home/runner/workspace/PokerGame.Abstractions/PokerGame.Abstractions.csproj" (_GenerateRestoreProjectPathWalk target(s)).
     2>Done executing task "MSBuild".
       Task "MSBuild" skipped, due to false condition; ( '$(RestoreUseSkipNonexistentTargets)' != 'true' ) was evaluated as ( 'true' != 'true' ).
       Task "RemoveDuplicates"
       Done executing task "RemoveDuplicates".
     2>Done building target "_GenerateRestoreProjectPathWalk" in project "PokerGame.Core.csproj".
     2>Done Building Project "/home/runner/workspace/PokerGame.Core/PokerGame.Core.csproj" (_GenerateRestoreProjectPathWalk target(s)).
   1:3>Done executing task "MSBuild".
       Task "MSBuild" skipped, due to false condition; ( '$(RestoreUseSkipNonexistentTargets)' != 'true' ) was evaluated as ( 'true' != 'true' ).
       Task "RemoveDuplicates"
       Done executing task "RemoveDuplicates".
   1:3>Done building target "_GenerateRestoreProjectPathWalk" in project "PokerGame.Tests.csproj".
   1:3>Done Building Project "/home/runner/workspace/PokerGame.Tests/PokerGame.Tests.csproj" (_GenerateRestoreProjectPathWalk target(s)).
     1>Done executing task "MSBuild".
       Task "MSBuild" skipped, due to false condition; ( '$(RestoreUseSkipNonexistentTargets)' != 'true' ) was evaluated as ( 'true' != 'true' ).
       Task "RemoveDuplicates"
       Done executing task "RemoveDuplicates".
       Task "MSBuild"
         Global Properties:
           ExcludeRestorePackageImports=true
     1>Project "/home/runner/workspace/PokerGame.Tests/PokerGame.Tests.csproj" (1) is building "/home/runner/workspace/PokerGame.Tests/PokerGame.Tests.csproj" (1:4) on node 1 (_IsProjectRestoreSupported target(s)).
   1:4>Target "_IsProjectRestoreSupported" skipped. Previously built successfully.
   1:4>Done Building Project "/home/runner/workspace/PokerGame.Tests/PokerGame.Tests.csproj" (_IsProjectRestoreSupported target(s)).
     1>Project "/home/runner/workspace/PokerGame.Tests/PokerGame.Tests.csproj" (1) is building "/home/runner/workspace/PokerGame.Core/PokerGame.Core.csproj" (2:2) on node 1 (_IsProjectRestoreSupported target(s)).
   2:2>Target "_IsProjectRestoreSupported" in file "/nix/store/8y83na7h81fw5kr1msmjc7rvx329djp0-dotnet-sdk-8.0.300/sdk/8.0.300/NuGet.targets" from project "/home/runner/workspace/PokerGame.Core/PokerGame.Core.csproj" (entry point):
   2:2>Done building target "_IsProjectRestoreSupported" in project "PokerGame.Core.csproj".
   2:2>Done Building Project "/home/runner/workspace/PokerGame.Core/PokerGame.Core.csproj" (_IsProjectRestoreSupported target(s)).
     1>Project "/home/runner/workspace/PokerGame.Tests/PokerGame.Tests.csproj" (1) is building "/home/runner/workspace/PokerGame.Abstractions/PokerGame.Abstractions.csproj" (3:3) on node 2 (_IsProjectRestoreSupported target(s)).
   3:3>Target "_IsProjectRestoreSupported" in file "/nix/store/8y83na7h81fw5kr1msmjc7rvx329djp0-dotnet-sdk-8.0.300/sdk/8.0.300/NuGet.targets" from project "/home/runner/workspace/PokerGame.Abstractions/PokerGame.Abstractions.csproj" (entry point):
   3:3>Done building target "_IsProjectRestoreSupported" in project "PokerGame.Abstractions.csproj".
   3:3>Done Building Project "/home/runner/workspace/PokerGame.Abstractions/PokerGame.Abstractions.csproj" (_IsProjectRestoreSupported target(s)).
     1>Project "/home/runner/workspace/PokerGame.Tests/PokerGame.Tests.csproj" (1) is building "/home/runner/workspace/MSA.Foundation/MSA.Foundation.csproj" (4:3) on node 3 (_IsProjectRestoreSupported target(s)).
   4:3>Target "_IsProjectRestoreSupported" in file "/nix/store/8y83na7h81fw5kr1msmjc7rvx329djp0-dotnet-sdk-8.0.300/sdk/8.0.300/NuGet.targets" from project "/home/runner/workspace/MSA.Foundation/MSA.Foundation.csproj" (entry point):
   4:3>Done building target "_IsProjectRestoreSupported" in project "MSA.Foundation.csproj".
   4:3>Done Building Project "/home/runner/workspace/MSA.Foundation/MSA.Foundation.csproj" (_IsProjectRestoreSupported target(s)).
     1>Done executing task "MSBuild".
       Task "MSBuild" skipped, due to false condition; ( '$(RestoreUseSkipNonexistentTargets)' != 'true' ) was evaluated as ( 'true' != 'true' ).
     1>Done building target "_GetAllRestoreProjectPathItems" in project "PokerGame.Tests.csproj".
     1>Target "_GenerateRestoreGraph" in file "/nix/store/8y83na7h81fw5kr1msmjc7rvx329djp0-dotnet-sdk-8.0.300/sdk/8.0.300/NuGet.targets" from project "/home/runner/workspace/PokerGame.Tests/PokerGame.Tests.csproj" (target "Restore" depends on it):
       Using "Message" task from assembly "Microsoft.Build.Tasks.Core, Version=15.1.0.0, Culture=neutral, PublicKeyToken=b03f5f7f11d50a3a".
       Task "Message"
         Generating dg file
       Done executing task "Message".
       Task "Message"
         /home/runner/workspace/PokerGame.Core/PokerGame.Core.csproj
       Done executing task "Message".
       Task "Message"
         /home/runner/workspace/PokerGame.Abstractions/PokerGame.Abstractions.csproj
       Done executing task "Message".
       Task "Message"
         /home/runner/workspace/MSA.Foundation/MSA.Foundation.csproj
       Done executing task "Message".
       Task "Message"
         /home/runner/workspace/PokerGame.Tests/PokerGame.Tests.csproj
       Done executing task "Message".
       Task "MSBuild"
         Global Properties:
           ExcludeRestorePackageImports=true
     1>Project "/home/runner/workspace/PokerGame.Tests/PokerGame.Tests.csproj" (1) is building "/home/runner/workspace/PokerGame.Abstractions/PokerGame.Abstractions.csproj" (3:4) on node 2 (_GenerateRestoreGraphProjectEntry target(s)).
   3:4>Target "_GetProjectJsonPath" in file "/nix/store/8y83na7h81fw5kr1msmjc7rvx329djp0-dotnet-sdk-8.0.300/sdk/8.0.300/NuGet.targets" from project "/home/runner/workspace/PokerGame.Abstractions/PokerGame.Abstractions.csproj" (target "_GetRestoreProjectStyle" depends on it):
   3:4>Task "GetRestoreProjectJsonPathTask" skipped, due to false condition; ( '$(RestoreProjectStyle)' == 'ProjectJson' OR '$(RestoreProjectStyle)' == '' ) was evaluated as ( 'PackageReference' == 'ProjectJson' OR 'PackageReference' == '' ).
   3:4>Done building target "_GetProjectJsonPath" in project "PokerGame.Abstractions.csproj".
       Target "_CheckForUnsupportedTargetPlatformIdentifier" skipped, due to false condition; ('$(TargetPlatformIdentifier)' != '' and '$(TargetFrameworkIdentifier)' == '.NETCoreApp' and $([MSBuild]::VersionGreaterThanOrEquals($(TargetFrameworkVersion), 5.0)) And ('$(DesignTimeBuild)' != 'true' Or '@(MissingWorkloadPack)' == '')) was evaluated as ('' != '' and '.NETCoreApp' == '.NETCoreApp' and True And ('' != 'true' Or '' == '')).
       Target "_CheckForMissingWorkload" skipped, due to false condition; ('@(MissingWorkloadPack)' != '' And '$(DesignTimeBuild)' != 'true') was evaluated as ('' != '' And '' != 'true').
     1>Project "/home/runner/workspace/PokerGame.Tests/PokerGame.Tests.csproj" (1) is building "/home/runner/workspace/PokerGame.Core/PokerGame.Core.csproj" (2:3) on node 1 (_GenerateRestoreGraphProjectEntry target(s)).
   2:3>Target "_GetProjectJsonPath" in file "/nix/store/8y83na7h81fw5kr1msmjc7rvx329djp0-dotnet-sdk-8.0.300/sdk/8.0.300/NuGet.targets" from project "/home/runner/workspace/PokerGame.Core/PokerGame.Core.csproj" (target "_GetRestoreProjectStyle" depends on it):
   2:3>Task "GetRestoreProjectJsonPathTask" skipped, due to false condition; ( '$(RestoreProjectStyle)' == 'ProjectJson' OR '$(RestoreProjectStyle)' == '' ) was evaluated as ( 'PackageReference' == 'ProjectJson' OR 'PackageReference' == '' ).
   3:4>Target "_CheckForUnsupportedNETCoreVersion" in file "/nix/store/8y83na7h81fw5kr1msmjc7rvx329djp0-dotnet-sdk-8.0.300/sdk/8.0.300/Sdks/Microsoft.NET.Sdk/targets/Microsoft.NET.TargetFrameworkInference.targets" from project "/home/runner/workspace/PokerGame.Abstractions/PokerGame.Abstractions.csproj" (target "CollectPackageReferences" depends on it):
   3:4>Task "NETSdkError" skipped, due to false condition; ('$(_TargetFrameworkVersionWithoutV)' > '$(NETCoreAppMaximumVersion)' and '$(DisplayVSMessage)' != 'true') was evaluated as ('8.0' > '8.0' and '' != 'true').
       Task "NETSdkError" skipped, due to false condition; ('$(DisplayVSMessage)' == 'true') was evaluated as ('' == 'true').
   3:4>Done building target "_CheckForUnsupportedNETCoreVersion" in project "PokerGame.Abstractions.csproj".
   2:3>Done building target "_GetProjectJsonPath" in project "PokerGame.Core.csproj".
       Target "_CheckForUnsupportedTargetPlatformIdentifier" skipped, due to false condition; ('$(TargetPlatformIdentifier)' != '' and '$(TargetFrameworkIdentifier)' == '.NETCoreApp' and $([MSBuild]::VersionGreaterThanOrEquals($(TargetFrameworkVersion), 5.0)) And ('$(DesignTimeBuild)' != 'true' Or '@(MissingWorkloadPack)' == '')) was evaluated as ('' != '' and '.NETCoreApp' == '.NETCoreApp' and True And ('' != 'true' Or '' == '')).
       Target "_CheckForMissingWorkload" skipped, due to false condition; ('@(MissingWorkloadPack)' != '' And '$(DesignTimeBuild)' != 'true') was evaluated as ('' != '' And '' != 'true').
   3:4>Target "_CheckForEolTargetFrameworks" skipped, due to false condition; ('@(_EolNetCoreTargetFrameworkVersions->AnyHaveMetadataValue('Identity', '$(_TargetFrameworkVersionWithoutV)'))' and '$(TargetFrameworkIdentifier)' == '.NETCoreApp' and '$(CheckEolTargetFramework)' == 'true') was evaluated as ('false' and '.NETCoreApp' == '.NETCoreApp' and '' == 'true').
   2:3>Target "_CheckForUnsupportedNETCoreVersion" in file "/nix/store/8y83na7h81fw5kr1msmjc7rvx329djp0-dotnet-sdk-8.0.300/sdk/8.0.300/Sdks/Microsoft.NET.Sdk/targets/Microsoft.NET.TargetFrameworkInference.targets" from project "/home/runner/workspace/PokerGame.Core/PokerGame.Core.csproj" (target "CollectPackageReferences" depends on it):
   2:3>Task "NETSdkError" skipped, due to false condition; ('$(_TargetFrameworkVersionWithoutV)' > '$(NETCoreAppMaximumVersion)' and '$(DisplayVSMessage)' != 'true') was evaluated as ('8.0' > '8.0' and '' != 'true').
       Task "NETSdkError" skipped, due to false condition; ('$(DisplayVSMessage)' == 'true') was evaluated as ('' == 'true').
   2:3>Done building target "_CheckForUnsupportedNETCoreVersion" in project "PokerGame.Core.csproj".
   3:4>Target "_CheckForEolWorkloads" skipped, due to false condition; ('@(EolWorkload)' != '' and '$(CheckEolWorkloads)' == 'true') was evaluated as ('' != '' and 'true' == 'true').
   3:4>Target "_CheckForUnsupportedCppNETCoreVersion" in file "/nix/store/8y83na7h81fw5kr1msmjc7rvx329djp0-dotnet-sdk-8.0.300/sdk/8.0.300/Sdks/Microsoft.NET.Sdk/targets/Microsoft.NET.TargetFrameworkInference.targets" from project "/home/runner/workspace/PokerGame.Abstractions/PokerGame.Abstractions.csproj" (target "CollectPackageReferences" depends on it):
       Task "NETSdkError" skipped, due to false condition; ('$(TargetFrameworkIdentifier)' == '.NETCoreApp' and '$(_TargetFrameworkVersionWithoutV)' < '3.1' and ('$(Language)' == 'C++' and '$(_EnablePackageReferencesInVCProjects)' != 'true')) was evaluated as ('.NETCoreApp' == '.NETCoreApp' and '8.0' < '3.1' and ('C#' == 'C++' and '' != 'true')).
   3:4>Done building target "_CheckForUnsupportedCppNETCoreVersion" in project "PokerGame.Abstractions.csproj".
       Target "_CheckForUnsupportedNETStandardVersion" skipped, due to false condition; ('$(TargetFrameworkIdentifier)' == '.NETStandard' And '$(NETStandardMaximumVersion)' != '') was evaluated as ('.NETCoreApp' == '.NETStandard' And '' != '').
       Target "_CheckForUnsupportedTargetFrameworkAndFeatureCombination" skipped, due to false condition; ('$(TargetFrameworkIdentifier)' == '.NETFramework') was evaluated as ('.NETCoreApp' == '.NETFramework').
       Target "ApplyImplicitVersions" skipped, due to false condition; ('@(PackageReference)' != '') was evaluated as ('' != '').
       Target "IncludeTargetingPackReference" skipped, due to false condition; ('$(TargetFrameworkMoniker)' != '' and '$(TargetFrameworkIdentifier)' == '.NETFramework' and '$(AutomaticallyUseReferenceAssemblyPackages)' == 'true') was evaluated as ('.NETCoreApp,Version=v8.0' != '' and '.NETCoreApp' == '.NETFramework' and 'true' == 'true').
   2:3>Target "_CheckForEolTargetFrameworks" skipped, due to false condition; ('@(_EolNetCoreTargetFrameworkVersions->AnyHaveMetadataValue('Identity', '$(_TargetFrameworkVersionWithoutV)'))' and '$(TargetFrameworkIdentifier)' == '.NETCoreApp' and '$(CheckEolTargetFramework)' == 'true') was evaluated as ('false' and '.NETCoreApp' == '.NETCoreApp' and '' == 'true').
       Target "_CheckForEolWorkloads" skipped, due to false condition; ('@(EolWorkload)' != '' and '$(CheckEolWorkloads)' == 'true') was evaluated as ('' != '' and 'true' == 'true').
   2:3>Target "_CheckForUnsupportedCppNETCoreVersion" in file "/nix/store/8y83na7h81fw5kr1msmjc7rvx329djp0-dotnet-sdk-8.0.300/sdk/8.0.300/Sdks/Microsoft.NET.Sdk/targets/Microsoft.NET.TargetFrameworkInference.targets" from project "/home/runner/workspace/PokerGame.Core/PokerGame.Core.csproj" (target "CollectPackageReferences" depends on it):
       Task "NETSdkError" skipped, due to false condition; ('$(TargetFrameworkIdentifier)' == '.NETCoreApp' and '$(_TargetFrameworkVersionWithoutV)' < '3.1' and ('$(Language)' == 'C++' and '$(_EnablePackageReferencesInVCProjects)' != 'true')) was evaluated as ('.NETCoreApp' == '.NETCoreApp' and '8.0' < '3.1' and ('C#' == 'C++' and '' != 'true')).
   2:3>Done building target "_CheckForUnsupportedCppNETCoreVersion" in project "PokerGame.Core.csproj".
       Target "_CheckForUnsupportedNETStandardVersion" skipped, due to false condition; ('$(TargetFrameworkIdentifier)' == '.NETStandard' And '$(NETStandardMaximumVersion)' != '') was evaluated as ('.NETCoreApp' == '.NETStandard' And '' != '').
       Target "_CheckForUnsupportedTargetFrameworkAndFeatureCombination" skipped, due to false condition; ('$(TargetFrameworkIdentifier)' == '.NETFramework') was evaluated as ('.NETCoreApp' == '.NETFramework').
   3:4>Target "CheckForImplicitPackageReferenceOverrides" in file "/nix/store/8y83na7h81fw5kr1msmjc7rvx329djp0-dotnet-sdk-8.0.300/sdk/8.0.300/Sdks/Microsoft.NET.Sdk/targets/Microsoft.NET.Sdk.DefaultItems.Shared.targets" from project "/home/runner/workspace/PokerGame.Abstractions/PokerGame.Abstractions.csproj" (target "CollectPackageReferences" depends on it):
   3:4>Using "CheckForImplicitPackageReferenceOverrides" task from assembly "/nix/store/8y83na7h81fw5kr1msmjc7rvx329djp0-dotnet-sdk-8.0.300/sdk/8.0.300/Sdks/Microsoft.NET.Sdk/targets/../tools/net8.0/Microsoft.NET.Build.Tasks.dll".
       Task "CheckForImplicitPackageReferenceOverrides"
       Done executing task "CheckForImplicitPackageReferenceOverrides".
   3:4>Done building target "CheckForImplicitPackageReferenceOverrides" in project "PokerGame.Abstractions.csproj".
       Target "AddWindowsSdkKnownFrameworkReferences" skipped, due to false condition; ('$(TargetFrameworkIdentifier)' == '.NETCoreApp' And '$(TargetPlatformIdentifier)' == 'Windows') was evaluated as ('.NETCoreApp' == '.NETCoreApp' And '' == 'Windows').
       Target "_NormalizeTargetPlatformVersion" skipped, due to false condition; ('$(TargetPlatformVersion)' != '' and '$(TargetFrameworkIdentifier)' == '.NETCoreApp' and $([MSBuild]::VersionGreaterThanOrEquals($(TargetFrameworkVersion), 5.0)) and ('$(Language)' != 'C++' or '$(_EnablePackageReferencesInVCProjects)' == 'true')) was evaluated as ('' != '' and '.NETCoreApp' == '.NETCoreApp' and True and ('C#' != 'C++' or '' == 'true')).
   3:4>Target "_CheckForLanguageAndFeatureCombinationSupport" in file "/nix/store/8y83na7h81fw5kr1msmjc7rvx329djp0-dotnet-sdk-8.0.300/sdk/8.0.300/Sdks/Microsoft.NET.Sdk/targets/Microsoft.NET.RuntimeIdentifierInference.targets" from project "/home/runner/workspace/PokerGame.Abstractions/PokerGame.Abstractions.csproj" (target "ProcessFrameworkReferences" depends on it):
       Task "NETSdkError" skipped, due to false condition; (('$(Language)' == 'C++' and '$(_EnablePackageReferencesInVCProjects)' != 'true') and $(OutputType) != 'library' and '$(TargetFrameworkIdentifier)' == '.NETCoreApp') was evaluated as (('C#' == 'C++' and '' != 'true') and Library != 'library' and '.NETCoreApp' == '.NETCoreApp').
       Task "NETSdkError" skipped, due to false condition; (('$(Language)' == 'C++' and '$(_EnablePackageReferencesInVCProjects)' != 'true') and $(EnableComHosting) == 'true') was evaluated as (('C#' == 'C++' and '' != 'true') and  == 'true').
   2:3>Target "UpdateAspNetToFrameworkReference" in file "/nix/store/8y83na7h81fw5kr1msmjc7rvx329djp0-dotnet-sdk-8.0.300/sdk/8.0.300/Sdks/Microsoft.NET.Sdk/targets/Microsoft.NET.Sdk.DefaultItems.Shared.targets" from project "/home/runner/workspace/PokerGame.Core/PokerGame.Core.csproj" (target "ApplyImplicitVersions" depends on it):
   2:3>Using "CheckIfPackageReferenceShouldBeFrameworkReference" task from assembly "/nix/store/8y83na7h81fw5kr1msmjc7rvx329djp0-dotnet-sdk-8.0.300/sdk/8.0.300/Sdks/Microsoft.NET.Sdk/targets/../tools/net8.0/Microsoft.NET.Build.Tasks.dll".
       Task "CheckIfPackageReferenceShouldBeFrameworkReference"
   3:4>_CheckForLanguageAndFeatureCombinationSupport:
       Task "NETSdkError" skipped, due to false condition; (('$(Language)' == 'C++' and '$(_EnablePackageReferencesInVCProjects)' != 'true') and $(SelfContained) == 'true') was evaluated as (('C#' == 'C++' and '' != 'true') and  == 'true').
   2:3>Done executing task "CheckIfPackageReferenceShouldBeFrameworkReference".
       Task "NETSdkError" skipped, due to false condition; ('$(_ShouldRemoveAspNetCoreAll)' == 'true') was evaluated as ('False' == 'true').
       Task "CheckIfPackageReferenceShouldBeFrameworkReference"
   3:4>Done building target "_CheckForLanguageAndFeatureCombinationSupport" in project "PokerGame.Abstractions.csproj".
       Target "ApplyImplicitVersions" skipped, due to false condition; ('@(PackageReference)' != '') was evaluated as ('' != '').
   2:3>Done executing task "CheckIfPackageReferenceShouldBeFrameworkReference".
       Task "NETSdkWarning" skipped, due to false condition; ('$(_ShouldRemoveAspNetCoreApp)' == 'true') was evaluated as ('False' == 'true').
   2:3>Done building target "UpdateAspNetToFrameworkReference" in project "PokerGame.Core.csproj".
       Target "IncludeTargetingPackReference" skipped, due to false condition; ('$(TargetFrameworkMoniker)' != '' and '$(TargetFrameworkIdentifier)' == '.NETFramework' and '$(AutomaticallyUseReferenceAssemblyPackages)' == 'true') was evaluated as ('.NETCoreApp,Version=v8.0' != '' and '.NETCoreApp' == '.NETFramework' and 'true' == 'true').
   2:3>Target "CheckForImplicitPackageReferenceOverrides" in file "/nix/store/8y83na7h81fw5kr1msmjc7rvx329djp0-dotnet-sdk-8.0.300/sdk/8.0.300/Sdks/Microsoft.NET.Sdk/targets/Microsoft.NET.Sdk.DefaultItems.Shared.targets" from project "/home/runner/workspace/PokerGame.Core/PokerGame.Core.csproj" (target "ApplyImplicitVersions" depends on it):
       Using "CheckForImplicitPackageReferenceOverrides" task from assembly "/nix/store/8y83na7h81fw5kr1msmjc7rvx329djp0-dotnet-sdk-8.0.300/sdk/8.0.300/Sdks/Microsoft.NET.Sdk/targets/../tools/net8.0/Microsoft.NET.Build.Tasks.dll".
       Task "CheckForImplicitPackageReferenceOverrides"
   3:4>Target "_ComputeToolPackInputsToProcessFrameworkReferences" in file "/nix/store/8y83na7h81fw5kr1msmjc7rvx329djp0-dotnet-sdk-8.0.300/sdk/8.0.300/Sdks/Microsoft.NET.Sdk/targets/Microsoft.NET.Publish.targets" from project "/home/runner/workspace/PokerGame.Abstractions/PokerGame.Abstractions.csproj" (target "ProcessFrameworkReferences" depends on it):
   3:4>Done building target "_ComputeToolPackInputsToProcessFrameworkReferences" in project "PokerGame.Abstractions.csproj".
   3:4>Target "ProcessFrameworkReferences" in file "/nix/store/8y83na7h81fw5kr1msmjc7rvx329djp0-dotnet-sdk-8.0.300/sdk/8.0.300/Sdks/Microsoft.NET.Sdk/targets/Microsoft.NET.Sdk.FrameworkReferenceResolution.targets" from project "/home/runner/workspace/PokerGame.Abstractions/PokerGame.Abstractions.csproj" (target "CollectPackageReferences" depends on it):
       Using "CheckForDuplicateFrameworkReferences" task from assembly "/nix/store/8y83na7h81fw5kr1msmjc7rvx329djp0-dotnet-sdk-8.0.300/sdk/8.0.300/Sdks/Microsoft.NET.Sdk/targets/../tools/net8.0/Microsoft.NET.Build.Tasks.dll".
       Task "CheckForDuplicateFrameworkReferences"
   2:3>Done executing task "CheckForImplicitPackageReferenceOverrides".
   2:3>Done building target "CheckForImplicitPackageReferenceOverrides" in project "PokerGame.Core.csproj".
   3:4>Done executing task "CheckForDuplicateFrameworkReferences".
   2:3>Target "ApplyImplicitVersions" in file "/nix/store/8y83na7h81fw5kr1msmjc7rvx329djp0-dotnet-sdk-8.0.300/sdk/8.0.300/Sdks/Microsoft.NET.Sdk/targets/Microsoft.NET.Sdk.DefaultItems.Shared.targets" from project "/home/runner/workspace/PokerGame.Core/PokerGame.Core.csproj" (target "CollectPackageReferences" depends on it):
   2:3>Using "ApplyImplicitVersions" task from assembly "/nix/store/8y83na7h81fw5kr1msmjc7rvx329djp0-dotnet-sdk-8.0.300/sdk/8.0.300/Sdks/Microsoft.NET.Sdk/targets/../tools/net8.0/Microsoft.NET.Build.Tasks.dll".
       Task "ApplyImplicitVersions"
       Done executing task "ApplyImplicitVersions".
   3:4>ProcessFrameworkReferences:
       Using "ProcessFrameworkReferences" task from assembly "/nix/store/8y83na7h81fw5kr1msmjc7rvx329djp0-dotnet-sdk-8.0.300/sdk/8.0.300/Sdks/Microsoft.NET.Sdk/targets/../tools/net8.0/Microsoft.NET.Build.Tasks.dll".
   2:3>Done building target "ApplyImplicitVersions" in project "PokerGame.Core.csproj".
       Target "CheckForImplicitPackageReferenceOverrides" skipped. Previously built successfully.
       Target "AddWindowsSdkKnownFrameworkReferences" skipped, due to false condition; ('$(TargetFrameworkIdentifier)' == '.NETCoreApp' And '$(TargetPlatformIdentifier)' == 'Windows') was evaluated as ('.NETCoreApp' == '.NETCoreApp' And '' == 'Windows').
       Target "_NormalizeTargetPlatformVersion" skipped, due to false condition; ('$(TargetPlatformVersion)' != '' and '$(TargetFrameworkIdentifier)' == '.NETCoreApp' and $([MSBuild]::VersionGreaterThanOrEquals($(TargetFrameworkVersion), 5.0)) and ('$(Language)' != 'C++' or '$(_EnablePackageReferencesInVCProjects)' == 'true')) was evaluated as ('' != '' and '.NETCoreApp' == '.NETCoreApp' and True and ('C#' != 'C++' or '' == 'true')).
   2:3>Target "_CheckForLanguageAndFeatureCombinationSupport" in file "/nix/store/8y83na7h81fw5kr1msmjc7rvx329djp0-dotnet-sdk-8.0.300/sdk/8.0.300/Sdks/Microsoft.NET.Sdk/targets/Microsoft.NET.RuntimeIdentifierInference.targets" from project "/home/runner/workspace/PokerGame.Core/PokerGame.Core.csproj" (target "ProcessFrameworkReferences" depends on it):
       Task "NETSdkError" skipped, due to false condition; (('$(Language)' == 'C++' and '$(_EnablePackageReferencesInVCProjects)' != 'true') and $(OutputType) != 'library' and '$(TargetFrameworkIdentifier)' == '.NETCoreApp') was evaluated as (('C#' == 'C++' and '' != 'true') and Library != 'library' and '.NETCoreApp' == '.NETCoreApp').
       Task "NETSdkError" skipped, due to false condition; (('$(Language)' == 'C++' and '$(_EnablePackageReferencesInVCProjects)' != 'true') and $(EnableComHosting) == 'true') was evaluated as (('C#' == 'C++' and '' != 'true') and  == 'true').
       Task "NETSdkError" skipped, due to false condition; (('$(Language)' == 'C++' and '$(_EnablePackageReferencesInVCProjects)' != 'true') and $(SelfContained) == 'true') was evaluated as (('C#' == 'C++' and '' != 'true') and  == 'true').
   2:3>Done building target "_CheckForLanguageAndFeatureCombinationSupport" in project "PokerGame.Core.csproj".
   3:4>Task "ProcessFrameworkReferences"
     1>Project "/home/runner/workspace/PokerGame.Tests/PokerGame.Tests.csproj" (1) is building "/home/runner/workspace/MSA.Foundation/MSA.Foundation.csproj" (4:4) on node 3 (_GenerateRestoreGraphProjectEntry target(s)).
   4:4>Target "_GetProjectJsonPath" in file "/nix/store/8y83na7h81fw5kr1msmjc7rvx329djp0-dotnet-sdk-8.0.300/sdk/8.0.300/NuGet.targets" from project "/home/runner/workspace/MSA.Foundation/MSA.Foundation.csproj" (target "_GetRestoreProjectStyle" depends on it):
   4:4>Task "GetRestoreProjectJsonPathTask" skipped, due to false condition; ( '$(RestoreProjectStyle)' == 'ProjectJson' OR '$(RestoreProjectStyle)' == '' ) was evaluated as ( 'PackageReference' == 'ProjectJson' OR 'PackageReference' == '' ).
   4:4>Done building target "_GetProjectJsonPath" in project "MSA.Foundation.csproj".
       Target "_CheckForUnsupportedTargetPlatformIdentifier" skipped, due to false condition; ('$(TargetPlatformIdentifier)' != '' and '$(TargetFrameworkIdentifier)' == '.NETCoreApp' and $([MSBuild]::VersionGreaterThanOrEquals($(TargetFrameworkVersion), 5.0)) And ('$(DesignTimeBuild)' != 'true' Or '@(MissingWorkloadPack)' == '')) was evaluated as ('' != '' and '.NETCoreApp' == '.NETCoreApp' and True And ('' != 'true' Or '' == '')).
   2:3>Target "_ComputeToolPackInputsToProcessFrameworkReferences" in file "/nix/store/8y83na7h81fw5kr1msmjc7rvx329djp0-dotnet-sdk-8.0.300/sdk/8.0.300/Sdks/Microsoft.NET.Sdk/targets/Microsoft.NET.Publish.targets" from project "/home/runner/workspace/PokerGame.Core/PokerGame.Core.csproj" (target "ProcessFrameworkReferences" depends on it):
   2:3>Done building target "_ComputeToolPackInputsToProcessFrameworkReferences" in project "PokerGame.Core.csproj".
   2:3>Target "ProcessFrameworkReferences" in file "/nix/store/8y83na7h81fw5kr1msmjc7rvx329djp0-dotnet-sdk-8.0.300/sdk/8.0.300/Sdks/Microsoft.NET.Sdk/targets/Microsoft.NET.Sdk.FrameworkReferenceResolution.targets" from project "/home/runner/workspace/PokerGame.Core/PokerGame.Core.csproj" (target "CollectPackageReferences" depends on it):
       Using "CheckForDuplicateFrameworkReferences" task from assembly "/nix/store/8y83na7h81fw5kr1msmjc7rvx329djp0-dotnet-sdk-8.0.300/sdk/8.0.300/Sdks/Microsoft.NET.Sdk/targets/../tools/net8.0/Microsoft.NET.Build.Tasks.dll".
       Task "CheckForDuplicateFrameworkReferences"
   4:4>Target "_CheckForMissingWorkload" skipped, due to false condition; ('@(MissingWorkloadPack)' != '' And '$(DesignTimeBuild)' != 'true') was evaluated as ('' != '' And '' != 'true').
   2:3>Done executing task "CheckForDuplicateFrameworkReferences".
   4:4>Target "_CheckForUnsupportedNETCoreVersion" in file "/nix/store/8y83na7h81fw5kr1msmjc7rvx329djp0-dotnet-sdk-8.0.300/sdk/8.0.300/Sdks/Microsoft.NET.Sdk/targets/Microsoft.NET.TargetFrameworkInference.targets" from project "/home/runner/workspace/MSA.Foundation/MSA.Foundation.csproj" (target "CollectPackageReferences" depends on it):
   4:4>Task "NETSdkError" skipped, due to false condition; ('$(_TargetFrameworkVersionWithoutV)' > '$(NETCoreAppMaximumVersion)' and '$(DisplayVSMessage)' != 'true') was evaluated as ('8.0' > '8.0' and '' != 'true').
       Task "NETSdkError" skipped, due to false condition; ('$(DisplayVSMessage)' == 'true') was evaluated as ('' == 'true').
   4:4>Done building target "_CheckForUnsupportedNETCoreVersion" in project "MSA.Foundation.csproj".
       Target "_CheckForEolTargetFrameworks" skipped, due to false condition; ('@(_EolNetCoreTargetFrameworkVersions->AnyHaveMetadataValue('Identity', '$(_TargetFrameworkVersionWithoutV)'))' and '$(TargetFrameworkIdentifier)' == '.NETCoreApp' and '$(CheckEolTargetFramework)' == 'true') was evaluated as ('false' and '.NETCoreApp' == '.NETCoreApp' and '' == 'true').
   2:3>ProcessFrameworkReferences:
       Using "ProcessFrameworkReferences" task from assembly "/nix/store/8y83na7h81fw5kr1msmjc7rvx329djp0-dotnet-sdk-8.0.300/sdk/8.0.300/Sdks/Microsoft.NET.Sdk/targets/../tools/net8.0/Microsoft.NET.Build.Tasks.dll".
       Task "ProcessFrameworkReferences"
   4:4>Target "_CheckForEolWorkloads" skipped, due to false condition; ('@(EolWorkload)' != '' and '$(CheckEolWorkloads)' == 'true') was evaluated as ('' != '' and 'true' == 'true').
   4:4>Target "_CheckForUnsupportedCppNETCoreVersion" in file "/nix/store/8y83na7h81fw5kr1msmjc7rvx329djp0-dotnet-sdk-8.0.300/sdk/8.0.300/Sdks/Microsoft.NET.Sdk/targets/Microsoft.NET.TargetFrameworkInference.targets" from project "/home/runner/workspace/MSA.Foundation/MSA.Foundation.csproj" (target "CollectPackageReferences" depends on it):
       Task "NETSdkError" skipped, due to false condition; ('$(TargetFrameworkIdentifier)' == '.NETCoreApp' and '$(_TargetFrameworkVersionWithoutV)' < '3.1' and ('$(Language)' == 'C++' and '$(_EnablePackageReferencesInVCProjects)' != 'true')) was evaluated as ('.NETCoreApp' == '.NETCoreApp' and '8.0' < '3.1' and ('C#' == 'C++' and '' != 'true')).
   4:4>Done building target "_CheckForUnsupportedCppNETCoreVersion" in project "MSA.Foundation.csproj".
       Target "_CheckForUnsupportedNETStandardVersion" skipped, due to false condition; ('$(TargetFrameworkIdentifier)' == '.NETStandard' And '$(NETStandardMaximumVersion)' != '') was evaluated as ('.NETCoreApp' == '.NETStandard' And '' != '').
       Target "_CheckForUnsupportedTargetFrameworkAndFeatureCombination" skipped, due to false condition; ('$(TargetFrameworkIdentifier)' == '.NETFramework') was evaluated as ('.NETCoreApp' == '.NETFramework').
   4:4>Target "UpdateAspNetToFrameworkReference" in file "/nix/store/8y83na7h81fw5kr1msmjc7rvx329djp0-dotnet-sdk-8.0.300/sdk/8.0.300/Sdks/Microsoft.NET.Sdk/targets/Microsoft.NET.Sdk.DefaultItems.Shared.targets" from project "/home/runner/workspace/MSA.Foundation/MSA.Foundation.csproj" (target "ApplyImplicitVersions" depends on it):
       Using "CheckIfPackageReferenceShouldBeFrameworkReference" task from assembly "/nix/store/8y83na7h81fw5kr1msmjc7rvx329djp0-dotnet-sdk-8.0.300/sdk/8.0.300/Sdks/Microsoft.NET.Sdk/targets/../tools/net8.0/Microsoft.NET.Build.Tasks.dll".
       Task "CheckIfPackageReferenceShouldBeFrameworkReference"
       Done executing task "CheckIfPackageReferenceShouldBeFrameworkReference".
       Task "NETSdkError" skipped, due to false condition; ('$(_ShouldRemoveAspNetCoreAll)' == 'true') was evaluated as ('False' == 'true').
       Task "CheckIfPackageReferenceShouldBeFrameworkReference"
       Done executing task "CheckIfPackageReferenceShouldBeFrameworkReference".
       Task "NETSdkWarning" skipped, due to false condition; ('$(_ShouldRemoveAspNetCoreApp)' == 'true') was evaluated as ('False' == 'true').
   4:4>Done building target "UpdateAspNetToFrameworkReference" in project "MSA.Foundation.csproj".
       Target "IncludeTargetingPackReference" skipped, due to false condition; ('$(TargetFrameworkMoniker)' != '' and '$(TargetFrameworkIdentifier)' == '.NETFramework' and '$(AutomaticallyUseReferenceAssemblyPackages)' == 'true') was evaluated as ('.NETCoreApp,Version=v8.0' != '' and '.NETCoreApp' == '.NETFramework' and 'true' == 'true').
   4:4>Target "CheckForImplicitPackageReferenceOverrides" in file "/nix/store/8y83na7h81fw5kr1msmjc7rvx329djp0-dotnet-sdk-8.0.300/sdk/8.0.300/Sdks/Microsoft.NET.Sdk/targets/Microsoft.NET.Sdk.DefaultItems.Shared.targets" from project "/home/runner/workspace/MSA.Foundation/MSA.Foundation.csproj" (target "ApplyImplicitVersions" depends on it):
       Using "CheckForImplicitPackageReferenceOverrides" task from assembly "/nix/store/8y83na7h81fw5kr1msmjc7rvx329djp0-dotnet-sdk-8.0.300/sdk/8.0.300/Sdks/Microsoft.NET.Sdk/targets/../tools/net8.0/Microsoft.NET.Build.Tasks.dll".
       Task "CheckForImplicitPackageReferenceOverrides"
       Done executing task "CheckForImplicitPackageReferenceOverrides".
   4:4>Done building target "CheckForImplicitPackageReferenceOverrides" in project "MSA.Foundation.csproj".
   4:4>Target "ApplyImplicitVersions" in file "/nix/store/8y83na7h81fw5kr1msmjc7rvx329djp0-dotnet-sdk-8.0.300/sdk/8.0.300/Sdks/Microsoft.NET.Sdk/targets/Microsoft.NET.Sdk.DefaultItems.Shared.targets" from project "/home/runner/workspace/MSA.Foundation/MSA.Foundation.csproj" (target "CollectPackageReferences" depends on it):
       Using "ApplyImplicitVersions" task from assembly "/nix/store/8y83na7h81fw5kr1msmjc7rvx329djp0-dotnet-sdk-8.0.300/sdk/8.0.300/Sdks/Microsoft.NET.Sdk/targets/../tools/net8.0/Microsoft.NET.Build.Tasks.dll".
       Task "ApplyImplicitVersions"
       Done executing task "ApplyImplicitVersions".
   4:4>Done building target "ApplyImplicitVersions" in project "MSA.Foundation.csproj".
       Target "CheckForImplicitPackageReferenceOverrides" skipped. Previously built successfully.
       Target "AddWindowsSdkKnownFrameworkReferences" skipped, due to false condition; ('$(TargetFrameworkIdentifier)' == '.NETCoreApp' And '$(TargetPlatformIdentifier)' == 'Windows') was evaluated as ('.NETCoreApp' == '.NETCoreApp' And '' == 'Windows').
       Target "_NormalizeTargetPlatformVersion" skipped, due to false condition; ('$(TargetPlatformVersion)' != '' and '$(TargetFrameworkIdentifier)' == '.NETCoreApp' and $([MSBuild]::VersionGreaterThanOrEquals($(TargetFrameworkVersion), 5.0)) and ('$(Language)' != 'C++' or '$(_EnablePackageReferencesInVCProjects)' == 'true')) was evaluated as ('' != '' and '.NETCoreApp' == '.NETCoreApp' and True and ('C#' != 'C++' or '' == 'true')).
   4:4>Target "_CheckForLanguageAndFeatureCombinationSupport" in file "/nix/store/8y83na7h81fw5kr1msmjc7rvx329djp0-dotnet-sdk-8.0.300/sdk/8.0.300/Sdks/Microsoft.NET.Sdk/targets/Microsoft.NET.RuntimeIdentifierInference.targets" from project "/home/runner/workspace/MSA.Foundation/MSA.Foundation.csproj" (target "ProcessFrameworkReferences" depends on it):
       Task "NETSdkError" skipped, due to false condition; (('$(Language)' == 'C++' and '$(_EnablePackageReferencesInVCProjects)' != 'true') and $(OutputType) != 'library' and '$(TargetFrameworkIdentifier)' == '.NETCoreApp') was evaluated as (('C#' == 'C++' and '' != 'true') and Library != 'library' and '.NETCoreApp' == '.NETCoreApp').
       Task "NETSdkError" skipped, due to false condition; (('$(Language)' == 'C++' and '$(_EnablePackageReferencesInVCProjects)' != 'true') and $(EnableComHosting) == 'true') was evaluated as (('C#' == 'C++' and '' != 'true') and  == 'true').
       Task "NETSdkError" skipped, due to false condition; (('$(Language)' == 'C++' and '$(_EnablePackageReferencesInVCProjects)' != 'true') and $(SelfContained) == 'true') was evaluated as (('C#' == 'C++' and '' != 'true') and  == 'true').
   4:4>Done building target "_CheckForLanguageAndFeatureCombinationSupport" in project "MSA.Foundation.csproj".
   4:4>Target "_ComputeToolPackInputsToProcessFrameworkReferences" in file "/nix/store/8y83na7h81fw5kr1msmjc7rvx329djp0-dotnet-sdk-8.0.300/sdk/8.0.300/Sdks/Microsoft.NET.Sdk/targets/Microsoft.NET.Publish.targets" from project "/home/runner/workspace/MSA.Foundation/MSA.Foundation.csproj" (target "ProcessFrameworkReferences" depends on it):
   4:4>Done building target "_ComputeToolPackInputsToProcessFrameworkReferences" in project "MSA.Foundation.csproj".
   4:4>Target "ProcessFrameworkReferences" in file "/nix/store/8y83na7h81fw5kr1msmjc7rvx329djp0-dotnet-sdk-8.0.300/sdk/8.0.300/Sdks/Microsoft.NET.Sdk/targets/Microsoft.NET.Sdk.FrameworkReferenceResolution.targets" from project "/home/runner/workspace/MSA.Foundation/MSA.Foundation.csproj" (target "CollectPackageReferences" depends on it):
       Using "CheckForDuplicateFrameworkReferences" task from assembly "/nix/store/8y83na7h81fw5kr1msmjc7rvx329djp0-dotnet-sdk-8.0.300/sdk/8.0.300/Sdks/Microsoft.NET.Sdk/targets/../tools/net8.0/Microsoft.NET.Build.Tasks.dll".
       Task "CheckForDuplicateFrameworkReferences"
       Done executing task "CheckForDuplicateFrameworkReferences".
       Using "ProcessFrameworkReferences" task from assembly "/nix/store/8y83na7h81fw5kr1msmjc7rvx329djp0-dotnet-sdk-8.0.300/sdk/8.0.300/Sdks/Microsoft.NET.Sdk/targets/../tools/net8.0/Microsoft.NET.Build.Tasks.dll".
       Task "ProcessFrameworkReferences"
   3:4>Done executing task "ProcessFrameworkReferences".
       Using "ResolveAppHosts" task from assembly "/nix/store/8y83na7h81fw5kr1msmjc7rvx329djp0-dotnet-sdk-8.0.300/sdk/8.0.300/Sdks/Microsoft.NET.Sdk/targets/../tools/net8.0/Microsoft.NET.Build.Tasks.dll".
       Task "ResolveAppHosts"
       Done executing task "ResolveAppHosts".
   3:4>Done building target "ProcessFrameworkReferences" in project "PokerGame.Abstractions.csproj".
       Target "IncludeTargetingPackReference" skipped, due to false condition; ('$(TargetFrameworkMoniker)' != '' and '$(TargetFrameworkIdentifier)' == '.NETFramework' and '$(AutomaticallyUseReferenceAssemblyPackages)' == 'true') was evaluated as ('.NETCoreApp,Version=v8.0' != '' and '.NETCoreApp' == '.NETFramework' and 'true' == 'true').
   3:4>Target "_AddMicrosoftNetCompilerToolsetFrameworkPackage" in file "/nix/store/8y83na7h81fw5kr1msmjc7rvx329djp0-dotnet-sdk-8.0.300/sdk/8.0.300/Sdks/Microsoft.NET.Sdk/targets/Microsoft.NET.Sdk.targets" from project "/home/runner/workspace/PokerGame.Abstractions/PokerGame.Abstractions.csproj" (target "CollectPackageReferences" depends on it):
       Task "NETSdkWarning" skipped, due to false condition; ('@(PackageReference->AnyHaveMetadataValue('Identity', 'Microsoft.Net.Compilers.Toolset.Framework'))' == 'true') was evaluated as ('false' == 'true').
   3:4>Done building target "_AddMicrosoftNetCompilerToolsetFrameworkPackage" in project "PokerGame.Abstractions.csproj".
   3:4>Target "_CheckForObsoleteDotNetCliToolReferences" in file "/nix/store/8y83na7h81fw5kr1msmjc7rvx329djp0-dotnet-sdk-8.0.300/sdk/8.0.300/Sdks/Microsoft.NET.Sdk/targets/Microsoft.NET.ObsoleteReferences.targets" from project "/home/runner/workspace/PokerGame.Abstractions/PokerGame.Abstractions.csproj" (target "CollectPackageReferences" depends on it):
       Task "NETSdkWarning" skipped, due to false condition; ( '%(_ReferenceToObsoleteDotNetCliTool.Identity)' != '' ) was evaluated as ( '' != '' ).
   3:4>Done building target "_CheckForObsoleteDotNetCliToolReferences" in project "PokerGame.Abstractions.csproj".
   3:4>Target "CollectPackageReferences" in file "/nix/store/8y83na7h81fw5kr1msmjc7rvx329djp0-dotnet-sdk-8.0.300/sdk/8.0.300/NuGet.targets" from project "/home/runner/workspace/PokerGame.Abstractions/PokerGame.Abstractions.csproj" (target "_GetRestoreProjectStyle" depends on it):
       Assembly loaded during TaskRun: NuGet.Build.Tasks, Version=6.10.0.97, Culture=neutral, PublicKeyToken=31bf3856ad364e35 (location: /nix/store/8y83na7h81fw5kr1msmjc7rvx329djp0-dotnet-sdk-8.0.300/sdk/8.0.300/NuGet.Build.Tasks.dll, MVID: 624f4ab8-c79e-4c70-a7c0-c59f08143029, AssemblyLoadContext: MSBuild plugin /nix/store/8y83na7h81fw5kr1msmjc7rvx329djp0-dotnet-sdk-8.0.300/sdk/8.0.300/NuGet.Build.Tasks.dll)
       Assembly loaded during TaskRun: NuGet.Common, Version=6.10.0.97, Culture=neutral, PublicKeyToken=31bf3856ad364e35 (location: /nix/store/8y83na7h81fw5kr1msmjc7rvx329djp0-dotnet-sdk-8.0.300/sdk/8.0.300/NuGet.Common.dll, MVID: be324f81-ded8-4e6c-b54c-98fb2a8317e3, AssemblyLoadContext: MSBuild plugin /nix/store/8y83na7h81fw5kr1msmjc7rvx329djp0-dotnet-sdk-8.0.300/sdk/8.0.300/NuGet.Build.Tasks.dll)
       Assembly loaded during TaskRun: NuGet.Commands, Version=6.10.0.97, Culture=neutral, PublicKeyToken=31bf3856ad364e35 (location: /nix/store/8y83na7h81fw5kr1msmjc7rvx329djp0-dotnet-sdk-8.0.300/sdk/8.0.300/NuGet.Commands.dll, MVID: 44908f5c-2a4c-439d-9ed2-21e095991cfd, AssemblyLoadContext: MSBuild plugin /nix/store/8y83na7h81fw5kr1msmjc7rvx329djp0-dotnet-sdk-8.0.300/sdk/8.0.300/NuGet.Build.Tasks.dll)
       Assembly loaded during TaskRun: NuGet.ProjectModel, Version=6.10.0.97, Culture=neutral, PublicKeyToken=31bf3856ad364e35 (location: /nix/store/8y83na7h81fw5kr1msmjc7rvx329djp0-dotnet-sdk-8.0.300/sdk/8.0.300/NuGet.ProjectModel.dll, MVID: 1a7afad2-66d2-4b93-94d2-4af6749164a6, AssemblyLoadContext: MSBuild plugin /nix/store/8y83na7h81fw5kr1msmjc7rvx329djp0-dotnet-sdk-8.0.300/sdk/8.0.300/NuGet.Build.Tasks.dll)
       Using "CheckForDuplicateNuGetItemsTask" task from assembly "/nix/store/8y83na7h81fw5kr1msmjc7rvx329djp0-dotnet-sdk-8.0.300/sdk/8.0.300/NuGet.Build.Tasks.dll".
       Task "CheckForDuplicateNuGetItemsTask"
       Done executing task "CheckForDuplicateNuGetItemsTask".
   3:4>Done building target "CollectPackageReferences" in project "PokerGame.Abstractions.csproj".
   3:4>Target "_GetRestoreProjectStyle" in file "/nix/store/8y83na7h81fw5kr1msmjc7rvx329djp0-dotnet-sdk-8.0.300/sdk/8.0.300/NuGet.targets" from project "/home/runner/workspace/PokerGame.Abstractions/PokerGame.Abstractions.csproj" (target "_GenerateRestoreSpecs" depends on it):
       Using "GetRestoreProjectStyleTask" task from assembly "/nix/store/8y83na7h81fw5kr1msmjc7rvx329djp0-dotnet-sdk-8.0.300/sdk/8.0.300/NuGet.Build.Tasks.dll".
       Task "GetRestoreProjectStyleTask"
       Done executing task "GetRestoreProjectStyleTask".
   3:4>Done building target "_GetRestoreProjectStyle" in project "PokerGame.Abstractions.csproj".
   3:4>Target "_GenerateRestoreSpecs" in file "/nix/store/8y83na7h81fw5kr1msmjc7rvx329djp0-dotnet-sdk-8.0.300/sdk/8.0.300/NuGet.targets" from project "/home/runner/workspace/PokerGame.Abstractions/PokerGame.Abstractions.csproj" (target "_GenerateRestoreGraphProjectEntry" depends on it):
       Using "Message" task from assembly "Microsoft.Build.Tasks.Core, Version=15.1.0.0, Culture=neutral, PublicKeyToken=b03f5f7f11d50a3a".
       Task "Message"
         Restore entry point /home/runner/workspace/PokerGame.Abstractions/PokerGame.Abstractions.csproj
       Done executing task "Message".
   3:4>Done building target "_GenerateRestoreSpecs" in project "PokerGame.Abstractions.csproj".
   2:3>Done executing task "ProcessFrameworkReferences".
   3:4>Target "_GetRestoreSettingsOverrides" in file "/nix/store/8y83na7h81fw5kr1msmjc7rvx329djp0-dotnet-sdk-8.0.300/sdk/8.0.300/NuGet.targets" from project "/home/runner/workspace/PokerGame.Abstractions/PokerGame.Abstractions.csproj" (target "_GetRestoreSettings" depends on it):
   3:4>Task "MSBuild" skipped, due to false condition; ( '$(RestorePackagesPath)' != '' ) was evaluated as ( '' != '' ).
   2:3>ProcessFrameworkReferences:
       Using "ResolveAppHosts" task from assembly "/nix/store/8y83na7h81fw5kr1msmjc7rvx329djp0-dotnet-sdk-8.0.300/sdk/8.0.300/Sdks/Microsoft.NET.Sdk/targets/../tools/net8.0/Microsoft.NET.Build.Tasks.dll".
       Task "ResolveAppHosts"
   3:4>_GetRestoreSettingsOverrides:
       Task "MSBuild" skipped, due to false condition; ( '$(RestoreRepositoryPathOverride)' != '' ) was evaluated as ( '' != '' ).
       Task "MSBuild" skipped, due to false condition; ( '$(RestoreSources)' != '' ) was evaluated as ( '' != '' ).
       Task "MSBuild" skipped, due to false condition; ( '$(RestoreFallbackFolders)' != '' ) was evaluated as ( '' != '' ).
   3:4>Done building target "_GetRestoreSettingsOverrides" in project "PokerGame.Abstractions.csproj".
   3:4>Target "_GetRestoreSettingsPerFramework" in file "/nix/store/8y83na7h81fw5kr1msmjc7rvx329djp0-dotnet-sdk-8.0.300/sdk/8.0.300/NuGet.targets" from project "/home/runner/workspace/PokerGame.Abstractions/PokerGame.Abstractions.csproj" (target "_GetRestoreSettingsCurrentProject" depends on it):
   3:4>Done building target "_GetRestoreSettingsPerFramework" in project "PokerGame.Abstractions.csproj".
   3:4>Target "_GetRestoreSettingsCurrentProject" in file "/nix/store/8y83na7h81fw5kr1msmjc7rvx329djp0-dotnet-sdk-8.0.300/sdk/8.0.300/NuGet.targets" from project "/home/runner/workspace/PokerGame.Abstractions/PokerGame.Abstractions.csproj" (target "_GetRestoreSettings" depends on it):
   3:4>Done building target "_GetRestoreSettingsCurrentProject" in project "PokerGame.Abstractions.csproj".
       Target "_GetRestoreSettingsAllFrameworks" skipped, due to false condition; ( '$(TargetFrameworks)' != '' AND '$(PackageReferenceCompatibleProjectStyle)' == 'true' ) was evaluated as ( '' != '' AND 'True' == 'true' ).
   3:4>Target "_GetRestoreSettings" in file "/nix/store/8y83na7h81fw5kr1msmjc7rvx329djp0-dotnet-sdk-8.0.300/sdk/8.0.300/NuGet.targets" from project "/home/runner/workspace/PokerGame.Abstractions/PokerGame.Abstractions.csproj" (target "_GenerateDotnetCliToolReferenceSpecs" depends on it):
       Using "GetRestoreSettingsTask" task from assembly "/nix/store/8y83na7h81fw5kr1msmjc7rvx329djp0-dotnet-sdk-8.0.300/sdk/8.0.300/NuGet.Build.Tasks.dll".
       Task "GetRestoreSettingsTask"
         Assembly loaded during TaskRun (NuGet.Build.Tasks.GetRestoreSettingsTask): NuGet.Configuration, Version=6.10.0.97, Culture=neutral, PublicKeyToken=31bf3856ad364e35 (location: /nix/store/8y83na7h81fw5kr1msmjc7rvx329djp0-dotnet-sdk-8.0.300/sdk/8.0.300/NuGet.Configuration.dll, MVID: 866e4468-d3e9-47ca-9190-26d4940d8abc, AssemblyLoadContext: MSBuild plugin /nix/store/8y83na7h81fw5kr1msmjc7rvx329djp0-dotnet-sdk-8.0.300/sdk/8.0.300/NuGet.Build.Tasks.dll)
         Assembly loaded during TaskRun (NuGet.Build.Tasks.GetRestoreSettingsTask): System.Xml.XDocument, Version=8.0.0.0, Culture=neutral, PublicKeyToken=b03f5f7f11d50a3a (location: /nix/store/8y83na7h81fw5kr1msmjc7rvx329djp0-dotnet-sdk-8.0.300/shared/Microsoft.NETCore.App/8.0.5/System.Xml.XDocument.dll, MVID: aa21769d-ba44-4d0b-8259-601929e67ff3, AssemblyLoadContext: Default)
   2:3>Done executing task "ResolveAppHosts".
   2:3>Done building target "ProcessFrameworkReferences" in project "PokerGame.Core.csproj".
       Target "IncludeTargetingPackReference" skipped, due to false condition; ('$(TargetFrameworkMoniker)' != '' and '$(TargetFrameworkIdentifier)' == '.NETFramework' and '$(AutomaticallyUseReferenceAssemblyPackages)' == 'true') was evaluated as ('.NETCoreApp,Version=v8.0' != '' and '.NETCoreApp' == '.NETFramework' and 'true' == 'true').
   2:3>Target "_AddMicrosoftNetCompilerToolsetFrameworkPackage" in file "/nix/store/8y83na7h81fw5kr1msmjc7rvx329djp0-dotnet-sdk-8.0.300/sdk/8.0.300/Sdks/Microsoft.NET.Sdk/targets/Microsoft.NET.Sdk.targets" from project "/home/runner/workspace/PokerGame.Core/PokerGame.Core.csproj" (target "CollectPackageReferences" depends on it):
       Task "NETSdkWarning" skipped, due to false condition; ('@(PackageReference->AnyHaveMetadataValue('Identity', 'Microsoft.Net.Compilers.Toolset.Framework'))' == 'true') was evaluated as ('false' == 'true').
   2:3>Done building target "_AddMicrosoftNetCompilerToolsetFrameworkPackage" in project "PokerGame.Core.csproj".
   2:3>Target "_CheckForObsoleteDotNetCliToolReferences" in file "/nix/store/8y83na7h81fw5kr1msmjc7rvx329djp0-dotnet-sdk-8.0.300/sdk/8.0.300/Sdks/Microsoft.NET.Sdk/targets/Microsoft.NET.ObsoleteReferences.targets" from project "/home/runner/workspace/PokerGame.Core/PokerGame.Core.csproj" (target "CollectPackageReferences" depends on it):
       Task "NETSdkWarning" skipped, due to false condition; ( '%(_ReferenceToObsoleteDotNetCliTool.Identity)' != '' ) was evaluated as ( '' != '' ).
   2:3>Done building target "_CheckForObsoleteDotNetCliToolReferences" in project "PokerGame.Core.csproj".
   2:3>Target "CollectPackageReferences" in file "/nix/store/8y83na7h81fw5kr1msmjc7rvx329djp0-dotnet-sdk-8.0.300/sdk/8.0.300/NuGet.targets" from project "/home/runner/workspace/PokerGame.Core/PokerGame.Core.csproj" (target "_GetRestoreProjectStyle" depends on it):
       Using "CheckForDuplicateNuGetItemsTask" task from assembly "/nix/store/8y83na7h81fw5kr1msmjc7rvx329djp0-dotnet-sdk-8.0.300/sdk/8.0.300/NuGet.Build.Tasks.dll".
       Task "CheckForDuplicateNuGetItemsTask"
   4:4>Done executing task "ProcessFrameworkReferences".
   3:4>_GetRestoreSettings:
         Assembly loaded during TaskRun (NuGet.Build.Tasks.GetRestoreSettingsTask): System.Private.Xml.Linq, Version=8.0.0.0, Culture=neutral, PublicKeyToken=cc7b13ffcd2ddd51 (location: /nix/store/8y83na7h81fw5kr1msmjc7rvx329djp0-dotnet-sdk-8.0.300/shared/Microsoft.NETCore.App/8.0.5/System.Private.Xml.Linq.dll, MVID: 61eac7b4-eccf-4323-aa1e-d51641fad0a2, AssemblyLoadContext: Default)
   4:4>ProcessFrameworkReferences:
       Using "ResolveAppHosts" task from assembly "/nix/store/8y83na7h81fw5kr1msmjc7rvx329djp0-dotnet-sdk-8.0.300/sdk/8.0.300/Sdks/Microsoft.NET.Sdk/targets/../tools/net8.0/Microsoft.NET.Build.Tasks.dll".
       Task "ResolveAppHosts"
   2:3>Done executing task "CheckForDuplicateNuGetItemsTask".
   2:3>Done building target "CollectPackageReferences" in project "PokerGame.Core.csproj".
   2:3>Target "_GetRestoreProjectStyle" in file "/nix/store/8y83na7h81fw5kr1msmjc7rvx329djp0-dotnet-sdk-8.0.300/sdk/8.0.300/NuGet.targets" from project "/home/runner/workspace/PokerGame.Core/PokerGame.Core.csproj" (target "_GenerateRestoreSpecs" depends on it):
       Using "GetRestoreProjectStyleTask" task from assembly "/nix/store/8y83na7h81fw5kr1msmjc7rvx329djp0-dotnet-sdk-8.0.300/sdk/8.0.300/NuGet.Build.Tasks.dll".
       Task "GetRestoreProjectStyleTask"
   3:4>_GetRestoreSettings:
         Assembly loaded during TaskRun (NuGet.Build.Tasks.GetRestoreSettingsTask): System.Security.Cryptography, Version=8.0.0.0, Culture=neutral, PublicKeyToken=b03f5f7f11d50a3a (location: /nix/store/8y83na7h81fw5kr1msmjc7rvx329djp0-dotnet-sdk-8.0.300/shared/Microsoft.NETCore.App/8.0.5/System.Security.Cryptography.dll, MVID: fc15e25a-2661-411e-8c3a-1d788548654b, AssemblyLoadContext: Default)
   2:3>Done executing task "GetRestoreProjectStyleTask".
   2:3>Done building target "_GetRestoreProjectStyle" in project "PokerGame.Core.csproj".
   2:3>Target "_GenerateRestoreSpecs" in file "/nix/store/8y83na7h81fw5kr1msmjc7rvx329djp0-dotnet-sdk-8.0.300/sdk/8.0.300/NuGet.targets" from project "/home/runner/workspace/PokerGame.Core/PokerGame.Core.csproj" (target "_GenerateRestoreGraphProjectEntry" depends on it):
       Task "Message"
         Restore entry point /home/runner/workspace/PokerGame.Core/PokerGame.Core.csproj
       Done executing task "Message".
   2:3>Done building target "_GenerateRestoreSpecs" in project "PokerGame.Core.csproj".
   2:3>Target "_GetRestoreSettingsOverrides" in file "/nix/store/8y83na7h81fw5kr1msmjc7rvx329djp0-dotnet-sdk-8.0.300/sdk/8.0.300/NuGet.targets" from project "/home/runner/workspace/PokerGame.Core/PokerGame.Core.csproj" (target "_GetRestoreSettings" depends on it):
       Task "MSBuild" skipped, due to false condition; ( '$(RestorePackagesPath)' != '' ) was evaluated as ( '' != '' ).
       Task "MSBuild" skipped, due to false condition; ( '$(RestoreRepositoryPathOverride)' != '' ) was evaluated as ( '' != '' ).
       Task "MSBuild" skipped, due to false condition; ( '$(RestoreSources)' != '' ) was evaluated as ( '' != '' ).
       Task "MSBuild" skipped, due to false condition; ( '$(RestoreFallbackFolders)' != '' ) was evaluated as ( '' != '' ).
   2:3>Done building target "_GetRestoreSettingsOverrides" in project "PokerGame.Core.csproj".
   2:3>Target "_GetRestoreSettingsPerFramework" in file "/nix/store/8y83na7h81fw5kr1msmjc7rvx329djp0-dotnet-sdk-8.0.300/sdk/8.0.300/NuGet.targets" from project "/home/runner/workspace/PokerGame.Core/PokerGame.Core.csproj" (target "_GetRestoreSettingsCurrentProject" depends on it):
   2:3>Done building target "_GetRestoreSettingsPerFramework" in project "PokerGame.Core.csproj".
   2:3>Target "_GetRestoreSettingsCurrentProject" in file "/nix/store/8y83na7h81fw5kr1msmjc7rvx329djp0-dotnet-sdk-8.0.300/sdk/8.0.300/NuGet.targets" from project "/home/runner/workspace/PokerGame.Core/PokerGame.Core.csproj" (target "_GetRestoreSettings" depends on it):
   2:3>Done building target "_GetRestoreSettingsCurrentProject" in project "PokerGame.Core.csproj".
       Target "_GetRestoreSettingsAllFrameworks" skipped, due to false condition; ( '$(TargetFrameworks)' != '' AND '$(PackageReferenceCompatibleProjectStyle)' == 'true' ) was evaluated as ( '' != '' AND 'True' == 'true' ).
   4:4>Done executing task "ResolveAppHosts".
   2:3>Target "_GetRestoreSettings" in file "/nix/store/8y83na7h81fw5kr1msmjc7rvx329djp0-dotnet-sdk-8.0.300/sdk/8.0.300/NuGet.targets" from project "/home/runner/workspace/PokerGame.Core/PokerGame.Core.csproj" (target "_GenerateDotnetCliToolReferenceSpecs" depends on it):
   2:3>Using "GetRestoreSettingsTask" task from assembly "/nix/store/8y83na7h81fw5kr1msmjc7rvx329djp0-dotnet-sdk-8.0.300/sdk/8.0.300/NuGet.Build.Tasks.dll".
       Task "GetRestoreSettingsTask"
   4:4>Done building target "ProcessFrameworkReferences" in project "MSA.Foundation.csproj".
       Target "IncludeTargetingPackReference" skipped, due to false condition; ('$(TargetFrameworkMoniker)' != '' and '$(TargetFrameworkIdentifier)' == '.NETFramework' and '$(AutomaticallyUseReferenceAssemblyPackages)' == 'true') was evaluated as ('.NETCoreApp,Version=v8.0' != '' and '.NETCoreApp' == '.NETFramework' and 'true' == 'true').
   4:4>Target "_AddMicrosoftNetCompilerToolsetFrameworkPackage" in file "/nix/store/8y83na7h81fw5kr1msmjc7rvx329djp0-dotnet-sdk-8.0.300/sdk/8.0.300/Sdks/Microsoft.NET.Sdk/targets/Microsoft.NET.Sdk.targets" from project "/home/runner/workspace/MSA.Foundation/MSA.Foundation.csproj" (target "CollectPackageReferences" depends on it):
       Task "NETSdkWarning" skipped, due to false condition; ('@(PackageReference->AnyHaveMetadataValue('Identity', 'Microsoft.Net.Compilers.Toolset.Framework'))' == 'true') was evaluated as ('false' == 'true').
   4:4>Done building target "_AddMicrosoftNetCompilerToolsetFrameworkPackage" in project "MSA.Foundation.csproj".
   4:4>Target "_CheckForObsoleteDotNetCliToolReferences" in file "/nix/store/8y83na7h81fw5kr1msmjc7rvx329djp0-dotnet-sdk-8.0.300/sdk/8.0.300/Sdks/Microsoft.NET.Sdk/targets/Microsoft.NET.ObsoleteReferences.targets" from project "/home/runner/workspace/MSA.Foundation/MSA.Foundation.csproj" (target "CollectPackageReferences" depends on it):
       Task "NETSdkWarning" skipped, due to false condition; ( '%(_ReferenceToObsoleteDotNetCliTool.Identity)' != '' ) was evaluated as ( '' != '' ).
   4:4>Done building target "_CheckForObsoleteDotNetCliToolReferences" in project "MSA.Foundation.csproj".
   4:4>Target "CollectPackageReferences" in file "/nix/store/8y83na7h81fw5kr1msmjc7rvx329djp0-dotnet-sdk-8.0.300/sdk/8.0.300/NuGet.targets" from project "/home/runner/workspace/MSA.Foundation/MSA.Foundation.csproj" (target "_GetRestoreProjectStyle" depends on it):
       Assembly loaded during TaskRun: NuGet.Build.Tasks, Version=6.10.0.97, Culture=neutral, PublicKeyToken=31bf3856ad364e35 (location: /nix/store/8y83na7h81fw5kr1msmjc7rvx329djp0-dotnet-sdk-8.0.300/sdk/8.0.300/NuGet.Build.Tasks.dll, MVID: 624f4ab8-c79e-4c70-a7c0-c59f08143029, AssemblyLoadContext: MSBuild plugin /nix/store/8y83na7h81fw5kr1msmjc7rvx329djp0-dotnet-sdk-8.0.300/sdk/8.0.300/NuGet.Build.Tasks.dll)
       Assembly loaded during TaskRun: NuGet.Common, Version=6.10.0.97, Culture=neutral, PublicKeyToken=31bf3856ad364e35 (location: /nix/store/8y83na7h81fw5kr1msmjc7rvx329djp0-dotnet-sdk-8.0.300/sdk/8.0.300/NuGet.Common.dll, MVID: be324f81-ded8-4e6c-b54c-98fb2a8317e3, AssemblyLoadContext: MSBuild plugin /nix/store/8y83na7h81fw5kr1msmjc7rvx329djp0-dotnet-sdk-8.0.300/sdk/8.0.300/NuGet.Build.Tasks.dll)
   2:3>_GetRestoreSettings:
         Assembly loaded during TaskRun (NuGet.Build.Tasks.GetRestoreSettingsTask): NuGet.Configuration, Version=6.10.0.97, Culture=neutral, PublicKeyToken=31bf3856ad364e35 (location: /nix/store/8y83na7h81fw5kr1msmjc7rvx329djp0-dotnet-sdk-8.0.300/sdk/8.0.300/NuGet.Configuration.dll, MVID: 866e4468-d3e9-47ca-9190-26d4940d8abc, AssemblyLoadContext: MSBuild plugin /nix/store/8y83na7h81fw5kr1msmjc7rvx329djp0-dotnet-sdk-8.0.300/sdk/8.0.300/NuGet.Build.Tasks.dll)
   4:4>CollectPackageReferences:
       Assembly loaded during TaskRun: NuGet.Commands, Version=6.10.0.97, Culture=neutral, PublicKeyToken=31bf3856ad364e35 (location: /nix/store/8y83na7h81fw5kr1msmjc7rvx329djp0-dotnet-sdk-8.0.300/sdk/8.0.300/NuGet.Commands.dll, MVID: 44908f5c-2a4c-439d-9ed2-21e095991cfd, AssemblyLoadContext: MSBuild plugin /nix/store/8y83na7h81fw5kr1msmjc7rvx329djp0-dotnet-sdk-8.0.300/sdk/8.0.300/NuGet.Build.Tasks.dll)
       Assembly loaded during TaskRun: NuGet.ProjectModel, Version=6.10.0.97, Culture=neutral, PublicKeyToken=31bf3856ad364e35 (location: /nix/store/8y83na7h81fw5kr1msmjc7rvx329djp0-dotnet-sdk-8.0.300/sdk/8.0.300/NuGet.ProjectModel.dll, MVID: 1a7afad2-66d2-4b93-94d2-4af6749164a6, AssemblyLoadContext: MSBuild plugin /nix/store/8y83na7h81fw5kr1msmjc7rvx329djp0-dotnet-sdk-8.0.300/sdk/8.0.300/NuGet.Build.Tasks.dll)
       Using "CheckForDuplicateNuGetItemsTask" task from assembly "/nix/store/8y83na7h81fw5kr1msmjc7rvx329djp0-dotnet-sdk-8.0.300/sdk/8.0.300/NuGet.Build.Tasks.dll".
       Task "CheckForDuplicateNuGetItemsTask"
       Done executing task "CheckForDuplicateNuGetItemsTask".
   4:4>Done building target "CollectPackageReferences" in project "MSA.Foundation.csproj".
   4:4>Target "_GetRestoreProjectStyle" in file "/nix/store/8y83na7h81fw5kr1msmjc7rvx329djp0-dotnet-sdk-8.0.300/sdk/8.0.300/NuGet.targets" from project "/home/runner/workspace/MSA.Foundation/MSA.Foundation.csproj" (target "_GenerateRestoreSpecs" depends on it):
       Using "GetRestoreProjectStyleTask" task from assembly "/nix/store/8y83na7h81fw5kr1msmjc7rvx329djp0-dotnet-sdk-8.0.300/sdk/8.0.300/NuGet.Build.Tasks.dll".
   3:4>Done executing task "GetRestoreSettingsTask".
   3:4>Done building target "_GetRestoreSettings" in project "PokerGame.Abstractions.csproj".
   3:4>Target "_GenerateDotnetCliToolReferenceSpecs" in file "/nix/store/8y83na7h81fw5kr1msmjc7rvx329djp0-dotnet-sdk-8.0.300/sdk/8.0.300/NuGet.targets" from project "/home/runner/workspace/PokerGame.Abstractions/PokerGame.Abstractions.csproj" (target "_GenerateRestoreGraphProjectEntry" depends on it):
       Using "GetRestoreDotnetCliToolsTask" task from assembly "/nix/store/8y83na7h81fw5kr1msmjc7rvx329djp0-dotnet-sdk-8.0.300/sdk/8.0.300/NuGet.Build.Tasks.dll".
   4:4>Task "GetRestoreProjectStyleTask"
   3:4>Task "GetRestoreDotnetCliToolsTask"
   4:4>Done executing task "GetRestoreProjectStyleTask".
   3:4>Done executing task "GetRestoreDotnetCliToolsTask".
   3:4>Done building target "_GenerateDotnetCliToolReferenceSpecs" in project "PokerGame.Abstractions.csproj".
   4:4>Done building target "_GetRestoreProjectStyle" in project "MSA.Foundation.csproj".
   3:4>Target "_GenerateRestoreGraphProjectEntry" in file "/nix/store/8y83na7h81fw5kr1msmjc7rvx329djp0-dotnet-sdk-8.0.300/sdk/8.0.300/NuGet.targets" from project "/home/runner/workspace/PokerGame.Abstractions/PokerGame.Abstractions.csproj" (entry point):
   3:4>Done building target "_GenerateRestoreGraphProjectEntry" in project "PokerGame.Abstractions.csproj".
   3:4>Done Building Project "/home/runner/workspace/PokerGame.Abstractions/PokerGame.Abstractions.csproj" (_GenerateRestoreGraphProjectEntry target(s)).
   4:4>Target "_GenerateRestoreSpecs" in file "/nix/store/8y83na7h81fw5kr1msmjc7rvx329djp0-dotnet-sdk-8.0.300/sdk/8.0.300/NuGet.targets" from project "/home/runner/workspace/MSA.Foundation/MSA.Foundation.csproj" (target "_GenerateRestoreGraphProjectEntry" depends on it):
   4:4>Using "Message" task from assembly "Microsoft.Build.Tasks.Core, Version=15.1.0.0, Culture=neutral, PublicKeyToken=b03f5f7f11d50a3a".
       Task "Message"
         Restore entry point /home/runner/workspace/MSA.Foundation/MSA.Foundation.csproj
       Done executing task "Message".
   4:4>Done building target "_GenerateRestoreSpecs" in project "MSA.Foundation.csproj".
   4:4>Target "_GetRestoreSettingsOverrides" in file "/nix/store/8y83na7h81fw5kr1msmjc7rvx329djp0-dotnet-sdk-8.0.300/sdk/8.0.300/NuGet.targets" from project "/home/runner/workspace/MSA.Foundation/MSA.Foundation.csproj" (target "_GetRestoreSettings" depends on it):
       Task "MSBuild" skipped, due to false condition; ( '$(RestorePackagesPath)' != '' ) was evaluated as ( '' != '' ).
       Task "MSBuild" skipped, due to false condition; ( '$(RestoreRepositoryPathOverride)' != '' ) was evaluated as ( '' != '' ).
       Task "MSBuild" skipped, due to false condition; ( '$(RestoreSources)' != '' ) was evaluated as ( '' != '' ).
       Task "MSBuild" skipped, due to false condition; ( '$(RestoreFallbackFolders)' != '' ) was evaluated as ( '' != '' ).
   4:4>Done building target "_GetRestoreSettingsOverrides" in project "MSA.Foundation.csproj".
   4:4>Target "_GetRestoreSettingsPerFramework" in file "/nix/store/8y83na7h81fw5kr1msmjc7rvx329djp0-dotnet-sdk-8.0.300/sdk/8.0.300/NuGet.targets" from project "/home/runner/workspace/MSA.Foundation/MSA.Foundation.csproj" (target "_GetRestoreSettingsCurrentProject" depends on it):
   4:4>Done building target "_GetRestoreSettingsPerFramework" in project "MSA.Foundation.csproj".
   4:4>Target "_GetRestoreSettingsCurrentProject" in file "/nix/store/8y83na7h81fw5kr1msmjc7rvx329djp0-dotnet-sdk-8.0.300/sdk/8.0.300/NuGet.targets" from project "/home/runner/workspace/MSA.Foundation/MSA.Foundation.csproj" (target "_GetRestoreSettings" depends on it):
   4:4>Done building target "_GetRestoreSettingsCurrentProject" in project "MSA.Foundation.csproj".
       Target "_GetRestoreSettingsAllFrameworks" skipped, due to false condition; ( '$(TargetFrameworks)' != '' AND '$(PackageReferenceCompatibleProjectStyle)' == 'true' ) was evaluated as ( '' != '' AND 'True' == 'true' ).
   4:4>Target "_GetRestoreSettings" in file "/nix/store/8y83na7h81fw5kr1msmjc7rvx329djp0-dotnet-sdk-8.0.300/sdk/8.0.300/NuGet.targets" from project "/home/runner/workspace/MSA.Foundation/MSA.Foundation.csproj" (target "_GenerateDotnetCliToolReferenceSpecs" depends on it):
       Using "GetRestoreSettingsTask" task from assembly "/nix/store/8y83na7h81fw5kr1msmjc7rvx329djp0-dotnet-sdk-8.0.300/sdk/8.0.300/NuGet.Build.Tasks.dll".
       Task "GetRestoreSettingsTask"
         Assembly loaded during TaskRun (NuGet.Build.Tasks.GetRestoreSettingsTask): NuGet.Configuration, Version=6.10.0.97, Culture=neutral, PublicKeyToken=31bf3856ad364e35 (location: /nix/store/8y83na7h81fw5kr1msmjc7rvx329djp0-dotnet-sdk-8.0.300/sdk/8.0.300/NuGet.Configuration.dll, MVID: 866e4468-d3e9-47ca-9190-26d4940d8abc, AssemblyLoadContext: MSBuild plugin /nix/store/8y83na7h81fw5kr1msmjc7rvx329djp0-dotnet-sdk-8.0.300/sdk/8.0.300/NuGet.Build.Tasks.dll)
         Assembly loaded during TaskRun (NuGet.Build.Tasks.GetRestoreSettingsTask): System.Xml.XDocument, Version=8.0.0.0, Culture=neutral, PublicKeyToken=b03f5f7f11d50a3a (location: /nix/store/8y83na7h81fw5kr1msmjc7rvx329djp0-dotnet-sdk-8.0.300/shared/Microsoft.NETCore.App/8.0.5/System.Xml.XDocument.dll, MVID: aa21769d-ba44-4d0b-8259-601929e67ff3, AssemblyLoadContext: Default)
         Assembly loaded during TaskRun (NuGet.Build.Tasks.GetRestoreSettingsTask): System.Private.Xml.Linq, Version=8.0.0.0, Culture=neutral, PublicKeyToken=cc7b13ffcd2ddd51 (location: /nix/store/8y83na7h81fw5kr1msmjc7rvx329djp0-dotnet-sdk-8.0.300/shared/Microsoft.NETCore.App/8.0.5/System.Private.Xml.Linq.dll, MVID: 61eac7b4-eccf-4323-aa1e-d51641fad0a2, AssemblyLoadContext: Default)
         Assembly loaded during TaskRun (NuGet.Build.Tasks.GetRestoreSettingsTask): System.Security.Cryptography, Version=8.0.0.0, Culture=neutral, PublicKeyToken=b03f5f7f11d50a3a (location: /nix/store/8y83na7h81fw5kr1msmjc7rvx329djp0-dotnet-sdk-8.0.300/shared/Microsoft.NETCore.App/8.0.5/System.Security.Cryptography.dll, MVID: fc15e25a-2661-411e-8c3a-1d788548654b, AssemblyLoadContext: Default)
   2:3>Done executing task "GetRestoreSettingsTask".
   2:3>Done building target "_GetRestoreSettings" in project "PokerGame.Core.csproj".
   2:3>Target "_GenerateDotnetCliToolReferenceSpecs" in file "/nix/store/8y83na7h81fw5kr1msmjc7rvx329djp0-dotnet-sdk-8.0.300/sdk/8.0.300/NuGet.targets" from project "/home/runner/workspace/PokerGame.Core/PokerGame.Core.csproj" (target "_GenerateRestoreGraphProjectEntry" depends on it):
       Using "GetRestoreDotnetCliToolsTask" task from assembly "/nix/store/8y83na7h81fw5kr1msmjc7rvx329djp0-dotnet-sdk-8.0.300/sdk/8.0.300/NuGet.Build.Tasks.dll".
       Task "GetRestoreDotnetCliToolsTask"
       Done executing task "GetRestoreDotnetCliToolsTask".
   2:3>Done building target "_GenerateDotnetCliToolReferenceSpecs" in project "PokerGame.Core.csproj".
   2:3>Target "_GenerateRestoreGraphProjectEntry" in file "/nix/store/8y83na7h81fw5kr1msmjc7rvx329djp0-dotnet-sdk-8.0.300/sdk/8.0.300/NuGet.targets" from project "/home/runner/workspace/PokerGame.Core/PokerGame.Core.csproj" (entry point):
   2:3>Done building target "_GenerateRestoreGraphProjectEntry" in project "PokerGame.Core.csproj".
   2:3>Done Building Project "/home/runner/workspace/PokerGame.Core/PokerGame.Core.csproj" (_GenerateRestoreGraphProjectEntry target(s)).
   4:4>Done executing task "GetRestoreSettingsTask".
   4:4>Done building target "_GetRestoreSettings" in project "MSA.Foundation.csproj".
   4:4>Target "_GenerateDotnetCliToolReferenceSpecs" in file "/nix/store/8y83na7h81fw5kr1msmjc7rvx329djp0-dotnet-sdk-8.0.300/sdk/8.0.300/NuGet.targets" from project "/home/runner/workspace/MSA.Foundation/MSA.Foundation.csproj" (target "_GenerateRestoreGraphProjectEntry" depends on it):
       Using "GetRestoreDotnetCliToolsTask" task from assembly "/nix/store/8y83na7h81fw5kr1msmjc7rvx329djp0-dotnet-sdk-8.0.300/sdk/8.0.300/NuGet.Build.Tasks.dll".
       Task "GetRestoreDotnetCliToolsTask"
       Done executing task "GetRestoreDotnetCliToolsTask".
   4:4>Done building target "_GenerateDotnetCliToolReferenceSpecs" in project "MSA.Foundation.csproj".
     1>Project "/home/runner/workspace/PokerGame.Tests/PokerGame.Tests.csproj" (1) is building "/home/runner/workspace/PokerGame.Tests/PokerGame.Tests.csproj" (1:5) on node 1 (_GenerateRestoreGraphProjectEntry target(s)).
   1:5>Target "_GetProjectJsonPath" in file "/nix/store/8y83na7h81fw5kr1msmjc7rvx329djp0-dotnet-sdk-8.0.300/sdk/8.0.300/NuGet.targets" from project "/home/runner/workspace/PokerGame.Tests/PokerGame.Tests.csproj" (target "_GetRestoreProjectStyle" depends on it):
   1:5>Task "GetRestoreProjectJsonPathTask" skipped, due to false condition; ( '$(RestoreProjectStyle)' == 'ProjectJson' OR '$(RestoreProjectStyle)' == '' ) was evaluated as ( 'PackageReference' == 'ProjectJson' OR 'PackageReference' == '' ).
   1:5>Done building target "_GetProjectJsonPath" in project "PokerGame.Tests.csproj".
       Target "_CheckForUnsupportedTargetPlatformIdentifier" skipped, due to false condition; ('$(TargetPlatformIdentifier)' != '' and '$(TargetFrameworkIdentifier)' == '.NETCoreApp' and $([MSBuild]::VersionGreaterThanOrEquals($(TargetFrameworkVersion), 5.0)) And ('$(DesignTimeBuild)' != 'true' Or '@(MissingWorkloadPack)' == '')) was evaluated as ('' != '' and '.NETCoreApp' == '.NETCoreApp' and True And ('' != 'true' Or '' == '')).
       Target "_CheckForMissingWorkload" skipped, due to false condition; ('@(MissingWorkloadPack)' != '' And '$(DesignTimeBuild)' != 'true') was evaluated as ('' != '' And '' != 'true').
   1:5>Target "_CheckForUnsupportedNETCoreVersion" in file "/nix/store/8y83na7h81fw5kr1msmjc7rvx329djp0-dotnet-sdk-8.0.300/sdk/8.0.300/Sdks/Microsoft.NET.Sdk/targets/Microsoft.NET.TargetFrameworkInference.targets" from project "/home/runner/workspace/PokerGame.Tests/PokerGame.Tests.csproj" (target "CollectPackageReferences" depends on it):
       Task "NETSdkError" skipped, due to false condition; ('$(_TargetFrameworkVersionWithoutV)' > '$(NETCoreAppMaximumVersion)' and '$(DisplayVSMessage)' != 'true') was evaluated as ('8.0' > '8.0' and '' != 'true').
       Task "NETSdkError" skipped, due to false condition; ('$(DisplayVSMessage)' == 'true') was evaluated as ('' == 'true').
   1:5>Done building target "_CheckForUnsupportedNETCoreVersion" in project "PokerGame.Tests.csproj".
       Target "_CheckForEolTargetFrameworks" skipped, due to false condition; ('@(_EolNetCoreTargetFrameworkVersions->AnyHaveMetadataValue('Identity', '$(_TargetFrameworkVersionWithoutV)'))' and '$(TargetFrameworkIdentifier)' == '.NETCoreApp' and '$(CheckEolTargetFramework)' == 'true') was evaluated as ('false' and '.NETCoreApp' == '.NETCoreApp' and '' == 'true').
       Target "_CheckForEolWorkloads" skipped, due to false condition; ('@(EolWorkload)' != '' and '$(CheckEolWorkloads)' == 'true') was evaluated as ('' != '' and 'true' == 'true').
   1:5>Target "_CheckForUnsupportedCppNETCoreVersion" in file "/nix/store/8y83na7h81fw5kr1msmjc7rvx329djp0-dotnet-sdk-8.0.300/sdk/8.0.300/Sdks/Microsoft.NET.Sdk/targets/Microsoft.NET.TargetFrameworkInference.targets" from project "/home/runner/workspace/PokerGame.Tests/PokerGame.Tests.csproj" (target "CollectPackageReferences" depends on it):
       Task "NETSdkError" skipped, due to false condition; ('$(TargetFrameworkIdentifier)' == '.NETCoreApp' and '$(_TargetFrameworkVersionWithoutV)' < '3.1' and ('$(Language)' == 'C++' and '$(_EnablePackageReferencesInVCProjects)' != 'true')) was evaluated as ('.NETCoreApp' == '.NETCoreApp' and '8.0' < '3.1' and ('C#' == 'C++' and '' != 'true')).
   1:5>Done building target "_CheckForUnsupportedCppNETCoreVersion" in project "PokerGame.Tests.csproj".
       Target "_CheckForUnsupportedNETStandardVersion" skipped, due to false condition; ('$(TargetFrameworkIdentifier)' == '.NETStandard' And '$(NETStandardMaximumVersion)' != '') was evaluated as ('.NETCoreApp' == '.NETStandard' And '' != '').
       Target "_CheckForUnsupportedTargetFrameworkAndFeatureCombination" skipped, due to false condition; ('$(TargetFrameworkIdentifier)' == '.NETFramework') was evaluated as ('.NETCoreApp' == '.NETFramework').
   1:5>Target "UpdateAspNetToFrameworkReference" in file "/nix/store/8y83na7h81fw5kr1msmjc7rvx329djp0-dotnet-sdk-8.0.300/sdk/8.0.300/Sdks/Microsoft.NET.Sdk/targets/Microsoft.NET.Sdk.DefaultItems.Shared.targets" from project "/home/runner/workspace/PokerGame.Tests/PokerGame.Tests.csproj" (target "ApplyImplicitVersions" depends on it):
       Using "CheckIfPackageReferenceShouldBeFrameworkReference" task from assembly "/nix/store/8y83na7h81fw5kr1msmjc7rvx329djp0-dotnet-sdk-8.0.300/sdk/8.0.300/Sdks/Microsoft.NET.Sdk/targets/../tools/net8.0/Microsoft.NET.Build.Tasks.dll".
       Task "CheckIfPackageReferenceShouldBeFrameworkReference"
       Done executing task "CheckIfPackageReferenceShouldBeFrameworkReference".
       Task "NETSdkError" skipped, due to false condition; ('$(_ShouldRemoveAspNetCoreAll)' == 'true') was evaluated as ('False' == 'true').
       Task "CheckIfPackageReferenceShouldBeFrameworkReference"
       Done executing task "CheckIfPackageReferenceShouldBeFrameworkReference".
       Task "NETSdkWarning" skipped, due to false condition; ('$(_ShouldRemoveAspNetCoreApp)' == 'true') was evaluated as ('False' == 'true').
   1:5>Done building target "UpdateAspNetToFrameworkReference" in project "PokerGame.Tests.csproj".
       Target "IncludeTargetingPackReference" skipped, due to false condition; ('$(TargetFrameworkMoniker)' != '' and '$(TargetFrameworkIdentifier)' == '.NETFramework' and '$(AutomaticallyUseReferenceAssemblyPackages)' == 'true') was evaluated as ('.NETCoreApp,Version=v8.0' != '' and '.NETCoreApp' == '.NETFramework' and 'true' == 'true').
   1:5>Target "CheckForImplicitPackageReferenceOverrides" in file "/nix/store/8y83na7h81fw5kr1msmjc7rvx329djp0-dotnet-sdk-8.0.300/sdk/8.0.300/Sdks/Microsoft.NET.Sdk/targets/Microsoft.NET.Sdk.DefaultItems.Shared.targets" from project "/home/runner/workspace/PokerGame.Tests/PokerGame.Tests.csproj" (target "ApplyImplicitVersions" depends on it):
       Using "CheckForImplicitPackageReferenceOverrides" task from assembly "/nix/store/8y83na7h81fw5kr1msmjc7rvx329djp0-dotnet-sdk-8.0.300/sdk/8.0.300/Sdks/Microsoft.NET.Sdk/targets/../tools/net8.0/Microsoft.NET.Build.Tasks.dll".
       Task "CheckForImplicitPackageReferenceOverrides"
       Done executing task "CheckForImplicitPackageReferenceOverrides".
   1:5>Done building target "CheckForImplicitPackageReferenceOverrides" in project "PokerGame.Tests.csproj".
   4:4>Target "_GenerateRestoreGraphProjectEntry" in file "/nix/store/8y83na7h81fw5kr1msmjc7rvx329djp0-dotnet-sdk-8.0.300/sdk/8.0.300/NuGet.targets" from project "/home/runner/workspace/MSA.Foundation/MSA.Foundation.csproj" (entry point):
   4:4>Done building target "_GenerateRestoreGraphProjectEntry" in project "MSA.Foundation.csproj".
   1:5>Target "ApplyImplicitVersions" in file "/nix/store/8y83na7h81fw5kr1msmjc7rvx329djp0-dotnet-sdk-8.0.300/sdk/8.0.300/Sdks/Microsoft.NET.Sdk/targets/Microsoft.NET.Sdk.DefaultItems.Shared.targets" from project "/home/runner/workspace/PokerGame.Tests/PokerGame.Tests.csproj" (target "CollectPackageReferences" depends on it):
   1:5>Using "ApplyImplicitVersions" task from assembly "/nix/store/8y83na7h81fw5kr1msmjc7rvx329djp0-dotnet-sdk-8.0.300/sdk/8.0.300/Sdks/Microsoft.NET.Sdk/targets/../tools/net8.0/Microsoft.NET.Build.Tasks.dll".
       Task "ApplyImplicitVersions"
   4:4>Done Building Project "/home/runner/workspace/MSA.Foundation/MSA.Foundation.csproj" (_GenerateRestoreGraphProjectEntry target(s)).
   1:5>Done executing task "ApplyImplicitVersions".
   1:5>Done building target "ApplyImplicitVersions" in project "PokerGame.Tests.csproj".
       Target "CheckForImplicitPackageReferenceOverrides" skipped. Previously built successfully.
       Target "AddWindowsSdkKnownFrameworkReferences" skipped, due to false condition; ('$(TargetFrameworkIdentifier)' == '.NETCoreApp' And '$(TargetPlatformIdentifier)' == 'Windows') was evaluated as ('.NETCoreApp' == '.NETCoreApp' And '' == 'Windows').
       Target "_NormalizeTargetPlatformVersion" skipped, due to false condition; ('$(TargetPlatformVersion)' != '' and '$(TargetFrameworkIdentifier)' == '.NETCoreApp' and $([MSBuild]::VersionGreaterThanOrEquals($(TargetFrameworkVersion), 5.0)) and ('$(Language)' != 'C++' or '$(_EnablePackageReferencesInVCProjects)' == 'true')) was evaluated as ('' != '' and '.NETCoreApp' == '.NETCoreApp' and True and ('C#' != 'C++' or '' == 'true')).
   1:5>Target "_CheckForLanguageAndFeatureCombinationSupport" in file "/nix/store/8y83na7h81fw5kr1msmjc7rvx329djp0-dotnet-sdk-8.0.300/sdk/8.0.300/Sdks/Microsoft.NET.Sdk/targets/Microsoft.NET.RuntimeIdentifierInference.targets" from project "/home/runner/workspace/PokerGame.Tests/PokerGame.Tests.csproj" (target "ProcessFrameworkReferences" depends on it):
       Task "NETSdkError" skipped, due to false condition; (('$(Language)' == 'C++' and '$(_EnablePackageReferencesInVCProjects)' != 'true') and $(OutputType) != 'library' and '$(TargetFrameworkIdentifier)' == '.NETCoreApp') was evaluated as (('C#' == 'C++' and '' != 'true') and Library != 'library' and '.NETCoreApp' == '.NETCoreApp').
       Task "NETSdkError" skipped, due to false condition; (('$(Language)' == 'C++' and '$(_EnablePackageReferencesInVCProjects)' != 'true') and $(EnableComHosting) == 'true') was evaluated as (('C#' == 'C++' and '' != 'true') and  == 'true').
       Task "NETSdkError" skipped, due to false condition; (('$(Language)' == 'C++' and '$(_EnablePackageReferencesInVCProjects)' != 'true') and $(SelfContained) == 'true') was evaluated as (('C#' == 'C++' and '' != 'true') and  == 'true').
   1:5>Done building target "_CheckForLanguageAndFeatureCombinationSupport" in project "PokerGame.Tests.csproj".
   1:5>Target "_ComputeToolPackInputsToProcessFrameworkReferences" in file "/nix/store/8y83na7h81fw5kr1msmjc7rvx329djp0-dotnet-sdk-8.0.300/sdk/8.0.300/Sdks/Microsoft.NET.Sdk/targets/Microsoft.NET.Publish.targets" from project "/home/runner/workspace/PokerGame.Tests/PokerGame.Tests.csproj" (target "ProcessFrameworkReferences" depends on it):
   1:5>Done building target "_ComputeToolPackInputsToProcessFrameworkReferences" in project "PokerGame.Tests.csproj".
   1:5>Target "ProcessFrameworkReferences" in file "/nix/store/8y83na7h81fw5kr1msmjc7rvx329djp0-dotnet-sdk-8.0.300/sdk/8.0.300/Sdks/Microsoft.NET.Sdk/targets/Microsoft.NET.Sdk.FrameworkReferenceResolution.targets" from project "/home/runner/workspace/PokerGame.Tests/PokerGame.Tests.csproj" (target "CollectPackageReferences" depends on it):
       Using "CheckForDuplicateFrameworkReferences" task from assembly "/nix/store/8y83na7h81fw5kr1msmjc7rvx329djp0-dotnet-sdk-8.0.300/sdk/8.0.300/Sdks/Microsoft.NET.Sdk/targets/../tools/net8.0/Microsoft.NET.Build.Tasks.dll".
       Task "CheckForDuplicateFrameworkReferences"
       Done executing task "CheckForDuplicateFrameworkReferences".
       Using "ProcessFrameworkReferences" task from assembly "/nix/store/8y83na7h81fw5kr1msmjc7rvx329djp0-dotnet-sdk-8.0.300/sdk/8.0.300/Sdks/Microsoft.NET.Sdk/targets/../tools/net8.0/Microsoft.NET.Build.Tasks.dll".
       Task "ProcessFrameworkReferences"
       Done executing task "ProcessFrameworkReferences".
       Using "ResolveAppHosts" task from assembly "/nix/store/8y83na7h81fw5kr1msmjc7rvx329djp0-dotnet-sdk-8.0.300/sdk/8.0.300/Sdks/Microsoft.NET.Sdk/targets/../tools/net8.0/Microsoft.NET.Build.Tasks.dll".
       Task "ResolveAppHosts"
       Done executing task "ResolveAppHosts".
   1:5>Done building target "ProcessFrameworkReferences" in project "PokerGame.Tests.csproj".
       Target "IncludeTargetingPackReference" skipped, due to false condition; ('$(TargetFrameworkMoniker)' != '' and '$(TargetFrameworkIdentifier)' == '.NETFramework' and '$(AutomaticallyUseReferenceAssemblyPackages)' == 'true') was evaluated as ('.NETCoreApp,Version=v8.0' != '' and '.NETCoreApp' == '.NETFramework' and 'true' == 'true').
   1:5>Target "_AddMicrosoftNetCompilerToolsetFrameworkPackage" in file "/nix/store/8y83na7h81fw5kr1msmjc7rvx329djp0-dotnet-sdk-8.0.300/sdk/8.0.300/Sdks/Microsoft.NET.Sdk/targets/Microsoft.NET.Sdk.targets" from project "/home/runner/workspace/PokerGame.Tests/PokerGame.Tests.csproj" (target "CollectPackageReferences" depends on it):
       Task "NETSdkWarning" skipped, due to false condition; ('@(PackageReference->AnyHaveMetadataValue('Identity', 'Microsoft.Net.Compilers.Toolset.Framework'))' == 'true') was evaluated as ('false' == 'true').
   1:5>Done building target "_AddMicrosoftNetCompilerToolsetFrameworkPackage" in project "PokerGame.Tests.csproj".
   1:5>Target "_CheckForObsoleteDotNetCliToolReferences" in file "/nix/store/8y83na7h81fw5kr1msmjc7rvx329djp0-dotnet-sdk-8.0.300/sdk/8.0.300/Sdks/Microsoft.NET.Sdk/targets/Microsoft.NET.ObsoleteReferences.targets" from project "/home/runner/workspace/PokerGame.Tests/PokerGame.Tests.csproj" (target "CollectPackageReferences" depends on it):
       Task "NETSdkWarning" skipped, due to false condition; ( '%(_ReferenceToObsoleteDotNetCliTool.Identity)' != '' ) was evaluated as ( '' != '' ).
   1:5>Done building target "_CheckForObsoleteDotNetCliToolReferences" in project "PokerGame.Tests.csproj".
   1:5>Target "CollectPackageReferences" in file "/nix/store/8y83na7h81fw5kr1msmjc7rvx329djp0-dotnet-sdk-8.0.300/sdk/8.0.300/NuGet.targets" from project "/home/runner/workspace/PokerGame.Tests/PokerGame.Tests.csproj" (target "_GetRestoreProjectStyle" depends on it):
       Using "CheckForDuplicateNuGetItemsTask" task from assembly "/nix/store/8y83na7h81fw5kr1msmjc7rvx329djp0-dotnet-sdk-8.0.300/sdk/8.0.300/NuGet.Build.Tasks.dll".
       Task "CheckForDuplicateNuGetItemsTask"
       Done executing task "CheckForDuplicateNuGetItemsTask".
   1:5>Done building target "CollectPackageReferences" in project "PokerGame.Tests.csproj".
   1:5>Target "_GetRestoreProjectStyle" in file "/nix/store/8y83na7h81fw5kr1msmjc7rvx329djp0-dotnet-sdk-8.0.300/sdk/8.0.300/NuGet.targets" from project "/home/runner/workspace/PokerGame.Tests/PokerGame.Tests.csproj" (target "_GenerateRestoreSpecs" depends on it):
       Using "GetRestoreProjectStyleTask" task from assembly "/nix/store/8y83na7h81fw5kr1msmjc7rvx329djp0-dotnet-sdk-8.0.300/sdk/8.0.300/NuGet.Build.Tasks.dll".
       Task "GetRestoreProjectStyleTask"
       Done executing task "GetRestoreProjectStyleTask".
   1:5>Done building target "_GetRestoreProjectStyle" in project "PokerGame.Tests.csproj".
   1:5>Target "_GenerateRestoreSpecs" in file "/nix/store/8y83na7h81fw5kr1msmjc7rvx329djp0-dotnet-sdk-8.0.300/sdk/8.0.300/NuGet.targets" from project "/home/runner/workspace/PokerGame.Tests/PokerGame.Tests.csproj" (target "_GenerateRestoreGraphProjectEntry" depends on it):
       Task "Message"
         Restore entry point /home/runner/workspace/PokerGame.Tests/PokerGame.Tests.csproj
       Done executing task "Message".
   1:5>Done building target "_GenerateRestoreSpecs" in project "PokerGame.Tests.csproj".
   1:5>Target "_GetRestoreSettingsOverrides" in file "/nix/store/8y83na7h81fw5kr1msmjc7rvx329djp0-dotnet-sdk-8.0.300/sdk/8.0.300/NuGet.targets" from project "/home/runner/workspace/PokerGame.Tests/PokerGame.Tests.csproj" (target "_GetRestoreSettings" depends on it):
       Task "MSBuild" skipped, due to false condition; ( '$(RestorePackagesPath)' != '' ) was evaluated as ( '' != '' ).
       Task "MSBuild" skipped, due to false condition; ( '$(RestoreRepositoryPathOverride)' != '' ) was evaluated as ( '' != '' ).
       Task "MSBuild" skipped, due to false condition; ( '$(RestoreSources)' != '' ) was evaluated as ( '' != '' ).
       Task "MSBuild" skipped, due to false condition; ( '$(RestoreFallbackFolders)' != '' ) was evaluated as ( '' != '' ).
   1:5>Done building target "_GetRestoreSettingsOverrides" in project "PokerGame.Tests.csproj".
   1:5>Target "_GetRestoreSettingsPerFramework" in file "/nix/store/8y83na7h81fw5kr1msmjc7rvx329djp0-dotnet-sdk-8.0.300/sdk/8.0.300/NuGet.targets" from project "/home/runner/workspace/PokerGame.Tests/PokerGame.Tests.csproj" (target "_GetRestoreSettingsCurrentProject" depends on it):
   1:5>Done building target "_GetRestoreSettingsPerFramework" in project "PokerGame.Tests.csproj".
   1:5>Target "_GetRestoreSettingsCurrentProject" in file "/nix/store/8y83na7h81fw5kr1msmjc7rvx329djp0-dotnet-sdk-8.0.300/sdk/8.0.300/NuGet.targets" from project "/home/runner/workspace/PokerGame.Tests/PokerGame.Tests.csproj" (target "_GetRestoreSettings" depends on it):
   1:5>Done building target "_GetRestoreSettingsCurrentProject" in project "PokerGame.Tests.csproj".
       Target "_GetRestoreSettingsAllFrameworks" skipped, due to false condition; ( '$(TargetFrameworks)' != '' AND '$(PackageReferenceCompatibleProjectStyle)' == 'true' ) was evaluated as ( '' != '' AND 'True' == 'true' ).
   1:5>Target "_GetRestoreSettings" in file "/nix/store/8y83na7h81fw5kr1msmjc7rvx329djp0-dotnet-sdk-8.0.300/sdk/8.0.300/NuGet.targets" from project "/home/runner/workspace/PokerGame.Tests/PokerGame.Tests.csproj" (target "_GenerateDotnetCliToolReferenceSpecs" depends on it):
       Using "GetRestoreSettingsTask" task from assembly "/nix/store/8y83na7h81fw5kr1msmjc7rvx329djp0-dotnet-sdk-8.0.300/sdk/8.0.300/NuGet.Build.Tasks.dll".
       Task "GetRestoreSettingsTask"
       Done executing task "GetRestoreSettingsTask".
   1:5>Done building target "_GetRestoreSettings" in project "PokerGame.Tests.csproj".
   1:5>Target "_GenerateDotnetCliToolReferenceSpecs" in file "/nix/store/8y83na7h81fw5kr1msmjc7rvx329djp0-dotnet-sdk-8.0.300/sdk/8.0.300/NuGet.targets" from project "/home/runner/workspace/PokerGame.Tests/PokerGame.Tests.csproj" (target "_GenerateRestoreGraphProjectEntry" depends on it):
       Using "GetRestoreDotnetCliToolsTask" task from assembly "/nix/store/8y83na7h81fw5kr1msmjc7rvx329djp0-dotnet-sdk-8.0.300/sdk/8.0.300/NuGet.Build.Tasks.dll".
       Task "GetRestoreDotnetCliToolsTask"
       Done executing task "GetRestoreDotnetCliToolsTask".
   1:5>Done building target "_GenerateDotnetCliToolReferenceSpecs" in project "PokerGame.Tests.csproj".
   1:5>Target "_GenerateRestoreGraphProjectEntry" in file "/nix/store/8y83na7h81fw5kr1msmjc7rvx329djp0-dotnet-sdk-8.0.300/sdk/8.0.300/NuGet.targets" from project "/home/runner/workspace/PokerGame.Tests/PokerGame.Tests.csproj" (entry point):
   1:5>Done building target "_GenerateRestoreGraphProjectEntry" in project "PokerGame.Tests.csproj".
   1:5>Done Building Project "/home/runner/workspace/PokerGame.Tests/PokerGame.Tests.csproj" (_GenerateRestoreGraphProjectEntry target(s)).
     1>Done executing task "MSBuild".
       Task "MSBuild"
         Global Properties:
           ExcludeRestorePackageImports=true
     1>Project "/home/runner/workspace/PokerGame.Tests/PokerGame.Tests.csproj" (1) is building "/home/runner/workspace/PokerGame.Core/PokerGame.Core.csproj" (2:4) on node 1 (_GenerateProjectRestoreGraph target(s)).
   2:4>Target "_GetRestoreProjectStyle" skipped. Previously built successfully.
       Target "_GetRestoreProjectStyle" skipped. Previously built successfully.
       Target "_GetRestoreProjectStyle" skipped. Previously built successfully.
   2:4>Target "_GetRestoreTargetFrameworkOverride" in file "/nix/store/8y83na7h81fw5kr1msmjc7rvx329djp0-dotnet-sdk-8.0.300/sdk/8.0.300/NuGet.targets" from project "/home/runner/workspace/PokerGame.Core/PokerGame.Core.csproj" (target "_GetRestoreTargetFrameworksOutput" depends on it):
       Task "GetGlobalPropertyValueTask" skipped, due to false condition; ( '$(TargetFrameworks)' != '' ) was evaluated as ( '' != '' ).
   2:4>Done building target "_GetRestoreTargetFrameworkOverride" in project "PokerGame.Core.csproj".
   2:4>Target "_GetRestoreTargetFrameworksOutput" in file "/nix/store/8y83na7h81fw5kr1msmjc7rvx329djp0-dotnet-sdk-8.0.300/sdk/8.0.300/NuGet.targets" from project "/home/runner/workspace/PokerGame.Core/PokerGame.Core.csproj" (target "_GenerateRestoreProjectSpec" depends on it):
       Using "GetProjectTargetFrameworksTask" task from assembly "/nix/store/8y83na7h81fw5kr1msmjc7rvx329djp0-dotnet-sdk-8.0.300/sdk/8.0.300/NuGet.Build.Tasks.dll".
       Task "GetProjectTargetFrameworksTask"
     1>Project "/home/runner/workspace/PokerGame.Tests/PokerGame.Tests.csproj" (1) is building "/home/runner/workspace/MSA.Foundation/MSA.Foundation.csproj" (4:5) on node 3 (_GenerateProjectRestoreGraph target(s)).
   4:5>Target "_GetRestoreProjectStyle" skipped. Previously built successfully.
       Target "_GetRestoreProjectStyle" skipped. Previously built successfully.
       Target "_GetRestoreProjectStyle" skipped. Previously built successfully.
   4:5>Target "_GetRestoreTargetFrameworkOverride" in file "/nix/store/8y83na7h81fw5kr1msmjc7rvx329djp0-dotnet-sdk-8.0.300/sdk/8.0.300/NuGet.targets" from project "/home/runner/workspace/MSA.Foundation/MSA.Foundation.csproj" (target "_GetRestoreTargetFrameworksOutput" depends on it):
       Task "GetGlobalPropertyValueTask" skipped, due to false condition; ( '$(TargetFrameworks)' != '' ) was evaluated as ( '' != '' ).
   2:4>Done executing task "GetProjectTargetFrameworksTask".
   2:4>Done building target "_GetRestoreTargetFrameworksOutput" in project "PokerGame.Core.csproj".
       Target "_GetRestoreSettings" skipped. Previously built successfully.
   2:4>Target "_GenerateRestoreProjectSpec" in file "/nix/store/8y83na7h81fw5kr1msmjc7rvx329djp0-dotnet-sdk-8.0.300/sdk/8.0.300/NuGet.targets" from project "/home/runner/workspace/PokerGame.Core/PokerGame.Core.csproj" (target "_GenerateProjectRestoreGraph" depends on it):
       Task "ConvertToAbsolutePath"
   4:5>Done building target "_GetRestoreTargetFrameworkOverride" in project "MSA.Foundation.csproj".
   2:4>Done executing task "ConvertToAbsolutePath".
   2:4>Done building target "_GenerateRestoreProjectSpec" in project "PokerGame.Core.csproj".
       Target "_GenerateProjectRestoreGraphAllFrameworks" skipped, due to false condition; ( '$(TargetFrameworks)' != '' ) was evaluated as ( '' != '' ).
       Target "_GetRestoreProjectStyle" skipped. Previously built successfully.
       Target "CollectPackageReferences" skipped. Previously built successfully.
   2:4>Target "CollectPackageDownloads" in file "/nix/store/8y83na7h81fw5kr1msmjc7rvx329djp0-dotnet-sdk-8.0.300/sdk/8.0.300/NuGet.targets" from project "/home/runner/workspace/PokerGame.Core/PokerGame.Core.csproj" (target "_GenerateProjectRestoreGraphPerFramework" depends on it):
       Task "CheckForDuplicateNuGetItemsTask"
       Done executing task "CheckForDuplicateNuGetItemsTask".
   2:4>Done building target "CollectPackageDownloads" in project "PokerGame.Core.csproj".
   2:4>Target "CollectFrameworkReferences" in file "/nix/store/8y83na7h81fw5kr1msmjc7rvx329djp0-dotnet-sdk-8.0.300/sdk/8.0.300/NuGet.targets" from project "/home/runner/workspace/PokerGame.Core/PokerGame.Core.csproj" (target "_GenerateProjectRestoreGraphPerFramework" depends on it):
   2:4>Done building target "CollectFrameworkReferences" in project "PokerGame.Core.csproj".
   2:4>Target "CollectCentralPackageVersions" in file "/nix/store/8y83na7h81fw5kr1msmjc7rvx329djp0-dotnet-sdk-8.0.300/sdk/8.0.300/NuGet.targets" from project "/home/runner/workspace/PokerGame.Core/PokerGame.Core.csproj" (target "_GenerateProjectRestoreGraphPerFramework" depends on it):
       Task "CheckForDuplicateNuGetItemsTask"
       Done executing task "CheckForDuplicateNuGetItemsTask".
   2:4>Done building target "CollectCentralPackageVersions" in project "PokerGame.Core.csproj".
       Target "PrepRestoreForStoreProjects" skipped, due to false condition; ('$(StorePackageName)' != '') was evaluated as ('' != '').
   2:4>Target "_GenerateProjectRestoreGraphPerFramework" in file "/nix/store/8y83na7h81fw5kr1msmjc7rvx329djp0-dotnet-sdk-8.0.300/sdk/8.0.300/NuGet.targets" from project "/home/runner/workspace/PokerGame.Core/PokerGame.Core.csproj" (target "_GenerateProjectRestoreGraphCurrentProject" depends on it):
       Using "GetRestoreProjectReferencesTask" task from assembly "/nix/store/8y83na7h81fw5kr1msmjc7rvx329djp0-dotnet-sdk-8.0.300/sdk/8.0.300/NuGet.Build.Tasks.dll".
       Task "GetRestoreProjectReferencesTask"
   4:5>Target "_GetRestoreTargetFrameworksOutput" in file "/nix/store/8y83na7h81fw5kr1msmjc7rvx329djp0-dotnet-sdk-8.0.300/sdk/8.0.300/NuGet.targets" from project "/home/runner/workspace/MSA.Foundation/MSA.Foundation.csproj" (target "_GenerateRestoreProjectSpec" depends on it):
   4:5>Using "GetProjectTargetFrameworksTask" task from assembly "/nix/store/8y83na7h81fw5kr1msmjc7rvx329djp0-dotnet-sdk-8.0.300/sdk/8.0.300/NuGet.Build.Tasks.dll".
       Task "GetProjectTargetFrameworksTask"
       Done executing task "GetProjectTargetFrameworksTask".
   4:5>Done building target "_GetRestoreTargetFrameworksOutput" in project "MSA.Foundation.csproj".
       Target "_GetRestoreSettings" skipped. Previously built successfully.
   2:4>Done executing task "GetRestoreProjectReferencesTask".
   4:5>Target "_GenerateRestoreProjectSpec" in file "/nix/store/8y83na7h81fw5kr1msmjc7rvx329djp0-dotnet-sdk-8.0.300/sdk/8.0.300/NuGet.targets" from project "/home/runner/workspace/MSA.Foundation/MSA.Foundation.csproj" (target "_GenerateProjectRestoreGraph" depends on it):
   4:5>Task "ConvertToAbsolutePath"
   2:4>_GenerateProjectRestoreGraphPerFramework:
       Using "GetRestorePackageReferencesTask" task from assembly "/nix/store/8y83na7h81fw5kr1msmjc7rvx329djp0-dotnet-sdk-8.0.300/sdk/8.0.300/NuGet.Build.Tasks.dll".
       Task "GetRestorePackageReferencesTask"
   4:5>Done executing task "ConvertToAbsolutePath".
   4:5>Done building target "_GenerateRestoreProjectSpec" in project "MSA.Foundation.csproj".
       Target "_GenerateProjectRestoreGraphAllFrameworks" skipped, due to false condition; ( '$(TargetFrameworks)' != '' ) was evaluated as ( '' != '' ).
       Target "_GetRestoreProjectStyle" skipped. Previously built successfully.
   2:4>Done executing task "GetRestorePackageReferencesTask".
       Task "GetCentralPackageVersionsTask" skipped, due to false condition; ( '$(PackageReferenceCompatibleProjectStyle)' == 'true' AND '$(_CentralPackageVersionsEnabled)' == 'true' ) was evaluated as ( 'True' == 'true' AND '' == 'true' ).
   4:5>Target "CollectPackageReferences" skipped. Previously built successfully.
   2:4>_GenerateProjectRestoreGraphPerFramework:
       Using "GetRestorePackageDownloadsTask" task from assembly "/nix/store/8y83na7h81fw5kr1msmjc7rvx329djp0-dotnet-sdk-8.0.300/sdk/8.0.300/NuGet.Build.Tasks.dll".
       Task "GetRestorePackageDownloadsTask"
   4:5>Target "CollectPackageDownloads" in file "/nix/store/8y83na7h81fw5kr1msmjc7rvx329djp0-dotnet-sdk-8.0.300/sdk/8.0.300/NuGet.targets" from project "/home/runner/workspace/MSA.Foundation/MSA.Foundation.csproj" (target "_GenerateProjectRestoreGraphPerFramework" depends on it):
   4:5>Task "CheckForDuplicateNuGetItemsTask"
       Done executing task "CheckForDuplicateNuGetItemsTask".
   2:4>Done executing task "GetRestorePackageDownloadsTask".
       Using "GetRestoreFrameworkReferencesTask" task from assembly "/nix/store/8y83na7h81fw5kr1msmjc7rvx329djp0-dotnet-sdk-8.0.300/sdk/8.0.300/NuGet.Build.Tasks.dll".
       Task "GetRestoreFrameworkReferencesTask"
       Done executing task "GetRestoreFrameworkReferencesTask".
   4:5>Done building target "CollectPackageDownloads" in project "MSA.Foundation.csproj".
   2:4>Done building target "_GenerateProjectRestoreGraphPerFramework" in project "PokerGame.Core.csproj".
   2:4>Target "_GenerateProjectRestoreGraphCurrentProject" in file "/nix/store/8y83na7h81fw5kr1msmjc7rvx329djp0-dotnet-sdk-8.0.300/sdk/8.0.300/NuGet.targets" from project "/home/runner/workspace/PokerGame.Core/PokerGame.Core.csproj" (target "_GenerateRestoreDependencies" depends on it):
   2:4>Done building target "_GenerateProjectRestoreGraphCurrentProject" in project "PokerGame.Core.csproj".
   2:4>Target "_GenerateRestoreDependencies" in file "/nix/store/8y83na7h81fw5kr1msmjc7rvx329djp0-dotnet-sdk-8.0.300/sdk/8.0.300/NuGet.targets" from project "/home/runner/workspace/PokerGame.Core/PokerGame.Core.csproj" (target "_GenerateProjectRestoreGraph" depends on it):
   2:4>Done building target "_GenerateRestoreDependencies" in project "PokerGame.Core.csproj".
   2:4>Target "_GenerateProjectRestoreGraph" in file "/nix/store/8y83na7h81fw5kr1msmjc7rvx329djp0-dotnet-sdk-8.0.300/sdk/8.0.300/NuGet.targets" from project "/home/runner/workspace/PokerGame.Core/PokerGame.Core.csproj" (entry point):
   2:4>Done building target "_GenerateProjectRestoreGraph" in project "PokerGame.Core.csproj".
   2:4>Done Building Project "/home/runner/workspace/PokerGame.Core/PokerGame.Core.csproj" (_GenerateProjectRestoreGraph target(s)).
     1>Project "/home/runner/workspace/PokerGame.Tests/PokerGame.Tests.csproj" (1) is building "/home/runner/workspace/PokerGame.Tests/PokerGame.Tests.csproj" (1:6) on node 1 (_GenerateProjectRestoreGraph target(s)).
   1:6>Target "_GetRestoreProjectStyle" skipped. Previously built successfully.
       Target "_GetRestoreProjectStyle" skipped. Previously built successfully.
       Target "_GetRestoreProjectStyle" skipped. Previously built successfully.
   1:6>Target "_GetRestoreTargetFrameworkOverride" in file "/nix/store/8y83na7h81fw5kr1msmjc7rvx329djp0-dotnet-sdk-8.0.300/sdk/8.0.300/NuGet.targets" from project "/home/runner/workspace/PokerGame.Tests/PokerGame.Tests.csproj" (target "_GetRestoreTargetFrameworksOutput" depends on it):
       Task "GetGlobalPropertyValueTask" skipped, due to false condition; ( '$(TargetFrameworks)' != '' ) was evaluated as ( '' != '' ).
   1:6>Done building target "_GetRestoreTargetFrameworkOverride" in project "PokerGame.Tests.csproj".
   4:5>Target "CollectFrameworkReferences" in file "/nix/store/8y83na7h81fw5kr1msmjc7rvx329djp0-dotnet-sdk-8.0.300/sdk/8.0.300/NuGet.targets" from project "/home/runner/workspace/MSA.Foundation/MSA.Foundation.csproj" (target "_GenerateProjectRestoreGraphPerFramework" depends on it):
   4:5>Done building target "CollectFrameworkReferences" in project "MSA.Foundation.csproj".
   1:6>Target "_GetRestoreTargetFrameworksOutput" in file "/nix/store/8y83na7h81fw5kr1msmjc7rvx329djp0-dotnet-sdk-8.0.300/sdk/8.0.300/NuGet.targets" from project "/home/runner/workspace/PokerGame.Tests/PokerGame.Tests.csproj" (target "_GenerateRestoreProjectSpec" depends on it):
   1:6>Using "GetProjectTargetFrameworksTask" task from assembly "/nix/store/8y83na7h81fw5kr1msmjc7rvx329djp0-dotnet-sdk-8.0.300/sdk/8.0.300/NuGet.Build.Tasks.dll".
       Task "GetProjectTargetFrameworksTask"
   4:5>Target "CollectCentralPackageVersions" in file "/nix/store/8y83na7h81fw5kr1msmjc7rvx329djp0-dotnet-sdk-8.0.300/sdk/8.0.300/NuGet.targets" from project "/home/runner/workspace/MSA.Foundation/MSA.Foundation.csproj" (target "_GenerateProjectRestoreGraphPerFramework" depends on it):
   4:5>Task "CheckForDuplicateNuGetItemsTask"
       Done executing task "CheckForDuplicateNuGetItemsTask".
   4:5>Done building target "CollectCentralPackageVersions" in project "MSA.Foundation.csproj".
   1:6>Done executing task "GetProjectTargetFrameworksTask".
   4:5>Target "PrepRestoreForStoreProjects" skipped, due to false condition; ('$(StorePackageName)' != '') was evaluated as ('' != '').
   1:6>Done building target "_GetRestoreTargetFrameworksOutput" in project "PokerGame.Tests.csproj".
       Target "_GetRestoreSettings" skipped. Previously built successfully.
   1:6>Target "_GenerateRestoreProjectSpec" in file "/nix/store/8y83na7h81fw5kr1msmjc7rvx329djp0-dotnet-sdk-8.0.300/sdk/8.0.300/NuGet.targets" from project "/home/runner/workspace/PokerGame.Tests/PokerGame.Tests.csproj" (target "_GenerateProjectRestoreGraph" depends on it):
       Task "ConvertToAbsolutePath"
       Done executing task "ConvertToAbsolutePath".
   1:6>Done building target "_GenerateRestoreProjectSpec" in project "PokerGame.Tests.csproj".
       Target "_GenerateProjectRestoreGraphAllFrameworks" skipped, due to false condition; ( '$(TargetFrameworks)' != '' ) was evaluated as ( '' != '' ).
       Target "_GetRestoreProjectStyle" skipped. Previously built successfully.
       Target "CollectPackageReferences" skipped. Previously built successfully.
   1:6>Target "CollectPackageDownloads" in file "/nix/store/8y83na7h81fw5kr1msmjc7rvx329djp0-dotnet-sdk-8.0.300/sdk/8.0.300/NuGet.targets" from project "/home/runner/workspace/PokerGame.Tests/PokerGame.Tests.csproj" (target "_GenerateProjectRestoreGraphPerFramework" depends on it):
       Task "CheckForDuplicateNuGetItemsTask"
       Done executing task "CheckForDuplicateNuGetItemsTask".
   1:6>Done building target "CollectPackageDownloads" in project "PokerGame.Tests.csproj".
   1:6>Target "CollectFrameworkReferences" in file "/nix/store/8y83na7h81fw5kr1msmjc7rvx329djp0-dotnet-sdk-8.0.300/sdk/8.0.300/NuGet.targets" from project "/home/runner/workspace/PokerGame.Tests/PokerGame.Tests.csproj" (target "_GenerateProjectRestoreGraphPerFramework" depends on it):
   1:6>Done building target "CollectFrameworkReferences" in project "PokerGame.Tests.csproj".
   1:6>Target "CollectCentralPackageVersions" in file "/nix/store/8y83na7h81fw5kr1msmjc7rvx329djp0-dotnet-sdk-8.0.300/sdk/8.0.300/NuGet.targets" from project "/home/runner/workspace/PokerGame.Tests/PokerGame.Tests.csproj" (target "_GenerateProjectRestoreGraphPerFramework" depends on it):
       Task "CheckForDuplicateNuGetItemsTask"
       Done executing task "CheckForDuplicateNuGetItemsTask".
   1:6>Done building target "CollectCentralPackageVersions" in project "PokerGame.Tests.csproj".
       Target "PrepRestoreForStoreProjects" skipped, due to false condition; ('$(StorePackageName)' != '') was evaluated as ('' != '').
   1:6>Target "_GenerateProjectRestoreGraphPerFramework" in file "/nix/store/8y83na7h81fw5kr1msmjc7rvx329djp0-dotnet-sdk-8.0.300/sdk/8.0.300/NuGet.targets" from project "/home/runner/workspace/PokerGame.Tests/PokerGame.Tests.csproj" (target "_GenerateProjectRestoreGraphCurrentProject" depends on it):
       Using "GetRestoreProjectReferencesTask" task from assembly "/nix/store/8y83na7h81fw5kr1msmjc7rvx329djp0-dotnet-sdk-8.0.300/sdk/8.0.300/NuGet.Build.Tasks.dll".
       Task "GetRestoreProjectReferencesTask"
       Done executing task "GetRestoreProjectReferencesTask".
   4:5>Target "_GenerateProjectRestoreGraphPerFramework" in file "/nix/store/8y83na7h81fw5kr1msmjc7rvx329djp0-dotnet-sdk-8.0.300/sdk/8.0.300/NuGet.targets" from project "/home/runner/workspace/MSA.Foundation/MSA.Foundation.csproj" (target "_GenerateProjectRestoreGraphCurrentProject" depends on it):
   4:5>Using "GetRestoreProjectReferencesTask" task from assembly "/nix/store/8y83na7h81fw5kr1msmjc7rvx329djp0-dotnet-sdk-8.0.300/sdk/8.0.300/NuGet.Build.Tasks.dll".
   1:6>_GenerateProjectRestoreGraphPerFramework:
       Using "GetRestorePackageReferencesTask" task from assembly "/nix/store/8y83na7h81fw5kr1msmjc7rvx329djp0-dotnet-sdk-8.0.300/sdk/8.0.300/NuGet.Build.Tasks.dll".
       Task "GetRestorePackageReferencesTask"
   4:5>Task "GetRestoreProjectReferencesTask"
       Done executing task "GetRestoreProjectReferencesTask".
       Using "GetRestorePackageReferencesTask" task from assembly "/nix/store/8y83na7h81fw5kr1msmjc7rvx329djp0-dotnet-sdk-8.0.300/sdk/8.0.300/NuGet.Build.Tasks.dll".
       Task "GetRestorePackageReferencesTask"
   1:6>Done executing task "GetRestorePackageReferencesTask".
       Task "GetCentralPackageVersionsTask" skipped, due to false condition; ( '$(PackageReferenceCompatibleProjectStyle)' == 'true' AND '$(_CentralPackageVersionsEnabled)' == 'true' ) was evaluated as ( 'True' == 'true' AND '' == 'true' ).
   4:5>Done executing task "GetRestorePackageReferencesTask".
   1:6>_GenerateProjectRestoreGraphPerFramework:
       Using "GetRestorePackageDownloadsTask" task from assembly "/nix/store/8y83na7h81fw5kr1msmjc7rvx329djp0-dotnet-sdk-8.0.300/sdk/8.0.300/NuGet.Build.Tasks.dll".
       Task "GetRestorePackageDownloadsTask"
     1>Project "/home/runner/workspace/PokerGame.Tests/PokerGame.Tests.csproj" (1) is building "/home/runner/workspace/PokerGame.Abstractions/PokerGame.Abstractions.csproj" (3:5) on node 2 (_GenerateProjectRestoreGraph target(s)).
   3:5>Target "_GetRestoreProjectStyle" skipped. Previously built successfully.
   4:5>_GenerateProjectRestoreGraphPerFramework:
       Task "GetCentralPackageVersionsTask" skipped, due to false condition; ( '$(PackageReferenceCompatibleProjectStyle)' == 'true' AND '$(_CentralPackageVersionsEnabled)' == 'true' ) was evaluated as ( 'True' == 'true' AND '' == 'true' ).
   3:5>Target "_GetRestoreProjectStyle" skipped. Previously built successfully.
   4:5>_GenerateProjectRestoreGraphPerFramework:
       Using "GetRestorePackageDownloadsTask" task from assembly "/nix/store/8y83na7h81fw5kr1msmjc7rvx329djp0-dotnet-sdk-8.0.300/sdk/8.0.300/NuGet.Build.Tasks.dll".
   3:5>Target "_GetRestoreProjectStyle" skipped. Previously built successfully.
   4:5>Task "GetRestorePackageDownloadsTask"
   1:6>Done executing task "GetRestorePackageDownloadsTask".
   4:5>Done executing task "GetRestorePackageDownloadsTask".
   3:5>Target "_GetRestoreTargetFrameworkOverride" in file "/nix/store/8y83na7h81fw5kr1msmjc7rvx329djp0-dotnet-sdk-8.0.300/sdk/8.0.300/NuGet.targets" from project "/home/runner/workspace/PokerGame.Abstractions/PokerGame.Abstractions.csproj" (target "_GetRestoreTargetFrameworksOutput" depends on it):
   3:5>Task "GetGlobalPropertyValueTask" skipped, due to false condition; ( '$(TargetFrameworks)' != '' ) was evaluated as ( '' != '' ).
   4:5>_GenerateProjectRestoreGraphPerFramework:
       Using "GetRestoreFrameworkReferencesTask" task from assembly "/nix/store/8y83na7h81fw5kr1msmjc7rvx329djp0-dotnet-sdk-8.0.300/sdk/8.0.300/NuGet.Build.Tasks.dll".
   1:6>_GenerateProjectRestoreGraphPerFramework:
       Using "GetRestoreFrameworkReferencesTask" task from assembly "/nix/store/8y83na7h81fw5kr1msmjc7rvx329djp0-dotnet-sdk-8.0.300/sdk/8.0.300/NuGet.Build.Tasks.dll".
       Task "GetRestoreFrameworkReferencesTask"
   3:5>Done building target "_GetRestoreTargetFrameworkOverride" in project "PokerGame.Abstractions.csproj".
   4:5>Task "GetRestoreFrameworkReferencesTask"
   3:5>Target "_GetRestoreTargetFrameworksOutput" in file "/nix/store/8y83na7h81fw5kr1msmjc7rvx329djp0-dotnet-sdk-8.0.300/sdk/8.0.300/NuGet.targets" from project "/home/runner/workspace/PokerGame.Abstractions/PokerGame.Abstractions.csproj" (target "_GenerateRestoreProjectSpec" depends on it):
   3:5>Using "GetProjectTargetFrameworksTask" task from assembly "/nix/store/8y83na7h81fw5kr1msmjc7rvx329djp0-dotnet-sdk-8.0.300/sdk/8.0.300/NuGet.Build.Tasks.dll".
       Task "GetProjectTargetFrameworksTask"
   4:5>Done executing task "GetRestoreFrameworkReferencesTask".
   3:5>Done executing task "GetProjectTargetFrameworksTask".
   3:5>Done building target "_GetRestoreTargetFrameworksOutput" in project "PokerGame.Abstractions.csproj".
   4:5>Done building target "_GenerateProjectRestoreGraphPerFramework" in project "MSA.Foundation.csproj".
   3:5>Target "_GetRestoreSettings" skipped. Previously built successfully.
   3:5>Target "_GenerateRestoreProjectSpec" in file "/nix/store/8y83na7h81fw5kr1msmjc7rvx329djp0-dotnet-sdk-8.0.300/sdk/8.0.300/NuGet.targets" from project "/home/runner/workspace/PokerGame.Abstractions/PokerGame.Abstractions.csproj" (target "_GenerateProjectRestoreGraph" depends on it):
       Task "ConvertToAbsolutePath"
       Done executing task "ConvertToAbsolutePath".
   3:5>Done building target "_GenerateRestoreProjectSpec" in project "PokerGame.Abstractions.csproj".
       Target "_GenerateProjectRestoreGraphAllFrameworks" skipped, due to false condition; ( '$(TargetFrameworks)' != '' ) was evaluated as ( '' != '' ).
   1:6>Done executing task "GetRestoreFrameworkReferencesTask".
   3:5>Target "_GetRestoreProjectStyle" skipped. Previously built successfully.
       Target "CollectPackageReferences" skipped. Previously built successfully.
   1:6>Done building target "_GenerateProjectRestoreGraphPerFramework" in project "PokerGame.Tests.csproj".
   1:6>Target "_GenerateProjectRestoreGraphCurrentProject" in file "/nix/store/8y83na7h81fw5kr1msmjc7rvx329djp0-dotnet-sdk-8.0.300/sdk/8.0.300/NuGet.targets" from project "/home/runner/workspace/PokerGame.Tests/PokerGame.Tests.csproj" (target "_GenerateRestoreDependencies" depends on it):
   1:6>Done building target "_GenerateProjectRestoreGraphCurrentProject" in project "PokerGame.Tests.csproj".
   1:6>Target "_GenerateRestoreDependencies" in file "/nix/store/8y83na7h81fw5kr1msmjc7rvx329djp0-dotnet-sdk-8.0.300/sdk/8.0.300/NuGet.targets" from project "/home/runner/workspace/PokerGame.Tests/PokerGame.Tests.csproj" (target "_GenerateProjectRestoreGraph" depends on it):
   1:6>Done building target "_GenerateRestoreDependencies" in project "PokerGame.Tests.csproj".
   1:6>Target "_GenerateProjectRestoreGraph" in file "/nix/store/8y83na7h81fw5kr1msmjc7rvx329djp0-dotnet-sdk-8.0.300/sdk/8.0.300/NuGet.targets" from project "/home/runner/workspace/PokerGame.Tests/PokerGame.Tests.csproj" (entry point):
   1:6>Done building target "_GenerateProjectRestoreGraph" in project "PokerGame.Tests.csproj".
   1:6>Done Building Project "/home/runner/workspace/PokerGame.Tests/PokerGame.Tests.csproj" (_GenerateProjectRestoreGraph target(s)).
   4:5>Target "_GenerateProjectRestoreGraphCurrentProject" in file "/nix/store/8y83na7h81fw5kr1msmjc7rvx329djp0-dotnet-sdk-8.0.300/sdk/8.0.300/NuGet.targets" from project "/home/runner/workspace/MSA.Foundation/MSA.Foundation.csproj" (target "_GenerateRestoreDependencies" depends on it):
   4:5>Done building target "_GenerateProjectRestoreGraphCurrentProject" in project "MSA.Foundation.csproj".
   3:5>Target "CollectPackageDownloads" in file "/nix/store/8y83na7h81fw5kr1msmjc7rvx329djp0-dotnet-sdk-8.0.300/sdk/8.0.300/NuGet.targets" from project "/home/runner/workspace/PokerGame.Abstractions/PokerGame.Abstractions.csproj" (target "_GenerateProjectRestoreGraphPerFramework" depends on it):
   3:5>Task "CheckForDuplicateNuGetItemsTask"
       Done executing task "CheckForDuplicateNuGetItemsTask".
   3:5>Done building target "CollectPackageDownloads" in project "PokerGame.Abstractions.csproj".
   3:5>Target "CollectFrameworkReferences" in file "/nix/store/8y83na7h81fw5kr1msmjc7rvx329djp0-dotnet-sdk-8.0.300/sdk/8.0.300/NuGet.targets" from project "/home/runner/workspace/PokerGame.Abstractions/PokerGame.Abstractions.csproj" (target "_GenerateProjectRestoreGraphPerFramework" depends on it):
   3:5>Done building target "CollectFrameworkReferences" in project "PokerGame.Abstractions.csproj".
   3:5>Target "CollectCentralPackageVersions" in file "/nix/store/8y83na7h81fw5kr1msmjc7rvx329djp0-dotnet-sdk-8.0.300/sdk/8.0.300/NuGet.targets" from project "/home/runner/workspace/PokerGame.Abstractions/PokerGame.Abstractions.csproj" (target "_GenerateProjectRestoreGraphPerFramework" depends on it):
       Task "CheckForDuplicateNuGetItemsTask"
       Done executing task "CheckForDuplicateNuGetItemsTask".
   3:5>Done building target "CollectCentralPackageVersions" in project "PokerGame.Abstractions.csproj".
       Target "PrepRestoreForStoreProjects" skipped, due to false condition; ('$(StorePackageName)' != '') was evaluated as ('' != '').
   4:5>Target "_GenerateRestoreDependencies" in file "/nix/store/8y83na7h81fw5kr1msmjc7rvx329djp0-dotnet-sdk-8.0.300/sdk/8.0.300/NuGet.targets" from project "/home/runner/workspace/MSA.Foundation/MSA.Foundation.csproj" (target "_GenerateProjectRestoreGraph" depends on it):
   4:5>Done building target "_GenerateRestoreDependencies" in project "MSA.Foundation.csproj".
   3:5>Target "_GenerateProjectRestoreGraphPerFramework" in file "/nix/store/8y83na7h81fw5kr1msmjc7rvx329djp0-dotnet-sdk-8.0.300/sdk/8.0.300/NuGet.targets" from project "/home/runner/workspace/PokerGame.Abstractions/PokerGame.Abstractions.csproj" (target "_GenerateProjectRestoreGraphCurrentProject" depends on it):
   3:5>Using "GetRestoreProjectReferencesTask" task from assembly "/nix/store/8y83na7h81fw5kr1msmjc7rvx329djp0-dotnet-sdk-8.0.300/sdk/8.0.300/NuGet.Build.Tasks.dll".
       Task "GetRestoreProjectReferencesTask"
   4:5>Target "_GenerateProjectRestoreGraph" in file "/nix/store/8y83na7h81fw5kr1msmjc7rvx329djp0-dotnet-sdk-8.0.300/sdk/8.0.300/NuGet.targets" from project "/home/runner/workspace/MSA.Foundation/MSA.Foundation.csproj" (entry point):
   4:5>Done building target "_GenerateProjectRestoreGraph" in project "MSA.Foundation.csproj".
   4:5>Done Building Project "/home/runner/workspace/MSA.Foundation/MSA.Foundation.csproj" (_GenerateProjectRestoreGraph target(s)).
   3:5>Done executing task "GetRestoreProjectReferencesTask".
       Using "GetRestorePackageReferencesTask" task from assembly "/nix/store/8y83na7h81fw5kr1msmjc7rvx329djp0-dotnet-sdk-8.0.300/sdk/8.0.300/NuGet.Build.Tasks.dll".
       Task "GetRestorePackageReferencesTask"
       Done executing task "GetRestorePackageReferencesTask".
       Task "GetCentralPackageVersionsTask" skipped, due to false condition; ( '$(PackageReferenceCompatibleProjectStyle)' == 'true' AND '$(_CentralPackageVersionsEnabled)' == 'true' ) was evaluated as ( 'True' == 'true' AND '' == 'true' ).
       Using "GetRestorePackageDownloadsTask" task from assembly "/nix/store/8y83na7h81fw5kr1msmjc7rvx329djp0-dotnet-sdk-8.0.300/sdk/8.0.300/NuGet.Build.Tasks.dll".
       Task "GetRestorePackageDownloadsTask"
       Done executing task "GetRestorePackageDownloadsTask".
       Using "GetRestoreFrameworkReferencesTask" task from assembly "/nix/store/8y83na7h81fw5kr1msmjc7rvx329djp0-dotnet-sdk-8.0.300/sdk/8.0.300/NuGet.Build.Tasks.dll".
       Task "GetRestoreFrameworkReferencesTask"
       Done executing task "GetRestoreFrameworkReferencesTask".
   3:5>Done building target "_GenerateProjectRestoreGraphPerFramework" in project "PokerGame.Abstractions.csproj".
   3:5>Target "_GenerateProjectRestoreGraphCurrentProject" in file "/nix/store/8y83na7h81fw5kr1msmjc7rvx329djp0-dotnet-sdk-8.0.300/sdk/8.0.300/NuGet.targets" from project "/home/runner/workspace/PokerGame.Abstractions/PokerGame.Abstractions.csproj" (target "_GenerateRestoreDependencies" depends on it):
   3:5>Done building target "_GenerateProjectRestoreGraphCurrentProject" in project "PokerGame.Abstractions.csproj".
   3:5>Target "_GenerateRestoreDependencies" in file "/nix/store/8y83na7h81fw5kr1msmjc7rvx329djp0-dotnet-sdk-8.0.300/sdk/8.0.300/NuGet.targets" from project "/home/runner/workspace/PokerGame.Abstractions/PokerGame.Abstractions.csproj" (target "_GenerateProjectRestoreGraph" depends on it):
   3:5>Done building target "_GenerateRestoreDependencies" in project "PokerGame.Abstractions.csproj".
   3:5>Target "_GenerateProjectRestoreGraph" in file "/nix/store/8y83na7h81fw5kr1msmjc7rvx329djp0-dotnet-sdk-8.0.300/sdk/8.0.300/NuGet.targets" from project "/home/runner/workspace/PokerGame.Abstractions/PokerGame.Abstractions.csproj" (entry point):
   3:5>Done building target "_GenerateProjectRestoreGraph" in project "PokerGame.Abstractions.csproj".
   3:5>Done Building Project "/home/runner/workspace/PokerGame.Abstractions/PokerGame.Abstractions.csproj" (_GenerateProjectRestoreGraph target(s)).
     1>Done executing task "MSBuild".
     1>Done building target "_GenerateRestoreGraph" in project "PokerGame.Tests.csproj".
       Target "_CheckForUnsupportedTargetFramework" skipped, due to false condition; ('$(_UnsupportedTargetFrameworkError)' == 'true') was evaluated as ('' == 'true').
     1>Target "_CollectTargetFrameworkForTelemetry" in file "/nix/store/8y83na7h81fw5kr1msmjc7rvx329djp0-dotnet-sdk-8.0.300/sdk/8.0.300/Sdks/Microsoft.NET.Sdk/targets/Microsoft.NET.TargetFrameworkInference.targets" from project "/home/runner/workspace/PokerGame.Tests/PokerGame.Tests.csproj" (target "Restore" depends on it):
       Using "AllowEmptyTelemetry" task from assembly "/nix/store/8y83na7h81fw5kr1msmjc7rvx329djp0-dotnet-sdk-8.0.300/sdk/8.0.300/Sdks/Microsoft.NET.Sdk/targets/../tools/net8.0/Microsoft.NET.Build.Tasks.dll".
       Task "AllowEmptyTelemetry"
       Done executing task "AllowEmptyTelemetry".
     1>Done building target "_CollectTargetFrameworkForTelemetry" in project "PokerGame.Tests.csproj".
     1>Target "_CheckForUnsupportedNETCoreVersion" in file "/nix/store/8y83na7h81fw5kr1msmjc7rvx329djp0-dotnet-sdk-8.0.300/sdk/8.0.300/Sdks/Microsoft.NET.Sdk/targets/Microsoft.NET.TargetFrameworkInference.targets" from project "/home/runner/workspace/PokerGame.Tests/PokerGame.Tests.csproj" (target "Restore" depends on it):
       Task "NETSdkError" skipped, due to false condition; ('$(_TargetFrameworkVersionWithoutV)' > '$(NETCoreAppMaximumVersion)' and '$(DisplayVSMessage)' != 'true') was evaluated as ('8.0' > '8.0' and '' != 'true').
       Task "NETSdkError" skipped, due to false condition; ('$(DisplayVSMessage)' == 'true') was evaluated as ('' == 'true').
     1>Done building target "_CheckForUnsupportedNETCoreVersion" in project "PokerGame.Tests.csproj".
       Target "_CheckForEolTargetFrameworks" skipped, due to false condition; ('@(_EolNetCoreTargetFrameworkVersions->AnyHaveMetadataValue('Identity', '$(_TargetFrameworkVersionWithoutV)'))' and '$(TargetFrameworkIdentifier)' == '.NETCoreApp' and '$(CheckEolTargetFramework)' == 'true') was evaluated as ('false' and '.NETCoreApp' == '.NETCoreApp' and '' == 'true').
       Target "_CheckForEolWorkloads" skipped, due to false condition; ('@(EolWorkload)' != '' and '$(CheckEolWorkloads)' == 'true') was evaluated as ('' != '' and 'true' == 'true').
     1>Target "_CheckForUnsupportedCppNETCoreVersion" in file "/nix/store/8y83na7h81fw5kr1msmjc7rvx329djp0-dotnet-sdk-8.0.300/sdk/8.0.300/Sdks/Microsoft.NET.Sdk/targets/Microsoft.NET.TargetFrameworkInference.targets" from project "/home/runner/workspace/PokerGame.Tests/PokerGame.Tests.csproj" (target "Restore" depends on it):
       Task "NETSdkError" skipped, due to false condition; ('$(TargetFrameworkIdentifier)' == '.NETCoreApp' and '$(_TargetFrameworkVersionWithoutV)' < '3.1' and ('$(Language)' == 'C++' and '$(_EnablePackageReferencesInVCProjects)' != 'true')) was evaluated as ('.NETCoreApp' == '.NETCoreApp' and '8.0' < '3.1' and ('C#' == 'C++' and '' != 'true')).
     1>Done building target "_CheckForUnsupportedCppNETCoreVersion" in project "PokerGame.Tests.csproj".
       Target "_CheckForUnsupportedNETStandardVersion" skipped, due to false condition; ('$(TargetFrameworkIdentifier)' == '.NETStandard' And '$(NETStandardMaximumVersion)' != '') was evaluated as ('.NETCoreApp' == '.NETStandard' And '' != '').
       Target "_CheckForUnsupportedTargetFrameworkAndFeatureCombination" skipped, due to false condition; ('$(TargetFrameworkIdentifier)' == '.NETFramework') was evaluated as ('.NETCoreApp' == '.NETFramework').
     1>Target "Restore" in file "/nix/store/8y83na7h81fw5kr1msmjc7rvx329djp0-dotnet-sdk-8.0.300/sdk/8.0.300/NuGet.targets" from project "/home/runner/workspace/PokerGame.Tests/PokerGame.Tests.csproj" (entry point):
       Task "RemoveDuplicates"
       Done executing task "RemoveDuplicates".
       Using "RestoreTask" task from assembly "/nix/store/8y83na7h81fw5kr1msmjc7rvx329djp0-dotnet-sdk-8.0.300/sdk/8.0.300/NuGet.Build.Tasks.dll".
       Task "RestoreTask"
         Assembly loaded during TaskRun (NuGet.Build.Tasks.RestoreTask): NuGet.Packaging, Version=6.10.0.97, Culture=neutral, PublicKeyToken=31bf3856ad364e35 (location: /nix/store/8y83na7h81fw5kr1msmjc7rvx329djp0-dotnet-sdk-8.0.300/sdk/8.0.300/NuGet.Packaging.dll, MVID: a5872115-ad31-41c6-8ee1-d250f9a89421, AssemblyLoadContext: MSBuild plugin /nix/store/8y83na7h81fw5kr1msmjc7rvx329djp0-dotnet-sdk-8.0.300/sdk/8.0.300/NuGet.Build.Tasks.dll)
         Assembly loaded during TaskRun (NuGet.Build.Tasks.RestoreTask): NuGet.LibraryModel, Version=6.10.0.97, Culture=neutral, PublicKeyToken=31bf3856ad364e35 (location: /nix/store/8y83na7h81fw5kr1msmjc7rvx329djp0-dotnet-sdk-8.0.300/sdk/8.0.300/NuGet.LibraryModel.dll, MVID: dca91d3d-e887-45d7-adbe-fb21a6d2e8de, AssemblyLoadContext: MSBuild plugin /nix/store/8y83na7h81fw5kr1msmjc7rvx329djp0-dotnet-sdk-8.0.300/sdk/8.0.300/NuGet.Build.Tasks.dll)
         Assembly loaded during TaskRun (NuGet.Build.Tasks.RestoreTask): NuGet.Versioning, Version=6.10.0.97, Culture=neutral, PublicKeyToken=31bf3856ad364e35 (location: /nix/store/8y83na7h81fw5kr1msmjc7rvx329djp0-dotnet-sdk-8.0.300/sdk/8.0.300/NuGet.Versioning.dll, MVID: 6c33ba60-7e6e-44e4-9bb0-f837223833cb, AssemblyLoadContext: MSBuild plugin /nix/store/8y83na7h81fw5kr1msmjc7rvx329djp0-dotnet-sdk-8.0.300/sdk/8.0.300/NuGet.Build.Tasks.dll)
         Assembly loaded during TaskRun (NuGet.Build.Tasks.RestoreTask): System.ObjectModel, Version=8.0.0.0, Culture=neutral, PublicKeyToken=b03f5f7f11d50a3a (location: /nix/store/8y83na7h81fw5kr1msmjc7rvx329djp0-dotnet-sdk-8.0.300/shared/Microsoft.NETCore.App/8.0.5/System.ObjectModel.dll, MVID: 40628e02-417d-4e6e-b791-44042bb2bc38, AssemblyLoadContext: Default)
         Assembly loaded during TaskRun (NuGet.Build.Tasks.RestoreTask): NuGet.Frameworks, Version=6.10.0.97, Culture=neutral, PublicKeyToken=31bf3856ad364e35 (location: /nix/store/8y83na7h81fw5kr1msmjc7rvx329djp0-dotnet-sdk-8.0.300/sdk/8.0.300/NuGet.Frameworks.dll, MVID: 05e5996d-f121-4c49-b976-ad842a7e715b, AssemblyLoadContext: MSBuild plugin /nix/store/8y83na7h81fw5kr1msmjc7rvx329djp0-dotnet-sdk-8.0.300/sdk/8.0.300/NuGet.Build.Tasks.dll)
         Assembly loaded during TaskRun (NuGet.Build.Tasks.RestoreTask): NuGet.Protocol, Version=6.10.0.97, Culture=neutral, PublicKeyToken=31bf3856ad364e35 (location: /nix/store/8y83na7h81fw5kr1msmjc7rvx329djp0-dotnet-sdk-8.0.300/sdk/8.0.300/NuGet.Protocol.dll, MVID: d5266668-ac7a-4040-8fc3-1c7012b4cabd, AssemblyLoadContext: MSBuild plugin /nix/store/8y83na7h81fw5kr1msmjc7rvx329djp0-dotnet-sdk-8.0.300/sdk/8.0.300/NuGet.Build.Tasks.dll)
         Assembly loaded during TaskRun (NuGet.Build.Tasks.RestoreTask): NuGet.Credentials, Version=6.10.0.97, Culture=neutral, PublicKeyToken=31bf3856ad364e35 (location: /nix/store/8y83na7h81fw5kr1msmjc7rvx329djp0-dotnet-sdk-8.0.300/sdk/8.0.300/NuGet.Credentials.dll, MVID: ea901be9-37b6-4531-b6bb-6c0ca715f2cd, AssemblyLoadContext: MSBuild plugin /nix/store/8y83na7h81fw5kr1msmjc7rvx329djp0-dotnet-sdk-8.0.300/sdk/8.0.300/NuGet.Build.Tasks.dll)
         Assembly loaded during TaskRun (NuGet.Build.Tasks.RestoreTask): System.Security.Cryptography.X509Certificates, Version=8.0.0.0, Culture=neutral, PublicKeyToken=b03f5f7f11d50a3a (location: /nix/store/8y83na7h81fw5kr1msmjc7rvx329djp0-dotnet-sdk-8.0.300/shared/Microsoft.NETCore.App/8.0.5/System.Security.Cryptography.X509Certificates.dll, MVID: 6bdf6b21-5c01-4db7-82f9-fee6861cb1dc, AssemblyLoadContext: Default)
         Assembly loaded during TaskRun (NuGet.Build.Tasks.RestoreTask): System.IO.FileSystem, Version=8.0.0.0, Culture=neutral, PublicKeyToken=b03f5f7f11d50a3a (location: /nix/store/8y83na7h81fw5kr1msmjc7rvx329djp0-dotnet-sdk-8.0.300/shared/Microsoft.NETCore.App/8.0.5/System.IO.FileSystem.dll, MVID: ae201a99-e5cc-4bb9-a53a-21a7588f2de6, AssemblyLoadContext: Default)
         Assembly loaded during TaskRun (NuGet.Build.Tasks.RestoreTask): System.Formats.Asn1, Version=8.0.0.0, Culture=neutral, PublicKeyToken=cc7b13ffcd2ddd51 (location: /nix/store/8y83na7h81fw5kr1msmjc7rvx329djp0-dotnet-sdk-8.0.300/shared/Microsoft.NETCore.App/8.0.5/System.Formats.Asn1.dll, MVID: 3f4bad6e-b44a-47fa-b5ee-ec339a36716d, AssemblyLoadContext: Default)
         Assembly loaded during TaskRun (NuGet.Build.Tasks.RestoreTask): System.Runtime.Numerics, Version=8.0.0.0, Culture=neutral, PublicKeyToken=b03f5f7f11d50a3a (location: /nix/store/8y83na7h81fw5kr1msmjc7rvx329djp0-dotnet-sdk-8.0.300/shared/Microsoft.NETCore.App/8.0.5/System.Runtime.Numerics.dll, MVID: 821f88f3-acc4-452d-816a-a19fd67c0e75, AssemblyLoadContext: Default)
         Assembly loaded during TaskRun (NuGet.Build.Tasks.RestoreTask): System.Net.Requests, Version=8.0.0.0, Culture=neutral, PublicKeyToken=b03f5f7f11d50a3a (location: /nix/store/8y83na7h81fw5kr1msmjc7rvx329djp0-dotnet-sdk-8.0.300/shared/Microsoft.NETCore.App/8.0.5/System.Net.Requests.dll, MVID: 369da88f-05ab-480b-9dfc-ee3e779c9c73, AssemblyLoadContext: Default)
         X.509 certificate chain validation will use the fallback certificate bundle at '/nix/store/8y83na7h81fw5kr1msmjc7rvx329djp0-dotnet-sdk-8.0.300/sdk/8.0.300/trustedroots/codesignctl.pem'.
         Assembly loaded during TaskRun (NuGet.Build.Tasks.RestoreTask): System.Runtime.Intrinsics, Version=8.0.0.0, Culture=neutral, PublicKeyToken=cc7b13ffcd2ddd51 (location: /nix/store/8y83na7h81fw5kr1msmjc7rvx329djp0-dotnet-sdk-8.0.300/shared/Microsoft.NETCore.App/8.0.5/System.Runtime.Intrinsics.dll, MVID: 45dd8864-8766-4367-9d37-d49efebea0ee, AssemblyLoadContext: Default)
         X.509 certificate chain validation will use the fallback certificate bundle at '/nix/store/8y83na7h81fw5kr1msmjc7rvx329djp0-dotnet-sdk-8.0.300/sdk/8.0.300/trustedroots/timestampctl.pem'.
         Assembly loaded during TaskRun (NuGet.Build.Tasks.RestoreTask): NuGet.DependencyResolver.Core, Version=6.10.0.97, Culture=neutral, PublicKeyToken=31bf3856ad364e35 (location: /nix/store/8y83na7h81fw5kr1msmjc7rvx329djp0-dotnet-sdk-8.0.300/sdk/8.0.300/NuGet.DependencyResolver.Core.dll, MVID: 73a3ef73-6ec0-428c-a2a0-f5c015892b67, AssemblyLoadContext: MSBuild plugin /nix/store/8y83na7h81fw5kr1msmjc7rvx329djp0-dotnet-sdk-8.0.300/sdk/8.0.300/NuGet.Build.Tasks.dll)
         Running restore with 6 concurrent jobs.
         Reading project file /home/runner/workspace/PokerGame.Abstractions/PokerGame.Abstractions.csproj.
         Reading project file /home/runner/workspace/MSA.Foundation/MSA.Foundation.csproj.
         Reading project file /home/runner/workspace/PokerGame.Tests/PokerGame.Tests.csproj.
         Assembly loaded during TaskRun (NuGet.Build.Tasks.RestoreTask): Newtonsoft.Json, Version=13.0.0.0, Culture=neutral, PublicKeyToken=30ad4fe6b2a6aeed (location: /nix/store/8y83na7h81fw5kr1msmjc7rvx329djp0-dotnet-sdk-8.0.300/sdk/8.0.300/Newtonsoft.Json.dll, MVID: 7e62198b-eab2-4380-bbac-29171862d1d8, AssemblyLoadContext: MSBuild plugin /nix/store/8y83na7h81fw5kr1msmjc7rvx329djp0-dotnet-sdk-8.0.300/sdk/8.0.300/NuGet.Build.Tasks.dll)
         Assembly loaded during TaskRun (NuGet.Build.Tasks.RestoreTask): System.Runtime.Serialization.Primitives, Version=8.0.0.0, Culture=neutral, PublicKeyToken=b03f5f7f11d50a3a (location: /nix/store/8y83na7h81fw5kr1msmjc7rvx329djp0-dotnet-sdk-8.0.300/shared/Microsoft.NETCore.App/8.0.5/System.Runtime.Serialization.Primitives.dll, MVID: 32b6ae49-b437-400e-a422-40df3aff18fa, AssemblyLoadContext: Default)
         Assembly loaded during TaskRun (NuGet.Build.Tasks.RestoreTask): System.Linq.Expressions, Version=8.0.0.0, Culture=neutral, PublicKeyToken=b03f5f7f11d50a3a (location: /nix/store/8y83na7h81fw5kr1msmjc7rvx329djp0-dotnet-sdk-8.0.300/shared/Microsoft.NETCore.App/8.0.5/System.Linq.Expressions.dll, MVID: 1071c3d6-fe97-40e1-906a-190d917f86ae, AssemblyLoadContext: Default)
         Assembly loaded during TaskRun (NuGet.Build.Tasks.RestoreTask): System.ComponentModel.TypeConverter, Version=8.0.0.0, Culture=neutral, PublicKeyToken=b03f5f7f11d50a3a (location: /nix/store/8y83na7h81fw5kr1msmjc7rvx329djp0-dotnet-sdk-8.0.300/shared/Microsoft.NETCore.App/8.0.5/System.ComponentModel.TypeConverter.dll, MVID: 95c1c401-84fe-43ea-9006-6dc0a1676b1e, AssemblyLoadContext: Default)
         The restore inputs for 'PokerGame.Tests' have not changed. No further actions are required to complete the restore.
         The restore inputs for 'PokerGame.Abstractions' have not changed. No further actions are required to complete the restore.
         The restore inputs for 'MSA.Foundation' have not changed. No further actions are required to complete the restore.
         Committing restore...
         Committing restore...
         Committing restore...
         Assets file has not changed. Skipping assets file writing. Path: /home/runner/workspace/MSA.Foundation/obj/project.assets.json
         No-Op restore. The cache will not be updated. Path: /home/runner/workspace/MSA.Foundation/obj/project.nuget.cache
         Assets file has not changed. Skipping assets file writing. Path: /home/runner/workspace/PokerGame.Abstractions/obj/project.assets.json
         No-Op restore. The cache will not be updated. Path: /home/runner/workspace/PokerGame.Abstractions/obj/project.nuget.cache
         Assets file has not changed. Skipping assets file writing. Path: /home/runner/workspace/PokerGame.Tests/obj/project.assets.json
         No-Op restore. The cache will not be updated. Path: /home/runner/workspace/PokerGame.Tests/obj/project.nuget.cache
         Restored /home/runner/workspace/MSA.Foundation/MSA.Foundation.csproj (in 125 ms).
         Restored /home/runner/workspace/PokerGame.Abstractions/PokerGame.Abstractions.csproj (in 126 ms).
         Restored /home/runner/workspace/PokerGame.Tests/PokerGame.Tests.csproj (in 126 ms).
         Reading project file /home/runner/workspace/PokerGame.Core/PokerGame.Core.csproj.
         The restore inputs for 'PokerGame.Core' have not changed. No further actions are required to complete the restore.
         Committing restore...
         Assets file has not changed. Skipping assets file writing. Path: /home/runner/workspace/PokerGame.Core/obj/project.assets.json
         No-Op restore. The cache will not be updated. Path: /home/runner/workspace/PokerGame.Core/obj/project.nuget.cache
         Restored /home/runner/workspace/PokerGame.Core/PokerGame.Core.csproj (in 2 ms).
         
         NuGet Config files used:
             /home/runner/.nuget/NuGet/NuGet.Config
         
         Feeds used:
             https://api.nuget.org/v3/index.json
         All projects are up-to-date for restore.
       Done executing task "RestoreTask".
     1>Done building target "Restore" in project "PokerGame.Tests.csproj".
     1>Done Building Project "/home/runner/workspace/PokerGame.Tests/PokerGame.Tests.csproj" (Restore target(s)).
     0>Property 'MSBuildExtensionsPath' with value '/nix/store/8y83na7h81fw5kr1msmjc7rvx329djp0-dotnet-sdk-8.0.300/sdk/8.0.300/' expanded from the environment.
       Property reassignment: $(MSBuildProjectExtensionsPath)="/home/runner/workspace/PokerGame.Tests/obj/" (previous value: "obj/") at /nix/store/8y83na7h81fw5kr1msmjc7rvx329djp0-dotnet-sdk-8.0.300/sdk/8.0.300/Current/Microsoft.Common.props (60,5)
       Property reassignment: $(AssemblySearchPaths)="{CandidateAssemblyFiles};{HintPathFromItem}" (previous value: "{CandidateAssemblyFiles}") at /nix/store/8y83na7h81fw5kr1msmjc7rvx329djp0-dotnet-sdk-8.0.300/sdk/8.0.300/Sdks/Microsoft.NET.Sdk/targets/Microsoft.NET.Sdk.props (91,5)
       Property reassignment: $(AssemblySearchPaths)="{CandidateAssemblyFiles};{HintPathFromItem};{TargetFrameworkDirectory}" (previous value: "{CandidateAssemblyFiles};{HintPathFromItem}") at /nix/store/8y83na7h81fw5kr1msmjc7rvx329djp0-dotnet-sdk-8.0.300/sdk/8.0.300/Sdks/Microsoft.NET.Sdk/targets/Microsoft.NET.Sdk.props (92,5)
       Property reassignment: $(AssemblySearchPaths)="{CandidateAssemblyFiles};{HintPathFromItem};{TargetFrameworkDirectory};{RawFileName}" (previous value: "{CandidateAssemblyFiles};{HintPathFromItem};{TargetFrameworkDirectory}") at /nix/store/8y83na7h81fw5kr1msmjc7rvx329djp0-dotnet-sdk-8.0.300/sdk/8.0.300/Sdks/Microsoft.NET.Sdk/targets/Microsoft.NET.Sdk.props (93,5)
       Property reassignment: $(TargetsForTfmSpecificContentInPackage)=";PackTool;_PackProjectToolValidation" (previous value: ";PackTool") at /nix/store/8y83na7h81fw5kr1msmjc7rvx329djp0-dotnet-sdk-8.0.300/sdk/8.0.300/Sdks/Microsoft.NET.Sdk/targets/Microsoft.NET.PackProjectTool.props (15,5)
       Property reassignment: $(PublishProfileImported)="false" (previous value: "true") at /nix/store/8y83na7h81fw5kr1msmjc7rvx329djp0-dotnet-sdk-8.0.300/sdk/8.0.300/Sdks/Microsoft.NET.Sdk/targets/Microsoft.NET.Sdk.ImportPublishProfile.targets (28,5)
       Property reassignment: $(TargetPlatformVersion)="" (previous value: "0.0") at /nix/store/8y83na7h81fw5kr1msmjc7rvx329djp0-dotnet-sdk-8.0.300/sdk/8.0.300/Sdks/Microsoft.NET.Sdk/targets/Microsoft.NET.TargetFrameworkInference.targets (69,5)
       Property reassignment: $(DefaultItemExcludes)=";bin/Debug//**;obj/Debug//**" (previous value: ";bin/Debug//**") at /nix/store/8y83na7h81fw5kr1msmjc7rvx329djp0-dotnet-sdk-8.0.300/sdk/8.0.300/Sdks/Microsoft.NET.Sdk/targets/Microsoft.NET.DefaultOutputPaths.targets (122,5)
       Property reassignment: $(OutputPath)="bin/Debug/net8.0/" (previous value: "bin/Debug/") at /nix/store/8y83na7h81fw5kr1msmjc7rvx329djp0-dotnet-sdk-8.0.300/sdk/8.0.300/Sdks/Microsoft.NET.Sdk/targets/Microsoft.NET.DefaultOutputPaths.targets (137,5)
       Property reassignment: $(IntermediateOutputPath)="obj/Debug/net8.0/" (previous value: "obj/Debug/") at /nix/store/8y83na7h81fw5kr1msmjc7rvx329djp0-dotnet-sdk-8.0.300/sdk/8.0.300/Sdks/Microsoft.NET.Sdk/targets/Microsoft.NET.DefaultOutputPaths.targets (142,5)
       Property reassignment: $(_FrameworkIdentifierForImplicitDefine)="NET" (previous value: "NETCOREAPP") at /nix/store/8y83na7h81fw5kr1msmjc7rvx329djp0-dotnet-sdk-8.0.300/sdk/8.0.300/Sdks/Microsoft.NET.Sdk/targets/Microsoft.NET.Sdk.BeforeCommon.targets (187,5)
       Property reassignment: $(_FrameworkVersionForImplicitDefine)="8_0" (previous value: "8.0") at /nix/store/8y83na7h81fw5kr1msmjc7rvx329djp0-dotnet-sdk-8.0.300/sdk/8.0.300/Sdks/Microsoft.NET.Sdk/targets/Microsoft.NET.Sdk.BeforeCommon.targets (192,5)
       Property reassignment: $(CommandLineArgsForDesignTimeEvaluation)="-langversion:12.0 -define:TRACE" (previous value: "-langversion:12.0") at /nix/store/8y83na7h81fw5kr1msmjc7rvx329djp0-dotnet-sdk-8.0.300/sdk/8.0.300/Roslyn/Microsoft.CSharp.Core.targets (200,5)
       Property reassignment: $(_DebugSymbolsProduced)="true" (previous value: "false") at /nix/store/8y83na7h81fw5kr1msmjc7rvx329djp0-dotnet-sdk-8.0.300/sdk/8.0.300/Microsoft.Common.CurrentVersion.targets (175,5)
       Property reassignment: $(_DocumentationFileProduced)="false" (previous value: "true") at /nix/store/8y83na7h81fw5kr1msmjc7rvx329djp0-dotnet-sdk-8.0.300/sdk/8.0.300/Microsoft.Common.CurrentVersion.targets (185,5)
       Property reassignment: $(MSBuildCopyMarkerName)="PokerGam.64075D9C" (previous value: "PokerGame.Tests.csproj") at /nix/store/8y83na7h81fw5kr1msmjc7rvx329djp0-dotnet-sdk-8.0.300/sdk/8.0.300/Microsoft.Common.CurrentVersion.targets (392,5)
       Property reassignment: $(MSBuildCopyMarkerName)="PokerGam.64075D9C.Up2Date" (previous value: "PokerGam.64075D9C") at /nix/store/8y83na7h81fw5kr1msmjc7rvx329djp0-dotnet-sdk-8.0.300/sdk/8.0.300/Microsoft.Common.CurrentVersion.targets (393,5)
       Property reassignment: $(ProcessorArchitecture)="msil" (previous value: "") at /nix/store/8y83na7h81fw5kr1msmjc7rvx329djp0-dotnet-sdk-8.0.300/sdk/8.0.300/Microsoft.Common.CurrentVersion.targets (536,5)
       Property reassignment: $(DelaySign)="" (previous value: "false") at /nix/store/8y83na7h81fw5kr1msmjc7rvx329djp0-dotnet-sdk-8.0.300/sdk/8.0.300/Microsoft.Common.CurrentVersion.targets (575,5)
       Property 'LocalAppData' with value '/home/runner/workspace/.local/share' expanded from the environment.
       Property reassignment: $(_SGenGenerateSerializationAssembliesConfig)="Auto" (previous value: "") at /nix/store/8y83na7h81fw5kr1msmjc7rvx329djp0-dotnet-sdk-8.0.300/sdk/8.0.300/Microsoft.Common.CurrentVersion.targets (3880,5)
       Property reassignment: $(_SGenGenerateSerializationAssembliesConfig)="Off" (previous value: "Auto") at /nix/store/8y83na7h81fw5kr1msmjc7rvx329djp0-dotnet-sdk-8.0.300/sdk/8.0.300/Microsoft.Common.CurrentVersion.targets (3881,5)
       Property reassignment: $(_TargetsThatPrepareProjectReferences)="
             AssignProjectConfiguration;
             _SplitProjectReferencesByFileExistence
           " (previous value: "_SplitProjectReferencesByFileExistence") at /nix/store/8y83na7h81fw5kr1msmjc7rvx329djp0-dotnet-sdk-8.0.300/sdk/8.0.300/Microsoft.Common.CurrentVersion.targets (5048,5)
       Property 'MSBuildExtensionsPath32' with value '/nix/store/8y83na7h81fw5kr1msmjc7rvx329djp0-dotnet-sdk-8.0.300/sdk/8.0.300' expanded from the environment.
       Property reassignment: $(OutputType)="Exe" (previous value: "Library") at /home/runner/.nuget/packages/microsoft.net.test.sdk/17.8.0/build/netcoreapp3.1/Microsoft.NET.Test.Sdk.targets (20,5)
       Property reassignment: $(_CoverletSourceRootTargetName)="InitializeSourceRootMappedPaths" (previous value: "CoverletGetPathMap") at /home/runner/.nuget/packages/coverlet.collector/6.0.0/build/netstandard1.0/coverlet.collector.targets (31,5)
       Property reassignment: $(HasRuntimeOutput)="true" (previous value: "") at /nix/store/8y83na7h81fw5kr1msmjc7rvx329djp0-dotnet-sdk-8.0.300/sdk/8.0.300/Sdks/Microsoft.NET.Sdk/targets/Microsoft.NET.Sdk.Common.targets (37,5)
       Property reassignment: $(ProjectAssetsCacheFile)="/home/runner/workspace/PokerGame.Tests/obj/Debug/net8.0/PokerGame.Tests.assets.cache" (previous value: "obj/Debug/net8.0/PokerGame.Tests.assets.cache") at /nix/store/8y83na7h81fw5kr1msmjc7rvx329djp0-dotnet-sdk-8.0.300/sdk/8.0.300/Sdks/Microsoft.NET.Sdk/targets/Microsoft.PackageDependencyResolution.targets (29,5)
       Property reassignment: $(ResolveAssemblyReferencesDependsOn)="
             
             ResolveProjectReferences;
             FindInvalidProjectReferences;
             GetFrameworkPaths;
             GetReferenceAssemblyPaths;
             PrepareForBuild;
             ResolveSDKReferences;
             ExpandSDKReferences;
           ;
             ResolvePackageDependenciesForBuild;
             _HandlePackageFileConflicts;
           " (previous value: "
             ResolveProjectReferences;
             FindInvalidProjectReferences;
             GetFrameworkPaths;
             GetReferenceAssemblyPaths;
             PrepareForBuild;
             ResolveSDKReferences;
             ExpandSDKReferences;
           ") at /nix/store/8y83na7h81fw5kr1msmjc7rvx329djp0-dotnet-sdk-8.0.300/sdk/8.0.300/Sdks/Microsoft.NET.Sdk/targets/Microsoft.PackageDependencyResolution.targets (80,5)
       Property reassignment: $(PrepareResourcesDependsOn)="
             ResolvePackageDependenciesForBuild;
             _HandlePackageFileConflicts;
             
             ;
             PrepareResourceNames;
             ResGen;
             CompileLicxFiles
           
           " (previous value: "
             ;
             PrepareResourceNames;
             ResGen;
             CompileLicxFiles
           ") at /nix/store/8y83na7h81fw5kr1msmjc7rvx329djp0-dotnet-sdk-8.0.300/sdk/8.0.300/Sdks/Microsoft.NET.Sdk/targets/Microsoft.PackageDependencyResolution.targets (86,5)
       Property reassignment: $(DefaultItemExcludes)=";bin/Debug//**;obj/Debug//**;bin//**" (previous value: ";bin/Debug//**;obj/Debug//**") at /nix/store/8y83na7h81fw5kr1msmjc7rvx329djp0-dotnet-sdk-8.0.300/sdk/8.0.300/Sdks/Microsoft.NET.Sdk/targets/Microsoft.NET.Sdk.DefaultItems.targets (27,5)
       Property reassignment: $(DefaultItemExcludes)=";bin/Debug//**;obj/Debug//**;bin//**;obj//**" (previous value: ";bin/Debug//**;obj/Debug//**;bin//**") at /nix/store/8y83na7h81fw5kr1msmjc7rvx329djp0-dotnet-sdk-8.0.300/sdk/8.0.300/Sdks/Microsoft.NET.Sdk/targets/Microsoft.NET.Sdk.DefaultItems.targets (29,5)
       Property reassignment: $(DefaultItemExcludes)=";bin/Debug//**;obj/Debug//**;bin//**;obj//**;**/*.user" (previous value: ";bin/Debug//**;obj/Debug//**;bin//**;obj//**") at /nix/store/8y83na7h81fw5kr1msmjc7rvx329djp0-dotnet-sdk-8.0.300/sdk/8.0.300/Sdks/Microsoft.NET.Sdk/targets/Microsoft.NET.Sdk.DefaultItems.targets (32,5)
       Property reassignment: $(DefaultItemExcludes)=";bin/Debug//**;obj/Debug//**;bin//**;obj//**;**/*.user;**/*.*proj" (previous value: ";bin/Debug//**;obj/Debug//**;bin//**;obj//**;**/*.user") at /nix/store/8y83na7h81fw5kr1msmjc7rvx329djp0-dotnet-sdk-8.0.300/sdk/8.0.300/Sdks/Microsoft.NET.Sdk/targets/Microsoft.NET.Sdk.DefaultItems.targets (33,5)
       Property reassignment: $(DefaultItemExcludes)=";bin/Debug//**;obj/Debug//**;bin//**;obj//**;**/*.user;**/*.*proj;**/*.sln" (previous value: ";bin/Debug//**;obj/Debug//**;bin//**;obj//**;**/*.user;**/*.*proj") at /nix/store/8y83na7h81fw5kr1msmjc7rvx329djp0-dotnet-sdk-8.0.300/sdk/8.0.300/Sdks/Microsoft.NET.Sdk/targets/Microsoft.NET.Sdk.DefaultItems.targets (34,5)
       Property reassignment: $(DefaultItemExcludes)=";bin/Debug//**;obj/Debug//**;bin//**;obj//**;**/*.user;**/*.*proj;**/*.sln;**/*.vssscc" (previous value: ";bin/Debug//**;obj/Debug//**;bin//**;obj//**;**/*.user;**/*.*proj;**/*.sln") at /nix/store/8y83na7h81fw5kr1msmjc7rvx329djp0-dotnet-sdk-8.0.300/sdk/8.0.300/Sdks/Microsoft.NET.Sdk/targets/Microsoft.NET.Sdk.DefaultItems.targets (35,5)
       Property reassignment: $(DefaultItemExcludes)=";bin/Debug//**;obj/Debug//**;bin//**;obj//**;**/*.user;**/*.*proj;**/*.sln;**/*.vssscc;**/.DS_Store" (previous value: ";bin/Debug//**;obj/Debug//**;bin//**;obj//**;**/*.user;**/*.*proj;**/*.sln;**/*.vssscc") at /nix/store/8y83na7h81fw5kr1msmjc7rvx329djp0-dotnet-sdk-8.0.300/sdk/8.0.300/Sdks/Microsoft.NET.Sdk/targets/Microsoft.NET.Sdk.DefaultItems.targets (36,5)
       Property reassignment: $(ResolveAssemblyReferencesDependsOn)="
             
             
             ResolveProjectReferences;
             FindInvalidProjectReferences;
             GetFrameworkPaths;
             GetReferenceAssemblyPaths;
             PrepareForBuild;
             ResolveSDKReferences;
             ExpandSDKReferences;
           ;
             ResolvePackageDependenciesForBuild;
             _HandlePackageFileConflicts;
           ;
             ResolveTargetingPackAssets;
           " (previous value: "
             
             ResolveProjectReferences;
             FindInvalidProjectReferences;
             GetFrameworkPaths;
             GetReferenceAssemblyPaths;
             PrepareForBuild;
             ResolveSDKReferences;
             ExpandSDKReferences;
           ;
             ResolvePackageDependenciesForBuild;
             _HandlePackageFileConflicts;
           ") at /nix/store/8y83na7h81fw5kr1msmjc7rvx329djp0-dotnet-sdk-8.0.300/sdk/8.0.300/Sdks/Microsoft.NET.Sdk/targets/Microsoft.NET.Sdk.FrameworkReferenceResolution.targets (14,5)
       Property reassignment: $(_GenerateRuntimeConfigurationPropertyInputsCache)="/home/runner/workspace/PokerGame.Tests/obj/Debug/net8.0/PokerGame.Tests.genruntimeconfig.cache" (previous value: "obj/Debug/net8.0/PokerGame.Tests.genruntimeconfig.cache") at /nix/store/8y83na7h81fw5kr1msmjc7rvx329djp0-dotnet-sdk-8.0.300/sdk/8.0.300/Sdks/Microsoft.NET.Sdk/targets/Microsoft.NET.Sdk.targets (44,5)
       Property reassignment: $(_GeneratePublishDependencyFilePropertyInputsCache)="/home/runner/workspace/PokerGame.Tests/obj/Debug/net8.0/PokerGame.Tests.genpublishdeps.cache" (previous value: "obj/Debug/net8.0/PokerGame.Tests.genpublishdeps.cache") at /nix/store/8y83na7h81fw5kr1msmjc7rvx329djp0-dotnet-sdk-8.0.300/sdk/8.0.300/Sdks/Microsoft.NET.Sdk/targets/Microsoft.NET.Sdk.targets (46,5)
       Property reassignment: $(_GenerateSingleFileBundlePropertyInputsCache)="/home/runner/workspace/PokerGame.Tests/obj/Debug/net8.0/PokerGame.Tests.genbundle.cache" (previous value: "obj/Debug/net8.0/PokerGame.Tests.genbundle.cache") at /nix/store/8y83na7h81fw5kr1msmjc7rvx329djp0-dotnet-sdk-8.0.300/sdk/8.0.300/Sdks/Microsoft.NET.Sdk/targets/Microsoft.NET.Sdk.targets (48,5)
       Property reassignment: $(GenerateRuntimeConfigDevFile)="false" (previous value: "true") at /nix/store/8y83na7h81fw5kr1msmjc7rvx329djp0-dotnet-sdk-8.0.300/sdk/8.0.300/Sdks/Microsoft.NET.Sdk/targets/Microsoft.NET.Sdk.targets (81,5)
       Property 'HOME' with value '/home/runner' expanded from the environment.
       Property reassignment: $(_DefaultUserProfileRuntimeStorePath)="/home/runner/.dotnet/store" (previous value: "/home/runner") at /nix/store/8y83na7h81fw5kr1msmjc7rvx329djp0-dotnet-sdk-8.0.300/sdk/8.0.300/Sdks/Microsoft.NET.Sdk/targets/Microsoft.NET.Sdk.targets (98,5)
       Property reassignment: $(AvailablePlatforms)="Any CPU,x86,x64,ARM32" (previous value: "Any CPU,x86,x64") at /nix/store/8y83na7h81fw5kr1msmjc7rvx329djp0-dotnet-sdk-8.0.300/sdk/8.0.300/Sdks/Microsoft.NET.Sdk/targets/Microsoft.NET.Sdk.targets (136,5)
       Property reassignment: $(AvailablePlatforms)="Any CPU,x86,x64,ARM32,ARM64" (previous value: "Any CPU,x86,x64,ARM32") at /nix/store/8y83na7h81fw5kr1msmjc7rvx329djp0-dotnet-sdk-8.0.300/sdk/8.0.300/Sdks/Microsoft.NET.Sdk/targets/Microsoft.NET.Sdk.targets (140,5)
       Property reassignment: $(CoreBuildDependsOn)="
             _CheckForBuildWithNoBuild;
             
             BuildOnlySettings;
             PrepareForBuild;
             PreBuildEvent;
             ResolveReferences;
             PrepareResources;
             ResolveKeySource;
             Compile;
             ExportWindowsMDFile;
             UnmanagedUnregistration;
             GenerateSerializationAssemblies;
             CreateSatelliteAssemblies;
             GenerateManifests;
             GetTargetPath;
             PrepareForRun;
             UnmanagedRegistration;
             IncrementalClean;
             PostBuildEvent
           ;
             GenerateBuildDependencyFile;
             GenerateBuildRuntimeConfigurationFiles
           " (previous value: "
             BuildOnlySettings;
             PrepareForBuild;
             PreBuildEvent;
             ResolveReferences;
             PrepareResources;
             ResolveKeySource;
             Compile;
             ExportWindowsMDFile;
             UnmanagedUnregistration;
             GenerateSerializationAssemblies;
             CreateSatelliteAssemblies;
             GenerateManifests;
             GetTargetPath;
             PrepareForRun;
             UnmanagedRegistration;
             IncrementalClean;
             PostBuildEvent
           ") at /nix/store/8y83na7h81fw5kr1msmjc7rvx329djp0-dotnet-sdk-8.0.300/sdk/8.0.300/Sdks/Microsoft.NET.Sdk/targets/Microsoft.NET.Sdk.targets (197,5)
       Property reassignment: $(CoreCleanDependsOn)="
             _SdkBeforeClean;
             
           " (previous value: "") at /nix/store/8y83na7h81fw5kr1msmjc7rvx329djp0-dotnet-sdk-8.0.300/sdk/8.0.300/Sdks/Microsoft.NET.Sdk/targets/Microsoft.NET.Sdk.targets (206,5)
       Property reassignment: $(RebuildDependsOn)="
             _SdkBeforeRebuild;
             
             BeforeRebuild;
             Clean;
             Build;
             AfterRebuild;
           
           " (previous value: "
             BeforeRebuild;
             Clean;
             Build;
             AfterRebuild;
           ") at /nix/store/8y83na7h81fw5kr1msmjc7rvx329djp0-dotnet-sdk-8.0.300/sdk/8.0.300/Sdks/Microsoft.NET.Sdk/targets/Microsoft.NET.Sdk.targets (213,5)
       Property reassignment: $(CompileDependsOn)="
             
             ResolveReferences;
             ResolveKeySource;
             SetWin32ManifestProperties;
             FindReferenceAssembliesForReferences;
             _GenerateCompileInputs;
             BeforeCompile;
             _TimeStampBeforeCompile;
             _GenerateCompileDependencyCache;
             CoreCompile;
             _TimeStampAfterCompile;
             AfterCompile;
           ;
             _CreateAppHost;
             _CreateComHost;
             _GetIjwHostPaths;
           " (previous value: "
             ResolveReferences;
             ResolveKeySource;
             SetWin32ManifestProperties;
             FindReferenceAssembliesForReferences;
             _GenerateCompileInputs;
             BeforeCompile;
             _TimeStampBeforeCompile;
             _GenerateCompileDependencyCache;
             CoreCompile;
             _TimeStampAfterCompile;
             AfterCompile;
           ") at /nix/store/8y83na7h81fw5kr1msmjc7rvx329djp0-dotnet-sdk-8.0.300/sdk/8.0.300/Sdks/Microsoft.NET.Sdk/targets/Microsoft.NET.Sdk.targets (679,5)
       Property reassignment: $(CreateSatelliteAssembliesDependsOn)="
             
             ;
             _GenerateSatelliteAssemblyInputs;
             ComputeIntermediateSatelliteAssemblies;
             GenerateSatelliteAssemblies
           ;
             CoreGenerateSatelliteAssemblies
           " (previous value: "
             ;
             _GenerateSatelliteAssemblyInputs;
             ComputeIntermediateSatelliteAssemblies;
             GenerateSatelliteAssemblies
           ") at /nix/store/8y83na7h81fw5kr1msmjc7rvx329djp0-dotnet-sdk-8.0.300/sdk/8.0.300/Sdks/Microsoft.NET.Sdk/targets/Microsoft.NET.Sdk.targets (1065,5)
       Property reassignment: $(SourceLinkUrlInitializerTargets)=";_InitializeGitHubSourceLinkUrl;_InitializeGitLabSourceLinkUrl" (previous value: ";_InitializeGitHubSourceLinkUrl") at /nix/store/8y83na7h81fw5kr1msmjc7rvx329djp0-dotnet-sdk-8.0.300/sdk/8.0.300/Sdks/Microsoft.SourceLink.GitLab/build/Microsoft.SourceLink.GitLab.targets (12,5)
       Property reassignment: $(SourceControlManagerUrlTranslationTargets)=";TranslateGitHubUrlsInSourceControlInformation;TranslateGitLabUrlsInSourceControlInformation" (previous value: ";TranslateGitHubUrlsInSourceControlInformation") at /nix/store/8y83na7h81fw5kr1msmjc7rvx329djp0-dotnet-sdk-8.0.300/sdk/8.0.300/Sdks/Microsoft.SourceLink.GitLab/build/Microsoft.SourceLink.GitLab.targets (13,5)
       Property reassignment: $(SourceLinkUrlInitializerTargets)=";_InitializeGitHubSourceLinkUrl;_InitializeGitLabSourceLinkUrl;_InitializeAzureReposGitSourceLinkUrl" (previous value: ";_InitializeGitHubSourceLinkUrl;_InitializeGitLabSourceLinkUrl") at /nix/store/8y83na7h81fw5kr1msmjc7rvx329djp0-dotnet-sdk-8.0.300/sdk/8.0.300/Sdks/Microsoft.SourceLink.AzureRepos.Git/build/Microsoft.SourceLink.AzureRepos.Git.targets (12,5)
       Property reassignment: $(SourceControlManagerUrlTranslationTargets)=";TranslateGitHubUrlsInSourceControlInformation;TranslateGitLabUrlsInSourceControlInformation;TranslateAzureReposGitUrlsInSourceControlInformation" (previous value: ";TranslateGitHubUrlsInSourceControlInformation;TranslateGitLabUrlsInSourceControlInformation") at /nix/store/8y83na7h81fw5kr1msmjc7rvx329djp0-dotnet-sdk-8.0.300/sdk/8.0.300/Sdks/Microsoft.SourceLink.AzureRepos.Git/build/Microsoft.SourceLink.AzureRepos.Git.targets (13,5)
       Property reassignment: $(SourceLinkUrlInitializerTargets)=";_InitializeGitHubSourceLinkUrl;_InitializeGitLabSourceLinkUrl;_InitializeAzureReposGitSourceLinkUrl;_InitializeBitbucketGitSourceLinkUrl" (previous value: ";_InitializeGitHubSourceLinkUrl;_InitializeGitLabSourceLinkUrl;_InitializeAzureReposGitSourceLinkUrl") at /nix/store/8y83na7h81fw5kr1msmjc7rvx329djp0-dotnet-sdk-8.0.300/sdk/8.0.300/Sdks/Microsoft.SourceLink.Bitbucket.Git/build/Microsoft.SourceLink.Bitbucket.Git.targets (12,5)
       Property reassignment: $(SourceControlManagerUrlTranslationTargets)=";TranslateGitHubUrlsInSourceControlInformation;TranslateGitLabUrlsInSourceControlInformation;TranslateAzureReposGitUrlsInSourceControlInformation;TranslateBitbucketGitUrlsInSourceControlInformation" (previous value: ";TranslateGitHubUrlsInSourceControlInformation;TranslateGitLabUrlsInSourceControlInformation;TranslateAzureReposGitUrlsInSourceControlInformation") at /nix/store/8y83na7h81fw5kr1msmjc7rvx329djp0-dotnet-sdk-8.0.300/sdk/8.0.300/Sdks/Microsoft.SourceLink.Bitbucket.Git/build/Microsoft.SourceLink.Bitbucket.Git.targets (13,5)
       Property reassignment: $(DesignerRuntimeImplementationProjectOutputGroupDependsOn)="
             
             ;
             
             ;
             BuildOnlySettings;
             PrepareForBuild;
             AssignTargetPaths;
             ResolveReferences
           
           ;
             _GenerateDesignerDepsFile;
             _GenerateDesignerRuntimeConfigFile;
             GetCopyToOutputDirectoryItems;
             _GatherDesignerShadowCopyFiles;
           " (previous value: "
             ;
             
             ;
             BuildOnlySettings;
             PrepareForBuild;
             AssignTargetPaths;
             ResolveReferences
           
           ") at /nix/store/8y83na7h81fw5kr1msmjc7rvx329djp0-dotnet-sdk-8.0.300/sdk/8.0.300/Sdks/Microsoft.NET.Sdk/targets/Microsoft.NET.DesignerSupport.targets (21,5)
       Property reassignment: $(_GenerateToolsSettingsFileCacheFile)="/home/runner/workspace/PokerGame.Tests/obj/Debug/net8.0/PokerGame.Tests.toolssettingsinput.cache" (previous value: "obj/Debug/net8.0/PokerGame.Tests.toolssettingsinput.cache") at /nix/store/8y83na7h81fw5kr1msmjc7rvx329djp0-dotnet-sdk-8.0.300/sdk/8.0.300/Sdks/Microsoft.NET.Sdk/targets/Microsoft.NET.PackTool.targets (68,5)
       Property reassignment: $(_ShimInputCacheFile)="/home/runner/workspace/PokerGame.Tests/obj/Debug/net8.0/PokerGame.Tests.shiminput.cache" (previous value: "obj/Debug/net8.0/PokerGame.Tests.shiminput.cache") at /nix/store/8y83na7h81fw5kr1msmjc7rvx329djp0-dotnet-sdk-8.0.300/sdk/8.0.300/Sdks/Microsoft.NET.Sdk/targets/Microsoft.NET.PackTool.targets (137,5)
       Property reassignment: $(_ShimCreatedSentinelFile)="/home/runner/workspace/PokerGame.Tests/obj/Debug/net8.0/PokerGame.Tests.shimcreated.sentinel" (previous value: "obj/Debug/net8.0/PokerGame.Tests.shimcreated.sentinel") at /nix/store/8y83na7h81fw5kr1msmjc7rvx329djp0-dotnet-sdk-8.0.300/sdk/8.0.300/Sdks/Microsoft.NET.Sdk/targets/Microsoft.NET.PackTool.targets (139,5)
       Property reassignment: $(DefineConstants)="TRACE;DEBUG" (previous value: "TRACE") at /nix/store/8y83na7h81fw5kr1msmjc7rvx329djp0-dotnet-sdk-8.0.300/sdk/8.0.300/Sdks/Microsoft.NET.Sdk/targets/Microsoft.NET.Sdk.CSharp.targets (31,5)
       Property reassignment: $(DefineConstants)="TRACE;DEBUG;NET;NET8_0;NETCOREAPP" (previous value: "TRACE;DEBUG") at /nix/store/8y83na7h81fw5kr1msmjc7rvx329djp0-dotnet-sdk-8.0.300/sdk/8.0.300/Sdks/Microsoft.NET.Sdk/targets/Microsoft.NET.Sdk.CSharp.targets (34,5)
       Property reassignment: $(WarningsAsErrors)=";NU1605;SYSLIB0011" (previous value: ";NU1605") at /nix/store/8y83na7h81fw5kr1msmjc7rvx329djp0-dotnet-sdk-8.0.300/sdk/8.0.300/Sdks/Microsoft.NET.Sdk/targets/Microsoft.NET.Sdk.CSharp.targets (48,5)
       Property reassignment: $(PackageDescription)="Package Description" (previous value: "") at /nix/store/8y83na7h81fw5kr1msmjc7rvx329djp0-dotnet-sdk-8.0.300/sdk/8.0.300/Sdks/NuGet.Build.Tasks.Pack/build/NuGet.Build.Tasks.Pack.targets (34,5)
       Property reassignment: $(GenerateNuspecDependsOn)="Build;_LoadPackInputItems; _GetTargetFrameworksOutput; _WalkEachTargetPerFramework; _GetPackageFiles; " (previous value: "_LoadPackInputItems; _GetTargetFrameworksOutput; _WalkEachTargetPerFramework; _GetPackageFiles; ") at /nix/store/8y83na7h81fw5kr1msmjc7rvx329djp0-dotnet-sdk-8.0.300/sdk/8.0.300/Sdks/NuGet.Build.Tasks.Pack/build/NuGet.Build.Tasks.Pack.targets (59,5)
       Property reassignment: $(_IsSDKContainerAllowedVersion)="true" (previous value: "false") at /nix/store/8y83na7h81fw5kr1msmjc7rvx329djp0-dotnet-sdk-8.0.300/sdk/8.0.300/Containers/build/Microsoft.NET.Build.Containers.targets (5,5)
       Property reassignment: $(_ContainerIsTargetingNet8TFM)="true" (previous value: "false") at /nix/store/8y83na7h81fw5kr1msmjc7rvx329djp0-dotnet-sdk-8.0.300/sdk/8.0.300/Containers/build/Microsoft.NET.Build.Containers.targets (15,5)
       Overriding target "ResolveFrameworkReferences" in project "/nix/store/8y83na7h81fw5kr1msmjc7rvx329djp0-dotnet-sdk-8.0.300/sdk/8.0.300/Microsoft.Common.CurrentVersion.targets" with target "ResolveFrameworkReferences" from project "/nix/store/8y83na7h81fw5kr1msmjc7rvx329djp0-dotnet-sdk-8.0.300/sdk/8.0.300/Sdks/Microsoft.NET.Sdk/targets/Microsoft.NET.Sdk.FrameworkReferenceResolution.targets".
       Overriding target "Run" in project "/nix/store/8y83na7h81fw5kr1msmjc7rvx329djp0-dotnet-sdk-8.0.300/sdk/8.0.300/Microsoft.Common.CurrentVersion.targets" with target "Run" from project "/nix/store/8y83na7h81fw5kr1msmjc7rvx329djp0-dotnet-sdk-8.0.300/sdk/8.0.300/Sdks/Microsoft.NET.Sdk/targets/Microsoft.NET.Sdk.targets".
       Overriding target "GenerateSupportedTargetFrameworkAlias" in project "/nix/store/8y83na7h81fw5kr1msmjc7rvx329djp0-dotnet-sdk-8.0.300/sdk/8.0.300/Microsoft.Common.CurrentVersion.targets" with target "GenerateSupportedTargetFrameworkAlias" from project "/nix/store/8y83na7h81fw5kr1msmjc7rvx329djp0-dotnet-sdk-8.0.300/sdk/8.0.300/Sdks/Microsoft.NET.Sdk/targets/Microsoft.NET.Sdk.targets".
       Overriding target "GetReferenceAssemblyPaths" in project "/nix/store/8y83na7h81fw5kr1msmjc7rvx329djp0-dotnet-sdk-8.0.300/sdk/8.0.300/Microsoft.Common.CurrentVersion.targets" with target "GetReferenceAssemblyPaths" from project "/nix/store/8y83na7h81fw5kr1msmjc7rvx329djp0-dotnet-sdk-8.0.300/sdk/8.0.300/Sdks/Microsoft.NET.Sdk/targets/Microsoft.NET.DisableStandardFrameworkResolution.targets".
       Overriding target "GetFrameworkPaths" in project "/nix/store/8y83na7h81fw5kr1msmjc7rvx329djp0-dotnet-sdk-8.0.300/sdk/8.0.300/Microsoft.Common.CurrentVersion.targets" with target "GetFrameworkPaths" from project "/nix/store/8y83na7h81fw5kr1msmjc7rvx329djp0-dotnet-sdk-8.0.300/sdk/8.0.300/Sdks/Microsoft.NET.Sdk/targets/Microsoft.NET.DisableStandardFrameworkResolution.targets".
       Overriding target "DesignerRuntimeImplementationProjectOutputGroup" in project "/nix/store/8y83na7h81fw5kr1msmjc7rvx329djp0-dotnet-sdk-8.0.300/sdk/8.0.300/Microsoft.Common.CurrentVersion.targets" with target "DesignerRuntimeImplementationProjectOutputGroup" from project "/nix/store/8y83na7h81fw5kr1msmjc7rvx329djp0-dotnet-sdk-8.0.300/sdk/8.0.300/Sdks/Microsoft.NET.Sdk/targets/Microsoft.NET.DesignerSupport.targets".
       Overriding target "Publish" in project "/nix/store/8y83na7h81fw5kr1msmjc7rvx329djp0-dotnet-sdk-8.0.300/sdk/8.0.300/Microsoft.Common.CurrentVersion.targets" with target "Publish" from project "/nix/store/8y83na7h81fw5kr1msmjc7rvx329djp0-dotnet-sdk-8.0.300/sdk/8.0.300/Sdks/Microsoft.NET.Sdk/targets/Microsoft.NET.Publish.targets".
       Overriding target "ResolveReadyToRunCompilers" in project "/nix/store/8y83na7h81fw5kr1msmjc7rvx329djp0-dotnet-sdk-8.0.300/sdk/8.0.300/Sdks/Microsoft.NET.Sdk/targets/Microsoft.NET.CrossGen.targets" with target "ResolveReadyToRunCompilers" from project "/nix/store/8y83na7h81fw5kr1msmjc7rvx329djp0-dotnet-sdk-8.0.300/sdk/8.0.300/Sdks/Microsoft.NET.Sdk/targets/Microsoft.NET.Publish.targets".
       Overriding target "GetCopyToPublishDirectoryItems" in project "/nix/store/8y83na7h81fw5kr1msmjc7rvx329djp0-dotnet-sdk-8.0.300/sdk/8.0.300/Microsoft.Common.CurrentVersion.targets" with target "GetCopyToPublishDirectoryItems" from project "/nix/store/8y83na7h81fw5kr1msmjc7rvx329djp0-dotnet-sdk-8.0.300/sdk/8.0.300/Sdks/Microsoft.NET.Sdk/targets/Microsoft.NET.Publish.targets".
       The target "ResolveNuGetPackageAssets" listed in an AfterTargets attribute at "/home/runner/.nuget/packages/system.text.json/8.0.0/buildTransitive/net6.0/System.Text.Json.targets (11,11)" does not exist in the project, and will be ignored.
       The target "ResolveNuGetPackageAssets" listed in an AfterTargets attribute at "/home/runner/.nuget/packages/system.text.json/8.0.0/buildTransitive/net6.0/System.Text.Json.targets (23,11)" does not exist in the project, and will be ignored.
       The target "ResolveNuGetPackageAssets" listed in an AfterTargets attribute at "/home/runner/.nuget/packages/microsoft.extensions.configuration.binder/8.0.0/buildTransitive/netstandard2.0/Microsoft.Extensions.Configuration.Binder.targets (9,13)" does not exist in the project, and will be ignored.
   1:7>Project "/home/runner/workspace/PokerGame.Tests/PokerGame.Tests.csproj" on node 2 (default targets).
   1:7>Target "NETStandardCompatError_Microsoft_Extensions_Configuration_Binder" in file "/home/runner/.nuget/packages/microsoft.extensions.configuration.binder/8.0.0/buildTransitive/netstandard2.0/Microsoft.Extensions.Configuration.Binder.targets" from project "/home/runner/workspace/PokerGame.Tests/PokerGame.Tests.csproj" (entry point):
   1:7>Task "Warning" skipped, due to false condition; ('$(_Microsoft_Extensions_Configuration_Binder_Compatible_TargetFramework)' != '') was evaluated as ('' != '').
   1:7>Done building target "NETStandardCompatError_Microsoft_Extensions_Configuration_Binder" in project "PokerGame.Tests.csproj".
   1:7>Target "GenerateProgramFile" in file "/home/runner/.nuget/packages/microsoft.net.test.sdk/17.8.0/build/netcoreapp3.1/Microsoft.NET.Test.Sdk.targets" from project "/home/runner/workspace/PokerGame.Tests/PokerGame.Tests.csproj" (entry point):
       Task "Warning" skipped, due to false condition; (@(ProgramCompiles->Count()) != 0) was evaluated as (0 != 0).
   1:7>Done building target "GenerateProgramFile" in project "PokerGame.Tests.csproj".
       Target "_CheckForUnsupportedTargetFramework" skipped, due to false condition; ('$(_UnsupportedTargetFrameworkError)' == 'true') was evaluated as ('' == 'true').
   1:7>Target "_CollectTargetFrameworkForTelemetry" in file "/nix/store/8y83na7h81fw5kr1msmjc7rvx329djp0-dotnet-sdk-8.0.300/sdk/8.0.300/Sdks/Microsoft.NET.Sdk/targets/Microsoft.NET.TargetFrameworkInference.targets" from project "/home/runner/workspace/PokerGame.Tests/PokerGame.Tests.csproj" (target "_CheckForInvalidConfigurationAndPlatform" depends on it):
       Using "AllowEmptyTelemetry" task from assembly "/nix/store/8y83na7h81fw5kr1msmjc7rvx329djp0-dotnet-sdk-8.0.300/sdk/8.0.300/Sdks/Microsoft.NET.Sdk/targets/../tools/net8.0/Microsoft.NET.Build.Tasks.dll".
       Task "AllowEmptyTelemetry"
       Done executing task "AllowEmptyTelemetry".
   1:7>Done building target "_CollectTargetFrameworkForTelemetry" in project "PokerGame.Tests.csproj".
       Target "_CheckForUnsupportedTargetPlatformIdentifier" skipped, due to false condition; ('$(TargetPlatformIdentifier)' != '' and '$(TargetFrameworkIdentifier)' == '.NETCoreApp' and $([MSBuild]::VersionGreaterThanOrEquals($(TargetFrameworkVersion), 5.0)) And ('$(DesignTimeBuild)' != 'true' Or '@(MissingWorkloadPack)' == '')) was evaluated as ('' != '' and '.NETCoreApp' == '.NETCoreApp' and True And ('' != 'true' Or '' == '')).
       Target "_CheckForMissingWorkload" skipped, due to false condition; ('@(MissingWorkloadPack)' != '' And '$(DesignTimeBuild)' != 'true') was evaluated as ('' != '' And '' != 'true').
   1:7>Target "_CheckForUnsupportedNETCoreVersion" in file "/nix/store/8y83na7h81fw5kr1msmjc7rvx329djp0-dotnet-sdk-8.0.300/sdk/8.0.300/Sdks/Microsoft.NET.Sdk/targets/Microsoft.NET.TargetFrameworkInference.targets" from project "/home/runner/workspace/PokerGame.Tests/PokerGame.Tests.csproj" (target "_CheckForInvalidConfigurationAndPlatform" depends on it):
       Task "NETSdkError" skipped, due to false condition; ('$(_TargetFrameworkVersionWithoutV)' > '$(NETCoreAppMaximumVersion)' and '$(DisplayVSMessage)' != 'true') was evaluated as ('8.0' > '8.0' and '' != 'true').
       Task "NETSdkError" skipped, due to false condition; ('$(DisplayVSMessage)' == 'true') was evaluated as ('' == 'true').
   1:7>Done building target "_CheckForUnsupportedNETCoreVersion" in project "PokerGame.Tests.csproj".
       Target "_CheckForEolTargetFrameworks" skipped, due to false condition; ('@(_EolNetCoreTargetFrameworkVersions->AnyHaveMetadataValue('Identity', '$(_TargetFrameworkVersionWithoutV)'))' and '$(TargetFrameworkIdentifier)' == '.NETCoreApp' and '$(CheckEolTargetFramework)' == 'true') was evaluated as ('false' and '.NETCoreApp' == '.NETCoreApp' and '' == 'true').
       Target "_CheckForEolWorkloads" skipped, due to false condition; ('@(EolWorkload)' != '' and '$(CheckEolWorkloads)' == 'true') was evaluated as ('' != '' and 'true' == 'true').
   1:7>Target "_CheckForUnsupportedCppNETCoreVersion" in file "/nix/store/8y83na7h81fw5kr1msmjc7rvx329djp0-dotnet-sdk-8.0.300/sdk/8.0.300/Sdks/Microsoft.NET.Sdk/targets/Microsoft.NET.TargetFrameworkInference.targets" from project "/home/runner/workspace/PokerGame.Tests/PokerGame.Tests.csproj" (target "_CheckForInvalidConfigurationAndPlatform" depends on it):
       Task "NETSdkError" skipped, due to false condition; ('$(TargetFrameworkIdentifier)' == '.NETCoreApp' and '$(_TargetFrameworkVersionWithoutV)' < '3.1' and ('$(Language)' == 'C++' and '$(_EnablePackageReferencesInVCProjects)' != 'true')) was evaluated as ('.NETCoreApp' == '.NETCoreApp' and '8.0' < '3.1' and ('C#' == 'C++' and '' != 'true')).
   1:7>Done building target "_CheckForUnsupportedCppNETCoreVersion" in project "PokerGame.Tests.csproj".
       Target "_CheckForUnsupportedNETStandardVersion" skipped, due to false condition; ('$(TargetFrameworkIdentifier)' == '.NETStandard' And '$(NETStandardMaximumVersion)' != '') was evaluated as ('.NETCoreApp' == '.NETStandard' And '' != '').
       Target "_CheckForUnsupportedTargetFrameworkAndFeatureCombination" skipped, due to false condition; ('$(TargetFrameworkIdentifier)' == '.NETFramework') was evaluated as ('.NETCoreApp' == '.NETFramework').
       Target "_CheckForSupportedOSPlatformVersionHigherThanTargetPlatformVersion" skipped, due to false condition; ('$(TargetPlatformVersion)' != '' and '$(TargetFrameworkIdentifier)' == '.NETCoreApp' and $([MSBuild]::VersionGreaterThanOrEquals($(TargetFrameworkVersion), 5.0))) was evaluated as ('' != '' and '.NETCoreApp' == '.NETCoreApp' and True).
       Target "_CheckForInvalidTargetPlatformVersion" skipped, due to false condition; ('$(TargetPlatformVersion)' != '' and '$(TargetFrameworkIdentifier)' == '.NETCoreApp' and $([MSBuild]::VersionGreaterThanOrEquals($(TargetFrameworkVersion), 5.0)) and ('$(Language)' != 'C++' or '$(_EnablePackageReferencesInVCProjects)' == 'true')) was evaluated as ('' != '' and '.NETCoreApp' == '.NETCoreApp' and True and ('C#' != 'C++' or '' == 'true')).
   1:7>Target "_CheckForUnsupportedArtifactsPath" in file "/nix/store/8y83na7h81fw5kr1msmjc7rvx329djp0-dotnet-sdk-8.0.300/sdk/8.0.300/Sdks/Microsoft.NET.Sdk/targets/Microsoft.NET.DefaultOutputPaths.targets" from project "/home/runner/workspace/PokerGame.Tests/PokerGame.Tests.csproj" (target "_CheckForInvalidConfigurationAndPlatform" depends on it):
       Task "NetSdkError" skipped, due to false condition; ('$(UseArtifactsOutput)' == 'true' and '$(_ArtifactsPathSetEarly)' != 'true') was evaluated as ('' == 'true' and '' != 'true').
       Task "NetSdkError" skipped, due to false condition; ('$(_ArtifactsPathLocationType)' == 'ProjectFolder') was evaluated as ('' == 'ProjectFolder').
   1:7>Done building target "_CheckForUnsupportedArtifactsPath" in project "PokerGame.Tests.csproj".
       Target "_CheckForMissingWorkload" skipped, due to false condition; ('@(MissingWorkloadPack)' != '' And '$(DesignTimeBuild)' != 'true') was evaluated as ('' != '' And '' != 'true').
   1:7>Target "_CheckForUnsupportedAppHostUsage" in file "/nix/store/8y83na7h81fw5kr1msmjc7rvx329djp0-dotnet-sdk-8.0.300/sdk/8.0.300/Sdks/Microsoft.NET.Sdk/targets/Microsoft.NET.RuntimeIdentifierInference.targets" from project "/home/runner/workspace/PokerGame.Tests/PokerGame.Tests.csproj" (target "_CheckForInvalidConfigurationAndPlatform" depends on it):
       Task "NETSdkError" skipped, due to false condition; ('$(SelfContained)' == 'true' and '$(RuntimeIdentifier)' == '' and '$(AllowSelfContainedWithoutRuntimeIdentifier)' != 'true') was evaluated as ('' == 'true' and '' == '' and '' != 'true').
       Task "NETSdkError" skipped, due to false condition; ('$(PublishReadyToRun)' == 'true' and '$(RuntimeIdentifier)' == '' and '$(_IsPublishing)' == 'true') was evaluated as ('' == 'true' and '' == '' and '' == 'true').
       Task "NETSdkError" skipped, due to false condition; ('$(PublishSingleFile)' == 'true' and '$(RuntimeIdentifier)' == '' and '$(_IsPublishing)' == 'true') was evaluated as ('' == 'true' and '' == '' and '' == 'true').
       Task "NETSdkError" skipped, due to false condition; ('$(PublishAot)' == 'true' and '$(RuntimeIdentifier)' == '' and '$(_IsPublishing)' == 'true' and '$(AllowPublishAotWithoutRuntimeIdentifier)' != 'true') was evaluated as ('' == 'true' and '' == '' and '' == 'true' and '' != 'true').
       Task "NETSdkError" skipped, due to false condition; ('$(PublishSelfContained)' != 'true' and '$(PublishSelfContained)' != 'false' and '$(PublishSelfContained)' != '') was evaluated as ('' != 'true' and '' != 'false' and '' != '').
       Task "NETSdkError" skipped, due to false condition; ('$(SelfContained)' == 'true' and '$(UseAppHost)' != 'true' and '$(_RuntimeIdentifierUsesAppHost)' == 'true') was evaluated as ('' == 'true' and '' != 'true' and '' == 'true').
       Task "NETSdkError" skipped, due to false condition; ('$(SelfContained)' != 'true' and '$(UseAppHost)' == 'true' and '$(_TargetFrameworkVersionWithoutV)' < '2.1') was evaluated as ('' != 'true' and '' == 'true' and '8.0' < '2.1').
       Task "NETSdkError" skipped, due to false condition; ('$(PublishSingleFile)' == 'true' and '$(_TargetFrameworkVersionWithoutV)' < '3.0') was evaluated as ('' == 'true' and '8.0' < '3.0').
       Task "NETSdkWarning" skipped, due to false condition; ('$(PublishReadyToRun)' == 'true' and '$(_TargetFrameworkVersionWithoutV)' < '3.0') was evaluated as ('' == 'true' and '8.0' < '3.0').
       Task "NETSdkWarning" skipped, due to false condition; ('$(RuntimeIdentifier)' != '' and '$(_TargetFrameworkVersionWithoutV)' != '' and $([MSBuild]::VersionLessThan($(_TargetFrameworkVersionWithoutV), '8.0')) and '$(_SelfContainedWasSpecified)' != 'true') was evaluated as ('' != '' and '8.0' != '' and False and '' != 'true').
       Task "NetSdkError" skipped, due to false condition; (('$(UseWindowsForms)' == 'true') and ('$(PublishTrimmed)' == 'true') and ('$(_SuppressWinFormsTrimError)' != 'true')) was evaluated as (('' == 'true') and ('' == 'true') and ('' != 'true')).
       Task "NetSdkError" skipped, due to false condition; (('$(UseWpf)' == 'true') and ('$(PublishTrimmed)' == 'true') and ('$(_SuppressWpfTrimError)' != 'true')) was evaluated as (('' == 'true') and ('' == 'true') and ('' != 'true')).
   1:7>Done building target "_CheckForUnsupportedAppHostUsage" in project "PokerGame.Tests.csproj".
   1:7>Target "_CheckForUnsupportedHostingUsage" in file "/nix/store/8y83na7h81fw5kr1msmjc7rvx329djp0-dotnet-sdk-8.0.300/sdk/8.0.300/Sdks/Microsoft.NET.Sdk/targets/Microsoft.NET.RuntimeIdentifierInference.targets" from project "/home/runner/workspace/PokerGame.Tests/PokerGame.Tests.csproj" (target "_CheckForInvalidConfigurationAndPlatform" depends on it):
       Task "NETSdkWarning" skipped, due to false condition; ('$(SelfContained)' == 'true' and '$(EnableComHosting)' == 'true') was evaluated as ('' == 'true' and '' == 'true').
   1:7>Done building target "_CheckForUnsupportedHostingUsage" in project "PokerGame.Tests.csproj".
   1:7>Target "_CheckAndUnsetUnsupportedPrefer32Bit" in file "/nix/store/8y83na7h81fw5kr1msmjc7rvx329djp0-dotnet-sdk-8.0.300/sdk/8.0.300/Sdks/Microsoft.NET.Sdk/targets/Microsoft.NET.RuntimeIdentifierInference.targets" from project "/home/runner/workspace/PokerGame.Tests/PokerGame.Tests.csproj" (target "_CheckForInvalidConfigurationAndPlatform" depends on it):
       Task "NETSdkWarning" skipped, due to false condition; ('$(Prefer32Bit)' == 'true') was evaluated as ('false' == 'true').
   1:7>Done building target "_CheckAndUnsetUnsupportedPrefer32Bit" in project "PokerGame.Tests.csproj".
       Target "_CheckForMismatchingPlatform" skipped, due to false condition; ('$(RuntimeIdentifier)' != '' and '$(PlatformTarget)' != '') was evaluated as ('' != '' and '' != '').
   1:7>Target "_CheckForLanguageAndFeatureCombinationSupport" in file "/nix/store/8y83na7h81fw5kr1msmjc7rvx329djp0-dotnet-sdk-8.0.300/sdk/8.0.300/Sdks/Microsoft.NET.Sdk/targets/Microsoft.NET.RuntimeIdentifierInference.targets" from project "/home/runner/workspace/PokerGame.Tests/PokerGame.Tests.csproj" (target "_CheckForInvalidConfigurationAndPlatform" depends on it):
       Task "NETSdkError" skipped, due to false condition; (('$(Language)' == 'C++' and '$(_EnablePackageReferencesInVCProjects)' != 'true') and $(OutputType) != 'library' and '$(TargetFrameworkIdentifier)' == '.NETCoreApp') was evaluated as (('C#' == 'C++' and '' != 'true') and Exe != 'library' and '.NETCoreApp' == '.NETCoreApp').
       Task "NETSdkError" skipped, due to false condition; (('$(Language)' == 'C++' and '$(_EnablePackageReferencesInVCProjects)' != 'true') and $(EnableComHosting) == 'true') was evaluated as (('C#' == 'C++' and '' != 'true') and  == 'true').
       Task "NETSdkError" skipped, due to false condition; (('$(Language)' == 'C++' and '$(_EnablePackageReferencesInVCProjects)' != 'true') and $(SelfContained) == 'true') was evaluated as (('C#' == 'C++' and '' != 'true') and  == 'true').
   1:7>Done building target "_CheckForLanguageAndFeatureCombinationSupport" in project "PokerGame.Tests.csproj".
       Target "_CheckForNETCoreSdkIsPreview" skipped, due to false condition; ( '$(_NETCoreSdkIsPreview)' == 'true' AND '$(SuppressNETCoreSdkPreviewMessage)' != 'true' ) was evaluated as ( 'false' == 'true' AND '' != 'true' ).
   1:7>Target "_GetProjectJsonPath" in file "/nix/store/8y83na7h81fw5kr1msmjc7rvx329djp0-dotnet-sdk-8.0.300/sdk/8.0.300/NuGet.targets" from project "/home/runner/workspace/PokerGame.Tests/PokerGame.Tests.csproj" (target "_GetRestoreProjectStyle" depends on it):
       Task "GetRestoreProjectJsonPathTask" skipped, due to false condition; ( '$(RestoreProjectStyle)' == 'ProjectJson' OR '$(RestoreProjectStyle)' == '' ) was evaluated as ( 'PackageReference' == 'ProjectJson' OR 'PackageReference' == '' ).
   1:7>Done building target "_GetProjectJsonPath" in project "PokerGame.Tests.csproj".
       Target "_CheckForUnsupportedTargetPlatformIdentifier" skipped, due to false condition; ('$(TargetPlatformIdentifier)' != '' and '$(TargetFrameworkIdentifier)' == '.NETCoreApp' and $([MSBuild]::VersionGreaterThanOrEquals($(TargetFrameworkVersion), 5.0)) And ('$(DesignTimeBuild)' != 'true' Or '@(MissingWorkloadPack)' == '')) was evaluated as ('' != '' and '.NETCoreApp' == '.NETCoreApp' and True And ('' != 'true' Or '' == '')).
       Target "_CheckForMissingWorkload" skipped, due to false condition; ('@(MissingWorkloadPack)' != '' And '$(DesignTimeBuild)' != 'true') was evaluated as ('' != '' And '' != 'true').
       Target "_CheckForUnsupportedNETStandardVersion" skipped, due to false condition; ('$(TargetFrameworkIdentifier)' == '.NETStandard' And '$(NETStandardMaximumVersion)' != '') was evaluated as ('.NETCoreApp' == '.NETStandard' And '' != '').
       Target "_CheckForUnsupportedTargetFrameworkAndFeatureCombination" skipped, due to false condition; ('$(TargetFrameworkIdentifier)' == '.NETFramework') was evaluated as ('.NETCoreApp' == '.NETFramework').
   1:7>Target "UpdateAspNetToFrameworkReference" in file "/nix/store/8y83na7h81fw5kr1msmjc7rvx329djp0-dotnet-sdk-8.0.300/sdk/8.0.300/Sdks/Microsoft.NET.Sdk/targets/Microsoft.NET.Sdk.DefaultItems.Shared.targets" from project "/home/runner/workspace/PokerGame.Tests/PokerGame.Tests.csproj" (target "ApplyImplicitVersions" depends on it):
       Using "CheckIfPackageReferenceShouldBeFrameworkReference" task from assembly "/nix/store/8y83na7h81fw5kr1msmjc7rvx329djp0-dotnet-sdk-8.0.300/sdk/8.0.300/Sdks/Microsoft.NET.Sdk/targets/../tools/net8.0/Microsoft.NET.Build.Tasks.dll".
       Task "CheckIfPackageReferenceShouldBeFrameworkReference"
       Done executing task "CheckIfPackageReferenceShouldBeFrameworkReference".
       Task "NETSdkError" skipped, due to false condition; ('$(_ShouldRemoveAspNetCoreAll)' == 'true') was evaluated as ('False' == 'true').
       Task "CheckIfPackageReferenceShouldBeFrameworkReference"
       Done executing task "CheckIfPackageReferenceShouldBeFrameworkReference".
       Task "NETSdkWarning" skipped, due to false condition; ('$(_ShouldRemoveAspNetCoreApp)' == 'true') was evaluated as ('False' == 'true').
   1:7>Done building target "UpdateAspNetToFrameworkReference" in project "PokerGame.Tests.csproj".
       Target "IncludeTargetingPackReference" skipped, due to false condition; ('$(TargetFrameworkMoniker)' != '' and '$(TargetFrameworkIdentifier)' == '.NETFramework' and '$(AutomaticallyUseReferenceAssemblyPackages)' == 'true') was evaluated as ('.NETCoreApp,Version=v8.0' != '' and '.NETCoreApp' == '.NETFramework' and 'true' == 'true').
   1:7>Target "CheckForImplicitPackageReferenceOverrides" in file "/nix/store/8y83na7h81fw5kr1msmjc7rvx329djp0-dotnet-sdk-8.0.300/sdk/8.0.300/Sdks/Microsoft.NET.Sdk/targets/Microsoft.NET.Sdk.DefaultItems.Shared.targets" from project "/home/runner/workspace/PokerGame.Tests/PokerGame.Tests.csproj" (target "ApplyImplicitVersions" depends on it):
       Using "CheckForImplicitPackageReferenceOverrides" task from assembly "/nix/store/8y83na7h81fw5kr1msmjc7rvx329djp0-dotnet-sdk-8.0.300/sdk/8.0.300/Sdks/Microsoft.NET.Sdk/targets/../tools/net8.0/Microsoft.NET.Build.Tasks.dll".
       Task "CheckForImplicitPackageReferenceOverrides"
       Done executing task "CheckForImplicitPackageReferenceOverrides".
   1:7>Done building target "CheckForImplicitPackageReferenceOverrides" in project "PokerGame.Tests.csproj".
   1:7>Target "ApplyImplicitVersions" in file "/nix/store/8y83na7h81fw5kr1msmjc7rvx329djp0-dotnet-sdk-8.0.300/sdk/8.0.300/Sdks/Microsoft.NET.Sdk/targets/Microsoft.NET.Sdk.DefaultItems.Shared.targets" from project "/home/runner/workspace/PokerGame.Tests/PokerGame.Tests.csproj" (target "CollectPackageReferences" depends on it):
       Using "ApplyImplicitVersions" task from assembly "/nix/store/8y83na7h81fw5kr1msmjc7rvx329djp0-dotnet-sdk-8.0.300/sdk/8.0.300/Sdks/Microsoft.NET.Sdk/targets/../tools/net8.0/Microsoft.NET.Build.Tasks.dll".
       Task "ApplyImplicitVersions"
       Done executing task "ApplyImplicitVersions".
   1:7>Done building target "ApplyImplicitVersions" in project "PokerGame.Tests.csproj".
       Target "CheckForImplicitPackageReferenceOverrides" skipped. Previously built successfully.
       Target "AddWindowsSdkKnownFrameworkReferences" skipped, due to false condition; ('$(TargetFrameworkIdentifier)' == '.NETCoreApp' And '$(TargetPlatformIdentifier)' == 'Windows') was evaluated as ('.NETCoreApp' == '.NETCoreApp' And '' == 'Windows').
       Target "_NormalizeTargetPlatformVersion" skipped, due to false condition; ('$(TargetPlatformVersion)' != '' and '$(TargetFrameworkIdentifier)' == '.NETCoreApp' and $([MSBuild]::VersionGreaterThanOrEquals($(TargetFrameworkVersion), 5.0)) and ('$(Language)' != 'C++' or '$(_EnablePackageReferencesInVCProjects)' == 'true')) was evaluated as ('' != '' and '.NETCoreApp' == '.NETCoreApp' and True and ('C#' != 'C++' or '' == 'true')).
   1:7>Target "_ComputeToolPackInputsToProcessFrameworkReferences" in file "/nix/store/8y83na7h81fw5kr1msmjc7rvx329djp0-dotnet-sdk-8.0.300/sdk/8.0.300/Sdks/Microsoft.NET.Sdk/targets/Microsoft.NET.Publish.targets" from project "/home/runner/workspace/PokerGame.Tests/PokerGame.Tests.csproj" (target "ProcessFrameworkReferences" depends on it):
   1:7>Done building target "_ComputeToolPackInputsToProcessFrameworkReferences" in project "PokerGame.Tests.csproj".
   1:7>Target "ProcessFrameworkReferences" in file "/nix/store/8y83na7h81fw5kr1msmjc7rvx329djp0-dotnet-sdk-8.0.300/sdk/8.0.300/Sdks/Microsoft.NET.Sdk/targets/Microsoft.NET.Sdk.FrameworkReferenceResolution.targets" from project "/home/runner/workspace/PokerGame.Tests/PokerGame.Tests.csproj" (target "CollectPackageReferences" depends on it):
       Using "CheckForDuplicateFrameworkReferences" task from assembly "/nix/store/8y83na7h81fw5kr1msmjc7rvx329djp0-dotnet-sdk-8.0.300/sdk/8.0.300/Sdks/Microsoft.NET.Sdk/targets/../tools/net8.0/Microsoft.NET.Build.Tasks.dll".
       Task "CheckForDuplicateFrameworkReferences"
       Done executing task "CheckForDuplicateFrameworkReferences".
       Using "ProcessFrameworkReferences" task from assembly "/nix/store/8y83na7h81fw5kr1msmjc7rvx329djp0-dotnet-sdk-8.0.300/sdk/8.0.300/Sdks/Microsoft.NET.Sdk/targets/../tools/net8.0/Microsoft.NET.Build.Tasks.dll".
       Task "ProcessFrameworkReferences"
       Done executing task "ProcessFrameworkReferences".
       Using "ResolveAppHosts" task from assembly "/nix/store/8y83na7h81fw5kr1msmjc7rvx329djp0-dotnet-sdk-8.0.300/sdk/8.0.300/Sdks/Microsoft.NET.Sdk/targets/../tools/net8.0/Microsoft.NET.Build.Tasks.dll".
       Task "ResolveAppHosts"
       Done executing task "ResolveAppHosts".
   1:7>Done building target "ProcessFrameworkReferences" in project "PokerGame.Tests.csproj".
       Target "IncludeTargetingPackReference" skipped, due to false condition; ('$(TargetFrameworkMoniker)' != '' and '$(TargetFrameworkIdentifier)' == '.NETFramework' and '$(AutomaticallyUseReferenceAssemblyPackages)' == 'true') was evaluated as ('.NETCoreApp,Version=v8.0' != '' and '.NETCoreApp' == '.NETFramework' and 'true' == 'true').
   1:7>Target "_AddMicrosoftNetCompilerToolsetFrameworkPackage" in file "/nix/store/8y83na7h81fw5kr1msmjc7rvx329djp0-dotnet-sdk-8.0.300/sdk/8.0.300/Sdks/Microsoft.NET.Sdk/targets/Microsoft.NET.Sdk.targets" from project "/home/runner/workspace/PokerGame.Tests/PokerGame.Tests.csproj" (target "CollectPackageReferences" depends on it):
       Task "NETSdkWarning" skipped, due to false condition; ('@(PackageReference->AnyHaveMetadataValue('Identity', 'Microsoft.Net.Compilers.Toolset.Framework'))' == 'true') was evaluated as ('false' == 'true').
   1:7>Done building target "_AddMicrosoftNetCompilerToolsetFrameworkPackage" in project "PokerGame.Tests.csproj".
   1:7>Target "_CheckForObsoleteDotNetCliToolReferences" in file "/nix/store/8y83na7h81fw5kr1msmjc7rvx329djp0-dotnet-sdk-8.0.300/sdk/8.0.300/Sdks/Microsoft.NET.Sdk/targets/Microsoft.NET.ObsoleteReferences.targets" from project "/home/runner/workspace/PokerGame.Tests/PokerGame.Tests.csproj" (target "CollectPackageReferences" depends on it):
       Task "NETSdkWarning" skipped, due to false condition; ( '%(_ReferenceToObsoleteDotNetCliTool.Identity)' != '' ) was evaluated as ( '' != '' ).
   1:7>Done building target "_CheckForObsoleteDotNetCliToolReferences" in project "PokerGame.Tests.csproj".
   1:7>Target "CollectPackageReferences" in file "/nix/store/8y83na7h81fw5kr1msmjc7rvx329djp0-dotnet-sdk-8.0.300/sdk/8.0.300/NuGet.targets" from project "/home/runner/workspace/PokerGame.Tests/PokerGame.Tests.csproj" (target "_GetRestoreProjectStyle" depends on it):
       Using "CheckForDuplicateNuGetItemsTask" task from assembly "/nix/store/8y83na7h81fw5kr1msmjc7rvx329djp0-dotnet-sdk-8.0.300/sdk/8.0.300/NuGet.Build.Tasks.dll".
       Task "CheckForDuplicateNuGetItemsTask"
       Done executing task "CheckForDuplicateNuGetItemsTask".
   1:7>Done building target "CollectPackageReferences" in project "PokerGame.Tests.csproj".
   1:7>Target "_GetRestoreProjectStyle" in file "/nix/store/8y83na7h81fw5kr1msmjc7rvx329djp0-dotnet-sdk-8.0.300/sdk/8.0.300/NuGet.targets" from project "/home/runner/workspace/PokerGame.Tests/PokerGame.Tests.csproj" (target "EnableIntermediateOutputPathMismatchWarning" depends on it):
       Using "GetRestoreProjectStyleTask" task from assembly "/nix/store/8y83na7h81fw5kr1msmjc7rvx329djp0-dotnet-sdk-8.0.300/sdk/8.0.300/NuGet.Build.Tasks.dll".
       Task "GetRestoreProjectStyleTask"
       Done executing task "GetRestoreProjectStyleTask".
   1:7>Done building target "_GetRestoreProjectStyle" in project "PokerGame.Tests.csproj".
   1:7>Target "EnableIntermediateOutputPathMismatchWarning" in file "/nix/store/8y83na7h81fw5kr1msmjc7rvx329djp0-dotnet-sdk-8.0.300/sdk/8.0.300/NuGet.targets" from project "/home/runner/workspace/PokerGame.Tests/PokerGame.Tests.csproj" (target "_CheckForInvalidConfigurationAndPlatform" depends on it):
   1:7>Done building target "EnableIntermediateOutputPathMismatchWarning" in project "PokerGame.Tests.csproj".
       Target "ApplyImplicitVersions" skipped. Previously built successfully.
       Target "CheckForImplicitPackageReferenceOverrides" skipped. Previously built successfully.
   1:7>Target "CheckForDuplicateItems" in file "/nix/store/8y83na7h81fw5kr1msmjc7rvx329djp0-dotnet-sdk-8.0.300/sdk/8.0.300/Sdks/Microsoft.NET.Sdk/targets/Microsoft.NET.Sdk.DefaultItems.Shared.targets" from project "/home/runner/workspace/PokerGame.Tests/PokerGame.Tests.csproj" (target "_CheckForInvalidConfigurationAndPlatform" depends on it):
       Using "CheckForDuplicateItems" task from assembly "/nix/store/8y83na7h81fw5kr1msmjc7rvx329djp0-dotnet-sdk-8.0.300/sdk/8.0.300/Sdks/Microsoft.NET.Sdk/targets/../tools/net8.0/Microsoft.NET.Build.Tasks.dll".
       Task "CheckForDuplicateItems"
       Done executing task "CheckForDuplicateItems".
       Task "CheckForDuplicateItems"
       Done executing task "CheckForDuplicateItems".
       Task "CheckForDuplicateItems"
       Done executing task "CheckForDuplicateItems".
   1:7>Done building target "CheckForDuplicateItems" in project "PokerGame.Tests.csproj".
       Target "WarnForExplicitVersions" skipped, due to false condition; ('@(SdkBuildWarning)' != '') was evaluated as ('' != '').
       Target "_CheckForFailedSDKResolution" skipped, due to false condition; ('$(SdkResolverHonoredGlobalJson)' == 'false') was evaluated as ('' == 'false').
       Target "_WarnWhenUsingNET8AndVSPriorTo178" skipped, due to false condition; ($([MSBuild]::VersionLessThan($(MSBuildVersion), '17.8.0')) and '$(TargetFrameworkIdentifier)' == '.NETCoreApp' and $([MSBuild]::VersionGreaterThanOrEquals($(_TargetFrameworkVersionWithoutV), '8.0'))) was evaluated as (False and '.NETCoreApp' == '.NETCoreApp' and True).
       Target "_CheckForInvalidWindowsDesktopTargetingConfiguration" skipped, due to false condition; ('$(TargetFrameworkIdentifier)' == '.NETCoreApp' and $([MSBuild]::VersionGreaterThanOrEquals($(_TargetFrameworkVersionWithoutV), '5.0')) and ('$(UseWindowsForms)' == 'true' or '$(UseWPF)' == 'true')) was evaluated as ('.NETCoreApp' == '.NETCoreApp' and True and ('' == 'true' or '' == 'true')).
       Target "_CheckForUnnecessaryWindowsDesktopSDK" skipped, due to false condition; ('$(TargetFrameworkIdentifier)' == '.NETCoreApp' and $([MSBuild]::VersionGreaterThanOrEquals($(_TargetFrameworkVersionWithoutV), '5.0')) and '$(_MicrosoftWindowsDesktopSdkImported)' == 'true' and '$(TargetFrameworks)' == '') was evaluated as ('.NETCoreApp' == '.NETCoreApp' and True and '' == 'true' and '' == '').
       Target "ProcessFrameworkReferences" skipped. Previously built successfully.
       Target "IncludeTargetingPackReference" skipped, due to false condition; ('$(TargetFrameworkMoniker)' != '' and '$(TargetFrameworkIdentifier)' == '.NETFramework' and '$(AutomaticallyUseReferenceAssemblyPackages)' == 'true') was evaluated as ('.NETCoreApp,Version=v8.0' != '' and '.NETCoreApp' == '.NETFramework' and 'true' == 'true').
   1:7>Target "_CheckForInvalidConfigurationAndPlatform" in file "/nix/store/8y83na7h81fw5kr1msmjc7rvx329djp0-dotnet-sdk-8.0.300/sdk/8.0.300/Microsoft.Common.CurrentVersion.targets" from project "/home/runner/workspace/PokerGame.Tests/PokerGame.Tests.csproj" (target "BeforeBuild" depends on it):
       Task "Error" skipped, due to false condition; ( '$(_InvalidConfigurationError)' == 'true' ) was evaluated as ( '' == 'true' ).
       Task "Warning" skipped, due to false condition; ( '$(_InvalidConfigurationWarning)' == 'true' ) was evaluated as ( '' == 'true' ).
       Task "Message"
         Configuration=Debug
       Done executing task "Message".
       Task "Message"
         Platform=AnyCPU
       Done executing task "Message".
       Task "Error" skipped, due to false condition; ('$(OutDir)' != '' and !HasTrailingSlash('$(OutDir)')) was evaluated as ('bin/Debug/net8.0/' != '' and !HasTrailingSlash('bin/Debug/net8.0/')).
       Task "Error" skipped, due to false condition; ('$(IntermediateOutputPath)' != '' and !HasTrailingSlash('$(IntermediateOutputPath)')) was evaluated as ('obj/Debug/net8.0/' != '' and !HasTrailingSlash('obj/Debug/net8.0/')).
       Task "Error" skipped, due to false condition; ('$(BaseIntermediateOutputPath)' != '' and !HasTrailingSlash('$(BaseIntermediateOutputPath)')) was evaluated as ('obj/' != '' and !HasTrailingSlash('obj/')).
       Task "Error" skipped, due to false condition; ( '$(_InitialMSBuildProjectExtensionsPath)' != '' And '$(MSBuildProjectExtensionsPath)' != '$(_InitialMSBuildProjectExtensionsPath)' ) was evaluated as ( '/home/runner/workspace/PokerGame.Tests/obj/' != '' And '/home/runner/workspace/PokerGame.Tests/obj/' != '/home/runner/workspace/PokerGame.Tests/obj/' ).
       Task "Warning" skipped, due to false condition; ( '$(EnableBaseIntermediateOutputPathMismatchWarning)' == 'true' And '$(_InitialBaseIntermediateOutputPath)' != '$(BaseIntermediateOutputPath)' And '$(BaseIntermediateOutputPath)' != '$(MSBuildProjectExtensionsPath)' ) was evaluated as ( 'true' == 'true' And 'obj/' != 'obj/' And 'obj/' != '/home/runner/workspace/PokerGame.Tests/obj/' ).
   1:7>Done building target "_CheckForInvalidConfigurationAndPlatform" in project "PokerGame.Tests.csproj".
   1:7>Target "ValidateCommandLineProperties" in file "/nix/store/8y83na7h81fw5kr1msmjc7rvx329djp0-dotnet-sdk-8.0.300/sdk/8.0.300/Sdks/Microsoft.NET.Sdk/targets/Microsoft.NET.Sdk.targets" from project "/home/runner/workspace/PokerGame.Tests/PokerGame.Tests.csproj" (target "BeforeBuild" depends on it):
   1:7>Done building target "ValidateCommandLineProperties" in project "PokerGame.Tests.csproj".
   1:7>Target "BeforeBuild" in file "/nix/store/8y83na7h81fw5kr1msmjc7rvx329djp0-dotnet-sdk-8.0.300/sdk/8.0.300/Microsoft.Common.CurrentVersion.targets" from project "/home/runner/workspace/PokerGame.Tests/PokerGame.Tests.csproj" (target "Build" depends on it):
   1:7>Done building target "BeforeBuild" in project "PokerGame.Tests.csproj".
       Target "_CheckForBuildWithNoBuild" skipped, due to false condition; ('$(NoBuild)' == 'true' and '$(GeneratePackageOnBuild)' != 'true') was evaluated as ('' == 'true' and 'false' != 'true').
   1:7>Target "BuildOnlySettings" in file "/nix/store/8y83na7h81fw5kr1msmjc7rvx329djp0-dotnet-sdk-8.0.300/sdk/8.0.300/Microsoft.Common.CurrentVersion.targets" from project "/home/runner/workspace/PokerGame.Tests/PokerGame.Tests.csproj" (target "CoreBuild" depends on it):
   1:7>Done building target "BuildOnlySettings" in project "PokerGame.Tests.csproj".
       Target "_CheckForUnsupportedTargetFramework" skipped, due to false condition; ('$(_UnsupportedTargetFrameworkError)' == 'true') was evaluated as ('' == 'true').
       Target "_CheckForUnsupportedTargetPlatformIdentifier" skipped, due to false condition; ('$(TargetPlatformIdentifier)' != '' and '$(TargetFrameworkIdentifier)' == '.NETCoreApp' and $([MSBuild]::VersionGreaterThanOrEquals($(TargetFrameworkVersion), 5.0)) And ('$(DesignTimeBuild)' != 'true' Or '@(MissingWorkloadPack)' == '')) was evaluated as ('' != '' and '.NETCoreApp' == '.NETCoreApp' and True And ('' != 'true' Or '' == '')).
       Target "_CheckForMissingWorkload" skipped, due to false condition; ('@(MissingWorkloadPack)' != '' And '$(DesignTimeBuild)' != 'true') was evaluated as ('' != '' And '' != 'true').
   1:7>Target "GetFrameworkPaths" in file "/nix/store/8y83na7h81fw5kr1msmjc7rvx329djp0-dotnet-sdk-8.0.300/sdk/8.0.300/Sdks/Microsoft.NET.Sdk/targets/Microsoft.NET.DisableStandardFrameworkResolution.targets" from project "/home/runner/workspace/PokerGame.Tests/PokerGame.Tests.csproj" (target "PrepareForBuild" depends on it):
   1:7>Done building target "GetFrameworkPaths" in project "PokerGame.Tests.csproj".
       Target "_CheckForUnsupportedTargetFramework" skipped, due to false condition; ('$(_UnsupportedTargetFrameworkError)' == 'true') was evaluated as ('' == 'true').
       Target "_CheckForUnsupportedTargetPlatformIdentifier" skipped, due to false condition; ('$(TargetPlatformIdentifier)' != '' and '$(TargetFrameworkIdentifier)' == '.NETCoreApp' and $([MSBuild]::VersionGreaterThanOrEquals($(TargetFrameworkVersion), 5.0)) And ('$(DesignTimeBuild)' != 'true' Or '@(MissingWorkloadPack)' == '')) was evaluated as ('' != '' and '.NETCoreApp' == '.NETCoreApp' and True And ('' != 'true' Or '' == '')).
       Target "_CheckForMissingWorkload" skipped, due to false condition; ('@(MissingWorkloadPack)' != '' And '$(DesignTimeBuild)' != 'true') was evaluated as ('' != '' And '' != 'true').
   1:7>Target "GetReferenceAssemblyPaths" in file "/nix/store/8y83na7h81fw5kr1msmjc7rvx329djp0-dotnet-sdk-8.0.300/sdk/8.0.300/Sdks/Microsoft.NET.Sdk/targets/Microsoft.NET.DisableStandardFrameworkResolution.targets" from project "/home/runner/workspace/PokerGame.Tests/PokerGame.Tests.csproj" (target "PrepareForBuild" depends on it):
   1:7>Done building target "GetReferenceAssemblyPaths" in project "PokerGame.Tests.csproj".
       Target "AssignLinkMetadata" skipped, due to false condition; ( '$(SynthesizeLinkMetadata)' == 'true' ) was evaluated as ( '' == 'true' ).
       Target "_VerifyPackReleaseConfigurations" skipped, due to false condition; ('$(_IsPacking)' == 'true' and '$(DOTNET_CLI_DISABLE_PUBLISH_AND_PACK_RELEASE)' != 'true' and '$(DOTNET_CLI_LAZY_PUBLISH_AND_PACK_RELEASE_FOR_SOLUTIONS)' == 'true') was evaluated as ('' == 'true' and '' != 'true' and '' == 'true').
   1:7>Target "PrepareForBuild" in file "/nix/store/8y83na7h81fw5kr1msmjc7rvx329djp0-dotnet-sdk-8.0.300/sdk/8.0.300/Microsoft.Common.CurrentVersion.targets" from project "/home/runner/workspace/PokerGame.Tests/PokerGame.Tests.csproj" (target "CoreBuild" depends on it):
       Using "FindAppConfigFile" task from assembly "Microsoft.Build.Tasks.Core, Version=15.1.0.0, Culture=neutral, PublicKeyToken=b03f5f7f11d50a3a".
       Task "FindAppConfigFile"
       Done executing task "FindAppConfigFile".
       Using "MakeDir" task from assembly "Microsoft.Build.Tasks.Core, Version=15.1.0.0, Culture=neutral, PublicKeyToken=b03f5f7f11d50a3a".
       Task "MakeDir"
       Done executing task "MakeDir".
   1:7>Done building target "PrepareForBuild" in project "PokerGame.Tests.csproj".
   1:7>Target "GenerateGlobalUsings" in file "/nix/store/8y83na7h81fw5kr1msmjc7rvx329djp0-dotnet-sdk-8.0.300/sdk/8.0.300/Sdks/Microsoft.NET.Sdk/targets/Microsoft.NET.GenerateGlobalUsings.targets" from project "/home/runner/workspace/PokerGame.Tests/PokerGame.Tests.csproj" (target "CoreBuild" depends on it):
       Using "GenerateGlobalUsings" task from assembly "/nix/store/8y83na7h81fw5kr1msmjc7rvx329djp0-dotnet-sdk-8.0.300/sdk/8.0.300/Sdks/Microsoft.NET.Sdk/targets/../tools/net8.0/Microsoft.NET.Build.Tasks.dll".
       Task "GenerateGlobalUsings"
       Done executing task "GenerateGlobalUsings".
       Using "WriteLinesToFile" task from assembly "Microsoft.Build.Tasks.Core, Version=15.1.0.0, Culture=neutral, PublicKeyToken=b03f5f7f11d50a3a".
       Task "WriteLinesToFile"
         Skipping write to file "obj/Debug/net8.0/PokerGame.Tests.GlobalUsings.g.cs" because content would not change.
       Done executing task "WriteLinesToFile".
   1:7>Done building target "GenerateGlobalUsings" in project "PokerGame.Tests.csproj".
       Target "PreBuildEvent" skipped, due to false condition; ('$(PreBuildEvent)'!='') was evaluated as (''!='').
   1:7>Target "BeforeResolveReferences" in file "/nix/store/8y83na7h81fw5kr1msmjc7rvx329djp0-dotnet-sdk-8.0.300/sdk/8.0.300/Microsoft.Common.CurrentVersion.targets" from project "/home/runner/workspace/PokerGame.Tests/PokerGame.Tests.csproj" (target "ResolveReferences" depends on it):
   1:7>Done building target "BeforeResolveReferences" in project "PokerGame.Tests.csproj".
   1:7>Target "IgnoreJavaScriptOutputAssembly" in file "/nix/store/8y83na7h81fw5kr1msmjc7rvx329djp0-dotnet-sdk-8.0.300/sdk/8.0.300/Microsoft.Common.CurrentVersion.targets" from project "/home/runner/workspace/PokerGame.Tests/PokerGame.Tests.csproj" (target "AssignProjectConfiguration" depends on it):
   1:7>Done building target "IgnoreJavaScriptOutputAssembly" in project "PokerGame.Tests.csproj".
       Target "ProcessFrameworkReferences" skipped. Previously built successfully.
   1:7>Target "_DefaultMicrosoftNETPlatformLibrary" in file "/nix/store/8y83na7h81fw5kr1msmjc7rvx329djp0-dotnet-sdk-8.0.300/sdk/8.0.300/Sdks/Microsoft.NET.Sdk/targets/Microsoft.NET.Sdk.Shared.targets" from project "/home/runner/workspace/PokerGame.Tests/PokerGame.Tests.csproj" (target "ResolvePackageAssets" depends on it):
   1:7>Done building target "_DefaultMicrosoftNETPlatformLibrary" in project "PokerGame.Tests.csproj".
   1:7>Target "_ComputePackageReferencePublish" in file "/nix/store/8y83na7h81fw5kr1msmjc7rvx329djp0-dotnet-sdk-8.0.300/sdk/8.0.300/Sdks/Microsoft.NET.Sdk/targets/Microsoft.NET.Sdk.Shared.targets" from project "/home/runner/workspace/PokerGame.Tests/PokerGame.Tests.csproj" (target "ResolvePackageAssets" depends on it):
   1:7>Done building target "_ComputePackageReferencePublish" in project "PokerGame.Tests.csproj".
       Target "_ResolveCompilerVersion" skipped, due to false condition; ('$(CompilerApiVersion)' == '' And
                            ('$(Language)' == 'C#' Or '$(Language)' == 'VB') And
                            Exists('$(RoslynTargetsPath)\Microsoft.Build.Tasks.CodeAnalysis.dll')) was evaluated as ('roslyn4.10' == '' And
                            ('C#' == 'C#' Or 'C#' == 'VB') And
                            Exists('/nix/store/8y83na7h81fw5kr1msmjc7rvx329djp0-dotnet-sdk-8.0.300/sdk/8.0.300/Roslyn\Microsoft.Build.Tasks.CodeAnalysis.dll')).
   1:7>Target "ResolvePackageAssets" in file "/nix/store/8y83na7h81fw5kr1msmjc7rvx329djp0-dotnet-sdk-8.0.300/sdk/8.0.300/Sdks/Microsoft.NET.Sdk/targets/Microsoft.PackageDependencyResolution.targets" from project "/home/runner/workspace/PokerGame.Tests/PokerGame.Tests.csproj" (target "ResolveLockFileReferences" depends on it):
       Using "ResolvePackageAssets" task from assembly "/nix/store/8y83na7h81fw5kr1msmjc7rvx329djp0-dotnet-sdk-8.0.300/sdk/8.0.300/Sdks/Microsoft.NET.Sdk/targets/../tools/net8.0/Microsoft.NET.Build.Tasks.dll".
       Task "ResolvePackageAssets"
       Done executing task "ResolvePackageAssets".
   1:7>Done building target "ResolvePackageAssets" in project "PokerGame.Tests.csproj".
       Target "AdjustDefaultPlatformTargetForNetFrameworkExeWithNoNativeCopyLocalItems" skipped, due to false condition; ('$(_UsingDefaultPlatformTarget)' == 'true' and
                            '$(_UsingDefaultRuntimeIdentifier)' == 'true') was evaluated as ('true' == 'true' and
                            '' == 'true').
       Target "_CheckForTransitiveWindowsDesktopDependencies" skipped, due to false condition; ('$(TargetFrameworkIdentifier)' == '.NETCoreApp' and $([MSBuild]::VersionGreaterThanOrEquals($(_TargetFrameworkVersionWithoutV), '5.0')) and '$(TargetPlatformIdentifier)' != 'Windows' and '@(TransitiveFrameworkReference)' != '') was evaluated as ('.NETCoreApp' == '.NETCoreApp' and True and '' != 'Windows' and '' != '').
       Target "AddTransitiveFrameworkReferences" skipped, due to false condition; ('@(TransitiveFrameworkReference)' != '') was evaluated as ('' != '').
   1:7>Target "ResolveLockFileReferences" in file "/nix/store/8y83na7h81fw5kr1msmjc7rvx329djp0-dotnet-sdk-8.0.300/sdk/8.0.300/Sdks/Microsoft.NET.Sdk/targets/Microsoft.PackageDependencyResolution.targets" from project "/home/runner/workspace/PokerGame.Tests/PokerGame.Tests.csproj" (target "ResolvePackageDependenciesForBuild" depends on it):
       Using "JoinItems" task from assembly "/nix/store/8y83na7h81fw5kr1msmjc7rvx329djp0-dotnet-sdk-8.0.300/sdk/8.0.300/Sdks/Microsoft.NET.Sdk/targets/../tools/net8.0/Microsoft.NET.Build.Tasks.dll".
       Task "JoinItems"
       Done executing task "JoinItems".
   1:7>Done building target "ResolveLockFileReferences" in project "PokerGame.Tests.csproj".
       Target "ResolvePackageAssets" skipped. Previously built successfully.
   1:7>Target "ResolveLockFileAnalyzers" in file "/nix/store/8y83na7h81fw5kr1msmjc7rvx329djp0-dotnet-sdk-8.0.300/sdk/8.0.300/Sdks/Microsoft.NET.Sdk/targets/Microsoft.PackageDependencyResolution.targets" from project "/home/runner/workspace/PokerGame.Tests/PokerGame.Tests.csproj" (target "ResolvePackageDependenciesForBuild" depends on it):
   1:7>Done building target "ResolveLockFileAnalyzers" in project "PokerGame.Tests.csproj".
       Target "ResolvePackageAssets" skipped. Previously built successfully.
       Target "RunProduceContentAssets" skipped, due to false condition; ('@(_ContentFilesToPreprocess)' != '' and '$(_CleaningWithoutRebuilding)' != 'true') was evaluated as ('' != '' and '' != 'true').
   1:7>Target "ResolveLockFileCopyLocalFiles" in file "/nix/store/8y83na7h81fw5kr1msmjc7rvx329djp0-dotnet-sdk-8.0.300/sdk/8.0.300/Sdks/Microsoft.NET.Sdk/targets/Microsoft.PackageDependencyResolution.targets" from project "/home/runner/workspace/PokerGame.Tests/PokerGame.Tests.csproj" (target "ResolvePackageDependenciesForBuild" depends on it):
   1:7>Done building target "ResolveLockFileCopyLocalFiles" in project "PokerGame.Tests.csproj".
       Target "ResolveRuntimePackAssets" skipped, due to false condition; ('@(RuntimePack)' != '') was evaluated as ('' != '').
       Target "RunProduceContentAssets" skipped, due to false condition; ('@(_ContentFilesToPreprocess)' != '' and '$(_CleaningWithoutRebuilding)' != 'true') was evaluated as ('' != '' and '' != 'true').
       Target "ResolvePackageAssets" skipped. Previously built successfully.
   1:7>Target "IncludeTransitiveProjectReferences" in file "/nix/store/8y83na7h81fw5kr1msmjc7rvx329djp0-dotnet-sdk-8.0.300/sdk/8.0.300/Sdks/Microsoft.NET.Sdk/targets/Microsoft.PackageDependencyResolution.targets" from project "/home/runner/workspace/PokerGame.Tests/PokerGame.Tests.csproj" (target "ResolvePackageDependenciesForBuild" depends on it):
   1:7>Done building target "IncludeTransitiveProjectReferences" in project "PokerGame.Tests.csproj".
   1:7>Target "ResolvePackageDependenciesForBuild" in file "/nix/store/8y83na7h81fw5kr1msmjc7rvx329djp0-dotnet-sdk-8.0.300/sdk/8.0.300/Sdks/Microsoft.NET.Sdk/targets/Microsoft.PackageDependencyResolution.targets" from project "/home/runner/workspace/PokerGame.Tests/PokerGame.Tests.csproj" (target "AssignProjectConfiguration" depends on it):
   1:7>Done building target "ResolvePackageDependenciesForBuild" in project "PokerGame.Tests.csproj".
       Target "_System_Text_JsonAnalyzerMultiTargeting" skipped, due to false condition; ('$(SupportsRoslynComponentVersioning)' != 'true') was evaluated as ('true' != 'true').
       Target "_System_Text_JsonRemoveAnalyzers" skipped, due to false condition; ('$(DisableSystemTextJsonSourceGenerator)' == 'true') was evaluated as ('' == 'true').
   1:7>Target "_Microsoft_Extensions_Configuration_Binder_RemoveAnalyzer" in file "/home/runner/.nuget/packages/microsoft.extensions.configuration.binder/8.0.0/buildTransitive/netstandard2.0/Microsoft.Extensions.Configuration.Binder.targets" from project "/home/runner/workspace/PokerGame.Tests/PokerGame.Tests.csproj" (target "AssignProjectConfiguration" depends on it):
   1:7>Done building target "_Microsoft_Extensions_Configuration_Binder_RemoveAnalyzer" in project "PokerGame.Tests.csproj".
   1:7>Target "AssignProjectConfiguration" in file "/nix/store/8y83na7h81fw5kr1msmjc7rvx329djp0-dotnet-sdk-8.0.300/sdk/8.0.300/Microsoft.Common.CurrentVersion.targets" from project "/home/runner/workspace/PokerGame.Tests/PokerGame.Tests.csproj" (target "ResolveReferences" depends on it):
       Using "AssignProjectConfiguration" task from assembly "Microsoft.Build.Tasks.Core, Version=15.1.0.0, Culture=neutral, PublicKeyToken=b03f5f7f11d50a3a".
       Task "AssignProjectConfiguration"
         Project reference "../PokerGame.Core/PokerGame.Core.csproj" has not been resolved.
         Project reference "../PokerGame.Abstractions/PokerGame.Abstractions.csproj" has not been resolved.
         Project reference "../MSA.Foundation/MSA.Foundation.csproj" has not been resolved.
       Done executing task "AssignProjectConfiguration".
   1:7>Done building target "AssignProjectConfiguration" in project "PokerGame.Tests.csproj".
       Target "AssignProjectConfiguration" skipped. Previously built successfully.
   1:7>Target "_SplitProjectReferencesByFileExistence" in file "/nix/store/8y83na7h81fw5kr1msmjc7rvx329djp0-dotnet-sdk-8.0.300/sdk/8.0.300/Microsoft.Common.CurrentVersion.targets" from project "/home/runner/workspace/PokerGame.Tests/PokerGame.Tests.csproj" (target "PrepareProjectReferences" depends on it):
       Task "ResolveNonMSBuildProjectOutput" skipped, due to false condition; ('$(BuildingInsideVisualStudio)'=='true' and '@(ProjectReferenceWithConfiguration)'!='') was evaluated as (''=='true' and '../PokerGame.Core/PokerGame.Core.csproj;../PokerGame.Abstractions/PokerGame.Abstractions.csproj;../MSA.Foundation/MSA.Foundation.csproj'!='').
   1:7>Done building target "_SplitProjectReferencesByFileExistence" in project "PokerGame.Tests.csproj".
   1:7>Target "_AddOutputPathToGlobalPropertiesToRemove" in file "/nix/store/8y83na7h81fw5kr1msmjc7rvx329djp0-dotnet-sdk-8.0.300/sdk/8.0.300/Microsoft.Common.CurrentVersion.targets" from project "/home/runner/workspace/PokerGame.Tests/PokerGame.Tests.csproj" (target "_GetProjectReferenceTargetFrameworkProperties" depends on it):
   1:7>Done building target "_AddOutputPathToGlobalPropertiesToRemove" in project "PokerGame.Tests.csproj".
   1:7>Target "_GetProjectReferenceTargetFrameworkProperties" in file "/nix/store/8y83na7h81fw5kr1msmjc7rvx329djp0-dotnet-sdk-8.0.300/sdk/8.0.300/Microsoft.Common.CurrentVersion.targets" from project "/home/runner/workspace/PokerGame.Tests/PokerGame.Tests.csproj" (target "PrepareProjectReferences" depends on it):
       Task "MSBuild"
         Removing Properties:
           TargetFramework
           RuntimeIdentifier
           SelfContained
     0>Property 'MSBuildExtensionsPath' with value '/nix/store/8y83na7h81fw5kr1msmjc7rvx329djp0-dotnet-sdk-8.0.300/sdk/8.0.300/' expanded from the environment.
       The SDK "Microsoft.NET.Sdk" was successfully resolved by the "DefaultSdkResolver" resolver to location "/nix/store/8y83na7h81fw5kr1msmjc7rvx329djp0-dotnet-sdk-8.0.300/sdk/8.0.300/Sdks/Microsoft.NET.Sdk/Sdk" and version "".
       Property reassignment: $(MSBuildProjectExtensionsPath)="/home/runner/workspace/PokerGame.Core/obj/" (previous value: "obj/") at /nix/store/8y83na7h81fw5kr1msmjc7rvx329djp0-dotnet-sdk-8.0.300/sdk/8.0.300/Current/Microsoft.Common.props (60,5)
       Property 'MSBuildExtensionsPath' with value '/nix/store/8y83na7h81fw5kr1msmjc7rvx329djp0-dotnet-sdk-8.0.300/sdk/8.0.300/' expanded from the environment.
       Property 'MSBuildExtensionsPath' with value '/nix/store/8y83na7h81fw5kr1msmjc7rvx329djp0-dotnet-sdk-8.0.300/sdk/8.0.300/' expanded from the environment.
       Property reassignment: $(MSBuildProjectExtensionsPath)="/home/runner/workspace/PokerGame.Abstractions/obj/" (previous value: "obj/") at /nix/store/8y83na7h81fw5kr1msmjc7rvx329djp0-dotnet-sdk-8.0.300/sdk/8.0.300/Current/Microsoft.Common.props (60,5)
       Property reassignment: $(MSBuildProjectExtensionsPath)="/home/runner/workspace/MSA.Foundation/obj/" (previous value: "obj/") at /nix/store/8y83na7h81fw5kr1msmjc7rvx329djp0-dotnet-sdk-8.0.300/sdk/8.0.300/Current/Microsoft.Common.props (60,5)
       Property reassignment: $(AssemblySearchPaths)="{CandidateAssemblyFiles};{HintPathFromItem}" (previous value: "{CandidateAssemblyFiles}") at /nix/store/8y83na7h81fw5kr1msmjc7rvx329djp0-dotnet-sdk-8.0.300/sdk/8.0.300/Sdks/Microsoft.NET.Sdk/targets/Microsoft.NET.Sdk.props (91,5)
       Property reassignment: $(AssemblySearchPaths)="{CandidateAssemblyFiles};{HintPathFromItem}" (previous value: "{CandidateAssemblyFiles}") at /nix/store/8y83na7h81fw5kr1msmjc7rvx329djp0-dotnet-sdk-8.0.300/sdk/8.0.300/Sdks/Microsoft.NET.Sdk/targets/Microsoft.NET.Sdk.props (91,5)
       Property reassignment: $(AssemblySearchPaths)="{CandidateAssemblyFiles};{HintPathFromItem};{TargetFrameworkDirectory}" (previous value: "{CandidateAssemblyFiles};{HintPathFromItem}") at /nix/store/8y83na7h81fw5kr1msmjc7rvx329djp0-dotnet-sdk-8.0.300/sdk/8.0.300/Sdks/Microsoft.NET.Sdk/targets/Microsoft.NET.Sdk.props (92,5)
       Property reassignment: $(AssemblySearchPaths)="{CandidateAssemblyFiles};{HintPathFromItem};{TargetFrameworkDirectory};{RawFileName}" (previous value: "{CandidateAssemblyFiles};{HintPathFromItem};{TargetFrameworkDirectory}") at /nix/store/8y83na7h81fw5kr1msmjc7rvx329djp0-dotnet-sdk-8.0.300/sdk/8.0.300/Sdks/Microsoft.NET.Sdk/targets/Microsoft.NET.Sdk.props (93,5)
       Property reassignment: $(AssemblySearchPaths)="{CandidateAssemblyFiles};{HintPathFromItem};{TargetFrameworkDirectory}" (previous value: "{CandidateAssemblyFiles};{HintPathFromItem}") at /nix/store/8y83na7h81fw5kr1msmjc7rvx329djp0-dotnet-sdk-8.0.300/sdk/8.0.300/Sdks/Microsoft.NET.Sdk/targets/Microsoft.NET.Sdk.props (92,5)
       Property reassignment: $(AssemblySearchPaths)="{CandidateAssemblyFiles};{HintPathFromItem};{TargetFrameworkDirectory};{RawFileName}" (previous value: "{CandidateAssemblyFiles};{HintPathFromItem};{TargetFrameworkDirectory}") at /nix/store/8y83na7h81fw5kr1msmjc7rvx329djp0-dotnet-sdk-8.0.300/sdk/8.0.300/Sdks/Microsoft.NET.Sdk/targets/Microsoft.NET.Sdk.props (93,5)
       Property reassignment: $(TargetsForTfmSpecificContentInPackage)=";PackTool;_PackProjectToolValidation" (previous value: ";PackTool") at /nix/store/8y83na7h81fw5kr1msmjc7rvx329djp0-dotnet-sdk-8.0.300/sdk/8.0.300/Sdks/Microsoft.NET.Sdk/targets/Microsoft.NET.PackProjectTool.props (15,5)
       Property reassignment: $(TargetsForTfmSpecificContentInPackage)=";PackTool;_PackProjectToolValidation" (previous value: ";PackTool") at /nix/store/8y83na7h81fw5kr1msmjc7rvx329djp0-dotnet-sdk-8.0.300/sdk/8.0.300/Sdks/Microsoft.NET.Sdk/targets/Microsoft.NET.PackProjectTool.props (15,5)
       Property reassignment: $(PublishProfileImported)="false" (previous value: "true") at /nix/store/8y83na7h81fw5kr1msmjc7rvx329djp0-dotnet-sdk-8.0.300/sdk/8.0.300/Sdks/Microsoft.NET.Sdk/targets/Microsoft.NET.Sdk.ImportPublishProfile.targets (28,5)
       Property reassignment: $(PublishProfileImported)="false" (previous value: "true") at /nix/store/8y83na7h81fw5kr1msmjc7rvx329djp0-dotnet-sdk-8.0.300/sdk/8.0.300/Sdks/Microsoft.NET.Sdk/targets/Microsoft.NET.Sdk.ImportPublishProfile.targets (28,5)
       Property reassignment: $(TargetPlatformVersion)="" (previous value: "0.0") at /nix/store/8y83na7h81fw5kr1msmjc7rvx329djp0-dotnet-sdk-8.0.300/sdk/8.0.300/Sdks/Microsoft.NET.Sdk/targets/Microsoft.NET.TargetFrameworkInference.targets (69,5)
       Property reassignment: $(DefaultItemExcludes)=";bin/Debug//**;obj/Debug//**" (previous value: ";bin/Debug//**") at /nix/store/8y83na7h81fw5kr1msmjc7rvx329djp0-dotnet-sdk-8.0.300/sdk/8.0.300/Sdks/Microsoft.NET.Sdk/targets/Microsoft.NET.DefaultOutputPaths.targets (122,5)
       Property reassignment: $(OutputPath)="bin/Debug/net8.0/" (previous value: "bin/Debug/") at /nix/store/8y83na7h81fw5kr1msmjc7rvx329djp0-dotnet-sdk-8.0.300/sdk/8.0.300/Sdks/Microsoft.NET.Sdk/targets/Microsoft.NET.DefaultOutputPaths.targets (137,5)
       Property reassignment: $(IntermediateOutputPath)="obj/Debug/net8.0/" (previous value: "obj/Debug/") at /nix/store/8y83na7h81fw5kr1msmjc7rvx329djp0-dotnet-sdk-8.0.300/sdk/8.0.300/Sdks/Microsoft.NET.Sdk/targets/Microsoft.NET.DefaultOutputPaths.targets (142,5)
       Property reassignment: $(_FrameworkIdentifierForImplicitDefine)="NET" (previous value: "NETCOREAPP") at /nix/store/8y83na7h81fw5kr1msmjc7rvx329djp0-dotnet-sdk-8.0.300/sdk/8.0.300/Sdks/Microsoft.NET.Sdk/targets/Microsoft.NET.Sdk.BeforeCommon.targets (187,5)
       Property reassignment: $(_FrameworkVersionForImplicitDefine)="8_0" (previous value: "8.0") at /nix/store/8y83na7h81fw5kr1msmjc7rvx329djp0-dotnet-sdk-8.0.300/sdk/8.0.300/Sdks/Microsoft.NET.Sdk/targets/Microsoft.NET.Sdk.BeforeCommon.targets (192,5)
       Property reassignment: $(TargetPlatformVersion)="" (previous value: "0.0") at /nix/store/8y83na7h81fw5kr1msmjc7rvx329djp0-dotnet-sdk-8.0.300/sdk/8.0.300/Sdks/Microsoft.NET.Sdk/targets/Microsoft.NET.TargetFrameworkInference.targets (69,5)
       Property reassignment: $(DefaultItemExcludes)=";bin/Debug//**;obj/Debug//**" (previous value: ";bin/Debug//**") at /nix/store/8y83na7h81fw5kr1msmjc7rvx329djp0-dotnet-sdk-8.0.300/sdk/8.0.300/Sdks/Microsoft.NET.Sdk/targets/Microsoft.NET.DefaultOutputPaths.targets (122,5)
       Property reassignment: $(OutputPath)="bin/Debug/net8.0/" (previous value: "bin/Debug/") at /nix/store/8y83na7h81fw5kr1msmjc7rvx329djp0-dotnet-sdk-8.0.300/sdk/8.0.300/Sdks/Microsoft.NET.Sdk/targets/Microsoft.NET.DefaultOutputPaths.targets (137,5)
       Property reassignment: $(IntermediateOutputPath)="obj/Debug/net8.0/" (previous value: "obj/Debug/") at /nix/store/8y83na7h81fw5kr1msmjc7rvx329djp0-dotnet-sdk-8.0.300/sdk/8.0.300/Sdks/Microsoft.NET.Sdk/targets/Microsoft.NET.DefaultOutputPaths.targets (142,5)
       Property reassignment: $(_FrameworkIdentifierForImplicitDefine)="NET" (previous value: "NETCOREAPP") at /nix/store/8y83na7h81fw5kr1msmjc7rvx329djp0-dotnet-sdk-8.0.300/sdk/8.0.300/Sdks/Microsoft.NET.Sdk/targets/Microsoft.NET.Sdk.BeforeCommon.targets (187,5)
       Property reassignment: $(_FrameworkVersionForImplicitDefine)="8_0" (previous value: "8.0") at /nix/store/8y83na7h81fw5kr1msmjc7rvx329djp0-dotnet-sdk-8.0.300/sdk/8.0.300/Sdks/Microsoft.NET.Sdk/targets/Microsoft.NET.Sdk.BeforeCommon.targets (192,5)
       Property reassignment: $(CommandLineArgsForDesignTimeEvaluation)="-langversion:12.0 -define:TRACE" (previous value: "-langversion:12.0") at /nix/store/8y83na7h81fw5kr1msmjc7rvx329djp0-dotnet-sdk-8.0.300/sdk/8.0.300/Roslyn/Microsoft.CSharp.Core.targets (200,5)
       Property reassignment: $(_DebugSymbolsProduced)="true" (previous value: "false") at /nix/store/8y83na7h81fw5kr1msmjc7rvx329djp0-dotnet-sdk-8.0.300/sdk/8.0.300/Microsoft.Common.CurrentVersion.targets (175,5)
       Property reassignment: $(_DocumentationFileProduced)="false" (previous value: "true") at /nix/store/8y83na7h81fw5kr1msmjc7rvx329djp0-dotnet-sdk-8.0.300/sdk/8.0.300/Microsoft.Common.CurrentVersion.targets (185,5)
       Property reassignment: $(MSBuildCopyMarkerName)="PokerGam.4A707060" (previous value: "PokerGame.Core.csproj") at /nix/store/8y83na7h81fw5kr1msmjc7rvx329djp0-dotnet-sdk-8.0.300/sdk/8.0.300/Microsoft.Common.CurrentVersion.targets (392,5)
       Property reassignment: $(MSBuildCopyMarkerName)="PokerGam.4A707060.Up2Date" (previous value: "PokerGam.4A707060") at /nix/store/8y83na7h81fw5kr1msmjc7rvx329djp0-dotnet-sdk-8.0.300/sdk/8.0.300/Microsoft.Common.CurrentVersion.targets (393,5)
       Property reassignment: $(ProcessorArchitecture)="msil" (previous value: "") at /nix/store/8y83na7h81fw5kr1msmjc7rvx329djp0-dotnet-sdk-8.0.300/sdk/8.0.300/Microsoft.Common.CurrentVersion.targets (536,5)
       Property reassignment: $(DelaySign)="" (previous value: "false") at /nix/store/8y83na7h81fw5kr1msmjc7rvx329djp0-dotnet-sdk-8.0.300/sdk/8.0.300/Microsoft.Common.CurrentVersion.targets (575,5)
       Property 'LocalAppData' with value '/home/runner/workspace/.local/share' expanded from the environment.
       Property reassignment: $(_SGenGenerateSerializationAssembliesConfig)="Auto" (previous value: "") at /nix/store/8y83na7h81fw5kr1msmjc7rvx329djp0-dotnet-sdk-8.0.300/sdk/8.0.300/Microsoft.Common.CurrentVersion.targets (3880,5)
       Property reassignment: $(_SGenGenerateSerializationAssembliesConfig)="Off" (previous value: "Auto") at /nix/store/8y83na7h81fw5kr1msmjc7rvx329djp0-dotnet-sdk-8.0.300/sdk/8.0.300/Microsoft.Common.CurrentVersion.targets (3881,5)
       Property reassignment: $(_TargetsThatPrepareProjectReferences)="
             AssignProjectConfiguration;
             _SplitProjectReferencesByFileExistence
           " (previous value: "_SplitProjectReferencesByFileExistence") at /nix/store/8y83na7h81fw5kr1msmjc7rvx329djp0-dotnet-sdk-8.0.300/sdk/8.0.300/Microsoft.Common.CurrentVersion.targets (5048,5)
       Property 'MSBuildExtensionsPath32' with value '/nix/store/8y83na7h81fw5kr1msmjc7rvx329djp0-dotnet-sdk-8.0.300/sdk/8.0.300' expanded from the environment.
       Property reassignment: $(CommandLineArgsForDesignTimeEvaluation)="-langversion:12.0 -define:TRACE" (previous value: "-langversion:12.0") at /nix/store/8y83na7h81fw5kr1msmjc7rvx329djp0-dotnet-sdk-8.0.300/sdk/8.0.300/Roslyn/Microsoft.CSharp.Core.targets (200,5)
       Property reassignment: $(_DebugSymbolsProduced)="true" (previous value: "false") at /nix/store/8y83na7h81fw5kr1msmjc7rvx329djp0-dotnet-sdk-8.0.300/sdk/8.0.300/Microsoft.Common.CurrentVersion.targets (175,5)
       Property reassignment: $(_DocumentationFileProduced)="false" (previous value: "true") at /nix/store/8y83na7h81fw5kr1msmjc7rvx329djp0-dotnet-sdk-8.0.300/sdk/8.0.300/Microsoft.Common.CurrentVersion.targets (185,5)
       Property reassignment: $(MSBuildCopyMarkerName)="PokerGam.BF7BC01E" (previous value: "PokerGame.Abstractions.csproj") at /nix/store/8y83na7h81fw5kr1msmjc7rvx329djp0-dotnet-sdk-8.0.300/sdk/8.0.300/Microsoft.Common.CurrentVersion.targets (392,5)
       Property reassignment: $(MSBuildCopyMarkerName)="PokerGam.BF7BC01E.Up2Date" (previous value: "PokerGam.BF7BC01E") at /nix/store/8y83na7h81fw5kr1msmjc7rvx329djp0-dotnet-sdk-8.0.300/sdk/8.0.300/Microsoft.Common.CurrentVersion.targets (393,5)
       Property reassignment: $(ProcessorArchitecture)="msil" (previous value: "") at /nix/store/8y83na7h81fw5kr1msmjc7rvx329djp0-dotnet-sdk-8.0.300/sdk/8.0.300/Microsoft.Common.CurrentVersion.targets (536,5)
       Property reassignment: $(DelaySign)="" (previous value: "false") at /nix/store/8y83na7h81fw5kr1msmjc7rvx329djp0-dotnet-sdk-8.0.300/sdk/8.0.300/Microsoft.Common.CurrentVersion.targets (575,5)
       Property 'LocalAppData' with value '/home/runner/workspace/.local/share' expanded from the environment.
       Property reassignment: $(_SGenGenerateSerializationAssembliesConfig)="Auto" (previous value: "") at /nix/store/8y83na7h81fw5kr1msmjc7rvx329djp0-dotnet-sdk-8.0.300/sdk/8.0.300/Microsoft.Common.CurrentVersion.targets (3880,5)
       Property reassignment: $(_SGenGenerateSerializationAssembliesConfig)="Off" (previous value: "Auto") at /nix/store/8y83na7h81fw5kr1msmjc7rvx329djp0-dotnet-sdk-8.0.300/sdk/8.0.300/Microsoft.Common.CurrentVersion.targets (3881,5)
       Property reassignment: $(_TargetsThatPrepareProjectReferences)="
             AssignProjectConfiguration;
             _SplitProjectReferencesByFileExistence
           " (previous value: "_SplitProjectReferencesByFileExistence") at /nix/store/8y83na7h81fw5kr1msmjc7rvx329djp0-dotnet-sdk-8.0.300/sdk/8.0.300/Microsoft.Common.CurrentVersion.targets (5048,5)
       Property 'MSBuildExtensionsPath32' with value '/nix/store/8y83na7h81fw5kr1msmjc7rvx329djp0-dotnet-sdk-8.0.300/sdk/8.0.300' expanded from the environment.
       Property reassignment: $(ProjectAssetsCacheFile)="/home/runner/workspace/PokerGame.Abstractions/obj/Debug/net8.0/PokerGame.Abstractions.assets.cache" (previous value: "obj/Debug/net8.0/PokerGame.Abstractions.assets.cache") at /nix/store/8y83na7h81fw5kr1msmjc7rvx329djp0-dotnet-sdk-8.0.300/sdk/8.0.300/Sdks/Microsoft.NET.Sdk/targets/Microsoft.PackageDependencyResolution.targets (29,5)
       Property reassignment: $(ResolveAssemblyReferencesDependsOn)="
             
             ResolveProjectReferences;
             FindInvalidProjectReferences;
             GetFrameworkPaths;
             GetReferenceAssemblyPaths;
             PrepareForBuild;
             ResolveSDKReferences;
             ExpandSDKReferences;
           ;
             ResolvePackageDependenciesForBuild;
             _HandlePackageFileConflicts;
           " (previous value: "
             ResolveProjectReferences;
             FindInvalidProjectReferences;
             GetFrameworkPaths;
             GetReferenceAssemblyPaths;
             PrepareForBuild;
             ResolveSDKReferences;
             ExpandSDKReferences;
           ") at /nix/store/8y83na7h81fw5kr1msmjc7rvx329djp0-dotnet-sdk-8.0.300/sdk/8.0.300/Sdks/Microsoft.NET.Sdk/targets/Microsoft.PackageDependencyResolution.targets (80,5)
       Property reassignment: $(PrepareResourcesDependsOn)="
             ResolvePackageDependenciesForBuild;
             _HandlePackageFileConflicts;
             
             ;
             PrepareResourceNames;
             ResGen;
             CompileLicxFiles
           
           " (previous value: "
             ;
             PrepareResourceNames;
             ResGen;
             CompileLicxFiles
           ") at /nix/store/8y83na7h81fw5kr1msmjc7rvx329djp0-dotnet-sdk-8.0.300/sdk/8.0.300/Sdks/Microsoft.NET.Sdk/targets/Microsoft.PackageDependencyResolution.targets (86,5)
       Property reassignment: $(DefaultItemExcludes)=";bin/Debug//**;obj/Debug//**;bin//**" (previous value: ";bin/Debug//**;obj/Debug//**") at /nix/store/8y83na7h81fw5kr1msmjc7rvx329djp0-dotnet-sdk-8.0.300/sdk/8.0.300/Sdks/Microsoft.NET.Sdk/targets/Microsoft.NET.Sdk.DefaultItems.targets (27,5)
       Property reassignment: $(DefaultItemExcludes)=";bin/Debug//**;obj/Debug//**;bin//**;obj//**" (previous value: ";bin/Debug//**;obj/Debug//**;bin//**") at /nix/store/8y83na7h81fw5kr1msmjc7rvx329djp0-dotnet-sdk-8.0.300/sdk/8.0.300/Sdks/Microsoft.NET.Sdk/targets/Microsoft.NET.Sdk.DefaultItems.targets (29,5)
       Property reassignment: $(DefaultItemExcludes)=";bin/Debug//**;obj/Debug//**;bin//**;obj//**;**/*.user" (previous value: ";bin/Debug//**;obj/Debug//**;bin//**;obj//**") at /nix/store/8y83na7h81fw5kr1msmjc7rvx329djp0-dotnet-sdk-8.0.300/sdk/8.0.300/Sdks/Microsoft.NET.Sdk/targets/Microsoft.NET.Sdk.DefaultItems.targets (32,5)
       Property reassignment: $(DefaultItemExcludes)=";bin/Debug//**;obj/Debug//**;bin//**;obj//**;**/*.user;**/*.*proj" (previous value: ";bin/Debug//**;obj/Debug//**;bin//**;obj//**;**/*.user") at /nix/store/8y83na7h81fw5kr1msmjc7rvx329djp0-dotnet-sdk-8.0.300/sdk/8.0.300/Sdks/Microsoft.NET.Sdk/targets/Microsoft.NET.Sdk.DefaultItems.targets (33,5)
       Property reassignment: $(DefaultItemExcludes)=";bin/Debug//**;obj/Debug//**;bin//**;obj//**;**/*.user;**/*.*proj;**/*.sln" (previous value: ";bin/Debug//**;obj/Debug//**;bin//**;obj//**;**/*.user;**/*.*proj") at /nix/store/8y83na7h81fw5kr1msmjc7rvx329djp0-dotnet-sdk-8.0.300/sdk/8.0.300/Sdks/Microsoft.NET.Sdk/targets/Microsoft.NET.Sdk.DefaultItems.targets (34,5)
       Property reassignment: $(DefaultItemExcludes)=";bin/Debug//**;obj/Debug//**;bin//**;obj//**;**/*.user;**/*.*proj;**/*.sln;**/*.vssscc" (previous value: ";bin/Debug//**;obj/Debug//**;bin//**;obj//**;**/*.user;**/*.*proj;**/*.sln") at /nix/store/8y83na7h81fw5kr1msmjc7rvx329djp0-dotnet-sdk-8.0.300/sdk/8.0.300/Sdks/Microsoft.NET.Sdk/targets/Microsoft.NET.Sdk.DefaultItems.targets (35,5)
       Property reassignment: $(DefaultItemExcludes)=";bin/Debug//**;obj/Debug//**;bin//**;obj//**;**/*.user;**/*.*proj;**/*.sln;**/*.vssscc;**/.DS_Store" (previous value: ";bin/Debug//**;obj/Debug//**;bin//**;obj//**;**/*.user;**/*.*proj;**/*.sln;**/*.vssscc") at /nix/store/8y83na7h81fw5kr1msmjc7rvx329djp0-dotnet-sdk-8.0.300/sdk/8.0.300/Sdks/Microsoft.NET.Sdk/targets/Microsoft.NET.Sdk.DefaultItems.targets (36,5)
       Property reassignment: $(ResolveAssemblyReferencesDependsOn)="
             
             
             ResolveProjectReferences;
             FindInvalidProjectReferences;
             GetFrameworkPaths;
             GetReferenceAssemblyPaths;
             PrepareForBuild;
             ResolveSDKReferences;
             ExpandSDKReferences;
           ;
             ResolvePackageDependenciesForBuild;
             _HandlePackageFileConflicts;
           ;
             ResolveTargetingPackAssets;
           " (previous value: "
             
             ResolveProjectReferences;
             FindInvalidProjectReferences;
             GetFrameworkPaths;
             GetReferenceAssemblyPaths;
             PrepareForBuild;
             ResolveSDKReferences;
             ExpandSDKReferences;
           ;
             ResolvePackageDependenciesForBuild;
             _HandlePackageFileConflicts;
           ") at /nix/store/8y83na7h81fw5kr1msmjc7rvx329djp0-dotnet-sdk-8.0.300/sdk/8.0.300/Sdks/Microsoft.NET.Sdk/targets/Microsoft.NET.Sdk.FrameworkReferenceResolution.targets (14,5)
       Property reassignment: $(_GenerateRuntimeConfigurationPropertyInputsCache)="/home/runner/workspace/PokerGame.Abstractions/obj/Debug/net8.0/PokerGame.Abstractions.genruntimeconfig.cache" (previous value: "obj/Debug/net8.0/PokerGame.Abstractions.genruntimeconfig.cache") at /nix/store/8y83na7h81fw5kr1msmjc7rvx329djp0-dotnet-sdk-8.0.300/sdk/8.0.300/Sdks/Microsoft.NET.Sdk/targets/Microsoft.NET.Sdk.targets (44,5)
       Property reassignment: $(_GeneratePublishDependencyFilePropertyInputsCache)="/home/runner/workspace/PokerGame.Abstractions/obj/Debug/net8.0/PokerGame.Abstractions.genpublishdeps.cache" (previous value: "obj/Debug/net8.0/PokerGame.Abstractions.genpublishdeps.cache") at /nix/store/8y83na7h81fw5kr1msmjc7rvx329djp0-dotnet-sdk-8.0.300/sdk/8.0.300/Sdks/Microsoft.NET.Sdk/targets/Microsoft.NET.Sdk.targets (46,5)
       Property reassignment: $(_GenerateSingleFileBundlePropertyInputsCache)="/home/runner/workspace/PokerGame.Abstractions/obj/Debug/net8.0/PokerGame.Abstractions.genbundle.cache" (previous value: "obj/Debug/net8.0/PokerGame.Abstractions.genbundle.cache") at /nix/store/8y83na7h81fw5kr1msmjc7rvx329djp0-dotnet-sdk-8.0.300/sdk/8.0.300/Sdks/Microsoft.NET.Sdk/targets/Microsoft.NET.Sdk.targets (48,5)
       Property reassignment: $(GenerateRuntimeConfigDevFile)="false" (previous value: "true") at /nix/store/8y83na7h81fw5kr1msmjc7rvx329djp0-dotnet-sdk-8.0.300/sdk/8.0.300/Sdks/Microsoft.NET.Sdk/targets/Microsoft.NET.Sdk.targets (81,5)
       Property 'HOME' with value '/home/runner' expanded from the environment.
       Property reassignment: $(_DefaultUserProfileRuntimeStorePath)="/home/runner/.dotnet/store" (previous value: "/home/runner") at /nix/store/8y83na7h81fw5kr1msmjc7rvx329djp0-dotnet-sdk-8.0.300/sdk/8.0.300/Sdks/Microsoft.NET.Sdk/targets/Microsoft.NET.Sdk.targets (98,5)
       Property reassignment: $(AvailablePlatforms)="Any CPU,x86,x64,ARM32" (previous value: "Any CPU,x86,x64") at /nix/store/8y83na7h81fw5kr1msmjc7rvx329djp0-dotnet-sdk-8.0.300/sdk/8.0.300/Sdks/Microsoft.NET.Sdk/targets/Microsoft.NET.Sdk.targets (136,5)
       Property reassignment: $(AvailablePlatforms)="Any CPU,x86,x64,ARM32,ARM64" (previous value: "Any CPU,x86,x64,ARM32") at /nix/store/8y83na7h81fw5kr1msmjc7rvx329djp0-dotnet-sdk-8.0.300/sdk/8.0.300/Sdks/Microsoft.NET.Sdk/targets/Microsoft.NET.Sdk.targets (140,5)
       Property reassignment: $(CoreBuildDependsOn)="
             _CheckForBuildWithNoBuild;
             
             BuildOnlySettings;
             PrepareForBuild;
             PreBuildEvent;
             ResolveReferences;
             PrepareResources;
             ResolveKeySource;
             Compile;
             ExportWindowsMDFile;
             UnmanagedUnregistration;
             GenerateSerializationAssemblies;
             CreateSatelliteAssemblies;
             GenerateManifests;
             GetTargetPath;
             PrepareForRun;
             UnmanagedRegistration;
             IncrementalClean;
             PostBuildEvent
           ;
             GenerateBuildDependencyFile;
             GenerateBuildRuntimeConfigurationFiles
           " (previous value: "
             BuildOnlySettings;
             PrepareForBuild;
             PreBuildEvent;
             ResolveReferences;
             PrepareResources;
             ResolveKeySource;
             Compile;
             ExportWindowsMDFile;
             UnmanagedUnregistration;
             GenerateSerializationAssemblies;
             CreateSatelliteAssemblies;
             GenerateManifests;
             GetTargetPath;
             PrepareForRun;
             UnmanagedRegistration;
             IncrementalClean;
             PostBuildEvent
           ") at /nix/store/8y83na7h81fw5kr1msmjc7rvx329djp0-dotnet-sdk-8.0.300/sdk/8.0.300/Sdks/Microsoft.NET.Sdk/targets/Microsoft.NET.Sdk.targets (197,5)
       Property reassignment: $(CoreCleanDependsOn)="
             _SdkBeforeClean;
             
           " (previous value: "") at /nix/store/8y83na7h81fw5kr1msmjc7rvx329djp0-dotnet-sdk-8.0.300/sdk/8.0.300/Sdks/Microsoft.NET.Sdk/targets/Microsoft.NET.Sdk.targets (206,5)
       Property reassignment: $(RebuildDependsOn)="
             _SdkBeforeRebuild;
             
             BeforeRebuild;
             Clean;
             Build;
             AfterRebuild;
           
           " (previous value: "
             BeforeRebuild;
             Clean;
             Build;
             AfterRebuild;
           ") at /nix/store/8y83na7h81fw5kr1msmjc7rvx329djp0-dotnet-sdk-8.0.300/sdk/8.0.300/Sdks/Microsoft.NET.Sdk/targets/Microsoft.NET.Sdk.targets (213,5)
       Property reassignment: $(CompileDependsOn)="
             
             ResolveReferences;
             ResolveKeySource;
             SetWin32ManifestProperties;
             FindReferenceAssembliesForReferences;
             _GenerateCompileInputs;
             BeforeCompile;
             _TimeStampBeforeCompile;
             _GenerateCompileDependencyCache;
             CoreCompile;
             _TimeStampAfterCompile;
             AfterCompile;
           ;
             _CreateAppHost;
             _CreateComHost;
             _GetIjwHostPaths;
           " (previous value: "
             ResolveReferences;
             ResolveKeySource;
             SetWin32ManifestProperties;
             FindReferenceAssembliesForReferences;
             _GenerateCompileInputs;
             BeforeCompile;
             _TimeStampBeforeCompile;
             _GenerateCompileDependencyCache;
             CoreCompile;
             _TimeStampAfterCompile;
             AfterCompile;
           ") at /nix/store/8y83na7h81fw5kr1msmjc7rvx329djp0-dotnet-sdk-8.0.300/sdk/8.0.300/Sdks/Microsoft.NET.Sdk/targets/Microsoft.NET.Sdk.targets (679,5)
       Property reassignment: $(CreateSatelliteAssembliesDependsOn)="
             
             ;
             _GenerateSatelliteAssemblyInputs;
             ComputeIntermediateSatelliteAssemblies;
             GenerateSatelliteAssemblies
           ;
             CoreGenerateSatelliteAssemblies
           " (previous value: "
             ;
             _GenerateSatelliteAssemblyInputs;
             ComputeIntermediateSatelliteAssemblies;
             GenerateSatelliteAssemblies
           ") at /nix/store/8y83na7h81fw5kr1msmjc7rvx329djp0-dotnet-sdk-8.0.300/sdk/8.0.300/Sdks/Microsoft.NET.Sdk/targets/Microsoft.NET.Sdk.targets (1065,5)
       Property reassignment: $(SourceLinkUrlInitializerTargets)=";_InitializeGitHubSourceLinkUrl;_InitializeGitLabSourceLinkUrl" (previous value: ";_InitializeGitHubSourceLinkUrl") at /nix/store/8y83na7h81fw5kr1msmjc7rvx329djp0-dotnet-sdk-8.0.300/sdk/8.0.300/Sdks/Microsoft.SourceLink.GitLab/build/Microsoft.SourceLink.GitLab.targets (12,5)
       Property reassignment: $(SourceControlManagerUrlTranslationTargets)=";TranslateGitHubUrlsInSourceControlInformation;TranslateGitLabUrlsInSourceControlInformation" (previous value: ";TranslateGitHubUrlsInSourceControlInformation") at /nix/store/8y83na7h81fw5kr1msmjc7rvx329djp0-dotnet-sdk-8.0.300/sdk/8.0.300/Sdks/Microsoft.SourceLink.GitLab/build/Microsoft.SourceLink.GitLab.targets (13,5)
       Property reassignment: $(SourceLinkUrlInitializerTargets)=";_InitializeGitHubSourceLinkUrl;_InitializeGitLabSourceLinkUrl;_InitializeAzureReposGitSourceLinkUrl" (previous value: ";_InitializeGitHubSourceLinkUrl;_InitializeGitLabSourceLinkUrl") at /nix/store/8y83na7h81fw5kr1msmjc7rvx329djp0-dotnet-sdk-8.0.300/sdk/8.0.300/Sdks/Microsoft.SourceLink.AzureRepos.Git/build/Microsoft.SourceLink.AzureRepos.Git.targets (12,5)
       Property reassignment: $(SourceControlManagerUrlTranslationTargets)=";TranslateGitHubUrlsInSourceControlInformation;TranslateGitLabUrlsInSourceControlInformation;TranslateAzureReposGitUrlsInSourceControlInformation" (previous value: ";TranslateGitHubUrlsInSourceControlInformation;TranslateGitLabUrlsInSourceControlInformation") at /nix/store/8y83na7h81fw5kr1msmjc7rvx329djp0-dotnet-sdk-8.0.300/sdk/8.0.300/Sdks/Microsoft.SourceLink.AzureRepos.Git/build/Microsoft.SourceLink.AzureRepos.Git.targets (13,5)
       Property reassignment: $(SourceLinkUrlInitializerTargets)=";_InitializeGitHubSourceLinkUrl;_InitializeGitLabSourceLinkUrl;_InitializeAzureReposGitSourceLinkUrl;_InitializeBitbucketGitSourceLinkUrl" (previous value: ";_InitializeGitHubSourceLinkUrl;_InitializeGitLabSourceLinkUrl;_InitializeAzureReposGitSourceLinkUrl") at /nix/store/8y83na7h81fw5kr1msmjc7rvx329djp0-dotnet-sdk-8.0.300/sdk/8.0.300/Sdks/Microsoft.SourceLink.Bitbucket.Git/build/Microsoft.SourceLink.Bitbucket.Git.targets (12,5)
       Property reassignment: $(SourceControlManagerUrlTranslationTargets)=";TranslateGitHubUrlsInSourceControlInformation;TranslateGitLabUrlsInSourceControlInformation;TranslateAzureReposGitUrlsInSourceControlInformation;TranslateBitbucketGitUrlsInSourceControlInformation" (previous value: ";TranslateGitHubUrlsInSourceControlInformation;TranslateGitLabUrlsInSourceControlInformation;TranslateAzureReposGitUrlsInSourceControlInformation") at /nix/store/8y83na7h81fw5kr1msmjc7rvx329djp0-dotnet-sdk-8.0.300/sdk/8.0.300/Sdks/Microsoft.SourceLink.Bitbucket.Git/build/Microsoft.SourceLink.Bitbucket.Git.targets (13,5)
       Property reassignment: $(AssemblySearchPaths)="{CandidateAssemblyFiles};{HintPathFromItem}" (previous value: "{CandidateAssemblyFiles}") at /nix/store/8y83na7h81fw5kr1msmjc7rvx329djp0-dotnet-sdk-8.0.300/sdk/8.0.300/Sdks/Microsoft.NET.Sdk/targets/Microsoft.NET.Sdk.props (91,5)
       Property reassignment: $(AssemblySearchPaths)="{CandidateAssemblyFiles};{HintPathFromItem};{TargetFrameworkDirectory}" (previous value: "{CandidateAssemblyFiles};{HintPathFromItem}") at /nix/store/8y83na7h81fw5kr1msmjc7rvx329djp0-dotnet-sdk-8.0.300/sdk/8.0.300/Sdks/Microsoft.NET.Sdk/targets/Microsoft.NET.Sdk.props (92,5)
       Property reassignment: $(AssemblySearchPaths)="{CandidateAssemblyFiles};{HintPathFromItem};{TargetFrameworkDirectory};{RawFileName}" (previous value: "{CandidateAssemblyFiles};{HintPathFromItem};{TargetFrameworkDirectory}") at /nix/store/8y83na7h81fw5kr1msmjc7rvx329djp0-dotnet-sdk-8.0.300/sdk/8.0.300/Sdks/Microsoft.NET.Sdk/targets/Microsoft.NET.Sdk.props (93,5)
       Property reassignment: $(DesignerRuntimeImplementationProjectOutputGroupDependsOn)="
             
             ;
             
             ;
             BuildOnlySettings;
             PrepareForBuild;
             AssignTargetPaths;
             ResolveReferences
           
           ;
             _GenerateDesignerDepsFile;
             _GenerateDesignerRuntimeConfigFile;
             GetCopyToOutputDirectoryItems;
             _GatherDesignerShadowCopyFiles;
           " (previous value: "
             ;
             
             ;
             BuildOnlySettings;
             PrepareForBuild;
             AssignTargetPaths;
             ResolveReferences
           
           ") at /nix/store/8y83na7h81fw5kr1msmjc7rvx329djp0-dotnet-sdk-8.0.300/sdk/8.0.300/Sdks/Microsoft.NET.Sdk/targets/Microsoft.NET.DesignerSupport.targets (21,5)
       Property reassignment: $(ProjectAssetsCacheFile)="/home/runner/workspace/PokerGame.Core/obj/Debug/net8.0/PokerGame.Core.assets.cache" (previous value: "obj/Debug/net8.0/PokerGame.Core.assets.cache") at /nix/store/8y83na7h81fw5kr1msmjc7rvx329djp0-dotnet-sdk-8.0.300/sdk/8.0.300/Sdks/Microsoft.NET.Sdk/targets/Microsoft.PackageDependencyResolution.targets (29,5)
       Property reassignment: $(ResolveAssemblyReferencesDependsOn)="
             
             ResolveProjectReferences;
             FindInvalidProjectReferences;
             GetFrameworkPaths;
             GetReferenceAssemblyPaths;
             PrepareForBuild;
             ResolveSDKReferences;
             ExpandSDKReferences;
           ;
             ResolvePackageDependenciesForBuild;
             _HandlePackageFileConflicts;
           " (previous value: "
             ResolveProjectReferences;
             FindInvalidProjectReferences;
             GetFrameworkPaths;
             GetReferenceAssemblyPaths;
             PrepareForBuild;
             ResolveSDKReferences;
             ExpandSDKReferences;
           ") at /nix/store/8y83na7h81fw5kr1msmjc7rvx329djp0-dotnet-sdk-8.0.300/sdk/8.0.300/Sdks/Microsoft.NET.Sdk/targets/Microsoft.PackageDependencyResolution.targets (80,5)
       Property reassignment: $(_GenerateToolsSettingsFileCacheFile)="/home/runner/workspace/PokerGame.Abstractions/obj/Debug/net8.0/PokerGame.Abstractions.toolssettingsinput.cache" (previous value: "obj/Debug/net8.0/PokerGame.Abstractions.toolssettingsinput.cache") at /nix/store/8y83na7h81fw5kr1msmjc7rvx329djp0-dotnet-sdk-8.0.300/sdk/8.0.300/Sdks/Microsoft.NET.Sdk/targets/Microsoft.NET.PackTool.targets (68,5)
       Property reassignment: $(PrepareResourcesDependsOn)="
             ResolvePackageDependenciesForBuild;
             _HandlePackageFileConflicts;
             
             ;
             PrepareResourceNames;
             ResGen;
             CompileLicxFiles
           
           " (previous value: "
             ;
             PrepareResourceNames;
             ResGen;
             CompileLicxFiles
           ") at /nix/store/8y83na7h81fw5kr1msmjc7rvx329djp0-dotnet-sdk-8.0.300/sdk/8.0.300/Sdks/Microsoft.NET.Sdk/targets/Microsoft.PackageDependencyResolution.targets (86,5)
       Property reassignment: $(_ShimInputCacheFile)="/home/runner/workspace/PokerGame.Abstractions/obj/Debug/net8.0/PokerGame.Abstractions.shiminput.cache" (previous value: "obj/Debug/net8.0/PokerGame.Abstractions.shiminput.cache") at /nix/store/8y83na7h81fw5kr1msmjc7rvx329djp0-dotnet-sdk-8.0.300/sdk/8.0.300/Sdks/Microsoft.NET.Sdk/targets/Microsoft.NET.PackTool.targets (137,5)
       Property reassignment: $(_ShimCreatedSentinelFile)="/home/runner/workspace/PokerGame.Abstractions/obj/Debug/net8.0/PokerGame.Abstractions.shimcreated.sentinel" (previous value: "obj/Debug/net8.0/PokerGame.Abstractions.shimcreated.sentinel") at /nix/store/8y83na7h81fw5kr1msmjc7rvx329djp0-dotnet-sdk-8.0.300/sdk/8.0.300/Sdks/Microsoft.NET.Sdk/targets/Microsoft.NET.PackTool.targets (139,5)
       Property reassignment: $(DefineConstants)="TRACE;DEBUG" (previous value: "TRACE") at /nix/store/8y83na7h81fw5kr1msmjc7rvx329djp0-dotnet-sdk-8.0.300/sdk/8.0.300/Sdks/Microsoft.NET.Sdk/targets/Microsoft.NET.Sdk.CSharp.targets (31,5)
       Property reassignment: $(DefaultItemExcludes)=";bin/Debug//**;obj/Debug//**;bin//**" (previous value: ";bin/Debug//**;obj/Debug//**") at /nix/store/8y83na7h81fw5kr1msmjc7rvx329djp0-dotnet-sdk-8.0.300/sdk/8.0.300/Sdks/Microsoft.NET.Sdk/targets/Microsoft.NET.Sdk.DefaultItems.targets (27,5)
       Property reassignment: $(DefineConstants)="TRACE;DEBUG;NET;NET8_0;NETCOREAPP" (previous value: "TRACE;DEBUG") at /nix/store/8y83na7h81fw5kr1msmjc7rvx329djp0-dotnet-sdk-8.0.300/sdk/8.0.300/Sdks/Microsoft.NET.Sdk/targets/Microsoft.NET.Sdk.CSharp.targets (34,5)
       Property reassignment: $(WarningsAsErrors)=";NU1605;SYSLIB0011" (previous value: ";NU1605") at /nix/store/8y83na7h81fw5kr1msmjc7rvx329djp0-dotnet-sdk-8.0.300/sdk/8.0.300/Sdks/Microsoft.NET.Sdk/targets/Microsoft.NET.Sdk.CSharp.targets (48,5)
       Property reassignment: $(DefaultItemExcludes)=";bin/Debug//**;obj/Debug//**;bin//**;obj//**" (previous value: ";bin/Debug//**;obj/Debug//**;bin//**") at /nix/store/8y83na7h81fw5kr1msmjc7rvx329djp0-dotnet-sdk-8.0.300/sdk/8.0.300/Sdks/Microsoft.NET.Sdk/targets/Microsoft.NET.Sdk.DefaultItems.targets (29,5)
       Property reassignment: $(DefaultItemExcludes)=";bin/Debug//**;obj/Debug//**;bin//**;obj//**;**/*.user" (previous value: ";bin/Debug//**;obj/Debug//**;bin//**;obj//**") at /nix/store/8y83na7h81fw5kr1msmjc7rvx329djp0-dotnet-sdk-8.0.300/sdk/8.0.300/Sdks/Microsoft.NET.Sdk/targets/Microsoft.NET.Sdk.DefaultItems.targets (32,5)
       Property reassignment: $(DefaultItemExcludes)=";bin/Debug//**;obj/Debug//**;bin//**;obj//**;**/*.user;**/*.*proj" (previous value: ";bin/Debug//**;obj/Debug//**;bin//**;obj//**;**/*.user") at /nix/store/8y83na7h81fw5kr1msmjc7rvx329djp0-dotnet-sdk-8.0.300/sdk/8.0.300/Sdks/Microsoft.NET.Sdk/targets/Microsoft.NET.Sdk.DefaultItems.targets (33,5)
       Property reassignment: $(DefaultItemExcludes)=";bin/Debug//**;obj/Debug//**;bin//**;obj//**;**/*.user;**/*.*proj;**/*.sln" (previous value: ";bin/Debug//**;obj/Debug//**;bin//**;obj//**;**/*.user;**/*.*proj") at /nix/store/8y83na7h81fw5kr1msmjc7rvx329djp0-dotnet-sdk-8.0.300/sdk/8.0.300/Sdks/Microsoft.NET.Sdk/targets/Microsoft.NET.Sdk.DefaultItems.targets (34,5)
       Property reassignment: $(DefaultItemExcludes)=";bin/Debug//**;obj/Debug//**;bin//**;obj//**;**/*.user;**/*.*proj;**/*.sln;**/*.vssscc" (previous value: ";bin/Debug//**;obj/Debug//**;bin//**;obj//**;**/*.user;**/*.*proj;**/*.sln") at /nix/store/8y83na7h81fw5kr1msmjc7rvx329djp0-dotnet-sdk-8.0.300/sdk/8.0.300/Sdks/Microsoft.NET.Sdk/targets/Microsoft.NET.Sdk.DefaultItems.targets (35,5)
       Property reassignment: $(DefaultItemExcludes)=";bin/Debug//**;obj/Debug//**;bin//**;obj//**;**/*.user;**/*.*proj;**/*.sln;**/*.vssscc;**/.DS_Store" (previous value: ";bin/Debug//**;obj/Debug//**;bin//**;obj//**;**/*.user;**/*.*proj;**/*.sln;**/*.vssscc") at /nix/store/8y83na7h81fw5kr1msmjc7rvx329djp0-dotnet-sdk-8.0.300/sdk/8.0.300/Sdks/Microsoft.NET.Sdk/targets/Microsoft.NET.Sdk.DefaultItems.targets (36,5)
       Property reassignment: $(ResolveAssemblyReferencesDependsOn)="
             
             
             ResolveProjectReferences;
             FindInvalidProjectReferences;
             GetFrameworkPaths;
             GetReferenceAssemblyPaths;
             PrepareForBuild;
             ResolveSDKReferences;
             ExpandSDKReferences;
           ;
             ResolvePackageDependenciesForBuild;
             _HandlePackageFileConflicts;
           ;
             ResolveTargetingPackAssets;
           " (previous value: "
             
             ResolveProjectReferences;
             FindInvalidProjectReferences;
             GetFrameworkPaths;
             GetReferenceAssemblyPaths;
             PrepareForBuild;
             ResolveSDKReferences;
             ExpandSDKReferences;
           ;
             ResolvePackageDependenciesForBuild;
             _HandlePackageFileConflicts;
           ") at /nix/store/8y83na7h81fw5kr1msmjc7rvx329djp0-dotnet-sdk-8.0.300/sdk/8.0.300/Sdks/Microsoft.NET.Sdk/targets/Microsoft.NET.Sdk.FrameworkReferenceResolution.targets (14,5)
       Property reassignment: $(_GenerateRuntimeConfigurationPropertyInputsCache)="/home/runner/workspace/PokerGame.Core/obj/Debug/net8.0/PokerGame.Core.genruntimeconfig.cache" (previous value: "obj/Debug/net8.0/PokerGame.Core.genruntimeconfig.cache") at /nix/store/8y83na7h81fw5kr1msmjc7rvx329djp0-dotnet-sdk-8.0.300/sdk/8.0.300/Sdks/Microsoft.NET.Sdk/targets/Microsoft.NET.Sdk.targets (44,5)
       Property reassignment: $(_GeneratePublishDependencyFilePropertyInputsCache)="/home/runner/workspace/PokerGame.Core/obj/Debug/net8.0/PokerGame.Core.genpublishdeps.cache" (previous value: "obj/Debug/net8.0/PokerGame.Core.genpublishdeps.cache") at /nix/store/8y83na7h81fw5kr1msmjc7rvx329djp0-dotnet-sdk-8.0.300/sdk/8.0.300/Sdks/Microsoft.NET.Sdk/targets/Microsoft.NET.Sdk.targets (46,5)
       Property reassignment: $(_GenerateSingleFileBundlePropertyInputsCache)="/home/runner/workspace/PokerGame.Core/obj/Debug/net8.0/PokerGame.Core.genbundle.cache" (previous value: "obj/Debug/net8.0/PokerGame.Core.genbundle.cache") at /nix/store/8y83na7h81fw5kr1msmjc7rvx329djp0-dotnet-sdk-8.0.300/sdk/8.0.300/Sdks/Microsoft.NET.Sdk/targets/Microsoft.NET.Sdk.targets (48,5)
       Property reassignment: $(GenerateRuntimeConfigDevFile)="false" (previous value: "true") at /nix/store/8y83na7h81fw5kr1msmjc7rvx329djp0-dotnet-sdk-8.0.300/sdk/8.0.300/Sdks/Microsoft.NET.Sdk/targets/Microsoft.NET.Sdk.targets (81,5)
       Property 'HOME' with value '/home/runner' expanded from the environment.
       Property reassignment: $(_DefaultUserProfileRuntimeStorePath)="/home/runner/.dotnet/store" (previous value: "/home/runner") at /nix/store/8y83na7h81fw5kr1msmjc7rvx329djp0-dotnet-sdk-8.0.300/sdk/8.0.300/Sdks/Microsoft.NET.Sdk/targets/Microsoft.NET.Sdk.targets (98,5)
       Property reassignment: $(AvailablePlatforms)="Any CPU,x86,x64,ARM32" (previous value: "Any CPU,x86,x64") at /nix/store/8y83na7h81fw5kr1msmjc7rvx329djp0-dotnet-sdk-8.0.300/sdk/8.0.300/Sdks/Microsoft.NET.Sdk/targets/Microsoft.NET.Sdk.targets (136,5)
       The "DefaultSdkResolver" resolver attempted to resolve the SDK "Microsoft.NET.SDK.WorkloadAutoImportPropsLocator".
       Warnings: null
       Errors: MSB4276: The default SDK resolver failed to resolve SDK "Microsoft.NET.SDK.WorkloadAutoImportPropsLocator" because directory "/nix/store/8y83na7h81fw5kr1msmjc7rvx329djp0-dotnet-sdk-8.0.300/sdk/8.0.300/Sdks/Microsoft.NET.SDK.WorkloadAutoImportPropsLocator/Sdk" did not exist.
       Property reassignment: $(AvailablePlatforms)="Any CPU,x86,x64,ARM32,ARM64" (previous value: "Any CPU,x86,x64,ARM32") at /nix/store/8y83na7h81fw5kr1msmjc7rvx329djp0-dotnet-sdk-8.0.300/sdk/8.0.300/Sdks/Microsoft.NET.Sdk/targets/Microsoft.NET.Sdk.targets (140,5)
       Property reassignment: $(CoreBuildDependsOn)="
             _CheckForBuildWithNoBuild;
             
             BuildOnlySettings;
             PrepareForBuild;
             PreBuildEvent;
             ResolveReferences;
             PrepareResources;
             ResolveKeySource;
             Compile;
             ExportWindowsMDFile;
             UnmanagedUnregistration;
             GenerateSerializationAssemblies;
             CreateSatelliteAssemblies;
             GenerateManifests;
             GetTargetPath;
             PrepareForRun;
             UnmanagedRegistration;
             IncrementalClean;
             PostBuildEvent
           ;
             GenerateBuildDependencyFile;
             GenerateBuildRuntimeConfigurationFiles
           " (previous value: "
             BuildOnlySettings;
             PrepareForBuild;
             PreBuildEvent;
             ResolveReferences;
             PrepareResources;
             ResolveKeySource;
             Compile;
             ExportWindowsMDFile;
             UnmanagedUnregistration;
             GenerateSerializationAssemblies;
             CreateSatelliteAssemblies;
             GenerateManifests;
             GetTargetPath;
             PrepareForRun;
             UnmanagedRegistration;
             IncrementalClean;
             PostBuildEvent
           ") at /nix/store/8y83na7h81fw5kr1msmjc7rvx329djp0-dotnet-sdk-8.0.300/sdk/8.0.300/Sdks/Microsoft.NET.Sdk/targets/Microsoft.NET.Sdk.targets (197,5)
       Property reassignment: $(CoreCleanDependsOn)="
             _SdkBeforeClean;
             
           " (previous value: "") at /nix/store/8y83na7h81fw5kr1msmjc7rvx329djp0-dotnet-sdk-8.0.300/sdk/8.0.300/Sdks/Microsoft.NET.Sdk/targets/Microsoft.NET.Sdk.targets (206,5)
       Property reassignment: $(RebuildDependsOn)="
             _SdkBeforeRebuild;
             
             BeforeRebuild;
             Clean;
             Build;
             AfterRebuild;
           
           " (previous value: "
             BeforeRebuild;
             Clean;
             Build;
             AfterRebuild;
           ") at /nix/store/8y83na7h81fw5kr1msmjc7rvx329djp0-dotnet-sdk-8.0.300/sdk/8.0.300/Sdks/Microsoft.NET.Sdk/targets/Microsoft.NET.Sdk.targets (213,5)
       Property reassignment: $(CompileDependsOn)="
             
             ResolveReferences;
             ResolveKeySource;
             SetWin32ManifestProperties;
             FindReferenceAssembliesForReferences;
             _GenerateCompileInputs;
             BeforeCompile;
             _TimeStampBeforeCompile;
             _GenerateCompileDependencyCache;
             CoreCompile;
             _TimeStampAfterCompile;
             AfterCompile;
           ;
             _CreateAppHost;
             _CreateComHost;
             _GetIjwHostPaths;
           " (previous value: "
             ResolveReferences;
             ResolveKeySource;
             SetWin32ManifestProperties;
             FindReferenceAssembliesForReferences;
             _GenerateCompileInputs;
             BeforeCompile;
             _TimeStampBeforeCompile;
             _GenerateCompileDependencyCache;
             CoreCompile;
             _TimeStampAfterCompile;
             AfterCompile;
           ") at /nix/store/8y83na7h81fw5kr1msmjc7rvx329djp0-dotnet-sdk-8.0.300/sdk/8.0.300/Sdks/Microsoft.NET.Sdk/targets/Microsoft.NET.Sdk.targets (679,5)
       Property reassignment: $(GenerateNuspecDependsOn)="Build;_LoadPackInputItems; _GetTargetFrameworksOutput; _WalkEachTargetPerFramework; _GetPackageFiles; " (previous value: "_LoadPackInputItems; _GetTargetFrameworksOutput; _WalkEachTargetPerFramework; _GetPackageFiles; ") at /nix/store/8y83na7h81fw5kr1msmjc7rvx329djp0-dotnet-sdk-8.0.300/sdk/8.0.300/Sdks/NuGet.Build.Tasks.Pack/build/NuGet.Build.Tasks.Pack.targets (59,5)
       Property reassignment: $(CreateSatelliteAssembliesDependsOn)="
             
             ;
             _GenerateSatelliteAssemblyInputs;
             ComputeIntermediateSatelliteAssemblies;
             GenerateSatelliteAssemblies
           ;
             CoreGenerateSatelliteAssemblies
           " (previous value: "
             ;
             _GenerateSatelliteAssemblyInputs;
             ComputeIntermediateSatelliteAssemblies;
             GenerateSatelliteAssemblies
           ") at /nix/store/8y83na7h81fw5kr1msmjc7rvx329djp0-dotnet-sdk-8.0.300/sdk/8.0.300/Sdks/Microsoft.NET.Sdk/targets/Microsoft.NET.Sdk.targets (1065,5)
       Property reassignment: $(SourceLinkUrlInitializerTargets)=";_InitializeGitHubSourceLinkUrl;_InitializeGitLabSourceLinkUrl" (previous value: ";_InitializeGitHubSourceLinkUrl") at /nix/store/8y83na7h81fw5kr1msmjc7rvx329djp0-dotnet-sdk-8.0.300/sdk/8.0.300/Sdks/Microsoft.SourceLink.GitLab/build/Microsoft.SourceLink.GitLab.targets (12,5)
       Property reassignment: $(_IsSDKContainerAllowedVersion)="true" (previous value: "false") at /nix/store/8y83na7h81fw5kr1msmjc7rvx329djp0-dotnet-sdk-8.0.300/sdk/8.0.300/Containers/build/Microsoft.NET.Build.Containers.targets (5,5)
       Property reassignment: $(SourceControlManagerUrlTranslationTargets)=";TranslateGitHubUrlsInSourceControlInformation;TranslateGitLabUrlsInSourceControlInformation" (previous value: ";TranslateGitHubUrlsInSourceControlInformation") at /nix/store/8y83na7h81fw5kr1msmjc7rvx329djp0-dotnet-sdk-8.0.300/sdk/8.0.300/Sdks/Microsoft.SourceLink.GitLab/build/Microsoft.SourceLink.GitLab.targets (13,5)
       Property reassignment: $(_ContainerIsTargetingNet8TFM)="true" (previous value: "false") at /nix/store/8y83na7h81fw5kr1msmjc7rvx329djp0-dotnet-sdk-8.0.300/sdk/8.0.300/Containers/build/Microsoft.NET.Build.Containers.targets (15,5)
       Property reassignment: $(SourceLinkUrlInitializerTargets)=";_InitializeGitHubSourceLinkUrl;_InitializeGitLabSourceLinkUrl;_InitializeAzureReposGitSourceLinkUrl" (previous value: ";_InitializeGitHubSourceLinkUrl;_InitializeGitLabSourceLinkUrl") at /nix/store/8y83na7h81fw5kr1msmjc7rvx329djp0-dotnet-sdk-8.0.300/sdk/8.0.300/Sdks/Microsoft.SourceLink.AzureRepos.Git/build/Microsoft.SourceLink.AzureRepos.Git.targets (12,5)
       Property reassignment: $(SourceControlManagerUrlTranslationTargets)=";TranslateGitHubUrlsInSourceControlInformation;TranslateGitLabUrlsInSourceControlInformation;TranslateAzureReposGitUrlsInSourceControlInformation" (previous value: ";TranslateGitHubUrlsInSourceControlInformation;TranslateGitLabUrlsInSourceControlInformation") at /nix/store/8y83na7h81fw5kr1msmjc7rvx329djp0-dotnet-sdk-8.0.300/sdk/8.0.300/Sdks/Microsoft.SourceLink.AzureRepos.Git/build/Microsoft.SourceLink.AzureRepos.Git.targets (13,5)
       Property reassignment: $(SourceLinkUrlInitializerTargets)=";_InitializeGitHubSourceLinkUrl;_InitializeGitLabSourceLinkUrl;_InitializeAzureReposGitSourceLinkUrl;_InitializeBitbucketGitSourceLinkUrl" (previous value: ";_InitializeGitHubSourceLinkUrl;_InitializeGitLabSourceLinkUrl;_InitializeAzureReposGitSourceLinkUrl") at /nix/store/8y83na7h81fw5kr1msmjc7rvx329djp0-dotnet-sdk-8.0.300/sdk/8.0.300/Sdks/Microsoft.SourceLink.Bitbucket.Git/build/Microsoft.SourceLink.Bitbucket.Git.targets (12,5)
       Property reassignment: $(SourceControlManagerUrlTranslationTargets)=";TranslateGitHubUrlsInSourceControlInformation;TranslateGitLabUrlsInSourceControlInformation;TranslateAzureReposGitUrlsInSourceControlInformation;TranslateBitbucketGitUrlsInSourceControlInformation" (previous value: ";TranslateGitHubUrlsInSourceControlInformation;TranslateGitLabUrlsInSourceControlInformation;TranslateAzureReposGitUrlsInSourceControlInformation") at /nix/store/8y83na7h81fw5kr1msmjc7rvx329djp0-dotnet-sdk-8.0.300/sdk/8.0.300/Sdks/Microsoft.SourceLink.Bitbucket.Git/build/Microsoft.SourceLink.Bitbucket.Git.targets (13,5)
       Property reassignment: $(DesignerRuntimeImplementationProjectOutputGroupDependsOn)="
             
             ;
             
             ;
             BuildOnlySettings;
             PrepareForBuild;
             AssignTargetPaths;
             ResolveReferences
           
           ;
             _GenerateDesignerDepsFile;
             _GenerateDesignerRuntimeConfigFile;
             GetCopyToOutputDirectoryItems;
             _GatherDesignerShadowCopyFiles;
           " (previous value: "
             ;
             
             ;
             BuildOnlySettings;
             PrepareForBuild;
             AssignTargetPaths;
             ResolveReferences
           
           ") at /nix/store/8y83na7h81fw5kr1msmjc7rvx329djp0-dotnet-sdk-8.0.300/sdk/8.0.300/Sdks/Microsoft.NET.Sdk/targets/Microsoft.NET.DesignerSupport.targets (21,5)
       Property reassignment: $(_GenerateToolsSettingsFileCacheFile)="/home/runner/workspace/PokerGame.Core/obj/Debug/net8.0/PokerGame.Core.toolssettingsinput.cache" (previous value: "obj/Debug/net8.0/PokerGame.Core.toolssettingsinput.cache") at /nix/store/8y83na7h81fw5kr1msmjc7rvx329djp0-dotnet-sdk-8.0.300/sdk/8.0.300/Sdks/Microsoft.NET.Sdk/targets/Microsoft.NET.PackTool.targets (68,5)
       Property reassignment: $(_ShimInputCacheFile)="/home/runner/workspace/PokerGame.Core/obj/Debug/net8.0/PokerGame.Core.shiminput.cache" (previous value: "obj/Debug/net8.0/PokerGame.Core.shiminput.cache") at /nix/store/8y83na7h81fw5kr1msmjc7rvx329djp0-dotnet-sdk-8.0.300/sdk/8.0.300/Sdks/Microsoft.NET.Sdk/targets/Microsoft.NET.PackTool.targets (137,5)
       Property reassignment: $(_ShimCreatedSentinelFile)="/home/runner/workspace/PokerGame.Core/obj/Debug/net8.0/PokerGame.Core.shimcreated.sentinel" (previous value: "obj/Debug/net8.0/PokerGame.Core.shimcreated.sentinel") at /nix/store/8y83na7h81fw5kr1msmjc7rvx329djp0-dotnet-sdk-8.0.300/sdk/8.0.300/Sdks/Microsoft.NET.Sdk/targets/Microsoft.NET.PackTool.targets (139,5)
       Property reassignment: $(DefineConstants)="TRACE;DEBUG" (previous value: "TRACE") at /nix/store/8y83na7h81fw5kr1msmjc7rvx329djp0-dotnet-sdk-8.0.300/sdk/8.0.300/Sdks/Microsoft.NET.Sdk/targets/Microsoft.NET.Sdk.CSharp.targets (31,5)
       Property reassignment: $(DefineConstants)="TRACE;DEBUG;NET;NET8_0;NETCOREAPP" (previous value: "TRACE;DEBUG") at /nix/store/8y83na7h81fw5kr1msmjc7rvx329djp0-dotnet-sdk-8.0.300/sdk/8.0.300/Sdks/Microsoft.NET.Sdk/targets/Microsoft.NET.Sdk.CSharp.targets (34,5)
       Property reassignment: $(WarningsAsErrors)=";NU1605;SYSLIB0011" (previous value: ";NU1605") at /nix/store/8y83na7h81fw5kr1msmjc7rvx329djp0-dotnet-sdk-8.0.300/sdk/8.0.300/Sdks/Microsoft.NET.Sdk/targets/Microsoft.NET.Sdk.CSharp.targets (48,5)
       Property reassignment: $(GenerateNuspecDependsOn)="Build;_LoadPackInputItems; _GetTargetFrameworksOutput; _WalkEachTargetPerFramework; _GetPackageFiles; " (previous value: "_LoadPackInputItems; _GetTargetFrameworksOutput; _WalkEachTargetPerFramework; _GetPackageFiles; ") at /nix/store/8y83na7h81fw5kr1msmjc7rvx329djp0-dotnet-sdk-8.0.300/sdk/8.0.300/Sdks/NuGet.Build.Tasks.Pack/build/NuGet.Build.Tasks.Pack.targets (59,5)
       Property reassignment: $(_IsSDKContainerAllowedVersion)="true" (previous value: "false") at /nix/store/8y83na7h81fw5kr1msmjc7rvx329djp0-dotnet-sdk-8.0.300/sdk/8.0.300/Containers/build/Microsoft.NET.Build.Containers.targets (5,5)
       Property reassignment: $(_ContainerIsTargetingNet8TFM)="true" (previous value: "false") at /nix/store/8y83na7h81fw5kr1msmjc7rvx329djp0-dotnet-sdk-8.0.300/sdk/8.0.300/Containers/build/Microsoft.NET.Build.Containers.targets (15,5)
       The SDK "Microsoft.NET.SDK.WorkloadAutoImportPropsLocator" was successfully resolved by the "Microsoft.DotNet.MSBuildWorkloadSdkResolver" resolver to location "null" and version "null".
       Property reassignment: $(TargetsForTfmSpecificContentInPackage)=";PackTool;_PackProjectToolValidation" (previous value: ";PackTool") at /nix/store/8y83na7h81fw5kr1msmjc7rvx329djp0-dotnet-sdk-8.0.300/sdk/8.0.300/Sdks/Microsoft.NET.Sdk/targets/Microsoft.NET.PackProjectTool.props (15,5)
       Property reassignment: $(PublishProfileImported)="false" (previous value: "true") at /nix/store/8y83na7h81fw5kr1msmjc7rvx329djp0-dotnet-sdk-8.0.300/sdk/8.0.300/Sdks/Microsoft.NET.Sdk/targets/Microsoft.NET.Sdk.ImportPublishProfile.targets (28,5)
       Property reassignment: $(TargetPlatformVersion)="" (previous value: "0.0") at /nix/store/8y83na7h81fw5kr1msmjc7rvx329djp0-dotnet-sdk-8.0.300/sdk/8.0.300/Sdks/Microsoft.NET.Sdk/targets/Microsoft.NET.TargetFrameworkInference.targets (69,5)
       Property reassignment: $(DefaultItemExcludes)=";bin/Debug//**;obj/Debug//**" (previous value: ";bin/Debug//**") at /nix/store/8y83na7h81fw5kr1msmjc7rvx329djp0-dotnet-sdk-8.0.300/sdk/8.0.300/Sdks/Microsoft.NET.Sdk/targets/Microsoft.NET.DefaultOutputPaths.targets (122,5)
       Property reassignment: $(OutputPath)="bin/Debug/net8.0/" (previous value: "bin/Debug/") at /nix/store/8y83na7h81fw5kr1msmjc7rvx329djp0-dotnet-sdk-8.0.300/sdk/8.0.300/Sdks/Microsoft.NET.Sdk/targets/Microsoft.NET.DefaultOutputPaths.targets (137,5)
       Property reassignment: $(IntermediateOutputPath)="obj/Debug/net8.0/" (previous value: "obj/Debug/") at /nix/store/8y83na7h81fw5kr1msmjc7rvx329djp0-dotnet-sdk-8.0.300/sdk/8.0.300/Sdks/Microsoft.NET.Sdk/targets/Microsoft.NET.DefaultOutputPaths.targets (142,5)
       The "DefaultSdkResolver" resolver attempted to resolve the SDK "Microsoft.NET.SDK.WorkloadManifestTargetsLocator".
       Warnings: null
       Errors: MSB4276: The default SDK resolver failed to resolve SDK "Microsoft.NET.SDK.WorkloadManifestTargetsLocator" because directory "/nix/store/8y83na7h81fw5kr1msmjc7rvx329djp0-dotnet-sdk-8.0.300/sdk/8.0.300/Sdks/Microsoft.NET.SDK.WorkloadManifestTargetsLocator/Sdk" did not exist.
       The SDK "Microsoft.NET.SDK.WorkloadManifestTargetsLocator" was successfully resolved by the "Microsoft.DotNet.MSBuildWorkloadSdkResolver" resolver to location "/nix/store/8y83na7h81fw5kr1msmjc7rvx329djp0-dotnet-sdk-8.0.300/sdk-manifests/8.0.100/microsoft.net.sdk.android/34.0.43" and version "null".
       Property reassignment: $(_FrameworkIdentifierForImplicitDefine)="NET" (previous value: "NETCOREAPP") at /nix/store/8y83na7h81fw5kr1msmjc7rvx329djp0-dotnet-sdk-8.0.300/sdk/8.0.300/Sdks/Microsoft.NET.Sdk/targets/Microsoft.NET.Sdk.BeforeCommon.targets (187,5)
       Property reassignment: $(_FrameworkVersionForImplicitDefine)="8_0" (previous value: "8.0") at /nix/store/8y83na7h81fw5kr1msmjc7rvx329djp0-dotnet-sdk-8.0.300/sdk/8.0.300/Sdks/Microsoft.NET.Sdk/targets/Microsoft.NET.Sdk.BeforeCommon.targets (192,5)
       Overriding target "ResolveFrameworkReferences" in project "/nix/store/8y83na7h81fw5kr1msmjc7rvx329djp0-dotnet-sdk-8.0.300/sdk/8.0.300/Microsoft.Common.CurrentVersion.targets" with target "ResolveFrameworkReferences" from project "/nix/store/8y83na7h81fw5kr1msmjc7rvx329djp0-dotnet-sdk-8.0.300/sdk/8.0.300/Sdks/Microsoft.NET.Sdk/targets/Microsoft.NET.Sdk.FrameworkReferenceResolution.targets".
       Overriding target "Run" in project "/nix/store/8y83na7h81fw5kr1msmjc7rvx329djp0-dotnet-sdk-8.0.300/sdk/8.0.300/Microsoft.Common.CurrentVersion.targets" with target "Run" from project "/nix/store/8y83na7h81fw5kr1msmjc7rvx329djp0-dotnet-sdk-8.0.300/sdk/8.0.300/Sdks/Microsoft.NET.Sdk/targets/Microsoft.NET.Sdk.targets".
       Overriding target "ResolveFrameworkReferences" in project "/nix/store/8y83na7h81fw5kr1msmjc7rvx329djp0-dotnet-sdk-8.0.300/sdk/8.0.300/Microsoft.Common.CurrentVersion.targets" with target "ResolveFrameworkReferences" from project "/nix/store/8y83na7h81fw5kr1msmjc7rvx329djp0-dotnet-sdk-8.0.300/sdk/8.0.300/Sdks/Microsoft.NET.Sdk/targets/Microsoft.NET.Sdk.FrameworkReferenceResolution.targets".
       Overriding target "Run" in project "/nix/store/8y83na7h81fw5kr1msmjc7rvx329djp0-dotnet-sdk-8.0.300/sdk/8.0.300/Microsoft.Common.CurrentVersion.targets" with target "Run" from project "/nix/store/8y83na7h81fw5kr1msmjc7rvx329djp0-dotnet-sdk-8.0.300/sdk/8.0.300/Sdks/Microsoft.NET.Sdk/targets/Microsoft.NET.Sdk.targets".
       Overriding target "GenerateSupportedTargetFrameworkAlias" in project "/nix/store/8y83na7h81fw5kr1msmjc7rvx329djp0-dotnet-sdk-8.0.300/sdk/8.0.300/Microsoft.Common.CurrentVersion.targets" with target "GenerateSupportedTargetFrameworkAlias" from project "/nix/store/8y83na7h81fw5kr1msmjc7rvx329djp0-dotnet-sdk-8.0.300/sdk/8.0.300/Sdks/Microsoft.NET.Sdk/targets/Microsoft.NET.Sdk.targets".
       Overriding target "GenerateSupportedTargetFrameworkAlias" in project "/nix/store/8y83na7h81fw5kr1msmjc7rvx329djp0-dotnet-sdk-8.0.300/sdk/8.0.300/Microsoft.Common.CurrentVersion.targets" with target "GenerateSupportedTargetFrameworkAlias" from project "/nix/store/8y83na7h81fw5kr1msmjc7rvx329djp0-dotnet-sdk-8.0.300/sdk/8.0.300/Sdks/Microsoft.NET.Sdk/targets/Microsoft.NET.Sdk.targets".
       Overriding target "GetReferenceAssemblyPaths" in project "/nix/store/8y83na7h81fw5kr1msmjc7rvx329djp0-dotnet-sdk-8.0.300/sdk/8.0.300/Microsoft.Common.CurrentVersion.targets" with target "GetReferenceAssemblyPaths" from project "/nix/store/8y83na7h81fw5kr1msmjc7rvx329djp0-dotnet-sdk-8.0.300/sdk/8.0.300/Sdks/Microsoft.NET.Sdk/targets/Microsoft.NET.DisableStandardFrameworkResolution.targets".
       Overriding target "GetFrameworkPaths" in project "/nix/store/8y83na7h81fw5kr1msmjc7rvx329djp0-dotnet-sdk-8.0.300/sdk/8.0.300/Microsoft.Common.CurrentVersion.targets" with target "GetFrameworkPaths" from project "/nix/store/8y83na7h81fw5kr1msmjc7rvx329djp0-dotnet-sdk-8.0.300/sdk/8.0.300/Sdks/Microsoft.NET.Sdk/targets/Microsoft.NET.DisableStandardFrameworkResolution.targets".
       Overriding target "DesignerRuntimeImplementationProjectOutputGroup" in project "/nix/store/8y83na7h81fw5kr1msmjc7rvx329djp0-dotnet-sdk-8.0.300/sdk/8.0.300/Microsoft.Common.CurrentVersion.targets" with target "DesignerRuntimeImplementationProjectOutputGroup" from project "/nix/store/8y83na7h81fw5kr1msmjc7rvx329djp0-dotnet-sdk-8.0.300/sdk/8.0.300/Sdks/Microsoft.NET.Sdk/targets/Microsoft.NET.DesignerSupport.targets".
       Overriding target "GetReferenceAssemblyPaths" in project "/nix/store/8y83na7h81fw5kr1msmjc7rvx329djp0-dotnet-sdk-8.0.300/sdk/8.0.300/Microsoft.Common.CurrentVersion.targets" with target "GetReferenceAssemblyPaths" from project "/nix/store/8y83na7h81fw5kr1msmjc7rvx329djp0-dotnet-sdk-8.0.300/sdk/8.0.300/Sdks/Microsoft.NET.Sdk/targets/Microsoft.NET.DisableStandardFrameworkResolution.targets".
       Overriding target "GetFrameworkPaths" in project "/nix/store/8y83na7h81fw5kr1msmjc7rvx329djp0-dotnet-sdk-8.0.300/sdk/8.0.300/Microsoft.Common.CurrentVersion.targets" with target "GetFrameworkPaths" from project "/nix/store/8y83na7h81fw5kr1msmjc7rvx329djp0-dotnet-sdk-8.0.300/sdk/8.0.300/Sdks/Microsoft.NET.Sdk/targets/Microsoft.NET.DisableStandardFrameworkResolution.targets".
       Overriding target "DesignerRuntimeImplementationProjectOutputGroup" in project "/nix/store/8y83na7h81fw5kr1msmjc7rvx329djp0-dotnet-sdk-8.0.300/sdk/8.0.300/Microsoft.Common.CurrentVersion.targets" with target "DesignerRuntimeImplementationProjectOutputGroup" from project "/nix/store/8y83na7h81fw5kr1msmjc7rvx329djp0-dotnet-sdk-8.0.300/sdk/8.0.300/Sdks/Microsoft.NET.Sdk/targets/Microsoft.NET.DesignerSupport.targets".
       Overriding target "Publish" in project "/nix/store/8y83na7h81fw5kr1msmjc7rvx329djp0-dotnet-sdk-8.0.300/sdk/8.0.300/Microsoft.Common.CurrentVersion.targets" with target "Publish" from project "/nix/store/8y83na7h81fw5kr1msmjc7rvx329djp0-dotnet-sdk-8.0.300/sdk/8.0.300/Sdks/Microsoft.NET.Sdk/targets/Microsoft.NET.Publish.targets".
       Overriding target "ResolveReadyToRunCompilers" in project "/nix/store/8y83na7h81fw5kr1msmjc7rvx329djp0-dotnet-sdk-8.0.300/sdk/8.0.300/Sdks/Microsoft.NET.Sdk/targets/Microsoft.NET.CrossGen.targets" with target "ResolveReadyToRunCompilers" from project "/nix/store/8y83na7h81fw5kr1msmjc7rvx329djp0-dotnet-sdk-8.0.300/sdk/8.0.300/Sdks/Microsoft.NET.Sdk/targets/Microsoft.NET.Publish.targets".
       Overriding target "Publish" in project "/nix/store/8y83na7h81fw5kr1msmjc7rvx329djp0-dotnet-sdk-8.0.300/sdk/8.0.300/Microsoft.Common.CurrentVersion.targets" with target "Publish" from project "/nix/store/8y83na7h81fw5kr1msmjc7rvx329djp0-dotnet-sdk-8.0.300/sdk/8.0.300/Sdks/Microsoft.NET.Sdk/targets/Microsoft.NET.Publish.targets".
       Overriding target "GetCopyToPublishDirectoryItems" in project "/nix/store/8y83na7h81fw5kr1msmjc7rvx329djp0-dotnet-sdk-8.0.300/sdk/8.0.300/Microsoft.Common.CurrentVersion.targets" with target "GetCopyToPublishDirectoryItems" from project "/nix/store/8y83na7h81fw5kr1msmjc7rvx329djp0-dotnet-sdk-8.0.300/sdk/8.0.300/Sdks/Microsoft.NET.Sdk/targets/Microsoft.NET.Publish.targets".
       The target "ResolveNuGetPackageAssets" listed in an AfterTargets attribute at "/home/runner/.nuget/packages/system.text.json/8.0.0/buildTransitive/net6.0/System.Text.Json.targets (11,11)" does not exist in the project, and will be ignored.
       The target "ResolveNuGetPackageAssets" listed in an AfterTargets attribute at "/home/runner/.nuget/packages/system.text.json/8.0.0/buildTransitive/net6.0/System.Text.Json.targets (23,11)" does not exist in the project, and will be ignored.
       Overriding target "ResolveReadyToRunCompilers" in project "/nix/store/8y83na7h81fw5kr1msmjc7rvx329djp0-dotnet-sdk-8.0.300/sdk/8.0.300/Sdks/Microsoft.NET.Sdk/targets/Microsoft.NET.CrossGen.targets" with target "ResolveReadyToRunCompilers" from project "/nix/store/8y83na7h81fw5kr1msmjc7rvx329djp0-dotnet-sdk-8.0.300/sdk/8.0.300/Sdks/Microsoft.NET.Sdk/targets/Microsoft.NET.Publish.targets".
       Overriding target "GetCopyToPublishDirectoryItems" in project "/nix/store/8y83na7h81fw5kr1msmjc7rvx329djp0-dotnet-sdk-8.0.300/sdk/8.0.300/Microsoft.Common.CurrentVersion.targets" with target "GetCopyToPublishDirectoryItems" from project "/nix/store/8y83na7h81fw5kr1msmjc7rvx329djp0-dotnet-sdk-8.0.300/sdk/8.0.300/Sdks/Microsoft.NET.Sdk/targets/Microsoft.NET.Publish.targets".
       The target "ResolveNuGetPackageAssets" listed in an AfterTargets attribute at "/home/runner/.nuget/packages/system.text.json/8.0.0/buildTransitive/net6.0/System.Text.Json.targets (11,11)" does not exist in the project, and will be ignored.
       The target "ResolveNuGetPackageAssets" listed in an AfterTargets attribute at "/home/runner/.nuget/packages/system.text.json/8.0.0/buildTransitive/net6.0/System.Text.Json.targets (23,11)" does not exist in the project, and will be ignored.
       Property reassignment: $(CommandLineArgsForDesignTimeEvaluation)="-langversion:12.0 -define:TRACE" (previous value: "-langversion:12.0") at /nix/store/8y83na7h81fw5kr1msmjc7rvx329djp0-dotnet-sdk-8.0.300/sdk/8.0.300/Roslyn/Microsoft.CSharp.Core.targets (200,5)
       The target "ResolveNuGetPackageAssets" listed in an AfterTargets attribute at "/home/runner/.nuget/packages/microsoft.extensions.configuration.binder/8.0.0/buildTransitive/netstandard2.0/Microsoft.Extensions.Configuration.Binder.targets (9,13)" does not exist in the project, and will be ignored.
   1:7>Project "/home/runner/workspace/PokerGame.Tests/PokerGame.Tests.csproj" (1:7) is building "/home/runner/workspace/PokerGame.Abstractions/PokerGame.Abstractions.csproj" (3:6) on node 2 (GetTargetFrameworks target(s)).
   3:6>Target "GetTargetFrameworksWithPlatformForSingleTargetFramework" in file "/nix/store/8y83na7h81fw5kr1msmjc7rvx329djp0-dotnet-sdk-8.0.300/sdk/8.0.300/Microsoft.Common.CurrentVersion.targets" from project "/home/runner/workspace/PokerGame.Abstractions/PokerGame.Abstractions.csproj" (target "GetTargetFrameworks" depends on it):
   3:6>Using "CombineTargetFrameworkInfoProperties" task from assembly "Microsoft.Build.Tasks.Core, Version=15.1.0.0, Culture=neutral, PublicKeyToken=b03f5f7f11d50a3a".
       Task "CombineTargetFrameworkInfoProperties"
       Done executing task "CombineTargetFrameworkInfoProperties".
   3:6>Done building target "GetTargetFrameworksWithPlatformForSingleTargetFramework" in project "PokerGame.Abstractions.csproj".
   3:6>Target "GetTargetFrameworks" in file "/nix/store/8y83na7h81fw5kr1msmjc7rvx329djp0-dotnet-sdk-8.0.300/sdk/8.0.300/Microsoft.Common.CurrentVersion.targets" from project "/home/runner/workspace/PokerGame.Abstractions/PokerGame.Abstractions.csproj" (entry point):
       Task "Error" skipped, due to false condition; ('$(IsCrossTargetingBuild)' == 'true') was evaluated as ('' == 'true').
       Using "CombineXmlElements" task from assembly "Microsoft.Build.Tasks.Core, Version=15.1.0.0, Culture=neutral, PublicKeyToken=b03f5f7f11d50a3a".
       Task "CombineXmlElements"
       Done executing task "CombineXmlElements".
   3:6>Done building target "GetTargetFrameworks" in project "PokerGame.Abstractions.csproj".
   3:6>Done Building Project "/home/runner/workspace/PokerGame.Abstractions/PokerGame.Abstractions.csproj" (GetTargetFrameworks target(s)).
   1:7>Project "/home/runner/workspace/PokerGame.Tests/PokerGame.Tests.csproj" (1:7) is building "/home/runner/workspace/PokerGame.Core/PokerGame.Core.csproj" (2:5) on node 3 (GetTargetFrameworks target(s)).
   2:5>Target "NETStandardCompatError_Microsoft_Extensions_Configuration_Binder" in file "/home/runner/.nuget/packages/microsoft.extensions.configuration.binder/8.0.0/buildTransitive/netstandard2.0/Microsoft.Extensions.Configuration.Binder.targets" from project "/home/runner/workspace/PokerGame.Core/PokerGame.Core.csproj" (entry point):
   2:5>Task "Warning" skipped, due to false condition; ('$(_Microsoft_Extensions_Configuration_Binder_Compatible_TargetFramework)' != '') was evaluated as ('' != '').
   2:5>Done building target "NETStandardCompatError_Microsoft_Extensions_Configuration_Binder" in project "PokerGame.Core.csproj".
     0>Property reassignment: $(_DebugSymbolsProduced)="true" (previous value: "false") at /nix/store/8y83na7h81fw5kr1msmjc7rvx329djp0-dotnet-sdk-8.0.300/sdk/8.0.300/Microsoft.Common.CurrentVersion.targets (175,5)
       Property reassignment: $(_DocumentationFileProduced)="false" (previous value: "true") at /nix/store/8y83na7h81fw5kr1msmjc7rvx329djp0-dotnet-sdk-8.0.300/sdk/8.0.300/Microsoft.Common.CurrentVersion.targets (185,5)
   2:5>Target "GetTargetFrameworksWithPlatformForSingleTargetFramework" in file "/nix/store/8y83na7h81fw5kr1msmjc7rvx329djp0-dotnet-sdk-8.0.300/sdk/8.0.300/Microsoft.Common.CurrentVersion.targets" from project "/home/runner/workspace/PokerGame.Core/PokerGame.Core.csproj" (target "GetTargetFrameworks" depends on it):
   2:5>Using "CombineTargetFrameworkInfoProperties" task from assembly "Microsoft.Build.Tasks.Core, Version=15.1.0.0, Culture=neutral, PublicKeyToken=b03f5f7f11d50a3a".
       Task "CombineTargetFrameworkInfoProperties"
       Done executing task "CombineTargetFrameworkInfoProperties".
   2:5>Done building target "GetTargetFrameworksWithPlatformForSingleTargetFramework" in project "PokerGame.Core.csproj".
   2:5>Target "GetTargetFrameworks" in file "/nix/store/8y83na7h81fw5kr1msmjc7rvx329djp0-dotnet-sdk-8.0.300/sdk/8.0.300/Microsoft.Common.CurrentVersion.targets" from project "/home/runner/workspace/PokerGame.Core/PokerGame.Core.csproj" (entry point):
       Task "Error" skipped, due to false condition; ('$(IsCrossTargetingBuild)' == 'true') was evaluated as ('' == 'true').
       Using "CombineXmlElements" task from assembly "Microsoft.Build.Tasks.Core, Version=15.1.0.0, Culture=neutral, PublicKeyToken=b03f5f7f11d50a3a".
       Task "CombineXmlElements"
       Done executing task "CombineXmlElements".
   2:5>Done building target "GetTargetFrameworks" in project "PokerGame.Core.csproj".
   2:5>Done Building Project "/home/runner/workspace/PokerGame.Core/PokerGame.Core.csproj" (GetTargetFrameworks target(s)).
     0>Property reassignment: $(MSBuildCopyMarkerName)="MSA.Foun.97819077" (previous value: "MSA.Foundation.csproj") at /nix/store/8y83na7h81fw5kr1msmjc7rvx329djp0-dotnet-sdk-8.0.300/sdk/8.0.300/Microsoft.Common.CurrentVersion.targets (392,5)
       Property reassignment: $(MSBuildCopyMarkerName)="MSA.Foun.97819077.Up2Date" (previous value: "MSA.Foun.97819077") at /nix/store/8y83na7h81fw5kr1msmjc7rvx329djp0-dotnet-sdk-8.0.300/sdk/8.0.300/Microsoft.Common.CurrentVersion.targets (393,5)
       Property reassignment: $(ProcessorArchitecture)="msil" (previous value: "") at /nix/store/8y83na7h81fw5kr1msmjc7rvx329djp0-dotnet-sdk-8.0.300/sdk/8.0.300/Microsoft.Common.CurrentVersion.targets (536,5)
       Property reassignment: $(DelaySign)="" (previous value: "false") at /nix/store/8y83na7h81fw5kr1msmjc7rvx329djp0-dotnet-sdk-8.0.300/sdk/8.0.300/Microsoft.Common.CurrentVersion.targets (575,5)
       Property 'LocalAppData' with value '/home/runner/workspace/.local/share' expanded from the environment.
       Property reassignment: $(_SGenGenerateSerializationAssembliesConfig)="Auto" (previous value: "") at /nix/store/8y83na7h81fw5kr1msmjc7rvx329djp0-dotnet-sdk-8.0.300/sdk/8.0.300/Microsoft.Common.CurrentVersion.targets (3880,5)
       Property reassignment: $(_SGenGenerateSerializationAssembliesConfig)="Off" (previous value: "Auto") at /nix/store/8y83na7h81fw5kr1msmjc7rvx329djp0-dotnet-sdk-8.0.300/sdk/8.0.300/Microsoft.Common.CurrentVersion.targets (3881,5)
       Property reassignment: $(_TargetsThatPrepareProjectReferences)="
             AssignProjectConfiguration;
             _SplitProjectReferencesByFileExistence
           " (previous value: "_SplitProjectReferencesByFileExistence") at /nix/store/8y83na7h81fw5kr1msmjc7rvx329djp0-dotnet-sdk-8.0.300/sdk/8.0.300/Microsoft.Common.CurrentVersion.targets (5048,5)
       Property 'MSBuildExtensionsPath32' with value '/nix/store/8y83na7h81fw5kr1msmjc7rvx329djp0-dotnet-sdk-8.0.300/sdk/8.0.300' expanded from the environment.
       Property reassignment: $(ProjectAssetsCacheFile)="/home/runner/workspace/MSA.Foundation/obj/Debug/net8.0/MSA.Foundation.assets.cache" (previous value: "obj/Debug/net8.0/MSA.Foundation.assets.cache") at /nix/store/8y83na7h81fw5kr1msmjc7rvx329djp0-dotnet-sdk-8.0.300/sdk/8.0.300/Sdks/Microsoft.NET.Sdk/targets/Microsoft.PackageDependencyResolution.targets (29,5)
       Property reassignment: $(ResolveAssemblyReferencesDependsOn)="
             
             ResolveProjectReferences;
             FindInvalidProjectReferences;
             GetFrameworkPaths;
             GetReferenceAssemblyPaths;
             PrepareForBuild;
             ResolveSDKReferences;
             ExpandSDKReferences;
           ;
             ResolvePackageDependenciesForBuild;
             _HandlePackageFileConflicts;
           " (previous value: "
             ResolveProjectReferences;
             FindInvalidProjectReferences;
             GetFrameworkPaths;
             GetReferenceAssemblyPaths;
             PrepareForBuild;
             ResolveSDKReferences;
             ExpandSDKReferences;
           ") at /nix/store/8y83na7h81fw5kr1msmjc7rvx329djp0-dotnet-sdk-8.0.300/sdk/8.0.300/Sdks/Microsoft.NET.Sdk/targets/Microsoft.PackageDependencyResolution.targets (80,5)
       Property reassignment: $(PrepareResourcesDependsOn)="
             ResolvePackageDependenciesForBuild;
             _HandlePackageFileConflicts;
             
             ;
             PrepareResourceNames;
             ResGen;
             CompileLicxFiles
           
           " (previous value: "
             ;
             PrepareResourceNames;
             ResGen;
             CompileLicxFiles
           ") at /nix/store/8y83na7h81fw5kr1msmjc7rvx329djp0-dotnet-sdk-8.0.300/sdk/8.0.300/Sdks/Microsoft.NET.Sdk/targets/Microsoft.PackageDependencyResolution.targets (86,5)
       Property reassignment: $(DefaultItemExcludes)=";bin/Debug//**;obj/Debug//**;bin//**" (previous value: ";bin/Debug//**;obj/Debug//**") at /nix/store/8y83na7h81fw5kr1msmjc7rvx329djp0-dotnet-sdk-8.0.300/sdk/8.0.300/Sdks/Microsoft.NET.Sdk/targets/Microsoft.NET.Sdk.DefaultItems.targets (27,5)
       Property reassignment: $(DefaultItemExcludes)=";bin/Debug//**;obj/Debug//**;bin//**;obj//**" (previous value: ";bin/Debug//**;obj/Debug//**;bin//**") at /nix/store/8y83na7h81fw5kr1msmjc7rvx329djp0-dotnet-sdk-8.0.300/sdk/8.0.300/Sdks/Microsoft.NET.Sdk/targets/Microsoft.NET.Sdk.DefaultItems.targets (29,5)
       Property reassignment: $(DefaultItemExcludes)=";bin/Debug//**;obj/Debug//**;bin//**;obj//**;**/*.user" (previous value: ";bin/Debug//**;obj/Debug//**;bin//**;obj//**") at /nix/store/8y83na7h81fw5kr1msmjc7rvx329djp0-dotnet-sdk-8.0.300/sdk/8.0.300/Sdks/Microsoft.NET.Sdk/targets/Microsoft.NET.Sdk.DefaultItems.targets (32,5)
       Property reassignment: $(DefaultItemExcludes)=";bin/Debug//**;obj/Debug//**;bin//**;obj//**;**/*.user;**/*.*proj" (previous value: ";bin/Debug//**;obj/Debug//**;bin//**;obj//**;**/*.user") at /nix/store/8y83na7h81fw5kr1msmjc7rvx329djp0-dotnet-sdk-8.0.300/sdk/8.0.300/Sdks/Microsoft.NET.Sdk/targets/Microsoft.NET.Sdk.DefaultItems.targets (33,5)
       Property reassignment: $(DefaultItemExcludes)=";bin/Debug//**;obj/Debug//**;bin//**;obj//**;**/*.user;**/*.*proj;**/*.sln" (previous value: ";bin/Debug//**;obj/Debug//**;bin//**;obj//**;**/*.user;**/*.*proj") at /nix/store/8y83na7h81fw5kr1msmjc7rvx329djp0-dotnet-sdk-8.0.300/sdk/8.0.300/Sdks/Microsoft.NET.Sdk/targets/Microsoft.NET.Sdk.DefaultItems.targets (34,5)
       Property reassignment: $(DefaultItemExcludes)=";bin/Debug//**;obj/Debug//**;bin//**;obj//**;**/*.user;**/*.*proj;**/*.sln;**/*.vssscc" (previous value: ";bin/Debug//**;obj/Debug//**;bin//**;obj//**;**/*.user;**/*.*proj;**/*.sln") at /nix/store/8y83na7h81fw5kr1msmjc7rvx329djp0-dotnet-sdk-8.0.300/sdk/8.0.300/Sdks/Microsoft.NET.Sdk/targets/Microsoft.NET.Sdk.DefaultItems.targets (35,5)
       Property reassignment: $(DefaultItemExcludes)=";bin/Debug//**;obj/Debug//**;bin//**;obj//**;**/*.user;**/*.*proj;**/*.sln;**/*.vssscc;**/.DS_Store" (previous value: ";bin/Debug//**;obj/Debug//**;bin//**;obj//**;**/*.user;**/*.*proj;**/*.sln;**/*.vssscc") at /nix/store/8y83na7h81fw5kr1msmjc7rvx329djp0-dotnet-sdk-8.0.300/sdk/8.0.300/Sdks/Microsoft.NET.Sdk/targets/Microsoft.NET.Sdk.DefaultItems.targets (36,5)
       Property reassignment: $(ResolveAssemblyReferencesDependsOn)="
             
             
             ResolveProjectReferences;
             FindInvalidProjectReferences;
             GetFrameworkPaths;
             GetReferenceAssemblyPaths;
             PrepareForBuild;
             ResolveSDKReferences;
             ExpandSDKReferences;
           ;
             ResolvePackageDependenciesForBuild;
             _HandlePackageFileConflicts;
           ;
             ResolveTargetingPackAssets;
           " (previous value: "
             
             ResolveProjectReferences;
             FindInvalidProjectReferences;
             GetFrameworkPaths;
             GetReferenceAssemblyPaths;
             PrepareForBuild;
             ResolveSDKReferences;
             ExpandSDKReferences;
           ;
             ResolvePackageDependenciesForBuild;
             _HandlePackageFileConflicts;
           ") at /nix/store/8y83na7h81fw5kr1msmjc7rvx329djp0-dotnet-sdk-8.0.300/sdk/8.0.300/Sdks/Microsoft.NET.Sdk/targets/Microsoft.NET.Sdk.FrameworkReferenceResolution.targets (14,5)
       Property reassignment: $(_GenerateRuntimeConfigurationPropertyInputsCache)="/home/runner/workspace/MSA.Foundation/obj/Debug/net8.0/MSA.Foundation.genruntimeconfig.cache" (previous value: "obj/Debug/net8.0/MSA.Foundation.genruntimeconfig.cache") at /nix/store/8y83na7h81fw5kr1msmjc7rvx329djp0-dotnet-sdk-8.0.300/sdk/8.0.300/Sdks/Microsoft.NET.Sdk/targets/Microsoft.NET.Sdk.targets (44,5)
       Property reassignment: $(_GeneratePublishDependencyFilePropertyInputsCache)="/home/runner/workspace/MSA.Foundation/obj/Debug/net8.0/MSA.Foundation.genpublishdeps.cache" (previous value: "obj/Debug/net8.0/MSA.Foundation.genpublishdeps.cache") at /nix/store/8y83na7h81fw5kr1msmjc7rvx329djp0-dotnet-sdk-8.0.300/sdk/8.0.300/Sdks/Microsoft.NET.Sdk/targets/Microsoft.NET.Sdk.targets (46,5)
       Property reassignment: $(_GenerateSingleFileBundlePropertyInputsCache)="/home/runner/workspace/MSA.Foundation/obj/Debug/net8.0/MSA.Foundation.genbundle.cache" (previous value: "obj/Debug/net8.0/MSA.Foundation.genbundle.cache") at /nix/store/8y83na7h81fw5kr1msmjc7rvx329djp0-dotnet-sdk-8.0.300/sdk/8.0.300/Sdks/Microsoft.NET.Sdk/targets/Microsoft.NET.Sdk.targets (48,5)
       Property reassignment: $(GenerateRuntimeConfigDevFile)="false" (previous value: "true") at /nix/store/8y83na7h81fw5kr1msmjc7rvx329djp0-dotnet-sdk-8.0.300/sdk/8.0.300/Sdks/Microsoft.NET.Sdk/targets/Microsoft.NET.Sdk.targets (81,5)
       Property 'HOME' with value '/home/runner' expanded from the environment.
       Property reassignment: $(_DefaultUserProfileRuntimeStorePath)="/home/runner/.dotnet/store" (previous value: "/home/runner") at /nix/store/8y83na7h81fw5kr1msmjc7rvx329djp0-dotnet-sdk-8.0.300/sdk/8.0.300/Sdks/Microsoft.NET.Sdk/targets/Microsoft.NET.Sdk.targets (98,5)
       Property reassignment: $(AvailablePlatforms)="Any CPU,x86,x64,ARM32" (previous value: "Any CPU,x86,x64") at /nix/store/8y83na7h81fw5kr1msmjc7rvx329djp0-dotnet-sdk-8.0.300/sdk/8.0.300/Sdks/Microsoft.NET.Sdk/targets/Microsoft.NET.Sdk.targets (136,5)
       Property reassignment: $(AvailablePlatforms)="Any CPU,x86,x64,ARM32,ARM64" (previous value: "Any CPU,x86,x64,ARM32") at /nix/store/8y83na7h81fw5kr1msmjc7rvx329djp0-dotnet-sdk-8.0.300/sdk/8.0.300/Sdks/Microsoft.NET.Sdk/targets/Microsoft.NET.Sdk.targets (140,5)
       Property reassignment: $(CoreBuildDependsOn)="
             _CheckForBuildWithNoBuild;
             
             BuildOnlySettings;
             PrepareForBuild;
             PreBuildEvent;
             ResolveReferences;
             PrepareResources;
             ResolveKeySource;
             Compile;
             ExportWindowsMDFile;
             UnmanagedUnregistration;
             GenerateSerializationAssemblies;
             CreateSatelliteAssemblies;
             GenerateManifests;
             GetTargetPath;
             PrepareForRun;
             UnmanagedRegistration;
             IncrementalClean;
             PostBuildEvent
           ;
             GenerateBuildDependencyFile;
             GenerateBuildRuntimeConfigurationFiles
           " (previous value: "
             BuildOnlySettings;
             PrepareForBuild;
             PreBuildEvent;
             ResolveReferences;
             PrepareResources;
             ResolveKeySource;
             Compile;
             ExportWindowsMDFile;
             UnmanagedUnregistration;
             GenerateSerializationAssemblies;
             CreateSatelliteAssemblies;
             GenerateManifests;
             GetTargetPath;
             PrepareForRun;
             UnmanagedRegistration;
             IncrementalClean;
             PostBuildEvent
           ") at /nix/store/8y83na7h81fw5kr1msmjc7rvx329djp0-dotnet-sdk-8.0.300/sdk/8.0.300/Sdks/Microsoft.NET.Sdk/targets/Microsoft.NET.Sdk.targets (197,5)
       Property reassignment: $(CoreCleanDependsOn)="
             _SdkBeforeClean;
             
           " (previous value: "") at /nix/store/8y83na7h81fw5kr1msmjc7rvx329djp0-dotnet-sdk-8.0.300/sdk/8.0.300/Sdks/Microsoft.NET.Sdk/targets/Microsoft.NET.Sdk.targets (206,5)
       Property reassignment: $(RebuildDependsOn)="
             _SdkBeforeRebuild;
             
             BeforeRebuild;
             Clean;
             Build;
             AfterRebuild;
           
           " (previous value: "
             BeforeRebuild;
             Clean;
             Build;
             AfterRebuild;
           ") at /nix/store/8y83na7h81fw5kr1msmjc7rvx329djp0-dotnet-sdk-8.0.300/sdk/8.0.300/Sdks/Microsoft.NET.Sdk/targets/Microsoft.NET.Sdk.targets (213,5)
       Property reassignment: $(CompileDependsOn)="
             
             ResolveReferences;
             ResolveKeySource;
             SetWin32ManifestProperties;
             FindReferenceAssembliesForReferences;
             _GenerateCompileInputs;
             BeforeCompile;
             _TimeStampBeforeCompile;
             _GenerateCompileDependencyCache;
             CoreCompile;
             _TimeStampAfterCompile;
             AfterCompile;
           ;
             _CreateAppHost;
             _CreateComHost;
             _GetIjwHostPaths;
           " (previous value: "
             ResolveReferences;
             ResolveKeySource;
             SetWin32ManifestProperties;
             FindReferenceAssembliesForReferences;
             _GenerateCompileInputs;
             BeforeCompile;
             _TimeStampBeforeCompile;
             _GenerateCompileDependencyCache;
             CoreCompile;
             _TimeStampAfterCompile;
             AfterCompile;
           ") at /nix/store/8y83na7h81fw5kr1msmjc7rvx329djp0-dotnet-sdk-8.0.300/sdk/8.0.300/Sdks/Microsoft.NET.Sdk/targets/Microsoft.NET.Sdk.targets (679,5)
       Property reassignment: $(CreateSatelliteAssembliesDependsOn)="
             
             ;
             _GenerateSatelliteAssemblyInputs;
             ComputeIntermediateSatelliteAssemblies;
             GenerateSatelliteAssemblies
           ;
             CoreGenerateSatelliteAssemblies
           " (previous value: "
             ;
             _GenerateSatelliteAssemblyInputs;
             ComputeIntermediateSatelliteAssemblies;
             GenerateSatelliteAssemblies
           ") at /nix/store/8y83na7h81fw5kr1msmjc7rvx329djp0-dotnet-sdk-8.0.300/sdk/8.0.300/Sdks/Microsoft.NET.Sdk/targets/Microsoft.NET.Sdk.targets (1065,5)
       Property reassignment: $(SourceLinkUrlInitializerTargets)=";_InitializeGitHubSourceLinkUrl;_InitializeGitLabSourceLinkUrl" (previous value: ";_InitializeGitHubSourceLinkUrl") at /nix/store/8y83na7h81fw5kr1msmjc7rvx329djp0-dotnet-sdk-8.0.300/sdk/8.0.300/Sdks/Microsoft.SourceLink.GitLab/build/Microsoft.SourceLink.GitLab.targets (12,5)
       Property reassignment: $(SourceControlManagerUrlTranslationTargets)=";TranslateGitHubUrlsInSourceControlInformation;TranslateGitLabUrlsInSourceControlInformation" (previous value: ";TranslateGitHubUrlsInSourceControlInformation") at /nix/store/8y83na7h81fw5kr1msmjc7rvx329djp0-dotnet-sdk-8.0.300/sdk/8.0.300/Sdks/Microsoft.SourceLink.GitLab/build/Microsoft.SourceLink.GitLab.targets (13,5)
       Property reassignment: $(SourceLinkUrlInitializerTargets)=";_InitializeGitHubSourceLinkUrl;_InitializeGitLabSourceLinkUrl;_InitializeAzureReposGitSourceLinkUrl" (previous value: ";_InitializeGitHubSourceLinkUrl;_InitializeGitLabSourceLinkUrl") at /nix/store/8y83na7h81fw5kr1msmjc7rvx329djp0-dotnet-sdk-8.0.300/sdk/8.0.300/Sdks/Microsoft.SourceLink.AzureRepos.Git/build/Microsoft.SourceLink.AzureRepos.Git.targets (12,5)
       Property reassignment: $(SourceControlManagerUrlTranslationTargets)=";TranslateGitHubUrlsInSourceControlInformation;TranslateGitLabUrlsInSourceControlInformation;TranslateAzureReposGitUrlsInSourceControlInformation" (previous value: ";TranslateGitHubUrlsInSourceControlInformation;TranslateGitLabUrlsInSourceControlInformation") at /nix/store/8y83na7h81fw5kr1msmjc7rvx329djp0-dotnet-sdk-8.0.300/sdk/8.0.300/Sdks/Microsoft.SourceLink.AzureRepos.Git/build/Microsoft.SourceLink.AzureRepos.Git.targets (13,5)
       Property reassignment: $(SourceLinkUrlInitializerTargets)=";_InitializeGitHubSourceLinkUrl;_InitializeGitLabSourceLinkUrl;_InitializeAzureReposGitSourceLinkUrl;_InitializeBitbucketGitSourceLinkUrl" (previous value: ";_InitializeGitHubSourceLinkUrl;_InitializeGitLabSourceLinkUrl;_InitializeAzureReposGitSourceLinkUrl") at /nix/store/8y83na7h81fw5kr1msmjc7rvx329djp0-dotnet-sdk-8.0.300/sdk/8.0.300/Sdks/Microsoft.SourceLink.Bitbucket.Git/build/Microsoft.SourceLink.Bitbucket.Git.targets (12,5)
       Property reassignment: $(SourceControlManagerUrlTranslationTargets)=";TranslateGitHubUrlsInSourceControlInformation;TranslateGitLabUrlsInSourceControlInformation;TranslateAzureReposGitUrlsInSourceControlInformation;TranslateBitbucketGitUrlsInSourceControlInformation" (previous value: ";TranslateGitHubUrlsInSourceControlInformation;TranslateGitLabUrlsInSourceControlInformation;TranslateAzureReposGitUrlsInSourceControlInformation") at /nix/store/8y83na7h81fw5kr1msmjc7rvx329djp0-dotnet-sdk-8.0.300/sdk/8.0.300/Sdks/Microsoft.SourceLink.Bitbucket.Git/build/Microsoft.SourceLink.Bitbucket.Git.targets (13,5)
       Property reassignment: $(DesignerRuntimeImplementationProjectOutputGroupDependsOn)="
             
             ;
             
             ;
             BuildOnlySettings;
             PrepareForBuild;
             AssignTargetPaths;
             ResolveReferences
           
           ;
             _GenerateDesignerDepsFile;
             _GenerateDesignerRuntimeConfigFile;
             GetCopyToOutputDirectoryItems;
             _GatherDesignerShadowCopyFiles;
           " (previous value: "
             ;
             
             ;
             BuildOnlySettings;
             PrepareForBuild;
             AssignTargetPaths;
             ResolveReferences
           
           ") at /nix/store/8y83na7h81fw5kr1msmjc7rvx329djp0-dotnet-sdk-8.0.300/sdk/8.0.300/Sdks/Microsoft.NET.Sdk/targets/Microsoft.NET.DesignerSupport.targets (21,5)
       Property reassignment: $(_GenerateToolsSettingsFileCacheFile)="/home/runner/workspace/MSA.Foundation/obj/Debug/net8.0/MSA.Foundation.toolssettingsinput.cache" (previous value: "obj/Debug/net8.0/MSA.Foundation.toolssettingsinput.cache") at /nix/store/8y83na7h81fw5kr1msmjc7rvx329djp0-dotnet-sdk-8.0.300/sdk/8.0.300/Sdks/Microsoft.NET.Sdk/targets/Microsoft.NET.PackTool.targets (68,5)
       Property reassignment: $(_ShimInputCacheFile)="/home/runner/workspace/MSA.Foundation/obj/Debug/net8.0/MSA.Foundation.shiminput.cache" (previous value: "obj/Debug/net8.0/MSA.Foundation.shiminput.cache") at /nix/store/8y83na7h81fw5kr1msmjc7rvx329djp0-dotnet-sdk-8.0.300/sdk/8.0.300/Sdks/Microsoft.NET.Sdk/targets/Microsoft.NET.PackTool.targets (137,5)
       Property reassignment: $(_ShimCreatedSentinelFile)="/home/runner/workspace/MSA.Foundation/obj/Debug/net8.0/MSA.Foundation.shimcreated.sentinel" (previous value: "obj/Debug/net8.0/MSA.Foundation.shimcreated.sentinel") at /nix/store/8y83na7h81fw5kr1msmjc7rvx329djp0-dotnet-sdk-8.0.300/sdk/8.0.300/Sdks/Microsoft.NET.Sdk/targets/Microsoft.NET.PackTool.targets (139,5)
       Property reassignment: $(DefineConstants)="TRACE;DEBUG" (previous value: "TRACE") at /nix/store/8y83na7h81fw5kr1msmjc7rvx329djp0-dotnet-sdk-8.0.300/sdk/8.0.300/Sdks/Microsoft.NET.Sdk/targets/Microsoft.NET.Sdk.CSharp.targets (31,5)
       Property reassignment: $(DefineConstants)="TRACE;DEBUG;NET;NET8_0;NETCOREAPP" (previous value: "TRACE;DEBUG") at /nix/store/8y83na7h81fw5kr1msmjc7rvx329djp0-dotnet-sdk-8.0.300/sdk/8.0.300/Sdks/Microsoft.NET.Sdk/targets/Microsoft.NET.Sdk.CSharp.targets (34,5)
       Property reassignment: $(WarningsAsErrors)=";NU1605;SYSLIB0011" (previous value: ";NU1605") at /nix/store/8y83na7h81fw5kr1msmjc7rvx329djp0-dotnet-sdk-8.0.300/sdk/8.0.300/Sdks/Microsoft.NET.Sdk/targets/Microsoft.NET.Sdk.CSharp.targets (48,5)
       Property reassignment: $(GenerateNuspecDependsOn)="Build;_LoadPackInputItems; _GetTargetFrameworksOutput; _WalkEachTargetPerFramework; _GetPackageFiles; " (previous value: "_LoadPackInputItems; _GetTargetFrameworksOutput; _WalkEachTargetPerFramework; _GetPackageFiles; ") at /nix/store/8y83na7h81fw5kr1msmjc7rvx329djp0-dotnet-sdk-8.0.300/sdk/8.0.300/Sdks/NuGet.Build.Tasks.Pack/build/NuGet.Build.Tasks.Pack.targets (59,5)
       Property reassignment: $(_IsSDKContainerAllowedVersion)="true" (previous value: "false") at /nix/store/8y83na7h81fw5kr1msmjc7rvx329djp0-dotnet-sdk-8.0.300/sdk/8.0.300/Containers/build/Microsoft.NET.Build.Containers.targets (5,5)
       Property reassignment: $(_ContainerIsTargetingNet8TFM)="true" (previous value: "false") at /nix/store/8y83na7h81fw5kr1msmjc7rvx329djp0-dotnet-sdk-8.0.300/sdk/8.0.300/Containers/build/Microsoft.NET.Build.Containers.targets (15,5)
       Overriding target "ResolveFrameworkReferences" in project "/nix/store/8y83na7h81fw5kr1msmjc7rvx329djp0-dotnet-sdk-8.0.300/sdk/8.0.300/Microsoft.Common.CurrentVersion.targets" with target "ResolveFrameworkReferences" from project "/nix/store/8y83na7h81fw5kr1msmjc7rvx329djp0-dotnet-sdk-8.0.300/sdk/8.0.300/Sdks/Microsoft.NET.Sdk/targets/Microsoft.NET.Sdk.FrameworkReferenceResolution.targets".
       Overriding target "Run" in project "/nix/store/8y83na7h81fw5kr1msmjc7rvx329djp0-dotnet-sdk-8.0.300/sdk/8.0.300/Microsoft.Common.CurrentVersion.targets" with target "Run" from project "/nix/store/8y83na7h81fw5kr1msmjc7rvx329djp0-dotnet-sdk-8.0.300/sdk/8.0.300/Sdks/Microsoft.NET.Sdk/targets/Microsoft.NET.Sdk.targets".
       Overriding target "GenerateSupportedTargetFrameworkAlias" in project "/nix/store/8y83na7h81fw5kr1msmjc7rvx329djp0-dotnet-sdk-8.0.300/sdk/8.0.300/Microsoft.Common.CurrentVersion.targets" with target "GenerateSupportedTargetFrameworkAlias" from project "/nix/store/8y83na7h81fw5kr1msmjc7rvx329djp0-dotnet-sdk-8.0.300/sdk/8.0.300/Sdks/Microsoft.NET.Sdk/targets/Microsoft.NET.Sdk.targets".
       Overriding target "GetReferenceAssemblyPaths" in project "/nix/store/8y83na7h81fw5kr1msmjc7rvx329djp0-dotnet-sdk-8.0.300/sdk/8.0.300/Microsoft.Common.CurrentVersion.targets" with target "GetReferenceAssemblyPaths" from project "/nix/store/8y83na7h81fw5kr1msmjc7rvx329djp0-dotnet-sdk-8.0.300/sdk/8.0.300/Sdks/Microsoft.NET.Sdk/targets/Microsoft.NET.DisableStandardFrameworkResolution.targets".
       Overriding target "GetFrameworkPaths" in project "/nix/store/8y83na7h81fw5kr1msmjc7rvx329djp0-dotnet-sdk-8.0.300/sdk/8.0.300/Microsoft.Common.CurrentVersion.targets" with target "GetFrameworkPaths" from project "/nix/store/8y83na7h81fw5kr1msmjc7rvx329djp0-dotnet-sdk-8.0.300/sdk/8.0.300/Sdks/Microsoft.NET.Sdk/targets/Microsoft.NET.DisableStandardFrameworkResolution.targets".
       Overriding target "DesignerRuntimeImplementationProjectOutputGroup" in project "/nix/store/8y83na7h81fw5kr1msmjc7rvx329djp0-dotnet-sdk-8.0.300/sdk/8.0.300/Microsoft.Common.CurrentVersion.targets" with target "DesignerRuntimeImplementationProjectOutputGroup" from project "/nix/store/8y83na7h81fw5kr1msmjc7rvx329djp0-dotnet-sdk-8.0.300/sdk/8.0.300/Sdks/Microsoft.NET.Sdk/targets/Microsoft.NET.DesignerSupport.targets".
       Overriding target "Publish" in project "/nix/store/8y83na7h81fw5kr1msmjc7rvx329djp0-dotnet-sdk-8.0.300/sdk/8.0.300/Microsoft.Common.CurrentVersion.targets" with target "Publish" from project "/nix/store/8y83na7h81fw5kr1msmjc7rvx329djp0-dotnet-sdk-8.0.300/sdk/8.0.300/Sdks/Microsoft.NET.Sdk/targets/Microsoft.NET.Publish.targets".
       Overriding target "ResolveReadyToRunCompilers" in project "/nix/store/8y83na7h81fw5kr1msmjc7rvx329djp0-dotnet-sdk-8.0.300/sdk/8.0.300/Sdks/Microsoft.NET.Sdk/targets/Microsoft.NET.CrossGen.targets" with target "ResolveReadyToRunCompilers" from project "/nix/store/8y83na7h81fw5kr1msmjc7rvx329djp0-dotnet-sdk-8.0.300/sdk/8.0.300/Sdks/Microsoft.NET.Sdk/targets/Microsoft.NET.Publish.targets".
       Overriding target "GetCopyToPublishDirectoryItems" in project "/nix/store/8y83na7h81fw5kr1msmjc7rvx329djp0-dotnet-sdk-8.0.300/sdk/8.0.300/Microsoft.Common.CurrentVersion.targets" with target "GetCopyToPublishDirectoryItems" from project "/nix/store/8y83na7h81fw5kr1msmjc7rvx329djp0-dotnet-sdk-8.0.300/sdk/8.0.300/Sdks/Microsoft.NET.Sdk/targets/Microsoft.NET.Publish.targets".
       The target "ResolveNuGetPackageAssets" listed in an AfterTargets attribute at "/home/runner/.nuget/packages/system.text.json/8.0.0/buildTransitive/net6.0/System.Text.Json.targets (11,11)" does not exist in the project, and will be ignored.
       The target "ResolveNuGetPackageAssets" listed in an AfterTargets attribute at "/home/runner/.nuget/packages/system.text.json/8.0.0/buildTransitive/net6.0/System.Text.Json.targets (23,11)" does not exist in the project, and will be ignored.
   1:7>Project "/home/runner/workspace/PokerGame.Tests/PokerGame.Tests.csproj" (1:7) is building "/home/runner/workspace/MSA.Foundation/MSA.Foundation.csproj" (4:6) on node 1 (GetTargetFrameworks target(s)).
   4:6>Target "GetTargetFrameworksWithPlatformForSingleTargetFramework" in file "/nix/store/8y83na7h81fw5kr1msmjc7rvx329djp0-dotnet-sdk-8.0.300/sdk/8.0.300/Microsoft.Common.CurrentVersion.targets" from project "/home/runner/workspace/MSA.Foundation/MSA.Foundation.csproj" (target "GetTargetFrameworks" depends on it):
   4:6>Using "CombineTargetFrameworkInfoProperties" task from assembly "Microsoft.Build.Tasks.Core, Version=15.1.0.0, Culture=neutral, PublicKeyToken=b03f5f7f11d50a3a".
       Task "CombineTargetFrameworkInfoProperties"
       Done executing task "CombineTargetFrameworkInfoProperties".
   4:6>Done building target "GetTargetFrameworksWithPlatformForSingleTargetFramework" in project "MSA.Foundation.csproj".
   4:6>Target "GetTargetFrameworks" in file "/nix/store/8y83na7h81fw5kr1msmjc7rvx329djp0-dotnet-sdk-8.0.300/sdk/8.0.300/Microsoft.Common.CurrentVersion.targets" from project "/home/runner/workspace/MSA.Foundation/MSA.Foundation.csproj" (entry point):
       Task "Error" skipped, due to false condition; ('$(IsCrossTargetingBuild)' == 'true') was evaluated as ('' == 'true').
       Using "CombineXmlElements" task from assembly "Microsoft.Build.Tasks.Core, Version=15.1.0.0, Culture=neutral, PublicKeyToken=b03f5f7f11d50a3a".
       Task "CombineXmlElements"
       Done executing task "CombineXmlElements".
   4:6>Done building target "GetTargetFrameworks" in project "MSA.Foundation.csproj".
   4:6>Done Building Project "/home/runner/workspace/MSA.Foundation/MSA.Foundation.csproj" (GetTargetFrameworks target(s)).
   1:7>Done executing task "MSBuild".
       Task "MSBuild" skipped, due to false condition; ('%(_MSBuildProjectReferenceExistent.SkipGetTargetFrameworkProperties)' != 'true' and '$(EnableDynamicPlatformResolution)' == 'true') was evaluated as ('' != 'true' and '' == 'true').
       Using "GetReferenceNearestTargetFrameworkTask" task from assembly "/nix/store/8y83na7h81fw5kr1msmjc7rvx329djp0-dotnet-sdk-8.0.300/sdk/8.0.300/NuGet.Build.Tasks.dll".
       Task "GetReferenceNearestTargetFrameworkTask"
         Assembly loaded during TaskRun (NuGet.Build.Tasks.GetReferenceNearestTargetFrameworkTask): NuGet.Frameworks, Version=6.10.0.97, Culture=neutral, PublicKeyToken=31bf3856ad364e35 (location: /nix/store/8y83na7h81fw5kr1msmjc7rvx329djp0-dotnet-sdk-8.0.300/sdk/8.0.300/NuGet.Frameworks.dll, MVID: 05e5996d-f121-4c49-b976-ad842a7e715b, AssemblyLoadContext: MSBuild plugin /nix/store/8y83na7h81fw5kr1msmjc7rvx329djp0-dotnet-sdk-8.0.300/sdk/8.0.300/NuGet.Build.Tasks.dll)
       Done executing task "GetReferenceNearestTargetFrameworkTask".
       Task "GetReferenceNearestTargetFrameworkTask" skipped, due to false condition; ('@(_ProjectReferenceTargetFrameworkPossibilities)' != '' and '$(ReferringTargetFrameworkForProjectReferences)' != ''
                                                               And '$(GetReferenceNearestTargetFrameworkTaskSupportsTargetPlatformParameter)' != 'true' and '%(_ProjectReferenceTargetFrameworkPossibilities.IsVcxOrNativeProj)' != 'true') was evaluated as ('../PokerGame.Core/PokerGame.Core.csproj;../PokerGame.Abstractions/PokerGame.Abstractions.csproj;../MSA.Foundation/MSA.Foundation.csproj' != '' and '.NETCoreApp,Version=v8.0' != ''
                                                               And 'true' != 'true' and '' != 'true').
       Using "SetRidAgnosticValueForProjects" task from assembly "Microsoft.Build.Tasks.Core, Version=15.1.0.0, Culture=neutral, PublicKeyToken=b03f5f7f11d50a3a".
       Task "SetRidAgnosticValueForProjects"
       Done executing task "SetRidAgnosticValueForProjects".
   1:7>Done building target "_GetProjectReferenceTargetFrameworkProperties" in project "PokerGame.Tests.csproj".
       Target "ValidateExecutableReferences" skipped, due to false condition; ('$(ValidateExecutableReferencesMatchSelfContained)' != 'false') was evaluated as ('false' != 'false').
       Target "_GetProjectReferencePlatformProperties" skipped, due to false condition; ('$(EnableDynamicPlatformResolution)' == 'true'
                            and '@(_MSBuildProjectReferenceExistent)' != '') was evaluated as ('' == 'true'
                            and '../PokerGame.Core/PokerGame.Core.csproj;../PokerGame.Abstractions/PokerGame.Abstractions.csproj;../MSA.Foundation/MSA.Foundation.csproj' != '').
   1:7>Target "PrepareProjectReferences" in file "/nix/store/8y83na7h81fw5kr1msmjc7rvx329djp0-dotnet-sdk-8.0.300/sdk/8.0.300/Microsoft.Common.CurrentVersion.targets" from project "/home/runner/workspace/PokerGame.Tests/PokerGame.Tests.csproj" (target "ResolveProjectReferences" depends on it):
   1:7>Done building target "PrepareProjectReferences" in project "PokerGame.Tests.csproj".
   1:7>Target "ResolveProjectReferences" in file "/nix/store/8y83na7h81fw5kr1msmjc7rvx329djp0-dotnet-sdk-8.0.300/sdk/8.0.300/Microsoft.Common.CurrentVersion.targets" from project "/home/runner/workspace/PokerGame.Tests/PokerGame.Tests.csproj" (target "ResolveReferences" depends on it):
       Task "MSBuild" skipped, due to false condition; ('%(_MSBuildProjectReferenceExistent.BuildReference)' == 'true' and '@(ProjectReferenceWithConfiguration)' != '' and ('$(BuildingInsideVisualStudio)' == 'true' or '$(BuildProjectReferences)' != 'true') and '$(VisualStudioVersion)' != '10.0' and '@(_MSBuildProjectReferenceExistent)' != '') was evaluated as ('true' == 'true' and '../PokerGame.Core/PokerGame.Core.csproj;../PokerGame.Abstractions/PokerGame.Abstractions.csproj;../MSA.Foundation/MSA.Foundation.csproj' != '' and ('' == 'true' or 'true' != 'true') and '17.0' != '10.0' and '../PokerGame.Core/PokerGame.Core.csproj;../PokerGame.Abstractions/PokerGame.Abstractions.csproj;../MSA.Foundation/MSA.Foundation.csproj' != '').
       Task "MSBuild"
         Removing Properties for project "../PokerGame.Core/PokerGame.Core.csproj":
           TargetFramework
           RuntimeIdentifier
           SelfContained
         Removing Properties for project "../PokerGame.Abstractions/PokerGame.Abstractions.csproj":
           TargetFramework
           RuntimeIdentifier
           SelfContained
         Removing Properties for project "../MSA.Foundation/MSA.Foundation.csproj":
           TargetFramework
           RuntimeIdentifier
           SelfContained
   1:7>Project "/home/runner/workspace/PokerGame.Tests/PokerGame.Tests.csproj" (1:7) is building "/home/runner/workspace/MSA.Foundation/MSA.Foundation.csproj" (4:7) on node 1 (default targets).
   4:7>Target "_CheckForUnsupportedTargetFramework" skipped, due to false condition; ('$(_UnsupportedTargetFrameworkError)' == 'true') was evaluated as ('' == 'true').
   4:7>Target "_CollectTargetFrameworkForTelemetry" in file "/nix/store/8y83na7h81fw5kr1msmjc7rvx329djp0-dotnet-sdk-8.0.300/sdk/8.0.300/Sdks/Microsoft.NET.Sdk/targets/Microsoft.NET.TargetFrameworkInference.targets" from project "/home/runner/workspace/MSA.Foundation/MSA.Foundation.csproj" (target "_CheckForInvalidConfigurationAndPlatform" depends on it):
       Using "AllowEmptyTelemetry" task from assembly "/nix/store/8y83na7h81fw5kr1msmjc7rvx329djp0-dotnet-sdk-8.0.300/sdk/8.0.300/Sdks/Microsoft.NET.Sdk/targets/../tools/net8.0/Microsoft.NET.Build.Tasks.dll".
       Task "AllowEmptyTelemetry"
       Done executing task "AllowEmptyTelemetry".
   4:7>Done building target "_CollectTargetFrameworkForTelemetry" in project "MSA.Foundation.csproj".
       Target "_CheckForUnsupportedTargetPlatformIdentifier" skipped, due to false condition; ('$(TargetPlatformIdentifier)' != '' and '$(TargetFrameworkIdentifier)' == '.NETCoreApp' and $([MSBuild]::VersionGreaterThanOrEquals($(TargetFrameworkVersion), 5.0)) And ('$(DesignTimeBuild)' != 'true' Or '@(MissingWorkloadPack)' == '')) was evaluated as ('' != '' and '.NETCoreApp' == '.NETCoreApp' and True And ('' != 'true' Or '' == '')).
       Target "_CheckForMissingWorkload" skipped, due to false condition; ('@(MissingWorkloadPack)' != '' And '$(DesignTimeBuild)' != 'true') was evaluated as ('' != '' And '' != 'true').
   4:7>Target "_CheckForUnsupportedNETCoreVersion" in file "/nix/store/8y83na7h81fw5kr1msmjc7rvx329djp0-dotnet-sdk-8.0.300/sdk/8.0.300/Sdks/Microsoft.NET.Sdk/targets/Microsoft.NET.TargetFrameworkInference.targets" from project "/home/runner/workspace/MSA.Foundation/MSA.Foundation.csproj" (target "_CheckForInvalidConfigurationAndPlatform" depends on it):
       Task "NETSdkError" skipped, due to false condition; ('$(_TargetFrameworkVersionWithoutV)' > '$(NETCoreAppMaximumVersion)' and '$(DisplayVSMessage)' != 'true') was evaluated as ('8.0' > '8.0' and '' != 'true').
       Task "NETSdkError" skipped, due to false condition; ('$(DisplayVSMessage)' == 'true') was evaluated as ('' == 'true').
   4:7>Done building target "_CheckForUnsupportedNETCoreVersion" in project "MSA.Foundation.csproj".
       Target "_CheckForEolTargetFrameworks" skipped, due to false condition; ('@(_EolNetCoreTargetFrameworkVersions->AnyHaveMetadataValue('Identity', '$(_TargetFrameworkVersionWithoutV)'))' and '$(TargetFrameworkIdentifier)' == '.NETCoreApp' and '$(CheckEolTargetFramework)' == 'true') was evaluated as ('false' and '.NETCoreApp' == '.NETCoreApp' and '' == 'true').
       Target "_CheckForEolWorkloads" skipped, due to false condition; ('@(EolWorkload)' != '' and '$(CheckEolWorkloads)' == 'true') was evaluated as ('' != '' and 'true' == 'true').
   4:7>Target "_CheckForUnsupportedCppNETCoreVersion" in file "/nix/store/8y83na7h81fw5kr1msmjc7rvx329djp0-dotnet-sdk-8.0.300/sdk/8.0.300/Sdks/Microsoft.NET.Sdk/targets/Microsoft.NET.TargetFrameworkInference.targets" from project "/home/runner/workspace/MSA.Foundation/MSA.Foundation.csproj" (target "_CheckForInvalidConfigurationAndPlatform" depends on it):
       Task "NETSdkError" skipped, due to false condition; ('$(TargetFrameworkIdentifier)' == '.NETCoreApp' and '$(_TargetFrameworkVersionWithoutV)' < '3.1' and ('$(Language)' == 'C++' and '$(_EnablePackageReferencesInVCProjects)' != 'true')) was evaluated as ('.NETCoreApp' == '.NETCoreApp' and '8.0' < '3.1' and ('C#' == 'C++' and '' != 'true')).
   4:7>Done building target "_CheckForUnsupportedCppNETCoreVersion" in project "MSA.Foundation.csproj".
       Target "_CheckForUnsupportedNETStandardVersion" skipped, due to false condition; ('$(TargetFrameworkIdentifier)' == '.NETStandard' And '$(NETStandardMaximumVersion)' != '') was evaluated as ('.NETCoreApp' == '.NETStandard' And '' != '').
       Target "_CheckForUnsupportedTargetFrameworkAndFeatureCombination" skipped, due to false condition; ('$(TargetFrameworkIdentifier)' == '.NETFramework') was evaluated as ('.NETCoreApp' == '.NETFramework').
       Target "_CheckForSupportedOSPlatformVersionHigherThanTargetPlatformVersion" skipped, due to false condition; ('$(TargetPlatformVersion)' != '' and '$(TargetFrameworkIdentifier)' == '.NETCoreApp' and $([MSBuild]::VersionGreaterThanOrEquals($(TargetFrameworkVersion), 5.0))) was evaluated as ('' != '' and '.NETCoreApp' == '.NETCoreApp' and True).
       Target "_CheckForInvalidTargetPlatformVersion" skipped, due to false condition; ('$(TargetPlatformVersion)' != '' and '$(TargetFrameworkIdentifier)' == '.NETCoreApp' and $([MSBuild]::VersionGreaterThanOrEquals($(TargetFrameworkVersion), 5.0)) and ('$(Language)' != 'C++' or '$(_EnablePackageReferencesInVCProjects)' == 'true')) was evaluated as ('' != '' and '.NETCoreApp' == '.NETCoreApp' and True and ('C#' != 'C++' or '' == 'true')).
   4:7>Target "_CheckForUnsupportedArtifactsPath" in file "/nix/store/8y83na7h81fw5kr1msmjc7rvx329djp0-dotnet-sdk-8.0.300/sdk/8.0.300/Sdks/Microsoft.NET.Sdk/targets/Microsoft.NET.DefaultOutputPaths.targets" from project "/home/runner/workspace/MSA.Foundation/MSA.Foundation.csproj" (target "_CheckForInvalidConfigurationAndPlatform" depends on it):
       Task "NetSdkError" skipped, due to false condition; ('$(UseArtifactsOutput)' == 'true' and '$(_ArtifactsPathSetEarly)' != 'true') was evaluated as ('' == 'true' and '' != 'true').
       Task "NetSdkError" skipped, due to false condition; ('$(_ArtifactsPathLocationType)' == 'ProjectFolder') was evaluated as ('' == 'ProjectFolder').
   4:7>Done building target "_CheckForUnsupportedArtifactsPath" in project "MSA.Foundation.csproj".
       Target "_CheckForMissingWorkload" skipped, due to false condition; ('@(MissingWorkloadPack)' != '' And '$(DesignTimeBuild)' != 'true') was evaluated as ('' != '' And '' != 'true').
       Target "_CheckForUnsupportedAppHostUsage" skipped, due to false condition; ('$(TargetFrameworkIdentifier)' == '.NETCoreApp' and '$(HasRuntimeOutput)' == 'true') was evaluated as ('.NETCoreApp' == '.NETCoreApp' and '' == 'true').
   4:7>Target "_CheckForUnsupportedHostingUsage" in file "/nix/store/8y83na7h81fw5kr1msmjc7rvx329djp0-dotnet-sdk-8.0.300/sdk/8.0.300/Sdks/Microsoft.NET.Sdk/targets/Microsoft.NET.RuntimeIdentifierInference.targets" from project "/home/runner/workspace/MSA.Foundation/MSA.Foundation.csproj" (target "_CheckForInvalidConfigurationAndPlatform" depends on it):
       Task "NETSdkWarning" skipped, due to false condition; ('$(SelfContained)' == 'true' and '$(EnableComHosting)' == 'true') was evaluated as ('' == 'true' and '' == 'true').
   4:7>Done building target "_CheckForUnsupportedHostingUsage" in project "MSA.Foundation.csproj".
   4:7>Target "_CheckAndUnsetUnsupportedPrefer32Bit" in file "/nix/store/8y83na7h81fw5kr1msmjc7rvx329djp0-dotnet-sdk-8.0.300/sdk/8.0.300/Sdks/Microsoft.NET.Sdk/targets/Microsoft.NET.RuntimeIdentifierInference.targets" from project "/home/runner/workspace/MSA.Foundation/MSA.Foundation.csproj" (target "_CheckForInvalidConfigurationAndPlatform" depends on it):
       Task "NETSdkWarning" skipped, due to false condition; ('$(Prefer32Bit)' == 'true') was evaluated as ('false' == 'true').
   4:7>Done building target "_CheckAndUnsetUnsupportedPrefer32Bit" in project "MSA.Foundation.csproj".
       Target "_CheckForMismatchingPlatform" skipped, due to false condition; ('$(RuntimeIdentifier)' != '' and '$(PlatformTarget)' != '') was evaluated as ('' != '' and '' != '').
   4:7>Target "_CheckForLanguageAndFeatureCombinationSupport" in file "/nix/store/8y83na7h81fw5kr1msmjc7rvx329djp0-dotnet-sdk-8.0.300/sdk/8.0.300/Sdks/Microsoft.NET.Sdk/targets/Microsoft.NET.RuntimeIdentifierInference.targets" from project "/home/runner/workspace/MSA.Foundation/MSA.Foundation.csproj" (target "_CheckForInvalidConfigurationAndPlatform" depends on it):
       Task "NETSdkError" skipped, due to false condition; (('$(Language)' == 'C++' and '$(_EnablePackageReferencesInVCProjects)' != 'true') and $(OutputType) != 'library' and '$(TargetFrameworkIdentifier)' == '.NETCoreApp') was evaluated as (('C#' == 'C++' and '' != 'true') and Library != 'library' and '.NETCoreApp' == '.NETCoreApp').
       Task "NETSdkError" skipped, due to false condition; (('$(Language)' == 'C++' and '$(_EnablePackageReferencesInVCProjects)' != 'true') and $(EnableComHosting) == 'true') was evaluated as (('C#' == 'C++' and '' != 'true') and  == 'true').
       Task "NETSdkError" skipped, due to false condition; (('$(Language)' == 'C++' and '$(_EnablePackageReferencesInVCProjects)' != 'true') and $(SelfContained) == 'true') was evaluated as (('C#' == 'C++' and '' != 'true') and  == 'true').
   4:7>Done building target "_CheckForLanguageAndFeatureCombinationSupport" in project "MSA.Foundation.csproj".
       Target "_CheckForNETCoreSdkIsPreview" skipped, due to false condition; ( '$(_NETCoreSdkIsPreview)' == 'true' AND '$(SuppressNETCoreSdkPreviewMessage)' != 'true' ) was evaluated as ( 'false' == 'true' AND '' != 'true' ).
   4:7>Target "_GetProjectJsonPath" in file "/nix/store/8y83na7h81fw5kr1msmjc7rvx329djp0-dotnet-sdk-8.0.300/sdk/8.0.300/NuGet.targets" from project "/home/runner/workspace/MSA.Foundation/MSA.Foundation.csproj" (target "_GetRestoreProjectStyle" depends on it):
       Task "GetRestoreProjectJsonPathTask" skipped, due to false condition; ( '$(RestoreProjectStyle)' == 'ProjectJson' OR '$(RestoreProjectStyle)' == '' ) was evaluated as ( 'PackageReference' == 'ProjectJson' OR 'PackageReference' == '' ).
   4:7>Done building target "_GetProjectJsonPath" in project "MSA.Foundation.csproj".
       Target "_CheckForUnsupportedTargetPlatformIdentifier" skipped, due to false condition; ('$(TargetPlatformIdentifier)' != '' and '$(TargetFrameworkIdentifier)' == '.NETCoreApp' and $([MSBuild]::VersionGreaterThanOrEquals($(TargetFrameworkVersion), 5.0)) And ('$(DesignTimeBuild)' != 'true' Or '@(MissingWorkloadPack)' == '')) was evaluated as ('' != '' and '.NETCoreApp' == '.NETCoreApp' and True And ('' != 'true' Or '' == '')).
       Target "_CheckForMissingWorkload" skipped, due to false condition; ('@(MissingWorkloadPack)' != '' And '$(DesignTimeBuild)' != 'true') was evaluated as ('' != '' And '' != 'true').
       Target "_CheckForUnsupportedNETStandardVersion" skipped, due to false condition; ('$(TargetFrameworkIdentifier)' == '.NETStandard' And '$(NETStandardMaximumVersion)' != '') was evaluated as ('.NETCoreApp' == '.NETStandard' And '' != '').
       Target "_CheckForUnsupportedTargetFrameworkAndFeatureCombination" skipped, due to false condition; ('$(TargetFrameworkIdentifier)' == '.NETFramework') was evaluated as ('.NETCoreApp' == '.NETFramework').
   4:7>Target "UpdateAspNetToFrameworkReference" in file "/nix/store/8y83na7h81fw5kr1msmjc7rvx329djp0-dotnet-sdk-8.0.300/sdk/8.0.300/Sdks/Microsoft.NET.Sdk/targets/Microsoft.NET.Sdk.DefaultItems.Shared.targets" from project "/home/runner/workspace/MSA.Foundation/MSA.Foundation.csproj" (target "ApplyImplicitVersions" depends on it):
       Using "CheckIfPackageReferenceShouldBeFrameworkReference" task from assembly "/nix/store/8y83na7h81fw5kr1msmjc7rvx329djp0-dotnet-sdk-8.0.300/sdk/8.0.300/Sdks/Microsoft.NET.Sdk/targets/../tools/net8.0/Microsoft.NET.Build.Tasks.dll".
       Task "CheckIfPackageReferenceShouldBeFrameworkReference"
       Done executing task "CheckIfPackageReferenceShouldBeFrameworkReference".
       Task "NETSdkError" skipped, due to false condition; ('$(_ShouldRemoveAspNetCoreAll)' == 'true') was evaluated as ('False' == 'true').
       Task "CheckIfPackageReferenceShouldBeFrameworkReference"
       Done executing task "CheckIfPackageReferenceShouldBeFrameworkReference".
       Task "NETSdkWarning" skipped, due to false condition; ('$(_ShouldRemoveAspNetCoreApp)' == 'true') was evaluated as ('False' == 'true').
   4:7>Done building target "UpdateAspNetToFrameworkReference" in project "MSA.Foundation.csproj".
       Target "IncludeTargetingPackReference" skipped, due to false condition; ('$(TargetFrameworkMoniker)' != '' and '$(TargetFrameworkIdentifier)' == '.NETFramework' and '$(AutomaticallyUseReferenceAssemblyPackages)' == 'true') was evaluated as ('.NETCoreApp,Version=v8.0' != '' and '.NETCoreApp' == '.NETFramework' and 'true' == 'true').
   4:7>Target "CheckForImplicitPackageReferenceOverrides" in file "/nix/store/8y83na7h81fw5kr1msmjc7rvx329djp0-dotnet-sdk-8.0.300/sdk/8.0.300/Sdks/Microsoft.NET.Sdk/targets/Microsoft.NET.Sdk.DefaultItems.Shared.targets" from project "/home/runner/workspace/MSA.Foundation/MSA.Foundation.csproj" (target "ApplyImplicitVersions" depends on it):
       Using "CheckForImplicitPackageReferenceOverrides" task from assembly "/nix/store/8y83na7h81fw5kr1msmjc7rvx329djp0-dotnet-sdk-8.0.300/sdk/8.0.300/Sdks/Microsoft.NET.Sdk/targets/../tools/net8.0/Microsoft.NET.Build.Tasks.dll".
       Task "CheckForImplicitPackageReferenceOverrides"
       Done executing task "CheckForImplicitPackageReferenceOverrides".
   4:7>Done building target "CheckForImplicitPackageReferenceOverrides" in project "MSA.Foundation.csproj".
   4:7>Target "ApplyImplicitVersions" in file "/nix/store/8y83na7h81fw5kr1msmjc7rvx329djp0-dotnet-sdk-8.0.300/sdk/8.0.300/Sdks/Microsoft.NET.Sdk/targets/Microsoft.NET.Sdk.DefaultItems.Shared.targets" from project "/home/runner/workspace/MSA.Foundation/MSA.Foundation.csproj" (target "CollectPackageReferences" depends on it):
       Using "ApplyImplicitVersions" task from assembly "/nix/store/8y83na7h81fw5kr1msmjc7rvx329djp0-dotnet-sdk-8.0.300/sdk/8.0.300/Sdks/Microsoft.NET.Sdk/targets/../tools/net8.0/Microsoft.NET.Build.Tasks.dll".
       Task "ApplyImplicitVersions"
       Done executing task "ApplyImplicitVersions".
   1:7>Project "/home/runner/workspace/PokerGame.Tests/PokerGame.Tests.csproj" (1:7) is building "/home/runner/workspace/PokerGame.Abstractions/PokerGame.Abstractions.csproj" (3:7) on node 2 (default targets).
   3:7>Target "_CheckForUnsupportedTargetFramework" skipped, due to false condition; ('$(_UnsupportedTargetFrameworkError)' == 'true') was evaluated as ('' == 'true').
   3:7>Target "_CollectTargetFrameworkForTelemetry" in file "/nix/store/8y83na7h81fw5kr1msmjc7rvx329djp0-dotnet-sdk-8.0.300/sdk/8.0.300/Sdks/Microsoft.NET.Sdk/targets/Microsoft.NET.TargetFrameworkInference.targets" from project "/home/runner/workspace/PokerGame.Abstractions/PokerGame.Abstractions.csproj" (target "_CheckForInvalidConfigurationAndPlatform" depends on it):
       Using "AllowEmptyTelemetry" task from assembly "/nix/store/8y83na7h81fw5kr1msmjc7rvx329djp0-dotnet-sdk-8.0.300/sdk/8.0.300/Sdks/Microsoft.NET.Sdk/targets/../tools/net8.0/Microsoft.NET.Build.Tasks.dll".
       Task "AllowEmptyTelemetry"
   1:7>Project "/home/runner/workspace/PokerGame.Tests/PokerGame.Tests.csproj" (1:7) is building "/home/runner/workspace/PokerGame.Core/PokerGame.Core.csproj" (2:6) on node 3 (default targets).
   2:6>Target "NETStandardCompatError_Microsoft_Extensions_Configuration_Binder" skipped. Previously built successfully.
       Target "_CheckForUnsupportedTargetFramework" skipped, due to false condition; ('$(_UnsupportedTargetFrameworkError)' == 'true') was evaluated as ('' == 'true').
   2:6>Target "_CollectTargetFrameworkForTelemetry" in file "/nix/store/8y83na7h81fw5kr1msmjc7rvx329djp0-dotnet-sdk-8.0.300/sdk/8.0.300/Sdks/Microsoft.NET.Sdk/targets/Microsoft.NET.TargetFrameworkInference.targets" from project "/home/runner/workspace/PokerGame.Core/PokerGame.Core.csproj" (target "_CheckForInvalidConfigurationAndPlatform" depends on it):
       Using "AllowEmptyTelemetry" task from assembly "/nix/store/8y83na7h81fw5kr1msmjc7rvx329djp0-dotnet-sdk-8.0.300/sdk/8.0.300/Sdks/Microsoft.NET.Sdk/targets/../tools/net8.0/Microsoft.NET.Build.Tasks.dll".
       Task "AllowEmptyTelemetry"
       Done executing task "AllowEmptyTelemetry".
   2:6>Done building target "_CollectTargetFrameworkForTelemetry" in project "PokerGame.Core.csproj".
       Target "_CheckForUnsupportedTargetPlatformIdentifier" skipped, due to false condition; ('$(TargetPlatformIdentifier)' != '' and '$(TargetFrameworkIdentifier)' == '.NETCoreApp' and $([MSBuild]::VersionGreaterThanOrEquals($(TargetFrameworkVersion), 5.0)) And ('$(DesignTimeBuild)' != 'true' Or '@(MissingWorkloadPack)' == '')) was evaluated as ('' != '' and '.NETCoreApp' == '.NETCoreApp' and True And ('' != 'true' Or '' == '')).
       Target "_CheckForMissingWorkload" skipped, due to false condition; ('@(MissingWorkloadPack)' != '' And '$(DesignTimeBuild)' != 'true') was evaluated as ('' != '' And '' != 'true').
   2:6>Target "_CheckForUnsupportedNETCoreVersion" in file "/nix/store/8y83na7h81fw5kr1msmjc7rvx329djp0-dotnet-sdk-8.0.300/sdk/8.0.300/Sdks/Microsoft.NET.Sdk/targets/Microsoft.NET.TargetFrameworkInference.targets" from project "/home/runner/workspace/PokerGame.Core/PokerGame.Core.csproj" (target "_CheckForInvalidConfigurationAndPlatform" depends on it):
       Task "NETSdkError" skipped, due to false condition; ('$(_TargetFrameworkVersionWithoutV)' > '$(NETCoreAppMaximumVersion)' and '$(DisplayVSMessage)' != 'true') was evaluated as ('8.0' > '8.0' and '' != 'true').
       Task "NETSdkError" skipped, due to false condition; ('$(DisplayVSMessage)' == 'true') was evaluated as ('' == 'true').
   2:6>Done building target "_CheckForUnsupportedNETCoreVersion" in project "PokerGame.Core.csproj".
       Target "_CheckForEolTargetFrameworks" skipped, due to false condition; ('@(_EolNetCoreTargetFrameworkVersions->AnyHaveMetadataValue('Identity', '$(_TargetFrameworkVersionWithoutV)'))' and '$(TargetFrameworkIdentifier)' == '.NETCoreApp' and '$(CheckEolTargetFramework)' == 'true') was evaluated as ('false' and '.NETCoreApp' == '.NETCoreApp' and '' == 'true').
       Target "_CheckForEolWorkloads" skipped, due to false condition; ('@(EolWorkload)' != '' and '$(CheckEolWorkloads)' == 'true') was evaluated as ('' != '' and 'true' == 'true').
   2:6>Target "_CheckForUnsupportedCppNETCoreVersion" in file "/nix/store/8y83na7h81fw5kr1msmjc7rvx329djp0-dotnet-sdk-8.0.300/sdk/8.0.300/Sdks/Microsoft.NET.Sdk/targets/Microsoft.NET.TargetFrameworkInference.targets" from project "/home/runner/workspace/PokerGame.Core/PokerGame.Core.csproj" (target "_CheckForInvalidConfigurationAndPlatform" depends on it):
       Task "NETSdkError" skipped, due to false condition; ('$(TargetFrameworkIdentifier)' == '.NETCoreApp' and '$(_TargetFrameworkVersionWithoutV)' < '3.1' and ('$(Language)' == 'C++' and '$(_EnablePackageReferencesInVCProjects)' != 'true')) was evaluated as ('.NETCoreApp' == '.NETCoreApp' and '8.0' < '3.1' and ('C#' == 'C++' and '' != 'true')).
   2:6>Done building target "_CheckForUnsupportedCppNETCoreVersion" in project "PokerGame.Core.csproj".
       Target "_CheckForUnsupportedNETStandardVersion" skipped, due to false condition; ('$(TargetFrameworkIdentifier)' == '.NETStandard' And '$(NETStandardMaximumVersion)' != '') was evaluated as ('.NETCoreApp' == '.NETStandard' And '' != '').
       Target "_CheckForUnsupportedTargetFrameworkAndFeatureCombination" skipped, due to false condition; ('$(TargetFrameworkIdentifier)' == '.NETFramework') was evaluated as ('.NETCoreApp' == '.NETFramework').
       Target "_CheckForSupportedOSPlatformVersionHigherThanTargetPlatformVersion" skipped, due to false condition; ('$(TargetPlatformVersion)' != '' and '$(TargetFrameworkIdentifier)' == '.NETCoreApp' and $([MSBuild]::VersionGreaterThanOrEquals($(TargetFrameworkVersion), 5.0))) was evaluated as ('' != '' and '.NETCoreApp' == '.NETCoreApp' and True).
       Target "_CheckForInvalidTargetPlatformVersion" skipped, due to false condition; ('$(TargetPlatformVersion)' != '' and '$(TargetFrameworkIdentifier)' == '.NETCoreApp' and $([MSBuild]::VersionGreaterThanOrEquals($(TargetFrameworkVersion), 5.0)) and ('$(Language)' != 'C++' or '$(_EnablePackageReferencesInVCProjects)' == 'true')) was evaluated as ('' != '' and '.NETCoreApp' == '.NETCoreApp' and True and ('C#' != 'C++' or '' == 'true')).
   2:6>Target "_CheckForUnsupportedArtifactsPath" in file "/nix/store/8y83na7h81fw5kr1msmjc7rvx329djp0-dotnet-sdk-8.0.300/sdk/8.0.300/Sdks/Microsoft.NET.Sdk/targets/Microsoft.NET.DefaultOutputPaths.targets" from project "/home/runner/workspace/PokerGame.Core/PokerGame.Core.csproj" (target "_CheckForInvalidConfigurationAndPlatform" depends on it):
       Task "NetSdkError" skipped, due to false condition; ('$(UseArtifactsOutput)' == 'true' and '$(_ArtifactsPathSetEarly)' != 'true') was evaluated as ('' == 'true' and '' != 'true').
       Task "NetSdkError" skipped, due to false condition; ('$(_ArtifactsPathLocationType)' == 'ProjectFolder') was evaluated as ('' == 'ProjectFolder').
   2:6>Done building target "_CheckForUnsupportedArtifactsPath" in project "PokerGame.Core.csproj".
       Target "_CheckForMissingWorkload" skipped, due to false condition; ('@(MissingWorkloadPack)' != '' And '$(DesignTimeBuild)' != 'true') was evaluated as ('' != '' And '' != 'true').
       Target "_CheckForUnsupportedAppHostUsage" skipped, due to false condition; ('$(TargetFrameworkIdentifier)' == '.NETCoreApp' and '$(HasRuntimeOutput)' == 'true') was evaluated as ('.NETCoreApp' == '.NETCoreApp' and '' == 'true').
   2:6>Target "_CheckForUnsupportedHostingUsage" in file "/nix/store/8y83na7h81fw5kr1msmjc7rvx329djp0-dotnet-sdk-8.0.300/sdk/8.0.300/Sdks/Microsoft.NET.Sdk/targets/Microsoft.NET.RuntimeIdentifierInference.targets" from project "/home/runner/workspace/PokerGame.Core/PokerGame.Core.csproj" (target "_CheckForInvalidConfigurationAndPlatform" depends on it):
       Task "NETSdkWarning" skipped, due to false condition; ('$(SelfContained)' == 'true' and '$(EnableComHosting)' == 'true') was evaluated as ('' == 'true' and '' == 'true').
   2:6>Done building target "_CheckForUnsupportedHostingUsage" in project "PokerGame.Core.csproj".
   2:6>Target "_CheckAndUnsetUnsupportedPrefer32Bit" in file "/nix/store/8y83na7h81fw5kr1msmjc7rvx329djp0-dotnet-sdk-8.0.300/sdk/8.0.300/Sdks/Microsoft.NET.Sdk/targets/Microsoft.NET.RuntimeIdentifierInference.targets" from project "/home/runner/workspace/PokerGame.Core/PokerGame.Core.csproj" (target "_CheckForInvalidConfigurationAndPlatform" depends on it):
       Task "NETSdkWarning" skipped, due to false condition; ('$(Prefer32Bit)' == 'true') was evaluated as ('false' == 'true').
   2:6>Done building target "_CheckAndUnsetUnsupportedPrefer32Bit" in project "PokerGame.Core.csproj".
       Target "_CheckForMismatchingPlatform" skipped, due to false condition; ('$(RuntimeIdentifier)' != '' and '$(PlatformTarget)' != '') was evaluated as ('' != '' and '' != '').
   2:6>Target "_CheckForLanguageAndFeatureCombinationSupport" in file "/nix/store/8y83na7h81fw5kr1msmjc7rvx329djp0-dotnet-sdk-8.0.300/sdk/8.0.300/Sdks/Microsoft.NET.Sdk/targets/Microsoft.NET.RuntimeIdentifierInference.targets" from project "/home/runner/workspace/PokerGame.Core/PokerGame.Core.csproj" (target "_CheckForInvalidConfigurationAndPlatform" depends on it):
       Task "NETSdkError" skipped, due to false condition; (('$(Language)' == 'C++' and '$(_EnablePackageReferencesInVCProjects)' != 'true') and $(OutputType) != 'library' and '$(TargetFrameworkIdentifier)' == '.NETCoreApp') was evaluated as (('C#' == 'C++' and '' != 'true') and Library != 'library' and '.NETCoreApp' == '.NETCoreApp').
       Task "NETSdkError" skipped, due to false condition; (('$(Language)' == 'C++' and '$(_EnablePackageReferencesInVCProjects)' != 'true') and $(EnableComHosting) == 'true') was evaluated as (('C#' == 'C++' and '' != 'true') and  == 'true').
       Task "NETSdkError" skipped, due to false condition; (('$(Language)' == 'C++' and '$(_EnablePackageReferencesInVCProjects)' != 'true') and $(SelfContained) == 'true') was evaluated as (('C#' == 'C++' and '' != 'true') and  == 'true').
   2:6>Done building target "_CheckForLanguageAndFeatureCombinationSupport" in project "PokerGame.Core.csproj".
       Target "_CheckForNETCoreSdkIsPreview" skipped, due to false condition; ( '$(_NETCoreSdkIsPreview)' == 'true' AND '$(SuppressNETCoreSdkPreviewMessage)' != 'true' ) was evaluated as ( 'false' == 'true' AND '' != 'true' ).
   2:6>Target "_GetProjectJsonPath" in file "/nix/store/8y83na7h81fw5kr1msmjc7rvx329djp0-dotnet-sdk-8.0.300/sdk/8.0.300/NuGet.targets" from project "/home/runner/workspace/PokerGame.Core/PokerGame.Core.csproj" (target "_GetRestoreProjectStyle" depends on it):
       Task "GetRestoreProjectJsonPathTask" skipped, due to false condition; ( '$(RestoreProjectStyle)' == 'ProjectJson' OR '$(RestoreProjectStyle)' == '' ) was evaluated as ( 'PackageReference' == 'ProjectJson' OR 'PackageReference' == '' ).
   2:6>Done building target "_GetProjectJsonPath" in project "PokerGame.Core.csproj".
       Target "_CheckForUnsupportedTargetPlatformIdentifier" skipped, due to false condition; ('$(TargetPlatformIdentifier)' != '' and '$(TargetFrameworkIdentifier)' == '.NETCoreApp' and $([MSBuild]::VersionGreaterThanOrEquals($(TargetFrameworkVersion), 5.0)) And ('$(DesignTimeBuild)' != 'true' Or '@(MissingWorkloadPack)' == '')) was evaluated as ('' != '' and '.NETCoreApp' == '.NETCoreApp' and True And ('' != 'true' Or '' == '')).
       Target "_CheckForMissingWorkload" skipped, due to false condition; ('@(MissingWorkloadPack)' != '' And '$(DesignTimeBuild)' != 'true') was evaluated as ('' != '' And '' != 'true').
       Target "_CheckForUnsupportedNETStandardVersion" skipped, due to false condition; ('$(TargetFrameworkIdentifier)' == '.NETStandard' And '$(NETStandardMaximumVersion)' != '') was evaluated as ('.NETCoreApp' == '.NETStandard' And '' != '').
       Target "_CheckForUnsupportedTargetFrameworkAndFeatureCombination" skipped, due to false condition; ('$(TargetFrameworkIdentifier)' == '.NETFramework') was evaluated as ('.NETCoreApp' == '.NETFramework').
   2:6>Target "UpdateAspNetToFrameworkReference" in file "/nix/store/8y83na7h81fw5kr1msmjc7rvx329djp0-dotnet-sdk-8.0.300/sdk/8.0.300/Sdks/Microsoft.NET.Sdk/targets/Microsoft.NET.Sdk.DefaultItems.Shared.targets" from project "/home/runner/workspace/PokerGame.Core/PokerGame.Core.csproj" (target "ApplyImplicitVersions" depends on it):
       Using "CheckIfPackageReferenceShouldBeFrameworkReference" task from assembly "/nix/store/8y83na7h81fw5kr1msmjc7rvx329djp0-dotnet-sdk-8.0.300/sdk/8.0.300/Sdks/Microsoft.NET.Sdk/targets/../tools/net8.0/Microsoft.NET.Build.Tasks.dll".
       Task "CheckIfPackageReferenceShouldBeFrameworkReference"
       Done executing task "CheckIfPackageReferenceShouldBeFrameworkReference".
       Task "NETSdkError" skipped, due to false condition; ('$(_ShouldRemoveAspNetCoreAll)' == 'true') was evaluated as ('False' == 'true').
       Task "CheckIfPackageReferenceShouldBeFrameworkReference"
       Done executing task "CheckIfPackageReferenceShouldBeFrameworkReference".
       Task "NETSdkWarning" skipped, due to false condition; ('$(_ShouldRemoveAspNetCoreApp)' == 'true') was evaluated as ('False' == 'true').
   2:6>Done building target "UpdateAspNetToFrameworkReference" in project "PokerGame.Core.csproj".
       Target "IncludeTargetingPackReference" skipped, due to false condition; ('$(TargetFrameworkMoniker)' != '' and '$(TargetFrameworkIdentifier)' == '.NETFramework' and '$(AutomaticallyUseReferenceAssemblyPackages)' == 'true') was evaluated as ('.NETCoreApp,Version=v8.0' != '' and '.NETCoreApp' == '.NETFramework' and 'true' == 'true').
   2:6>Target "CheckForImplicitPackageReferenceOverrides" in file "/nix/store/8y83na7h81fw5kr1msmjc7rvx329djp0-dotnet-sdk-8.0.300/sdk/8.0.300/Sdks/Microsoft.NET.Sdk/targets/Microsoft.NET.Sdk.DefaultItems.Shared.targets" from project "/home/runner/workspace/PokerGame.Core/PokerGame.Core.csproj" (target "ApplyImplicitVersions" depends on it):
       Using "CheckForImplicitPackageReferenceOverrides" task from assembly "/nix/store/8y83na7h81fw5kr1msmjc7rvx329djp0-dotnet-sdk-8.0.300/sdk/8.0.300/Sdks/Microsoft.NET.Sdk/targets/../tools/net8.0/Microsoft.NET.Build.Tasks.dll".
       Task "CheckForImplicitPackageReferenceOverrides"
       Done executing task "CheckForImplicitPackageReferenceOverrides".
   2:6>Done building target "CheckForImplicitPackageReferenceOverrides" in project "PokerGame.Core.csproj".
   2:6>Target "ApplyImplicitVersions" in file "/nix/store/8y83na7h81fw5kr1msmjc7rvx329djp0-dotnet-sdk-8.0.300/sdk/8.0.300/Sdks/Microsoft.NET.Sdk/targets/Microsoft.NET.Sdk.DefaultItems.Shared.targets" from project "/home/runner/workspace/PokerGame.Core/PokerGame.Core.csproj" (target "CollectPackageReferences" depends on it):
       Using "ApplyImplicitVersions" task from assembly "/nix/store/8y83na7h81fw5kr1msmjc7rvx329djp0-dotnet-sdk-8.0.300/sdk/8.0.300/Sdks/Microsoft.NET.Sdk/targets/../tools/net8.0/Microsoft.NET.Build.Tasks.dll".
       Task "ApplyImplicitVersions"
       Done executing task "ApplyImplicitVersions".
   2:6>Done building target "ApplyImplicitVersions" in project "PokerGame.Core.csproj".
       Target "CheckForImplicitPackageReferenceOverrides" skipped. Previously built successfully.
       Target "AddWindowsSdkKnownFrameworkReferences" skipped, due to false condition; ('$(TargetFrameworkIdentifier)' == '.NETCoreApp' And '$(TargetPlatformIdentifier)' == 'Windows') was evaluated as ('.NETCoreApp' == '.NETCoreApp' And '' == 'Windows').
       Target "_NormalizeTargetPlatformVersion" skipped, due to false condition; ('$(TargetPlatformVersion)' != '' and '$(TargetFrameworkIdentifier)' == '.NETCoreApp' and $([MSBuild]::VersionGreaterThanOrEquals($(TargetFrameworkVersion), 5.0)) and ('$(Language)' != 'C++' or '$(_EnablePackageReferencesInVCProjects)' == 'true')) was evaluated as ('' != '' and '.NETCoreApp' == '.NETCoreApp' and True and ('C#' != 'C++' or '' == 'true')).
   2:6>Target "_ComputeToolPackInputsToProcessFrameworkReferences" in file "/nix/store/8y83na7h81fw5kr1msmjc7rvx329djp0-dotnet-sdk-8.0.300/sdk/8.0.300/Sdks/Microsoft.NET.Sdk/targets/Microsoft.NET.Publish.targets" from project "/home/runner/workspace/PokerGame.Core/PokerGame.Core.csproj" (target "ProcessFrameworkReferences" depends on it):
   2:6>Done building target "_ComputeToolPackInputsToProcessFrameworkReferences" in project "PokerGame.Core.csproj".
   2:6>Target "ProcessFrameworkReferences" in file "/nix/store/8y83na7h81fw5kr1msmjc7rvx329djp0-dotnet-sdk-8.0.300/sdk/8.0.300/Sdks/Microsoft.NET.Sdk/targets/Microsoft.NET.Sdk.FrameworkReferenceResolution.targets" from project "/home/runner/workspace/PokerGame.Core/PokerGame.Core.csproj" (target "CollectPackageReferences" depends on it):
       Using "CheckForDuplicateFrameworkReferences" task from assembly "/nix/store/8y83na7h81fw5kr1msmjc7rvx329djp0-dotnet-sdk-8.0.300/sdk/8.0.300/Sdks/Microsoft.NET.Sdk/targets/../tools/net8.0/Microsoft.NET.Build.Tasks.dll".
       Task "CheckForDuplicateFrameworkReferences"
       Done executing task "CheckForDuplicateFrameworkReferences".
       Using "ProcessFrameworkReferences" task from assembly "/nix/store/8y83na7h81fw5kr1msmjc7rvx329djp0-dotnet-sdk-8.0.300/sdk/8.0.300/Sdks/Microsoft.NET.Sdk/targets/../tools/net8.0/Microsoft.NET.Build.Tasks.dll".
       Task "ProcessFrameworkReferences"
       Done executing task "ProcessFrameworkReferences".
   4:7>Done building target "ApplyImplicitVersions" in project "MSA.Foundation.csproj".
       Target "CheckForImplicitPackageReferenceOverrides" skipped. Previously built successfully.
       Target "AddWindowsSdkKnownFrameworkReferences" skipped, due to false condition; ('$(TargetFrameworkIdentifier)' == '.NETCoreApp' And '$(TargetPlatformIdentifier)' == 'Windows') was evaluated as ('.NETCoreApp' == '.NETCoreApp' And '' == 'Windows').
       Target "_NormalizeTargetPlatformVersion" skipped, due to false condition; ('$(TargetPlatformVersion)' != '' and '$(TargetFrameworkIdentifier)' == '.NETCoreApp' and $([MSBuild]::VersionGreaterThanOrEquals($(TargetFrameworkVersion), 5.0)) and ('$(Language)' != 'C++' or '$(_EnablePackageReferencesInVCProjects)' == 'true')) was evaluated as ('' != '' and '.NETCoreApp' == '.NETCoreApp' and True and ('C#' != 'C++' or '' == 'true')).
   4:7>Target "_ComputeToolPackInputsToProcessFrameworkReferences" in file "/nix/store/8y83na7h81fw5kr1msmjc7rvx329djp0-dotnet-sdk-8.0.300/sdk/8.0.300/Sdks/Microsoft.NET.Sdk/targets/Microsoft.NET.Publish.targets" from project "/home/runner/workspace/MSA.Foundation/MSA.Foundation.csproj" (target "ProcessFrameworkReferences" depends on it):
   4:7>Done building target "_ComputeToolPackInputsToProcessFrameworkReferences" in project "MSA.Foundation.csproj".
   3:7>Done executing task "AllowEmptyTelemetry".
   4:7>Target "ProcessFrameworkReferences" in file "/nix/store/8y83na7h81fw5kr1msmjc7rvx329djp0-dotnet-sdk-8.0.300/sdk/8.0.300/Sdks/Microsoft.NET.Sdk/targets/Microsoft.NET.Sdk.FrameworkReferenceResolution.targets" from project "/home/runner/workspace/MSA.Foundation/MSA.Foundation.csproj" (target "CollectPackageReferences" depends on it):
   4:7>Using "CheckForDuplicateFrameworkReferences" task from assembly "/nix/store/8y83na7h81fw5kr1msmjc7rvx329djp0-dotnet-sdk-8.0.300/sdk/8.0.300/Sdks/Microsoft.NET.Sdk/targets/../tools/net8.0/Microsoft.NET.Build.Tasks.dll".
       Task "CheckForDuplicateFrameworkReferences"
   3:7>Done building target "_CollectTargetFrameworkForTelemetry" in project "PokerGame.Abstractions.csproj".
       Target "_CheckForUnsupportedTargetPlatformIdentifier" skipped, due to false condition; ('$(TargetPlatformIdentifier)' != '' and '$(TargetFrameworkIdentifier)' == '.NETCoreApp' and $([MSBuild]::VersionGreaterThanOrEquals($(TargetFrameworkVersion), 5.0)) And ('$(DesignTimeBuild)' != 'true' Or '@(MissingWorkloadPack)' == '')) was evaluated as ('' != '' and '.NETCoreApp' == '.NETCoreApp' and True And ('' != 'true' Or '' == '')).
       Target "_CheckForMissingWorkload" skipped, due to false condition; ('@(MissingWorkloadPack)' != '' And '$(DesignTimeBuild)' != 'true') was evaluated as ('' != '' And '' != 'true').
   2:6>ProcessFrameworkReferences:
       Using "ResolveAppHosts" task from assembly "/nix/store/8y83na7h81fw5kr1msmjc7rvx329djp0-dotnet-sdk-8.0.300/sdk/8.0.300/Sdks/Microsoft.NET.Sdk/targets/../tools/net8.0/Microsoft.NET.Build.Tasks.dll".
   3:7>Target "_CheckForUnsupportedNETCoreVersion" in file "/nix/store/8y83na7h81fw5kr1msmjc7rvx329djp0-dotnet-sdk-8.0.300/sdk/8.0.300/Sdks/Microsoft.NET.Sdk/targets/Microsoft.NET.TargetFrameworkInference.targets" from project "/home/runner/workspace/PokerGame.Abstractions/PokerGame.Abstractions.csproj" (target "_CheckForInvalidConfigurationAndPlatform" depends on it):
   3:7>Task "NETSdkError" skipped, due to false condition; ('$(_TargetFrameworkVersionWithoutV)' > '$(NETCoreAppMaximumVersion)' and '$(DisplayVSMessage)' != 'true') was evaluated as ('8.0' > '8.0' and '' != 'true').
       Task "NETSdkError" skipped, due to false condition; ('$(DisplayVSMessage)' == 'true') was evaluated as ('' == 'true').
   3:7>Done building target "_CheckForUnsupportedNETCoreVersion" in project "PokerGame.Abstractions.csproj".
       Target "_CheckForEolTargetFrameworks" skipped, due to false condition; ('@(_EolNetCoreTargetFrameworkVersions->AnyHaveMetadataValue('Identity', '$(_TargetFrameworkVersionWithoutV)'))' and '$(TargetFrameworkIdentifier)' == '.NETCoreApp' and '$(CheckEolTargetFramework)' == 'true') was evaluated as ('false' and '.NETCoreApp' == '.NETCoreApp' and '' == 'true').
   2:6>Task "ResolveAppHosts"
       Done executing task "ResolveAppHosts".
   3:7>Target "_CheckForEolWorkloads" skipped, due to false condition; ('@(EolWorkload)' != '' and '$(CheckEolWorkloads)' == 'true') was evaluated as ('' != '' and 'true' == 'true').
   3:7>Target "_CheckForUnsupportedCppNETCoreVersion" in file "/nix/store/8y83na7h81fw5kr1msmjc7rvx329djp0-dotnet-sdk-8.0.300/sdk/8.0.300/Sdks/Microsoft.NET.Sdk/targets/Microsoft.NET.TargetFrameworkInference.targets" from project "/home/runner/workspace/PokerGame.Abstractions/PokerGame.Abstractions.csproj" (target "_CheckForInvalidConfigurationAndPlatform" depends on it):
       Task "NETSdkError" skipped, due to false condition; ('$(TargetFrameworkIdentifier)' == '.NETCoreApp' and '$(_TargetFrameworkVersionWithoutV)' < '3.1' and ('$(Language)' == 'C++' and '$(_EnablePackageReferencesInVCProjects)' != 'true')) was evaluated as ('.NETCoreApp' == '.NETCoreApp' and '8.0' < '3.1' and ('C#' == 'C++' and '' != 'true')).
   3:7>Done building target "_CheckForUnsupportedCppNETCoreVersion" in project "PokerGame.Abstractions.csproj".
   2:6>Done building target "ProcessFrameworkReferences" in project "PokerGame.Core.csproj".
   3:7>Target "_CheckForUnsupportedNETStandardVersion" skipped, due to false condition; ('$(TargetFrameworkIdentifier)' == '.NETStandard' And '$(NETStandardMaximumVersion)' != '') was evaluated as ('.NETCoreApp' == '.NETStandard' And '' != '').
   4:7>Done executing task "CheckForDuplicateFrameworkReferences".
   3:7>Target "_CheckForUnsupportedTargetFrameworkAndFeatureCombination" skipped, due to false condition; ('$(TargetFrameworkIdentifier)' == '.NETFramework') was evaluated as ('.NETCoreApp' == '.NETFramework').
   2:6>Target "IncludeTargetingPackReference" skipped, due to false condition; ('$(TargetFrameworkMoniker)' != '' and '$(TargetFrameworkIdentifier)' == '.NETFramework' and '$(AutomaticallyUseReferenceAssemblyPackages)' == 'true') was evaluated as ('.NETCoreApp,Version=v8.0' != '' and '.NETCoreApp' == '.NETFramework' and 'true' == 'true').
   4:7>ProcessFrameworkReferences:
       Using "ProcessFrameworkReferences" task from assembly "/nix/store/8y83na7h81fw5kr1msmjc7rvx329djp0-dotnet-sdk-8.0.300/sdk/8.0.300/Sdks/Microsoft.NET.Sdk/targets/../tools/net8.0/Microsoft.NET.Build.Tasks.dll".
   3:7>Target "_CheckForSupportedOSPlatformVersionHigherThanTargetPlatformVersion" skipped, due to false condition; ('$(TargetPlatformVersion)' != '' and '$(TargetFrameworkIdentifier)' == '.NETCoreApp' and $([MSBuild]::VersionGreaterThanOrEquals($(TargetFrameworkVersion), 5.0))) was evaluated as ('' != '' and '.NETCoreApp' == '.NETCoreApp' and True).
   4:7>Task "ProcessFrameworkReferences"
   3:7>Target "_CheckForInvalidTargetPlatformVersion" skipped, due to false condition; ('$(TargetPlatformVersion)' != '' and '$(TargetFrameworkIdentifier)' == '.NETCoreApp' and $([MSBuild]::VersionGreaterThanOrEquals($(TargetFrameworkVersion), 5.0)) and ('$(Language)' != 'C++' or '$(_EnablePackageReferencesInVCProjects)' == 'true')) was evaluated as ('' != '' and '.NETCoreApp' == '.NETCoreApp' and True and ('C#' != 'C++' or '' == 'true')).
   3:7>Target "_CheckForUnsupportedArtifactsPath" in file "/nix/store/8y83na7h81fw5kr1msmjc7rvx329djp0-dotnet-sdk-8.0.300/sdk/8.0.300/Sdks/Microsoft.NET.Sdk/targets/Microsoft.NET.DefaultOutputPaths.targets" from project "/home/runner/workspace/PokerGame.Abstractions/PokerGame.Abstractions.csproj" (target "_CheckForInvalidConfigurationAndPlatform" depends on it):
       Task "NetSdkError" skipped, due to false condition; ('$(UseArtifactsOutput)' == 'true' and '$(_ArtifactsPathSetEarly)' != 'true') was evaluated as ('' == 'true' and '' != 'true').
       Task "NetSdkError" skipped, due to false condition; ('$(_ArtifactsPathLocationType)' == 'ProjectFolder') was evaluated as ('' == 'ProjectFolder').
   3:7>Done building target "_CheckForUnsupportedArtifactsPath" in project "PokerGame.Abstractions.csproj".
       Target "_CheckForMissingWorkload" skipped, due to false condition; ('@(MissingWorkloadPack)' != '' And '$(DesignTimeBuild)' != 'true') was evaluated as ('' != '' And '' != 'true').
       Target "_CheckForUnsupportedAppHostUsage" skipped, due to false condition; ('$(TargetFrameworkIdentifier)' == '.NETCoreApp' and '$(HasRuntimeOutput)' == 'true') was evaluated as ('.NETCoreApp' == '.NETCoreApp' and '' == 'true').
   3:7>Target "_CheckForUnsupportedHostingUsage" in file "/nix/store/8y83na7h81fw5kr1msmjc7rvx329djp0-dotnet-sdk-8.0.300/sdk/8.0.300/Sdks/Microsoft.NET.Sdk/targets/Microsoft.NET.RuntimeIdentifierInference.targets" from project "/home/runner/workspace/PokerGame.Abstractions/PokerGame.Abstractions.csproj" (target "_CheckForInvalidConfigurationAndPlatform" depends on it):
       Task "NETSdkWarning" skipped, due to false condition; ('$(SelfContained)' == 'true' and '$(EnableComHosting)' == 'true') was evaluated as ('' == 'true' and '' == 'true').
   3:7>Done building target "_CheckForUnsupportedHostingUsage" in project "PokerGame.Abstractions.csproj".
   3:7>Target "_CheckAndUnsetUnsupportedPrefer32Bit" in file "/nix/store/8y83na7h81fw5kr1msmjc7rvx329djp0-dotnet-sdk-8.0.300/sdk/8.0.300/Sdks/Microsoft.NET.Sdk/targets/Microsoft.NET.RuntimeIdentifierInference.targets" from project "/home/runner/workspace/PokerGame.Abstractions/PokerGame.Abstractions.csproj" (target "_CheckForInvalidConfigurationAndPlatform" depends on it):
       Task "NETSdkWarning" skipped, due to false condition; ('$(Prefer32Bit)' == 'true') was evaluated as ('false' == 'true').
   3:7>Done building target "_CheckAndUnsetUnsupportedPrefer32Bit" in project "PokerGame.Abstractions.csproj".
       Target "_CheckForMismatchingPlatform" skipped, due to false condition; ('$(RuntimeIdentifier)' != '' and '$(PlatformTarget)' != '') was evaluated as ('' != '' and '' != '').
   3:7>Target "_CheckForLanguageAndFeatureCombinationSupport" in file "/nix/store/8y83na7h81fw5kr1msmjc7rvx329djp0-dotnet-sdk-8.0.300/sdk/8.0.300/Sdks/Microsoft.NET.Sdk/targets/Microsoft.NET.RuntimeIdentifierInference.targets" from project "/home/runner/workspace/PokerGame.Abstractions/PokerGame.Abstractions.csproj" (target "_CheckForInvalidConfigurationAndPlatform" depends on it):
       Task "NETSdkError" skipped, due to false condition; (('$(Language)' == 'C++' and '$(_EnablePackageReferencesInVCProjects)' != 'true') and $(OutputType) != 'library' and '$(TargetFrameworkIdentifier)' == '.NETCoreApp') was evaluated as (('C#' == 'C++' and '' != 'true') and Library != 'library' and '.NETCoreApp' == '.NETCoreApp').
       Task "NETSdkError" skipped, due to false condition; (('$(Language)' == 'C++' and '$(_EnablePackageReferencesInVCProjects)' != 'true') and $(EnableComHosting) == 'true') was evaluated as (('C#' == 'C++' and '' != 'true') and  == 'true').
   4:7>Done executing task "ProcessFrameworkReferences".
       Using "ResolveAppHosts" task from assembly "/nix/store/8y83na7h81fw5kr1msmjc7rvx329djp0-dotnet-sdk-8.0.300/sdk/8.0.300/Sdks/Microsoft.NET.Sdk/targets/../tools/net8.0/Microsoft.NET.Build.Tasks.dll".
       Task "ResolveAppHosts"
   2:6>Target "_AddMicrosoftNetCompilerToolsetFrameworkPackage" in file "/nix/store/8y83na7h81fw5kr1msmjc7rvx329djp0-dotnet-sdk-8.0.300/sdk/8.0.300/Sdks/Microsoft.NET.Sdk/targets/Microsoft.NET.Sdk.targets" from project "/home/runner/workspace/PokerGame.Core/PokerGame.Core.csproj" (target "CollectPackageReferences" depends on it):
   2:6>Task "NETSdkWarning" skipped, due to false condition; ('@(PackageReference->AnyHaveMetadataValue('Identity', 'Microsoft.Net.Compilers.Toolset.Framework'))' == 'true') was evaluated as ('false' == 'true').
   2:6>Done building target "_AddMicrosoftNetCompilerToolsetFrameworkPackage" in project "PokerGame.Core.csproj".
   3:7>_CheckForLanguageAndFeatureCombinationSupport:
       Task "NETSdkError" skipped, due to false condition; (('$(Language)' == 'C++' and '$(_EnablePackageReferencesInVCProjects)' != 'true') and $(SelfContained) == 'true') was evaluated as (('C#' == 'C++' and '' != 'true') and  == 'true').
   3:7>Done building target "_CheckForLanguageAndFeatureCombinationSupport" in project "PokerGame.Abstractions.csproj".
       Target "_CheckForNETCoreSdkIsPreview" skipped, due to false condition; ( '$(_NETCoreSdkIsPreview)' == 'true' AND '$(SuppressNETCoreSdkPreviewMessage)' != 'true' ) was evaluated as ( 'false' == 'true' AND '' != 'true' ).
   3:7>Target "_GetProjectJsonPath" in file "/nix/store/8y83na7h81fw5kr1msmjc7rvx329djp0-dotnet-sdk-8.0.300/sdk/8.0.300/NuGet.targets" from project "/home/runner/workspace/PokerGame.Abstractions/PokerGame.Abstractions.csproj" (target "_GetRestoreProjectStyle" depends on it):
       Task "GetRestoreProjectJsonPathTask" skipped, due to false condition; ( '$(RestoreProjectStyle)' == 'ProjectJson' OR '$(RestoreProjectStyle)' == '' ) was evaluated as ( 'PackageReference' == 'ProjectJson' OR 'PackageReference' == '' ).
   3:7>Done building target "_GetProjectJsonPath" in project "PokerGame.Abstractions.csproj".
       Target "_CheckForUnsupportedTargetPlatformIdentifier" skipped, due to false condition; ('$(TargetPlatformIdentifier)' != '' and '$(TargetFrameworkIdentifier)' == '.NETCoreApp' and $([MSBuild]::VersionGreaterThanOrEquals($(TargetFrameworkVersion), 5.0)) And ('$(DesignTimeBuild)' != 'true' Or '@(MissingWorkloadPack)' == '')) was evaluated as ('' != '' and '.NETCoreApp' == '.NETCoreApp' and True And ('' != 'true' Or '' == '')).
       Target "_CheckForMissingWorkload" skipped, due to false condition; ('@(MissingWorkloadPack)' != '' And '$(DesignTimeBuild)' != 'true') was evaluated as ('' != '' And '' != 'true').
       Target "_CheckForUnsupportedNETStandardVersion" skipped, due to false condition; ('$(TargetFrameworkIdentifier)' == '.NETStandard' And '$(NETStandardMaximumVersion)' != '') was evaluated as ('.NETCoreApp' == '.NETStandard' And '' != '').
       Target "_CheckForUnsupportedTargetFrameworkAndFeatureCombination" skipped, due to false condition; ('$(TargetFrameworkIdentifier)' == '.NETFramework') was evaluated as ('.NETCoreApp' == '.NETFramework').
       Target "ApplyImplicitVersions" skipped, due to false condition; ('@(PackageReference)' != '') was evaluated as ('' != '').
       Target "IncludeTargetingPackReference" skipped, due to false condition; ('$(TargetFrameworkMoniker)' != '' and '$(TargetFrameworkIdentifier)' == '.NETFramework' and '$(AutomaticallyUseReferenceAssemblyPackages)' == 'true') was evaluated as ('.NETCoreApp,Version=v8.0' != '' and '.NETCoreApp' == '.NETFramework' and 'true' == 'true').
   3:7>Target "CheckForImplicitPackageReferenceOverrides" in file "/nix/store/8y83na7h81fw5kr1msmjc7rvx329djp0-dotnet-sdk-8.0.300/sdk/8.0.300/Sdks/Microsoft.NET.Sdk/targets/Microsoft.NET.Sdk.DefaultItems.Shared.targets" from project "/home/runner/workspace/PokerGame.Abstractions/PokerGame.Abstractions.csproj" (target "CollectPackageReferences" depends on it):
       Using "CheckForImplicitPackageReferenceOverrides" task from assembly "/nix/store/8y83na7h81fw5kr1msmjc7rvx329djp0-dotnet-sdk-8.0.300/sdk/8.0.300/Sdks/Microsoft.NET.Sdk/targets/../tools/net8.0/Microsoft.NET.Build.Tasks.dll".
       Task "CheckForImplicitPackageReferenceOverrides"
       Done executing task "CheckForImplicitPackageReferenceOverrides".
   3:7>Done building target "CheckForImplicitPackageReferenceOverrides" in project "PokerGame.Abstractions.csproj".
       Target "AddWindowsSdkKnownFrameworkReferences" skipped, due to false condition; ('$(TargetFrameworkIdentifier)' == '.NETCoreApp' And '$(TargetPlatformIdentifier)' == 'Windows') was evaluated as ('.NETCoreApp' == '.NETCoreApp' And '' == 'Windows').
       Target "_NormalizeTargetPlatformVersion" skipped, due to false condition; ('$(TargetPlatformVersion)' != '' and '$(TargetFrameworkIdentifier)' == '.NETCoreApp' and $([MSBuild]::VersionGreaterThanOrEquals($(TargetFrameworkVersion), 5.0)) and ('$(Language)' != 'C++' or '$(_EnablePackageReferencesInVCProjects)' == 'true')) was evaluated as ('' != '' and '.NETCoreApp' == '.NETCoreApp' and True and ('C#' != 'C++' or '' == 'true')).
       Target "ApplyImplicitVersions" skipped, due to false condition; ('@(PackageReference)' != '') was evaluated as ('' != '').
   3:7>Target "_ComputeToolPackInputsToProcessFrameworkReferences" in file "/nix/store/8y83na7h81fw5kr1msmjc7rvx329djp0-dotnet-sdk-8.0.300/sdk/8.0.300/Sdks/Microsoft.NET.Sdk/targets/Microsoft.NET.Publish.targets" from project "/home/runner/workspace/PokerGame.Abstractions/PokerGame.Abstractions.csproj" (target "ProcessFrameworkReferences" depends on it):
   3:7>Done building target "_ComputeToolPackInputsToProcessFrameworkReferences" in project "PokerGame.Abstractions.csproj".
   3:7>Target "ProcessFrameworkReferences" in file "/nix/store/8y83na7h81fw5kr1msmjc7rvx329djp0-dotnet-sdk-8.0.300/sdk/8.0.300/Sdks/Microsoft.NET.Sdk/targets/Microsoft.NET.Sdk.FrameworkReferenceResolution.targets" from project "/home/runner/workspace/PokerGame.Abstractions/PokerGame.Abstractions.csproj" (target "CollectPackageReferences" depends on it):
       Using "CheckForDuplicateFrameworkReferences" task from assembly "/nix/store/8y83na7h81fw5kr1msmjc7rvx329djp0-dotnet-sdk-8.0.300/sdk/8.0.300/Sdks/Microsoft.NET.Sdk/targets/../tools/net8.0/Microsoft.NET.Build.Tasks.dll".
       Task "CheckForDuplicateFrameworkReferences"
       Done executing task "CheckForDuplicateFrameworkReferences".
       Using "ProcessFrameworkReferences" task from assembly "/nix/store/8y83na7h81fw5kr1msmjc7rvx329djp0-dotnet-sdk-8.0.300/sdk/8.0.300/Sdks/Microsoft.NET.Sdk/targets/../tools/net8.0/Microsoft.NET.Build.Tasks.dll".
       Task "ProcessFrameworkReferences"
       Done executing task "ProcessFrameworkReferences".
   2:6>Target "_CheckForObsoleteDotNetCliToolReferences" in file "/nix/store/8y83na7h81fw5kr1msmjc7rvx329djp0-dotnet-sdk-8.0.300/sdk/8.0.300/Sdks/Microsoft.NET.Sdk/targets/Microsoft.NET.ObsoleteReferences.targets" from project "/home/runner/workspace/PokerGame.Core/PokerGame.Core.csproj" (target "CollectPackageReferences" depends on it):
   2:6>Task "NETSdkWarning" skipped, due to false condition; ( '%(_ReferenceToObsoleteDotNetCliTool.Identity)' != '' ) was evaluated as ( '' != '' ).
   3:7>ProcessFrameworkReferences:
       Using "ResolveAppHosts" task from assembly "/nix/store/8y83na7h81fw5kr1msmjc7rvx329djp0-dotnet-sdk-8.0.300/sdk/8.0.300/Sdks/Microsoft.NET.Sdk/targets/../tools/net8.0/Microsoft.NET.Build.Tasks.dll".
       Task "ResolveAppHosts"
       Done executing task "ResolveAppHosts".
   3:7>Done building target "ProcessFrameworkReferences" in project "PokerGame.Abstractions.csproj".
   2:6>Done building target "_CheckForObsoleteDotNetCliToolReferences" in project "PokerGame.Core.csproj".
   3:7>Target "IncludeTargetingPackReference" skipped, due to false condition; ('$(TargetFrameworkMoniker)' != '' and '$(TargetFrameworkIdentifier)' == '.NETFramework' and '$(AutomaticallyUseReferenceAssemblyPackages)' == 'true') was evaluated as ('.NETCoreApp,Version=v8.0' != '' and '.NETCoreApp' == '.NETFramework' and 'true' == 'true').
   3:7>Target "_AddMicrosoftNetCompilerToolsetFrameworkPackage" in file "/nix/store/8y83na7h81fw5kr1msmjc7rvx329djp0-dotnet-sdk-8.0.300/sdk/8.0.300/Sdks/Microsoft.NET.Sdk/targets/Microsoft.NET.Sdk.targets" from project "/home/runner/workspace/PokerGame.Abstractions/PokerGame.Abstractions.csproj" (target "CollectPackageReferences" depends on it):
       Task "NETSdkWarning" skipped, due to false condition; ('@(PackageReference->AnyHaveMetadataValue('Identity', 'Microsoft.Net.Compilers.Toolset.Framework'))' == 'true') was evaluated as ('false' == 'true').
   3:7>Done building target "_AddMicrosoftNetCompilerToolsetFrameworkPackage" in project "PokerGame.Abstractions.csproj".
   2:6>Target "CollectPackageReferences" in file "/nix/store/8y83na7h81fw5kr1msmjc7rvx329djp0-dotnet-sdk-8.0.300/sdk/8.0.300/NuGet.targets" from project "/home/runner/workspace/PokerGame.Core/PokerGame.Core.csproj" (target "_GetRestoreProjectStyle" depends on it):
   2:6>Using "CheckForDuplicateNuGetItemsTask" task from assembly "/nix/store/8y83na7h81fw5kr1msmjc7rvx329djp0-dotnet-sdk-8.0.300/sdk/8.0.300/NuGet.Build.Tasks.dll".
   3:7>Target "_CheckForObsoleteDotNetCliToolReferences" in file "/nix/store/8y83na7h81fw5kr1msmjc7rvx329djp0-dotnet-sdk-8.0.300/sdk/8.0.300/Sdks/Microsoft.NET.Sdk/targets/Microsoft.NET.ObsoleteReferences.targets" from project "/home/runner/workspace/PokerGame.Abstractions/PokerGame.Abstractions.csproj" (target "CollectPackageReferences" depends on it):
   3:7>Task "NETSdkWarning" skipped, due to false condition; ( '%(_ReferenceToObsoleteDotNetCliTool.Identity)' != '' ) was evaluated as ( '' != '' ).
   3:7>Done building target "_CheckForObsoleteDotNetCliToolReferences" in project "PokerGame.Abstractions.csproj".
   3:7>Target "CollectPackageReferences" in file "/nix/store/8y83na7h81fw5kr1msmjc7rvx329djp0-dotnet-sdk-8.0.300/sdk/8.0.300/NuGet.targets" from project "/home/runner/workspace/PokerGame.Abstractions/PokerGame.Abstractions.csproj" (target "_GetRestoreProjectStyle" depends on it):
       Using "CheckForDuplicateNuGetItemsTask" task from assembly "/nix/store/8y83na7h81fw5kr1msmjc7rvx329djp0-dotnet-sdk-8.0.300/sdk/8.0.300/NuGet.Build.Tasks.dll".
   2:6>Task "CheckForDuplicateNuGetItemsTask"
   3:7>Task "CheckForDuplicateNuGetItemsTask"
   2:6>Done executing task "CheckForDuplicateNuGetItemsTask".
   3:7>Done executing task "CheckForDuplicateNuGetItemsTask".
   3:7>Done building target "CollectPackageReferences" in project "PokerGame.Abstractions.csproj".
   2:6>Done building target "CollectPackageReferences" in project "PokerGame.Core.csproj".
   3:7>Target "_GetRestoreProjectStyle" in file "/nix/store/8y83na7h81fw5kr1msmjc7rvx329djp0-dotnet-sdk-8.0.300/sdk/8.0.300/NuGet.targets" from project "/home/runner/workspace/PokerGame.Abstractions/PokerGame.Abstractions.csproj" (target "EnableIntermediateOutputPathMismatchWarning" depends on it):
   3:7>Using "GetRestoreProjectStyleTask" task from assembly "/nix/store/8y83na7h81fw5kr1msmjc7rvx329djp0-dotnet-sdk-8.0.300/sdk/8.0.300/NuGet.Build.Tasks.dll".
       Task "GetRestoreProjectStyleTask"
       Done executing task "GetRestoreProjectStyleTask".
   3:7>Done building target "_GetRestoreProjectStyle" in project "PokerGame.Abstractions.csproj".
   2:6>Target "_GetRestoreProjectStyle" in file "/nix/store/8y83na7h81fw5kr1msmjc7rvx329djp0-dotnet-sdk-8.0.300/sdk/8.0.300/NuGet.targets" from project "/home/runner/workspace/PokerGame.Core/PokerGame.Core.csproj" (target "EnableIntermediateOutputPathMismatchWarning" depends on it):
   2:6>Using "GetRestoreProjectStyleTask" task from assembly "/nix/store/8y83na7h81fw5kr1msmjc7rvx329djp0-dotnet-sdk-8.0.300/sdk/8.0.300/NuGet.Build.Tasks.dll".
   3:7>Target "EnableIntermediateOutputPathMismatchWarning" in file "/nix/store/8y83na7h81fw5kr1msmjc7rvx329djp0-dotnet-sdk-8.0.300/sdk/8.0.300/NuGet.targets" from project "/home/runner/workspace/PokerGame.Abstractions/PokerGame.Abstractions.csproj" (target "_CheckForInvalidConfigurationAndPlatform" depends on it):
   3:7>Done building target "EnableIntermediateOutputPathMismatchWarning" in project "PokerGame.Abstractions.csproj".
   2:6>Task "GetRestoreProjectStyleTask"
   3:7>Target "ApplyImplicitVersions" skipped, due to false condition; ('@(PackageReference)' != '') was evaluated as ('' != '').
   2:6>Done executing task "GetRestoreProjectStyleTask".
   4:7>Done executing task "ResolveAppHosts".
   3:7>Target "CheckForImplicitPackageReferenceOverrides" skipped. Previously built successfully.
   4:7>Done building target "ProcessFrameworkReferences" in project "MSA.Foundation.csproj".
       Target "IncludeTargetingPackReference" skipped, due to false condition; ('$(TargetFrameworkMoniker)' != '' and '$(TargetFrameworkIdentifier)' == '.NETFramework' and '$(AutomaticallyUseReferenceAssemblyPackages)' == 'true') was evaluated as ('.NETCoreApp,Version=v8.0' != '' and '.NETCoreApp' == '.NETFramework' and 'true' == 'true').
   2:6>Done building target "_GetRestoreProjectStyle" in project "PokerGame.Core.csproj".
   4:7>Target "_AddMicrosoftNetCompilerToolsetFrameworkPackage" in file "/nix/store/8y83na7h81fw5kr1msmjc7rvx329djp0-dotnet-sdk-8.0.300/sdk/8.0.300/Sdks/Microsoft.NET.Sdk/targets/Microsoft.NET.Sdk.targets" from project "/home/runner/workspace/MSA.Foundation/MSA.Foundation.csproj" (target "CollectPackageReferences" depends on it):
   4:7>Task "NETSdkWarning" skipped, due to false condition; ('@(PackageReference->AnyHaveMetadataValue('Identity', 'Microsoft.Net.Compilers.Toolset.Framework'))' == 'true') was evaluated as ('false' == 'true').
   4:7>Done building target "_AddMicrosoftNetCompilerToolsetFrameworkPackage" in project "MSA.Foundation.csproj".
   4:7>Target "_CheckForObsoleteDotNetCliToolReferences" in file "/nix/store/8y83na7h81fw5kr1msmjc7rvx329djp0-dotnet-sdk-8.0.300/sdk/8.0.300/Sdks/Microsoft.NET.Sdk/targets/Microsoft.NET.ObsoleteReferences.targets" from project "/home/runner/workspace/MSA.Foundation/MSA.Foundation.csproj" (target "CollectPackageReferences" depends on it):
       Task "NETSdkWarning" skipped, due to false condition; ( '%(_ReferenceToObsoleteDotNetCliTool.Identity)' != '' ) was evaluated as ( '' != '' ).
   4:7>Done building target "_CheckForObsoleteDotNetCliToolReferences" in project "MSA.Foundation.csproj".
   3:7>Target "CheckForDuplicateItems" in file "/nix/store/8y83na7h81fw5kr1msmjc7rvx329djp0-dotnet-sdk-8.0.300/sdk/8.0.300/Sdks/Microsoft.NET.Sdk/targets/Microsoft.NET.Sdk.DefaultItems.Shared.targets" from project "/home/runner/workspace/PokerGame.Abstractions/PokerGame.Abstractions.csproj" (target "_CheckForInvalidConfigurationAndPlatform" depends on it):
   3:7>Using "CheckForDuplicateItems" task from assembly "/nix/store/8y83na7h81fw5kr1msmjc7rvx329djp0-dotnet-sdk-8.0.300/sdk/8.0.300/Sdks/Microsoft.NET.Sdk/targets/../tools/net8.0/Microsoft.NET.Build.Tasks.dll".
       Task "CheckForDuplicateItems"
   2:6>Target "EnableIntermediateOutputPathMismatchWarning" in file "/nix/store/8y83na7h81fw5kr1msmjc7rvx329djp0-dotnet-sdk-8.0.300/sdk/8.0.300/NuGet.targets" from project "/home/runner/workspace/PokerGame.Core/PokerGame.Core.csproj" (target "_CheckForInvalidConfigurationAndPlatform" depends on it):
   2:6>Done building target "EnableIntermediateOutputPathMismatchWarning" in project "PokerGame.Core.csproj".
   3:7>Done executing task "CheckForDuplicateItems".
   2:6>Target "ApplyImplicitVersions" skipped. Previously built successfully.
   3:7>Task "CheckForDuplicateItems"
   2:6>Target "CheckForImplicitPackageReferenceOverrides" skipped. Previously built successfully.
   3:7>Done executing task "CheckForDuplicateItems".
       Task "CheckForDuplicateItems"
       Done executing task "CheckForDuplicateItems".
   2:6>Target "CheckForDuplicateItems" in file "/nix/store/8y83na7h81fw5kr1msmjc7rvx329djp0-dotnet-sdk-8.0.300/sdk/8.0.300/Sdks/Microsoft.NET.Sdk/targets/Microsoft.NET.Sdk.DefaultItems.Shared.targets" from project "/home/runner/workspace/PokerGame.Core/PokerGame.Core.csproj" (target "_CheckForInvalidConfigurationAndPlatform" depends on it):
   2:6>Using "CheckForDuplicateItems" task from assembly "/nix/store/8y83na7h81fw5kr1msmjc7rvx329djp0-dotnet-sdk-8.0.300/sdk/8.0.300/Sdks/Microsoft.NET.Sdk/targets/../tools/net8.0/Microsoft.NET.Build.Tasks.dll".
   3:7>Done building target "CheckForDuplicateItems" in project "PokerGame.Abstractions.csproj".
   2:6>Task "CheckForDuplicateItems"
   3:7>Target "WarnForExplicitVersions" skipped, due to false condition; ('@(SdkBuildWarning)' != '') was evaluated as ('' != '').
   2:6>Done executing task "CheckForDuplicateItems".
   3:7>Target "_CheckForFailedSDKResolution" skipped, due to false condition; ('$(SdkResolverHonoredGlobalJson)' == 'false') was evaluated as ('' == 'false').
   2:6>Task "CheckForDuplicateItems"
   3:7>Target "_WarnWhenUsingNET8AndVSPriorTo178" skipped, due to false condition; ($([MSBuild]::VersionLessThan($(MSBuildVersion), '17.8.0')) and '$(TargetFrameworkIdentifier)' == '.NETCoreApp' and $([MSBuild]::VersionGreaterThanOrEquals($(_TargetFrameworkVersionWithoutV), '8.0'))) was evaluated as (False and '.NETCoreApp' == '.NETCoreApp' and True).
   2:6>Done executing task "CheckForDuplicateItems".
   3:7>Target "_CheckForInvalidWindowsDesktopTargetingConfiguration" skipped, due to false condition; ('$(TargetFrameworkIdentifier)' == '.NETCoreApp' and $([MSBuild]::VersionGreaterThanOrEquals($(_TargetFrameworkVersionWithoutV), '5.0')) and ('$(UseWindowsForms)' == 'true' or '$(UseWPF)' == 'true')) was evaluated as ('.NETCoreApp' == '.NETCoreApp' and True and ('' == 'true' or '' == 'true')).
   2:6>Task "CheckForDuplicateItems"
   4:7>Target "CollectPackageReferences" in file "/nix/store/8y83na7h81fw5kr1msmjc7rvx329djp0-dotnet-sdk-8.0.300/sdk/8.0.300/NuGet.targets" from project "/home/runner/workspace/MSA.Foundation/MSA.Foundation.csproj" (target "_GetRestoreProjectStyle" depends on it):
   4:7>Using "CheckForDuplicateNuGetItemsTask" task from assembly "/nix/store/8y83na7h81fw5kr1msmjc7rvx329djp0-dotnet-sdk-8.0.300/sdk/8.0.300/NuGet.Build.Tasks.dll".
       Task "CheckForDuplicateNuGetItemsTask"
   3:7>Target "_CheckForUnnecessaryWindowsDesktopSDK" skipped, due to false condition; ('$(TargetFrameworkIdentifier)' == '.NETCoreApp' and $([MSBuild]::VersionGreaterThanOrEquals($(_TargetFrameworkVersionWithoutV), '5.0')) and '$(_MicrosoftWindowsDesktopSdkImported)' == 'true' and '$(TargetFrameworks)' == '') was evaluated as ('.NETCoreApp' == '.NETCoreApp' and True and '' == 'true' and '' == '').
   2:6>Done executing task "CheckForDuplicateItems".
   3:7>Target "ProcessFrameworkReferences" skipped. Previously built successfully.
   2:6>Done building target "CheckForDuplicateItems" in project "PokerGame.Core.csproj".
   3:7>Target "IncludeTargetingPackReference" skipped, due to false condition; ('$(TargetFrameworkMoniker)' != '' and '$(TargetFrameworkIdentifier)' == '.NETFramework' and '$(AutomaticallyUseReferenceAssemblyPackages)' == 'true') was evaluated as ('.NETCoreApp,Version=v8.0' != '' and '.NETCoreApp' == '.NETFramework' and 'true' == 'true').
   2:6>Target "WarnForExplicitVersions" skipped, due to false condition; ('@(SdkBuildWarning)' != '') was evaluated as ('' != '').
       Target "_CheckForFailedSDKResolution" skipped, due to false condition; ('$(SdkResolverHonoredGlobalJson)' == 'false') was evaluated as ('' == 'false').
   3:7>Target "_CheckForInvalidConfigurationAndPlatform" in file "/nix/store/8y83na7h81fw5kr1msmjc7rvx329djp0-dotnet-sdk-8.0.300/sdk/8.0.300/Microsoft.Common.CurrentVersion.targets" from project "/home/runner/workspace/PokerGame.Abstractions/PokerGame.Abstractions.csproj" (target "BeforeBuild" depends on it):
   3:7>Task "Error" skipped, due to false condition; ( '$(_InvalidConfigurationError)' == 'true' ) was evaluated as ( '' == 'true' ).
   2:6>Target "_WarnWhenUsingNET8AndVSPriorTo178" skipped, due to false condition; ($([MSBuild]::VersionLessThan($(MSBuildVersion), '17.8.0')) and '$(TargetFrameworkIdentifier)' == '.NETCoreApp' and $([MSBuild]::VersionGreaterThanOrEquals($(_TargetFrameworkVersionWithoutV), '8.0'))) was evaluated as (False and '.NETCoreApp' == '.NETCoreApp' and True).
   3:7>_CheckForInvalidConfigurationAndPlatform:
       Task "Warning" skipped, due to false condition; ( '$(_InvalidConfigurationWarning)' == 'true' ) was evaluated as ( '' == 'true' ).
       Task "Message"
   2:6>Target "_CheckForInvalidWindowsDesktopTargetingConfiguration" skipped, due to false condition; ('$(TargetFrameworkIdentifier)' == '.NETCoreApp' and $([MSBuild]::VersionGreaterThanOrEquals($(_TargetFrameworkVersionWithoutV), '5.0')) and ('$(UseWindowsForms)' == 'true' or '$(UseWPF)' == 'true')) was evaluated as ('.NETCoreApp' == '.NETCoreApp' and True and ('' == 'true' or '' == 'true')).
   3:7>_CheckForInvalidConfigurationAndPlatform:
         Configuration=Debug
   2:6>Target "_CheckForUnnecessaryWindowsDesktopSDK" skipped, due to false condition; ('$(TargetFrameworkIdentifier)' == '.NETCoreApp' and $([MSBuild]::VersionGreaterThanOrEquals($(_TargetFrameworkVersionWithoutV), '5.0')) and '$(_MicrosoftWindowsDesktopSdkImported)' == 'true' and '$(TargetFrameworks)' == '') was evaluated as ('.NETCoreApp' == '.NETCoreApp' and True and '' == 'true' and '' == '').
   3:7>Done executing task "Message".
   2:6>Target "ProcessFrameworkReferences" skipped. Previously built successfully.
   3:7>Task "Message"
   2:6>Target "IncludeTargetingPackReference" skipped, due to false condition; ('$(TargetFrameworkMoniker)' != '' and '$(TargetFrameworkIdentifier)' == '.NETFramework' and '$(AutomaticallyUseReferenceAssemblyPackages)' == 'true') was evaluated as ('.NETCoreApp,Version=v8.0' != '' and '.NETCoreApp' == '.NETFramework' and 'true' == 'true').
   3:7>_CheckForInvalidConfigurationAndPlatform:
         Platform=AnyCPU
       Done executing task "Message".
   2:6>Target "_CheckForInvalidConfigurationAndPlatform" in file "/nix/store/8y83na7h81fw5kr1msmjc7rvx329djp0-dotnet-sdk-8.0.300/sdk/8.0.300/Microsoft.Common.CurrentVersion.targets" from project "/home/runner/workspace/PokerGame.Core/PokerGame.Core.csproj" (target "BeforeBuild" depends on it):
   2:6>Task "Error" skipped, due to false condition; ( '$(_InvalidConfigurationError)' == 'true' ) was evaluated as ( '' == 'true' ).
   3:7>_CheckForInvalidConfigurationAndPlatform:
       Task "Error" skipped, due to false condition; ('$(OutDir)' != '' and !HasTrailingSlash('$(OutDir)')) was evaluated as ('bin/Debug/net8.0/' != '' and !HasTrailingSlash('bin/Debug/net8.0/')).
   2:6>_CheckForInvalidConfigurationAndPlatform:
       Task "Warning" skipped, due to false condition; ( '$(_InvalidConfigurationWarning)' == 'true' ) was evaluated as ( '' == 'true' ).
   3:7>_CheckForInvalidConfigurationAndPlatform:
       Task "Error" skipped, due to false condition; ('$(IntermediateOutputPath)' != '' and !HasTrailingSlash('$(IntermediateOutputPath)')) was evaluated as ('obj/Debug/net8.0/' != '' and !HasTrailingSlash('obj/Debug/net8.0/')).
   2:6>Task "Message"
   3:7>_CheckForInvalidConfigurationAndPlatform:
       Task "Error" skipped, due to false condition; ('$(BaseIntermediateOutputPath)' != '' and !HasTrailingSlash('$(BaseIntermediateOutputPath)')) was evaluated as ('obj/' != '' and !HasTrailingSlash('obj/')).
   2:6>_CheckForInvalidConfigurationAndPlatform:
         Configuration=Debug
   3:7>_CheckForInvalidConfigurationAndPlatform:
       Task "Error" skipped, due to false condition; ( '$(_InitialMSBuildProjectExtensionsPath)' != '' And '$(MSBuildProjectExtensionsPath)' != '$(_InitialMSBuildProjectExtensionsPath)' ) was evaluated as ( '/home/runner/workspace/PokerGame.Abstractions/obj/' != '' And '/home/runner/workspace/PokerGame.Abstractions/obj/' != '/home/runner/workspace/PokerGame.Abstractions/obj/' ).
   2:6>Done executing task "Message".
   3:7>_CheckForInvalidConfigurationAndPlatform:
       Task "Warning" skipped, due to false condition; ( '$(EnableBaseIntermediateOutputPathMismatchWarning)' == 'true' And '$(_InitialBaseIntermediateOutputPath)' != '$(BaseIntermediateOutputPath)' And '$(BaseIntermediateOutputPath)' != '$(MSBuildProjectExtensionsPath)' ) was evaluated as ( 'true' == 'true' And 'obj/' != 'obj/' And 'obj/' != '/home/runner/workspace/PokerGame.Abstractions/obj/' ).
   2:6>Task "Message"
   3:7>Done building target "_CheckForInvalidConfigurationAndPlatform" in project "PokerGame.Abstractions.csproj".
   2:6>_CheckForInvalidConfigurationAndPlatform:
         Platform=AnyCPU
       Done executing task "Message".
   3:7>Target "ValidateCommandLineProperties" in file "/nix/store/8y83na7h81fw5kr1msmjc7rvx329djp0-dotnet-sdk-8.0.300/sdk/8.0.300/Sdks/Microsoft.NET.Sdk/targets/Microsoft.NET.Sdk.targets" from project "/home/runner/workspace/PokerGame.Abstractions/PokerGame.Abstractions.csproj" (target "BeforeBuild" depends on it):
   3:7>Done building target "ValidateCommandLineProperties" in project "PokerGame.Abstractions.csproj".
   2:6>_CheckForInvalidConfigurationAndPlatform:
       Task "Error" skipped, due to false condition; ('$(OutDir)' != '' and !HasTrailingSlash('$(OutDir)')) was evaluated as ('bin/Debug/net8.0/' != '' and !HasTrailingSlash('bin/Debug/net8.0/')).
       Task "Error" skipped, due to false condition; ('$(IntermediateOutputPath)' != '' and !HasTrailingSlash('$(IntermediateOutputPath)')) was evaluated as ('obj/Debug/net8.0/' != '' and !HasTrailingSlash('obj/Debug/net8.0/')).
   3:7>Target "BeforeBuild" in file "/nix/store/8y83na7h81fw5kr1msmjc7rvx329djp0-dotnet-sdk-8.0.300/sdk/8.0.300/Microsoft.Common.CurrentVersion.targets" from project "/home/runner/workspace/PokerGame.Abstractions/PokerGame.Abstractions.csproj" (target "Build" depends on it):
   3:7>Done building target "BeforeBuild" in project "PokerGame.Abstractions.csproj".
   2:6>_CheckForInvalidConfigurationAndPlatform:
       Task "Error" skipped, due to false condition; ('$(BaseIntermediateOutputPath)' != '' and !HasTrailingSlash('$(BaseIntermediateOutputPath)')) was evaluated as ('obj/' != '' and !HasTrailingSlash('obj/')).
   3:7>Target "_CheckForBuildWithNoBuild" skipped, due to false condition; ('$(NoBuild)' == 'true' and '$(GeneratePackageOnBuild)' != 'true') was evaluated as ('' == 'true' and 'false' != 'true').
   2:6>_CheckForInvalidConfigurationAndPlatform:
       Task "Error" skipped, due to false condition; ( '$(_InitialMSBuildProjectExtensionsPath)' != '' And '$(MSBuildProjectExtensionsPath)' != '$(_InitialMSBuildProjectExtensionsPath)' ) was evaluated as ( '/home/runner/workspace/PokerGame.Core/obj/' != '' And '/home/runner/workspace/PokerGame.Core/obj/' != '/home/runner/workspace/PokerGame.Core/obj/' ).
   3:7>Target "BuildOnlySettings" in file "/nix/store/8y83na7h81fw5kr1msmjc7rvx329djp0-dotnet-sdk-8.0.300/sdk/8.0.300/Microsoft.Common.CurrentVersion.targets" from project "/home/runner/workspace/PokerGame.Abstractions/PokerGame.Abstractions.csproj" (target "CoreBuild" depends on it):
   3:7>Done building target "BuildOnlySettings" in project "PokerGame.Abstractions.csproj".
   2:6>_CheckForInvalidConfigurationAndPlatform:
       Task "Warning" skipped, due to false condition; ( '$(EnableBaseIntermediateOutputPathMismatchWarning)' == 'true' And '$(_InitialBaseIntermediateOutputPath)' != '$(BaseIntermediateOutputPath)' And '$(BaseIntermediateOutputPath)' != '$(MSBuildProjectExtensionsPath)' ) was evaluated as ( 'true' == 'true' And 'obj/' != 'obj/' And 'obj/' != '/home/runner/workspace/PokerGame.Core/obj/' ).
   4:7>Done executing task "CheckForDuplicateNuGetItemsTask".
   2:6>Done building target "_CheckForInvalidConfigurationAndPlatform" in project "PokerGame.Core.csproj".
   3:7>Target "_CheckForUnsupportedTargetFramework" skipped, due to false condition; ('$(_UnsupportedTargetFrameworkError)' == 'true') was evaluated as ('' == 'true').
       Target "_CheckForUnsupportedTargetPlatformIdentifier" skipped, due to false condition; ('$(TargetPlatformIdentifier)' != '' and '$(TargetFrameworkIdentifier)' == '.NETCoreApp' and $([MSBuild]::VersionGreaterThanOrEquals($(TargetFrameworkVersion), 5.0)) And ('$(DesignTimeBuild)' != 'true' Or '@(MissingWorkloadPack)' == '')) was evaluated as ('' != '' and '.NETCoreApp' == '.NETCoreApp' and True And ('' != 'true' Or '' == '')).
   2:6>Target "ValidateCommandLineProperties" in file "/nix/store/8y83na7h81fw5kr1msmjc7rvx329djp0-dotnet-sdk-8.0.300/sdk/8.0.300/Sdks/Microsoft.NET.Sdk/targets/Microsoft.NET.Sdk.targets" from project "/home/runner/workspace/PokerGame.Core/PokerGame.Core.csproj" (target "BeforeBuild" depends on it):
   2:6>Done building target "ValidateCommandLineProperties" in project "PokerGame.Core.csproj".
   3:7>Target "_CheckForMissingWorkload" skipped, due to false condition; ('@(MissingWorkloadPack)' != '' And '$(DesignTimeBuild)' != 'true') was evaluated as ('' != '' And '' != 'true').
   4:7>Done building target "CollectPackageReferences" in project "MSA.Foundation.csproj".
   2:6>Target "BeforeBuild" in file "/nix/store/8y83na7h81fw5kr1msmjc7rvx329djp0-dotnet-sdk-8.0.300/sdk/8.0.300/Microsoft.Common.CurrentVersion.targets" from project "/home/runner/workspace/PokerGame.Core/PokerGame.Core.csproj" (target "Build" depends on it):
   2:6>Done building target "BeforeBuild" in project "PokerGame.Core.csproj".
   3:7>Target "GetFrameworkPaths" in file "/nix/store/8y83na7h81fw5kr1msmjc7rvx329djp0-dotnet-sdk-8.0.300/sdk/8.0.300/Sdks/Microsoft.NET.Sdk/targets/Microsoft.NET.DisableStandardFrameworkResolution.targets" from project "/home/runner/workspace/PokerGame.Abstractions/PokerGame.Abstractions.csproj" (target "PrepareForBuild" depends on it):
   3:7>Done building target "GetFrameworkPaths" in project "PokerGame.Abstractions.csproj".
   2:6>Target "_CheckForBuildWithNoBuild" skipped, due to false condition; ('$(NoBuild)' == 'true' and '$(GeneratePackageOnBuild)' != 'true') was evaluated as ('' == 'true' and 'false' != 'true').
   3:7>Target "_CheckForUnsupportedTargetFramework" skipped, due to false condition; ('$(_UnsupportedTargetFrameworkError)' == 'true') was evaluated as ('' == 'true').
       Target "_CheckForUnsupportedTargetPlatformIdentifier" skipped, due to false condition; ('$(TargetPlatformIdentifier)' != '' and '$(TargetFrameworkIdentifier)' == '.NETCoreApp' and $([MSBuild]::VersionGreaterThanOrEquals($(TargetFrameworkVersion), 5.0)) And ('$(DesignTimeBuild)' != 'true' Or '@(MissingWorkloadPack)' == '')) was evaluated as ('' != '' and '.NETCoreApp' == '.NETCoreApp' and True And ('' != 'true' Or '' == '')).
   2:6>Target "BuildOnlySettings" in file "/nix/store/8y83na7h81fw5kr1msmjc7rvx329djp0-dotnet-sdk-8.0.300/sdk/8.0.300/Microsoft.Common.CurrentVersion.targets" from project "/home/runner/workspace/PokerGame.Core/PokerGame.Core.csproj" (target "CoreBuild" depends on it):
   2:6>Done building target "BuildOnlySettings" in project "PokerGame.Core.csproj".
   3:7>Target "_CheckForMissingWorkload" skipped, due to false condition; ('@(MissingWorkloadPack)' != '' And '$(DesignTimeBuild)' != 'true') was evaluated as ('' != '' And '' != 'true').
   2:6>Target "_CheckForUnsupportedTargetFramework" skipped, due to false condition; ('$(_UnsupportedTargetFrameworkError)' == 'true') was evaluated as ('' == 'true').
       Target "_CheckForUnsupportedTargetPlatformIdentifier" skipped, due to false condition; ('$(TargetPlatformIdentifier)' != '' and '$(TargetFrameworkIdentifier)' == '.NETCoreApp' and $([MSBuild]::VersionGreaterThanOrEquals($(TargetFrameworkVersion), 5.0)) And ('$(DesignTimeBuild)' != 'true' Or '@(MissingWorkloadPack)' == '')) was evaluated as ('' != '' and '.NETCoreApp' == '.NETCoreApp' and True And ('' != 'true' Or '' == '')).
   3:7>Target "GetReferenceAssemblyPaths" in file "/nix/store/8y83na7h81fw5kr1msmjc7rvx329djp0-dotnet-sdk-8.0.300/sdk/8.0.300/Sdks/Microsoft.NET.Sdk/targets/Microsoft.NET.DisableStandardFrameworkResolution.targets" from project "/home/runner/workspace/PokerGame.Abstractions/PokerGame.Abstractions.csproj" (target "PrepareForBuild" depends on it):
   3:7>Done building target "GetReferenceAssemblyPaths" in project "PokerGame.Abstractions.csproj".
   2:6>Target "_CheckForMissingWorkload" skipped, due to false condition; ('@(MissingWorkloadPack)' != '' And '$(DesignTimeBuild)' != 'true') was evaluated as ('' != '' And '' != 'true').
   3:7>Target "AssignLinkMetadata" skipped, due to false condition; ( '$(SynthesizeLinkMetadata)' == 'true' ) was evaluated as ( '' == 'true' ).
       Target "_VerifyPackReleaseConfigurations" skipped, due to false condition; ('$(_IsPacking)' == 'true' and '$(DOTNET_CLI_DISABLE_PUBLISH_AND_PACK_RELEASE)' != 'true' and '$(DOTNET_CLI_LAZY_PUBLISH_AND_PACK_RELEASE_FOR_SOLUTIONS)' == 'true') was evaluated as ('' == 'true' and '' != 'true' and '' == 'true').
   2:6>Target "GetFrameworkPaths" in file "/nix/store/8y83na7h81fw5kr1msmjc7rvx329djp0-dotnet-sdk-8.0.300/sdk/8.0.300/Sdks/Microsoft.NET.Sdk/targets/Microsoft.NET.DisableStandardFrameworkResolution.targets" from project "/home/runner/workspace/PokerGame.Core/PokerGame.Core.csproj" (target "PrepareForBuild" depends on it):
   2:6>Done building target "GetFrameworkPaths" in project "PokerGame.Core.csproj".
   3:7>Target "PrepareForBuild" in file "/nix/store/8y83na7h81fw5kr1msmjc7rvx329djp0-dotnet-sdk-8.0.300/sdk/8.0.300/Microsoft.Common.CurrentVersion.targets" from project "/home/runner/workspace/PokerGame.Abstractions/PokerGame.Abstractions.csproj" (target "CoreBuild" depends on it):
   3:7>Task "FindAppConfigFile"
   2:6>Target "_CheckForUnsupportedTargetFramework" skipped, due to false condition; ('$(_UnsupportedTargetFrameworkError)' == 'true') was evaluated as ('' == 'true').
       Target "_CheckForUnsupportedTargetPlatformIdentifier" skipped, due to false condition; ('$(TargetPlatformIdentifier)' != '' and '$(TargetFrameworkIdentifier)' == '.NETCoreApp' and $([MSBuild]::VersionGreaterThanOrEquals($(TargetFrameworkVersion), 5.0)) And ('$(DesignTimeBuild)' != 'true' Or '@(MissingWorkloadPack)' == '')) was evaluated as ('' != '' and '.NETCoreApp' == '.NETCoreApp' and True And ('' != 'true' Or '' == '')).
   3:7>Done executing task "FindAppConfigFile".
   2:6>Target "_CheckForMissingWorkload" skipped, due to false condition; ('@(MissingWorkloadPack)' != '' And '$(DesignTimeBuild)' != 'true') was evaluated as ('' != '' And '' != 'true').
   3:7>Task "MakeDir"
       Done executing task "MakeDir".
   3:7>Done building target "PrepareForBuild" in project "PokerGame.Abstractions.csproj".
   2:6>Target "GetReferenceAssemblyPaths" in file "/nix/store/8y83na7h81fw5kr1msmjc7rvx329djp0-dotnet-sdk-8.0.300/sdk/8.0.300/Sdks/Microsoft.NET.Sdk/targets/Microsoft.NET.DisableStandardFrameworkResolution.targets" from project "/home/runner/workspace/PokerGame.Core/PokerGame.Core.csproj" (target "PrepareForBuild" depends on it):
   2:6>Done building target "GetReferenceAssemblyPaths" in project "PokerGame.Core.csproj".
   4:7>Target "_GetRestoreProjectStyle" in file "/nix/store/8y83na7h81fw5kr1msmjc7rvx329djp0-dotnet-sdk-8.0.300/sdk/8.0.300/NuGet.targets" from project "/home/runner/workspace/MSA.Foundation/MSA.Foundation.csproj" (target "EnableIntermediateOutputPathMismatchWarning" depends on it):
   4:7>Using "GetRestoreProjectStyleTask" task from assembly "/nix/store/8y83na7h81fw5kr1msmjc7rvx329djp0-dotnet-sdk-8.0.300/sdk/8.0.300/NuGet.Build.Tasks.dll".
       Task "GetRestoreProjectStyleTask"
   2:6>Target "AssignLinkMetadata" skipped, due to false condition; ( '$(SynthesizeLinkMetadata)' == 'true' ) was evaluated as ( '' == 'true' ).
   3:7>Target "GenerateGlobalUsings" in file "/nix/store/8y83na7h81fw5kr1msmjc7rvx329djp0-dotnet-sdk-8.0.300/sdk/8.0.300/Sdks/Microsoft.NET.Sdk/targets/Microsoft.NET.GenerateGlobalUsings.targets" from project "/home/runner/workspace/PokerGame.Abstractions/PokerGame.Abstractions.csproj" (target "CoreBuild" depends on it):
   3:7>Using "GenerateGlobalUsings" task from assembly "/nix/store/8y83na7h81fw5kr1msmjc7rvx329djp0-dotnet-sdk-8.0.300/sdk/8.0.300/Sdks/Microsoft.NET.Sdk/targets/../tools/net8.0/Microsoft.NET.Build.Tasks.dll".
   2:6>Target "_VerifyPackReleaseConfigurations" skipped, due to false condition; ('$(_IsPacking)' == 'true' and '$(DOTNET_CLI_DISABLE_PUBLISH_AND_PACK_RELEASE)' != 'true' and '$(DOTNET_CLI_LAZY_PUBLISH_AND_PACK_RELEASE_FOR_SOLUTIONS)' == 'true') was evaluated as ('' == 'true' and '' != 'true' and '' == 'true').
   3:7>Task "GenerateGlobalUsings"
       Done executing task "GenerateGlobalUsings".
   2:6>Target "PrepareForBuild" in file "/nix/store/8y83na7h81fw5kr1msmjc7rvx329djp0-dotnet-sdk-8.0.300/sdk/8.0.300/Microsoft.Common.CurrentVersion.targets" from project "/home/runner/workspace/PokerGame.Core/PokerGame.Core.csproj" (target "CoreBuild" depends on it):
   2:6>Using "FindAppConfigFile" task from assembly "Microsoft.Build.Tasks.Core, Version=15.1.0.0, Culture=neutral, PublicKeyToken=b03f5f7f11d50a3a".
   3:7>Task "WriteLinesToFile"
   2:6>Task "FindAppConfigFile"
   3:7>GenerateGlobalUsings:
         Skipping write to file "obj/Debug/net8.0/PokerGame.Abstractions.GlobalUsings.g.cs" because content would not change.
   2:6>Done executing task "FindAppConfigFile".
   3:7>Done executing task "WriteLinesToFile".
   2:6>PrepareForBuild:
       Using "MakeDir" task from assembly "Microsoft.Build.Tasks.Core, Version=15.1.0.0, Culture=neutral, PublicKeyToken=b03f5f7f11d50a3a".
   3:7>Done building target "GenerateGlobalUsings" in project "PokerGame.Abstractions.csproj".
   2:6>Task "MakeDir"
   3:7>Target "PreBuildEvent" skipped, due to false condition; ('$(PreBuildEvent)'!='') was evaluated as (''!='').
   2:6>Done executing task "MakeDir".
   2:6>Done building target "PrepareForBuild" in project "PokerGame.Core.csproj".
   3:7>Target "BeforeResolveReferences" in file "/nix/store/8y83na7h81fw5kr1msmjc7rvx329djp0-dotnet-sdk-8.0.300/sdk/8.0.300/Microsoft.Common.CurrentVersion.targets" from project "/home/runner/workspace/PokerGame.Abstractions/PokerGame.Abstractions.csproj" (target "ResolveReferences" depends on it):
   3:7>Done building target "BeforeResolveReferences" in project "PokerGame.Abstractions.csproj".
   3:7>Target "IgnoreJavaScriptOutputAssembly" in file "/nix/store/8y83na7h81fw5kr1msmjc7rvx329djp0-dotnet-sdk-8.0.300/sdk/8.0.300/Microsoft.Common.CurrentVersion.targets" from project "/home/runner/workspace/PokerGame.Abstractions/PokerGame.Abstractions.csproj" (target "AssignProjectConfiguration" depends on it):
   3:7>Done building target "IgnoreJavaScriptOutputAssembly" in project "PokerGame.Abstractions.csproj".
   2:6>Target "GenerateGlobalUsings" in file "/nix/store/8y83na7h81fw5kr1msmjc7rvx329djp0-dotnet-sdk-8.0.300/sdk/8.0.300/Sdks/Microsoft.NET.Sdk/targets/Microsoft.NET.GenerateGlobalUsings.targets" from project "/home/runner/workspace/PokerGame.Core/PokerGame.Core.csproj" (target "CoreBuild" depends on it):
   2:6>Using "GenerateGlobalUsings" task from assembly "/nix/store/8y83na7h81fw5kr1msmjc7rvx329djp0-dotnet-sdk-8.0.300/sdk/8.0.300/Sdks/Microsoft.NET.Sdk/targets/../tools/net8.0/Microsoft.NET.Build.Tasks.dll".
       Task "GenerateGlobalUsings"
   3:7>Target "ProcessFrameworkReferences" skipped. Previously built successfully.
   3:7>Target "_DefaultMicrosoftNETPlatformLibrary" in file "/nix/store/8y83na7h81fw5kr1msmjc7rvx329djp0-dotnet-sdk-8.0.300/sdk/8.0.300/Sdks/Microsoft.NET.Sdk/targets/Microsoft.NET.Sdk.Shared.targets" from project "/home/runner/workspace/PokerGame.Abstractions/PokerGame.Abstractions.csproj" (target "ResolvePackageAssets" depends on it):
   3:7>Done building target "_DefaultMicrosoftNETPlatformLibrary" in project "PokerGame.Abstractions.csproj".
   2:6>Done executing task "GenerateGlobalUsings".
       Using "WriteLinesToFile" task from assembly "Microsoft.Build.Tasks.Core, Version=15.1.0.0, Culture=neutral, PublicKeyToken=b03f5f7f11d50a3a".
   3:7>Target "_ComputePackageReferencePublish" in file "/nix/store/8y83na7h81fw5kr1msmjc7rvx329djp0-dotnet-sdk-8.0.300/sdk/8.0.300/Sdks/Microsoft.NET.Sdk/targets/Microsoft.NET.Sdk.Shared.targets" from project "/home/runner/workspace/PokerGame.Abstractions/PokerGame.Abstractions.csproj" (target "ResolvePackageAssets" depends on it):
   3:7>Done building target "_ComputePackageReferencePublish" in project "PokerGame.Abstractions.csproj".
   2:6>Task "WriteLinesToFile"
         Skipping write to file "obj/Debug/net8.0/PokerGame.Core.GlobalUsings.g.cs" because content would not change.
       Done executing task "WriteLinesToFile".
   2:6>Done building target "GenerateGlobalUsings" in project "PokerGame.Core.csproj".
   3:7>Target "_ResolveCompilerVersion" skipped, due to false condition; ('$(CompilerApiVersion)' == '' And
                     ('$(Language)' == 'C#' Or '$(Language)' == 'VB') And
                     Exists('$(RoslynTargetsPath)\Microsoft.Build.Tasks.CodeAnalysis.dll')) was evaluated as ('roslyn4.10' == '' And
                     ('C#' == 'C#' Or 'C#' == 'VB') And
                     Exists('/nix/store/8y83na7h81fw5kr1msmjc7rvx329djp0-dotnet-sdk-8.0.300/sdk/8.0.300/Roslyn\Microsoft.Build.Tasks.CodeAnalysis.dll')).
   3:7>Target "ResolvePackageAssets" in file "/nix/store/8y83na7h81fw5kr1msmjc7rvx329djp0-dotnet-sdk-8.0.300/sdk/8.0.300/Sdks/Microsoft.NET.Sdk/targets/Microsoft.PackageDependencyResolution.targets" from project "/home/runner/workspace/PokerGame.Abstractions/PokerGame.Abstractions.csproj" (target "ResolveLockFileReferences" depends on it):
       Using "ResolvePackageAssets" task from assembly "/nix/store/8y83na7h81fw5kr1msmjc7rvx329djp0-dotnet-sdk-8.0.300/sdk/8.0.300/Sdks/Microsoft.NET.Sdk/targets/../tools/net8.0/Microsoft.NET.Build.Tasks.dll".
   2:6>Target "PreBuildEvent" skipped, due to false condition; ('$(PreBuildEvent)'!='') was evaluated as (''!='').
   3:7>Task "ResolvePackageAssets"
   4:7>Done executing task "GetRestoreProjectStyleTask".
   4:7>Done building target "_GetRestoreProjectStyle" in project "MSA.Foundation.csproj".
   4:7>Target "EnableIntermediateOutputPathMismatchWarning" in file "/nix/store/8y83na7h81fw5kr1msmjc7rvx329djp0-dotnet-sdk-8.0.300/sdk/8.0.300/NuGet.targets" from project "/home/runner/workspace/MSA.Foundation/MSA.Foundation.csproj" (target "_CheckForInvalidConfigurationAndPlatform" depends on it):
   4:7>Done building target "EnableIntermediateOutputPathMismatchWarning" in project "MSA.Foundation.csproj".
   2:6>Target "BeforeResolveReferences" in file "/nix/store/8y83na7h81fw5kr1msmjc7rvx329djp0-dotnet-sdk-8.0.300/sdk/8.0.300/Microsoft.Common.CurrentVersion.targets" from project "/home/runner/workspace/PokerGame.Core/PokerGame.Core.csproj" (target "ResolveReferences" depends on it):
   2:6>Done building target "BeforeResolveReferences" in project "PokerGame.Core.csproj".
   4:7>Target "ApplyImplicitVersions" skipped. Previously built successfully.
       Target "CheckForImplicitPackageReferenceOverrides" skipped. Previously built successfully.
   2:6>Target "IgnoreJavaScriptOutputAssembly" in file "/nix/store/8y83na7h81fw5kr1msmjc7rvx329djp0-dotnet-sdk-8.0.300/sdk/8.0.300/Microsoft.Common.CurrentVersion.targets" from project "/home/runner/workspace/PokerGame.Core/PokerGame.Core.csproj" (target "AssignProjectConfiguration" depends on it):
   2:6>Done building target "IgnoreJavaScriptOutputAssembly" in project "PokerGame.Core.csproj".
   4:7>Target "CheckForDuplicateItems" in file "/nix/store/8y83na7h81fw5kr1msmjc7rvx329djp0-dotnet-sdk-8.0.300/sdk/8.0.300/Sdks/Microsoft.NET.Sdk/targets/Microsoft.NET.Sdk.DefaultItems.Shared.targets" from project "/home/runner/workspace/MSA.Foundation/MSA.Foundation.csproj" (target "_CheckForInvalidConfigurationAndPlatform" depends on it):
   4:7>Using "CheckForDuplicateItems" task from assembly "/nix/store/8y83na7h81fw5kr1msmjc7rvx329djp0-dotnet-sdk-8.0.300/sdk/8.0.300/Sdks/Microsoft.NET.Sdk/targets/../tools/net8.0/Microsoft.NET.Build.Tasks.dll".
       Task "CheckForDuplicateItems"
       Done executing task "CheckForDuplicateItems".
       Task "CheckForDuplicateItems"
   3:7>Done executing task "ResolvePackageAssets".
   2:6>Target "ProcessFrameworkReferences" skipped. Previously built successfully.
   3:7>Done building target "ResolvePackageAssets" in project "PokerGame.Abstractions.csproj".
   2:6>Target "_DefaultMicrosoftNETPlatformLibrary" in file "/nix/store/8y83na7h81fw5kr1msmjc7rvx329djp0-dotnet-sdk-8.0.300/sdk/8.0.300/Sdks/Microsoft.NET.Sdk/targets/Microsoft.NET.Sdk.Shared.targets" from project "/home/runner/workspace/PokerGame.Core/PokerGame.Core.csproj" (target "ResolvePackageAssets" depends on it):
   2:6>Done building target "_DefaultMicrosoftNETPlatformLibrary" in project "PokerGame.Core.csproj".
   3:7>Target "AdjustDefaultPlatformTargetForNetFrameworkExeWithNoNativeCopyLocalItems" skipped, due to false condition; ('$(_UsingDefaultPlatformTarget)' == 'true' and
                     '$(_UsingDefaultRuntimeIdentifier)' == 'true') was evaluated as ('true' == 'true' and
                     '' == 'true').
       Target "_CheckForTransitiveWindowsDesktopDependencies" skipped, due to false condition; ('$(TargetFrameworkIdentifier)' == '.NETCoreApp' and $([MSBuild]::VersionGreaterThanOrEquals($(_TargetFrameworkVersionWithoutV), '5.0')) and '$(TargetPlatformIdentifier)' != 'Windows' and '@(TransitiveFrameworkReference)' != '') was evaluated as ('.NETCoreApp' == '.NETCoreApp' and True and '' != 'Windows' and '' != '').
       Target "AddTransitiveFrameworkReferences" skipped, due to false condition; ('@(TransitiveFrameworkReference)' != '') was evaluated as ('' != '').
   4:7>Done executing task "CheckForDuplicateItems".
       Task "CheckForDuplicateItems"
   2:6>Target "_ComputePackageReferencePublish" in file "/nix/store/8y83na7h81fw5kr1msmjc7rvx329djp0-dotnet-sdk-8.0.300/sdk/8.0.300/Sdks/Microsoft.NET.Sdk/targets/Microsoft.NET.Sdk.Shared.targets" from project "/home/runner/workspace/PokerGame.Core/PokerGame.Core.csproj" (target "ResolvePackageAssets" depends on it):
   2:6>Done building target "_ComputePackageReferencePublish" in project "PokerGame.Core.csproj".
       Target "_ResolveCompilerVersion" skipped, due to false condition; ('$(CompilerApiVersion)' == '' And
                            ('$(Language)' == 'C#' Or '$(Language)' == 'VB') And
                            Exists('$(RoslynTargetsPath)\Microsoft.Build.Tasks.CodeAnalysis.dll')) was evaluated as ('roslyn4.10' == '' And
                            ('C#' == 'C#' Or 'C#' == 'VB') And
                            Exists('/nix/store/8y83na7h81fw5kr1msmjc7rvx329djp0-dotnet-sdk-8.0.300/sdk/8.0.300/Roslyn\Microsoft.Build.Tasks.CodeAnalysis.dll')).
   4:7>Done executing task "CheckForDuplicateItems".
   4:7>Done building target "CheckForDuplicateItems" in project "MSA.Foundation.csproj".
       Target "WarnForExplicitVersions" skipped, due to false condition; ('@(SdkBuildWarning)' != '') was evaluated as ('' != '').
       Target "_CheckForFailedSDKResolution" skipped, due to false condition; ('$(SdkResolverHonoredGlobalJson)' == 'false') was evaluated as ('' == 'false').
       Target "_WarnWhenUsingNET8AndVSPriorTo178" skipped, due to false condition; ($([MSBuild]::VersionLessThan($(MSBuildVersion), '17.8.0')) and '$(TargetFrameworkIdentifier)' == '.NETCoreApp' and $([MSBuild]::VersionGreaterThanOrEquals($(_TargetFrameworkVersionWithoutV), '8.0'))) was evaluated as (False and '.NETCoreApp' == '.NETCoreApp' and True).
       Target "_CheckForInvalidWindowsDesktopTargetingConfiguration" skipped, due to false condition; ('$(TargetFrameworkIdentifier)' == '.NETCoreApp' and $([MSBuild]::VersionGreaterThanOrEquals($(_TargetFrameworkVersionWithoutV), '5.0')) and ('$(UseWindowsForms)' == 'true' or '$(UseWPF)' == 'true')) was evaluated as ('.NETCoreApp' == '.NETCoreApp' and True and ('' == 'true' or '' == 'true')).
       Target "_CheckForUnnecessaryWindowsDesktopSDK" skipped, due to false condition; ('$(TargetFrameworkIdentifier)' == '.NETCoreApp' and $([MSBuild]::VersionGreaterThanOrEquals($(_TargetFrameworkVersionWithoutV), '5.0')) and '$(_MicrosoftWindowsDesktopSdkImported)' == 'true' and '$(TargetFrameworks)' == '') was evaluated as ('.NETCoreApp' == '.NETCoreApp' and True and '' == 'true' and '' == '').
       Target "ProcessFrameworkReferences" skipped. Previously built successfully.
       Target "IncludeTargetingPackReference" skipped, due to false condition; ('$(TargetFrameworkMoniker)' != '' and '$(TargetFrameworkIdentifier)' == '.NETFramework' and '$(AutomaticallyUseReferenceAssemblyPackages)' == 'true') was evaluated as ('.NETCoreApp,Version=v8.0' != '' and '.NETCoreApp' == '.NETFramework' and 'true' == 'true').
   4:7>Target "_CheckForInvalidConfigurationAndPlatform" in file "/nix/store/8y83na7h81fw5kr1msmjc7rvx329djp0-dotnet-sdk-8.0.300/sdk/8.0.300/Microsoft.Common.CurrentVersion.targets" from project "/home/runner/workspace/MSA.Foundation/MSA.Foundation.csproj" (target "BeforeBuild" depends on it):
       Task "Error" skipped, due to false condition; ( '$(_InvalidConfigurationError)' == 'true' ) was evaluated as ( '' == 'true' ).
       Task "Warning" skipped, due to false condition; ( '$(_InvalidConfigurationWarning)' == 'true' ) was evaluated as ( '' == 'true' ).
       Task "Message"
         Configuration=Debug
       Done executing task "Message".
       Task "Message"
         Platform=AnyCPU
       Done executing task "Message".
   3:7>Target "ResolveLockFileReferences" in file "/nix/store/8y83na7h81fw5kr1msmjc7rvx329djp0-dotnet-sdk-8.0.300/sdk/8.0.300/Sdks/Microsoft.NET.Sdk/targets/Microsoft.PackageDependencyResolution.targets" from project "/home/runner/workspace/PokerGame.Abstractions/PokerGame.Abstractions.csproj" (target "ResolvePackageDependenciesForBuild" depends on it):
   3:7>Using "JoinItems" task from assembly "/nix/store/8y83na7h81fw5kr1msmjc7rvx329djp0-dotnet-sdk-8.0.300/sdk/8.0.300/Sdks/Microsoft.NET.Sdk/targets/../tools/net8.0/Microsoft.NET.Build.Tasks.dll".
       Task "JoinItems"
   4:7>_CheckForInvalidConfigurationAndPlatform:
       Task "Error" skipped, due to false condition; ('$(OutDir)' != '' and !HasTrailingSlash('$(OutDir)')) was evaluated as ('bin/Debug/net8.0/' != '' and !HasTrailingSlash('bin/Debug/net8.0/')).
   3:7>Done executing task "JoinItems".
   2:6>Target "ResolvePackageAssets" in file "/nix/store/8y83na7h81fw5kr1msmjc7rvx329djp0-dotnet-sdk-8.0.300/sdk/8.0.300/Sdks/Microsoft.NET.Sdk/targets/Microsoft.PackageDependencyResolution.targets" from project "/home/runner/workspace/PokerGame.Core/PokerGame.Core.csproj" (target "ResolveLockFileReferences" depends on it):
   2:6>Using "ResolvePackageAssets" task from assembly "/nix/store/8y83na7h81fw5kr1msmjc7rvx329djp0-dotnet-sdk-8.0.300/sdk/8.0.300/Sdks/Microsoft.NET.Sdk/targets/../tools/net8.0/Microsoft.NET.Build.Tasks.dll".
   3:7>Done building target "ResolveLockFileReferences" in project "PokerGame.Abstractions.csproj".
       Target "ResolvePackageAssets" skipped. Previously built successfully.
   2:6>Task "ResolvePackageAssets"
       Done executing task "ResolvePackageAssets".
   2:6>Done building target "ResolvePackageAssets" in project "PokerGame.Core.csproj".
   3:7>Target "ResolveLockFileAnalyzers" in file "/nix/store/8y83na7h81fw5kr1msmjc7rvx329djp0-dotnet-sdk-8.0.300/sdk/8.0.300/Sdks/Microsoft.NET.Sdk/targets/Microsoft.PackageDependencyResolution.targets" from project "/home/runner/workspace/PokerGame.Abstractions/PokerGame.Abstractions.csproj" (target "ResolvePackageDependenciesForBuild" depends on it):
   3:7>Done building target "ResolveLockFileAnalyzers" in project "PokerGame.Abstractions.csproj".
       Target "ResolvePackageAssets" skipped. Previously built successfully.
   2:6>Target "AdjustDefaultPlatformTargetForNetFrameworkExeWithNoNativeCopyLocalItems" skipped, due to false condition; ('$(_UsingDefaultPlatformTarget)' == 'true' and
                     '$(_UsingDefaultRuntimeIdentifier)' == 'true') was evaluated as ('true' == 'true' and
                     '' == 'true').
   4:7>_CheckForInvalidConfigurationAndPlatform:
       Task "Error" skipped, due to false condition; ('$(IntermediateOutputPath)' != '' and !HasTrailingSlash('$(IntermediateOutputPath)')) was evaluated as ('obj/Debug/net8.0/' != '' and !HasTrailingSlash('obj/Debug/net8.0/')).
       Task "Error" skipped, due to false condition; ('$(BaseIntermediateOutputPath)' != '' and !HasTrailingSlash('$(BaseIntermediateOutputPath)')) was evaluated as ('obj/' != '' and !HasTrailingSlash('obj/')).
   3:7>Target "RunProduceContentAssets" skipped, due to false condition; ('@(_ContentFilesToPreprocess)' != '' and '$(_CleaningWithoutRebuilding)' != 'true') was evaluated as ('' != '' and '' != 'true').
   2:6>Target "_CheckForTransitiveWindowsDesktopDependencies" skipped, due to false condition; ('$(TargetFrameworkIdentifier)' == '.NETCoreApp' and $([MSBuild]::VersionGreaterThanOrEquals($(_TargetFrameworkVersionWithoutV), '5.0')) and '$(TargetPlatformIdentifier)' != 'Windows' and '@(TransitiveFrameworkReference)' != '') was evaluated as ('.NETCoreApp' == '.NETCoreApp' and True and '' != 'Windows' and '' != '').
       Target "AddTransitiveFrameworkReferences" skipped, due to false condition; ('@(TransitiveFrameworkReference)' != '') was evaluated as ('' != '').
   2:6>Target "ResolveLockFileReferences" in file "/nix/store/8y83na7h81fw5kr1msmjc7rvx329djp0-dotnet-sdk-8.0.300/sdk/8.0.300/Sdks/Microsoft.NET.Sdk/targets/Microsoft.PackageDependencyResolution.targets" from project "/home/runner/workspace/PokerGame.Core/PokerGame.Core.csproj" (target "ResolvePackageDependenciesForBuild" depends on it):
       Using "JoinItems" task from assembly "/nix/store/8y83na7h81fw5kr1msmjc7rvx329djp0-dotnet-sdk-8.0.300/sdk/8.0.300/Sdks/Microsoft.NET.Sdk/targets/../tools/net8.0/Microsoft.NET.Build.Tasks.dll".
       Task "JoinItems"
   3:7>Target "ResolveLockFileCopyLocalFiles" in file "/nix/store/8y83na7h81fw5kr1msmjc7rvx329djp0-dotnet-sdk-8.0.300/sdk/8.0.300/Sdks/Microsoft.NET.Sdk/targets/Microsoft.PackageDependencyResolution.targets" from project "/home/runner/workspace/PokerGame.Abstractions/PokerGame.Abstractions.csproj" (target "ResolvePackageDependenciesForBuild" depends on it):
   3:7>Done building target "ResolveLockFileCopyLocalFiles" in project "PokerGame.Abstractions.csproj".
       Target "ResolveRuntimePackAssets" skipped, due to false condition; ('@(RuntimePack)' != '') was evaluated as ('' != '').
       Target "RunProduceContentAssets" skipped, due to false condition; ('@(_ContentFilesToPreprocess)' != '' and '$(_CleaningWithoutRebuilding)' != 'true') was evaluated as ('' != '' and '' != 'true').
   2:6>Done executing task "JoinItems".
   3:7>Target "ResolvePackageAssets" skipped. Previously built successfully.
   3:7>Target "IncludeTransitiveProjectReferences" in file "/nix/store/8y83na7h81fw5kr1msmjc7rvx329djp0-dotnet-sdk-8.0.300/sdk/8.0.300/Sdks/Microsoft.NET.Sdk/targets/Microsoft.PackageDependencyResolution.targets" from project "/home/runner/workspace/PokerGame.Abstractions/PokerGame.Abstractions.csproj" (target "ResolvePackageDependenciesForBuild" depends on it):
   3:7>Done building target "IncludeTransitiveProjectReferences" in project "PokerGame.Abstractions.csproj".
   3:7>Target "ResolvePackageDependenciesForBuild" in file "/nix/store/8y83na7h81fw5kr1msmjc7rvx329djp0-dotnet-sdk-8.0.300/sdk/8.0.300/Sdks/Microsoft.NET.Sdk/targets/Microsoft.PackageDependencyResolution.targets" from project "/home/runner/workspace/PokerGame.Abstractions/PokerGame.Abstractions.csproj" (target "AssignProjectConfiguration" depends on it):
   3:7>Done building target "ResolvePackageDependenciesForBuild" in project "PokerGame.Abstractions.csproj".
   4:7>_CheckForInvalidConfigurationAndPlatform:
       Task "Error" skipped, due to false condition; ( '$(_InitialMSBuildProjectExtensionsPath)' != '' And '$(MSBuildProjectExtensionsPath)' != '$(_InitialMSBuildProjectExtensionsPath)' ) was evaluated as ( '/home/runner/workspace/MSA.Foundation/obj/' != '' And '/home/runner/workspace/MSA.Foundation/obj/' != '/home/runner/workspace/MSA.Foundation/obj/' ).
   3:7>Target "_System_Text_JsonAnalyzerMultiTargeting" skipped, due to false condition; ('$(SupportsRoslynComponentVersioning)' != 'true') was evaluated as ('true' != 'true').
       Target "_System_Text_JsonRemoveAnalyzers" skipped, due to false condition; ('$(DisableSystemTextJsonSourceGenerator)' == 'true') was evaluated as ('' == 'true').
   4:7>_CheckForInvalidConfigurationAndPlatform:
       Task "Warning" skipped, due to false condition; ( '$(EnableBaseIntermediateOutputPathMismatchWarning)' == 'true' And '$(_InitialBaseIntermediateOutputPath)' != '$(BaseIntermediateOutputPath)' And '$(BaseIntermediateOutputPath)' != '$(MSBuildProjectExtensionsPath)' ) was evaluated as ( 'true' == 'true' And 'obj/' != 'obj/' And 'obj/' != '/home/runner/workspace/MSA.Foundation/obj/' ).
   4:7>Done building target "_CheckForInvalidConfigurationAndPlatform" in project "MSA.Foundation.csproj".
   4:7>Target "ValidateCommandLineProperties" in file "/nix/store/8y83na7h81fw5kr1msmjc7rvx329djp0-dotnet-sdk-8.0.300/sdk/8.0.300/Sdks/Microsoft.NET.Sdk/targets/Microsoft.NET.Sdk.targets" from project "/home/runner/workspace/MSA.Foundation/MSA.Foundation.csproj" (target "BeforeBuild" depends on it):
   4:7>Done building target "ValidateCommandLineProperties" in project "MSA.Foundation.csproj".
   4:7>Target "BeforeBuild" in file "/nix/store/8y83na7h81fw5kr1msmjc7rvx329djp0-dotnet-sdk-8.0.300/sdk/8.0.300/Microsoft.Common.CurrentVersion.targets" from project "/home/runner/workspace/MSA.Foundation/MSA.Foundation.csproj" (target "Build" depends on it):
   4:7>Done building target "BeforeBuild" in project "MSA.Foundation.csproj".
       Target "_CheckForBuildWithNoBuild" skipped, due to false condition; ('$(NoBuild)' == 'true' and '$(GeneratePackageOnBuild)' != 'true') was evaluated as ('' == 'true' and 'false' != 'true').
   4:7>Target "BuildOnlySettings" in file "/nix/store/8y83na7h81fw5kr1msmjc7rvx329djp0-dotnet-sdk-8.0.300/sdk/8.0.300/Microsoft.Common.CurrentVersion.targets" from project "/home/runner/workspace/MSA.Foundation/MSA.Foundation.csproj" (target "CoreBuild" depends on it):
   4:7>Done building target "BuildOnlySettings" in project "MSA.Foundation.csproj".
       Target "_CheckForUnsupportedTargetFramework" skipped, due to false condition; ('$(_UnsupportedTargetFrameworkError)' == 'true') was evaluated as ('' == 'true').
       Target "_CheckForUnsupportedTargetPlatformIdentifier" skipped, due to false condition; ('$(TargetPlatformIdentifier)' != '' and '$(TargetFrameworkIdentifier)' == '.NETCoreApp' and $([MSBuild]::VersionGreaterThanOrEquals($(TargetFrameworkVersion), 5.0)) And ('$(DesignTimeBuild)' != 'true' Or '@(MissingWorkloadPack)' == '')) was evaluated as ('' != '' and '.NETCoreApp' == '.NETCoreApp' and True And ('' != 'true' Or '' == '')).
       Target "_CheckForMissingWorkload" skipped, due to false condition; ('@(MissingWorkloadPack)' != '' And '$(DesignTimeBuild)' != 'true') was evaluated as ('' != '' And '' != 'true').
   4:7>Target "GetFrameworkPaths" in file "/nix/store/8y83na7h81fw5kr1msmjc7rvx329djp0-dotnet-sdk-8.0.300/sdk/8.0.300/Sdks/Microsoft.NET.Sdk/targets/Microsoft.NET.DisableStandardFrameworkResolution.targets" from project "/home/runner/workspace/MSA.Foundation/MSA.Foundation.csproj" (target "PrepareForBuild" depends on it):
   4:7>Done building target "GetFrameworkPaths" in project "MSA.Foundation.csproj".
       Target "_CheckForUnsupportedTargetFramework" skipped, due to false condition; ('$(_UnsupportedTargetFrameworkError)' == 'true') was evaluated as ('' == 'true').
       Target "_CheckForUnsupportedTargetPlatformIdentifier" skipped, due to false condition; ('$(TargetPlatformIdentifier)' != '' and '$(TargetFrameworkIdentifier)' == '.NETCoreApp' and $([MSBuild]::VersionGreaterThanOrEquals($(TargetFrameworkVersion), 5.0)) And ('$(DesignTimeBuild)' != 'true' Or '@(MissingWorkloadPack)' == '')) was evaluated as ('' != '' and '.NETCoreApp' == '.NETCoreApp' and True And ('' != 'true' Or '' == '')).
       Target "_CheckForMissingWorkload" skipped, due to false condition; ('@(MissingWorkloadPack)' != '' And '$(DesignTimeBuild)' != 'true') was evaluated as ('' != '' And '' != 'true').
   4:7>Target "GetReferenceAssemblyPaths" in file "/nix/store/8y83na7h81fw5kr1msmjc7rvx329djp0-dotnet-sdk-8.0.300/sdk/8.0.300/Sdks/Microsoft.NET.Sdk/targets/Microsoft.NET.DisableStandardFrameworkResolution.targets" from project "/home/runner/workspace/MSA.Foundation/MSA.Foundation.csproj" (target "PrepareForBuild" depends on it):
   4:7>Done building target "GetReferenceAssemblyPaths" in project "MSA.Foundation.csproj".
       Target "AssignLinkMetadata" skipped, due to false condition; ( '$(SynthesizeLinkMetadata)' == 'true' ) was evaluated as ( '' == 'true' ).
       Target "_VerifyPackReleaseConfigurations" skipped, due to false condition; ('$(_IsPacking)' == 'true' and '$(DOTNET_CLI_DISABLE_PUBLISH_AND_PACK_RELEASE)' != 'true' and '$(DOTNET_CLI_LAZY_PUBLISH_AND_PACK_RELEASE_FOR_SOLUTIONS)' == 'true') was evaluated as ('' == 'true' and '' != 'true' and '' == 'true').
   3:7>Target "AssignProjectConfiguration" in file "/nix/store/8y83na7h81fw5kr1msmjc7rvx329djp0-dotnet-sdk-8.0.300/sdk/8.0.300/Microsoft.Common.CurrentVersion.targets" from project "/home/runner/workspace/PokerGame.Abstractions/PokerGame.Abstractions.csproj" (target "ResolveReferences" depends on it):
   3:7>Task "AssignProjectConfiguration"
         Project reference "../MSA.Foundation/MSA.Foundation.csproj" has not been resolved.
       Done executing task "AssignProjectConfiguration".
   3:7>Done building target "AssignProjectConfiguration" in project "PokerGame.Abstractions.csproj".
       Target "AssignProjectConfiguration" skipped. Previously built successfully.
   3:7>Target "_SplitProjectReferencesByFileExistence" in file "/nix/store/8y83na7h81fw5kr1msmjc7rvx329djp0-dotnet-sdk-8.0.300/sdk/8.0.300/Microsoft.Common.CurrentVersion.targets" from project "/home/runner/workspace/PokerGame.Abstractions/PokerGame.Abstractions.csproj" (target "PrepareProjectReferences" depends on it):
       Task "ResolveNonMSBuildProjectOutput" skipped, due to false condition; ('$(BuildingInsideVisualStudio)'=='true' and '@(ProjectReferenceWithConfiguration)'!='') was evaluated as (''=='true' and '../MSA.Foundation/MSA.Foundation.csproj'!='').
   3:7>Done building target "_SplitProjectReferencesByFileExistence" in project "PokerGame.Abstractions.csproj".
   3:7>Target "_AddOutputPathToGlobalPropertiesToRemove" in file "/nix/store/8y83na7h81fw5kr1msmjc7rvx329djp0-dotnet-sdk-8.0.300/sdk/8.0.300/Microsoft.Common.CurrentVersion.targets" from project "/home/runner/workspace/PokerGame.Abstractions/PokerGame.Abstractions.csproj" (target "_GetProjectReferenceTargetFrameworkProperties" depends on it):
   3:7>Done building target "_AddOutputPathToGlobalPropertiesToRemove" in project "PokerGame.Abstractions.csproj".
   3:7>Target "_GetProjectReferenceTargetFrameworkProperties" in file "/nix/store/8y83na7h81fw5kr1msmjc7rvx329djp0-dotnet-sdk-8.0.300/sdk/8.0.300/Microsoft.Common.CurrentVersion.targets" from project "/home/runner/workspace/PokerGame.Abstractions/PokerGame.Abstractions.csproj" (target "PrepareProjectReferences" depends on it):
       Task "MSBuild"
   4:7>Target "PrepareForBuild" in file "/nix/store/8y83na7h81fw5kr1msmjc7rvx329djp0-dotnet-sdk-8.0.300/sdk/8.0.300/Microsoft.Common.CurrentVersion.targets" from project "/home/runner/workspace/MSA.Foundation/MSA.Foundation.csproj" (target "CoreBuild" depends on it):
   4:7>Using "FindAppConfigFile" task from assembly "Microsoft.Build.Tasks.Core, Version=15.1.0.0, Culture=neutral, PublicKeyToken=b03f5f7f11d50a3a".
       Task "FindAppConfigFile"
   2:6>Done building target "ResolveLockFileReferences" in project "PokerGame.Core.csproj".
   3:7>_GetProjectReferenceTargetFrameworkProperties:
         Removing Properties:
           TargetFramework
           RuntimeIdentifier
           SelfContained
   4:7>Done executing task "FindAppConfigFile".
   2:6>Target "ResolvePackageAssets" skipped. Previously built successfully.
   4:7>PrepareForBuild:
       Using "MakeDir" task from assembly "Microsoft.Build.Tasks.Core, Version=15.1.0.0, Culture=neutral, PublicKeyToken=b03f5f7f11d50a3a".
       Task "MakeDir"
   2:6>Target "ResolveLockFileAnalyzers" in file "/nix/store/8y83na7h81fw5kr1msmjc7rvx329djp0-dotnet-sdk-8.0.300/sdk/8.0.300/Sdks/Microsoft.NET.Sdk/targets/Microsoft.PackageDependencyResolution.targets" from project "/home/runner/workspace/PokerGame.Core/PokerGame.Core.csproj" (target "ResolvePackageDependenciesForBuild" depends on it):
   2:6>Done building target "ResolveLockFileAnalyzers" in project "PokerGame.Core.csproj".
       Target "ResolvePackageAssets" skipped. Previously built successfully.
   3:7>Project "/home/runner/workspace/PokerGame.Abstractions/PokerGame.Abstractions.csproj" (3:7) is building "/home/runner/workspace/MSA.Foundation/MSA.Foundation.csproj" (4:8) on node 1 (GetTargetFrameworks target(s)).
   4:8>Target "GetTargetFrameworks" skipped. Previously built successfully.
   4:8>Done Building Project "/home/runner/workspace/MSA.Foundation/MSA.Foundation.csproj" (GetTargetFrameworks target(s)).
   4:7>Done executing task "MakeDir".
   4:7>Done building target "PrepareForBuild" in project "MSA.Foundation.csproj".
   4:7>Target "GenerateGlobalUsings" in file "/nix/store/8y83na7h81fw5kr1msmjc7rvx329djp0-dotnet-sdk-8.0.300/sdk/8.0.300/Sdks/Microsoft.NET.Sdk/targets/Microsoft.NET.GenerateGlobalUsings.targets" from project "/home/runner/workspace/MSA.Foundation/MSA.Foundation.csproj" (target "CoreBuild" depends on it):
       Using "GenerateGlobalUsings" task from assembly "/nix/store/8y83na7h81fw5kr1msmjc7rvx329djp0-dotnet-sdk-8.0.300/sdk/8.0.300/Sdks/Microsoft.NET.Sdk/targets/../tools/net8.0/Microsoft.NET.Build.Tasks.dll".
       Task "GenerateGlobalUsings"
   2:6>Target "RunProduceContentAssets" skipped, due to false condition; ('@(_ContentFilesToPreprocess)' != '' and '$(_CleaningWithoutRebuilding)' != 'true') was evaluated as ('' != '' and '' != 'true').
   4:7>Done executing task "GenerateGlobalUsings".
       Using "WriteLinesToFile" task from assembly "Microsoft.Build.Tasks.Core, Version=15.1.0.0, Culture=neutral, PublicKeyToken=b03f5f7f11d50a3a".
       Task "WriteLinesToFile"
   2:6>Target "ResolveLockFileCopyLocalFiles" in file "/nix/store/8y83na7h81fw5kr1msmjc7rvx329djp0-dotnet-sdk-8.0.300/sdk/8.0.300/Sdks/Microsoft.NET.Sdk/targets/Microsoft.PackageDependencyResolution.targets" from project "/home/runner/workspace/PokerGame.Core/PokerGame.Core.csproj" (target "ResolvePackageDependenciesForBuild" depends on it):
   2:6>Done building target "ResolveLockFileCopyLocalFiles" in project "PokerGame.Core.csproj".
       Target "ResolveRuntimePackAssets" skipped, due to false condition; ('@(RuntimePack)' != '') was evaluated as ('' != '').
   4:7>GenerateGlobalUsings:
         Skipping write to file "obj/Debug/net8.0/MSA.Foundation.GlobalUsings.g.cs" because content would not change.
       Done executing task "WriteLinesToFile".
   4:7>Done building target "GenerateGlobalUsings" in project "MSA.Foundation.csproj".
       Target "PreBuildEvent" skipped, due to false condition; ('$(PreBuildEvent)'!='') was evaluated as (''!='').
   4:7>Target "BeforeResolveReferences" in file "/nix/store/8y83na7h81fw5kr1msmjc7rvx329djp0-dotnet-sdk-8.0.300/sdk/8.0.300/Microsoft.Common.CurrentVersion.targets" from project "/home/runner/workspace/MSA.Foundation/MSA.Foundation.csproj" (target "ResolveReferences" depends on it):
   4:7>Done building target "BeforeResolveReferences" in project "MSA.Foundation.csproj".
       Target "AssignProjectConfiguration" skipped, due to false condition; ('$(CurrentSolutionConfigurationContents)' != '' or '@(ProjectReference)'!='') was evaluated as ('' != '' or ''!='').
   4:7>Target "IgnoreJavaScriptOutputAssembly" in file "/nix/store/8y83na7h81fw5kr1msmjc7rvx329djp0-dotnet-sdk-8.0.300/sdk/8.0.300/Microsoft.Common.CurrentVersion.targets" from project "/home/runner/workspace/MSA.Foundation/MSA.Foundation.csproj" (target "AssignProjectConfiguration" depends on it):
   4:7>Done building target "IgnoreJavaScriptOutputAssembly" in project "MSA.Foundation.csproj".
       Target "ProcessFrameworkReferences" skipped. Previously built successfully.
   4:7>Target "_DefaultMicrosoftNETPlatformLibrary" in file "/nix/store/8y83na7h81fw5kr1msmjc7rvx329djp0-dotnet-sdk-8.0.300/sdk/8.0.300/Sdks/Microsoft.NET.Sdk/targets/Microsoft.NET.Sdk.Shared.targets" from project "/home/runner/workspace/MSA.Foundation/MSA.Foundation.csproj" (target "ResolvePackageAssets" depends on it):
   4:7>Done building target "_DefaultMicrosoftNETPlatformLibrary" in project "MSA.Foundation.csproj".
   4:7>Target "_ComputePackageReferencePublish" in file "/nix/store/8y83na7h81fw5kr1msmjc7rvx329djp0-dotnet-sdk-8.0.300/sdk/8.0.300/Sdks/Microsoft.NET.Sdk/targets/Microsoft.NET.Sdk.Shared.targets" from project "/home/runner/workspace/MSA.Foundation/MSA.Foundation.csproj" (target "ResolvePackageAssets" depends on it):
   4:7>Done building target "_ComputePackageReferencePublish" in project "MSA.Foundation.csproj".
   2:6>Target "RunProduceContentAssets" skipped, due to false condition; ('@(_ContentFilesToPreprocess)' != '' and '$(_CleaningWithoutRebuilding)' != 'true') was evaluated as ('' != '' and '' != 'true').
   4:7>Target "_ResolveCompilerVersion" skipped, due to false condition; ('$(CompilerApiVersion)' == '' And
                     ('$(Language)' == 'C#' Or '$(Language)' == 'VB') And
                     Exists('$(RoslynTargetsPath)\Microsoft.Build.Tasks.CodeAnalysis.dll')) was evaluated as ('roslyn4.10' == '' And
                     ('C#' == 'C#' Or 'C#' == 'VB') And
                     Exists('/nix/store/8y83na7h81fw5kr1msmjc7rvx329djp0-dotnet-sdk-8.0.300/sdk/8.0.300/Roslyn\Microsoft.Build.Tasks.CodeAnalysis.dll')).
   2:6>Target "ResolvePackageAssets" skipped. Previously built successfully.
   4:7>Target "ResolvePackageAssets" in file "/nix/store/8y83na7h81fw5kr1msmjc7rvx329djp0-dotnet-sdk-8.0.300/sdk/8.0.300/Sdks/Microsoft.NET.Sdk/targets/Microsoft.PackageDependencyResolution.targets" from project "/home/runner/workspace/MSA.Foundation/MSA.Foundation.csproj" (target "ResolveLockFileReferences" depends on it):
   4:7>Using "ResolvePackageAssets" task from assembly "/nix/store/8y83na7h81fw5kr1msmjc7rvx329djp0-dotnet-sdk-8.0.300/sdk/8.0.300/Sdks/Microsoft.NET.Sdk/targets/../tools/net8.0/Microsoft.NET.Build.Tasks.dll".
       Task "ResolvePackageAssets"
   2:6>Target "IncludeTransitiveProjectReferences" in file "/nix/store/8y83na7h81fw5kr1msmjc7rvx329djp0-dotnet-sdk-8.0.300/sdk/8.0.300/Sdks/Microsoft.NET.Sdk/targets/Microsoft.PackageDependencyResolution.targets" from project "/home/runner/workspace/PokerGame.Core/PokerGame.Core.csproj" (target "ResolvePackageDependenciesForBuild" depends on it):
   2:6>Done building target "IncludeTransitiveProjectReferences" in project "PokerGame.Core.csproj".
   2:6>Target "ResolvePackageDependenciesForBuild" in file "/nix/store/8y83na7h81fw5kr1msmjc7rvx329djp0-dotnet-sdk-8.0.300/sdk/8.0.300/Sdks/Microsoft.NET.Sdk/targets/Microsoft.PackageDependencyResolution.targets" from project "/home/runner/workspace/PokerGame.Core/PokerGame.Core.csproj" (target "AssignProjectConfiguration" depends on it):
   2:6>Done building target "ResolvePackageDependenciesForBuild" in project "PokerGame.Core.csproj".
       Target "_System_Text_JsonAnalyzerMultiTargeting" skipped, due to false condition; ('$(SupportsRoslynComponentVersioning)' != 'true') was evaluated as ('true' != 'true').
       Target "_System_Text_JsonRemoveAnalyzers" skipped, due to false condition; ('$(DisableSystemTextJsonSourceGenerator)' == 'true') was evaluated as ('' == 'true').
   2:6>Target "_Microsoft_Extensions_Configuration_Binder_RemoveAnalyzer" in file "/home/runner/.nuget/packages/microsoft.extensions.configuration.binder/8.0.0/buildTransitive/netstandard2.0/Microsoft.Extensions.Configuration.Binder.targets" from project "/home/runner/workspace/PokerGame.Core/PokerGame.Core.csproj" (target "AssignProjectConfiguration" depends on it):
   2:6>Done building target "_Microsoft_Extensions_Configuration_Binder_RemoveAnalyzer" in project "PokerGame.Core.csproj".
   2:6>Target "AssignProjectConfiguration" in file "/nix/store/8y83na7h81fw5kr1msmjc7rvx329djp0-dotnet-sdk-8.0.300/sdk/8.0.300/Microsoft.Common.CurrentVersion.targets" from project "/home/runner/workspace/PokerGame.Core/PokerGame.Core.csproj" (target "ResolveReferences" depends on it):
       Using "AssignProjectConfiguration" task from assembly "Microsoft.Build.Tasks.Core, Version=15.1.0.0, Culture=neutral, PublicKeyToken=b03f5f7f11d50a3a".
       Task "AssignProjectConfiguration"
         Project reference "../PokerGame.Abstractions/PokerGame.Abstractions.csproj" has not been resolved.
   4:7>Done executing task "ResolvePackageAssets".
   2:6>AssignProjectConfiguration:
         Project reference "../MSA.Foundation/MSA.Foundation.csproj" has not been resolved.
   4:7>Done building target "ResolvePackageAssets" in project "MSA.Foundation.csproj".
       Target "AdjustDefaultPlatformTargetForNetFrameworkExeWithNoNativeCopyLocalItems" skipped, due to false condition; ('$(_UsingDefaultPlatformTarget)' == 'true' and
                            '$(_UsingDefaultRuntimeIdentifier)' == 'true') was evaluated as ('true' == 'true' and
                            '' == 'true').
       Target "_CheckForTransitiveWindowsDesktopDependencies" skipped, due to false condition; ('$(TargetFrameworkIdentifier)' == '.NETCoreApp' and $([MSBuild]::VersionGreaterThanOrEquals($(_TargetFrameworkVersionWithoutV), '5.0')) and '$(TargetPlatformIdentifier)' != 'Windows' and '@(TransitiveFrameworkReference)' != '') was evaluated as ('.NETCoreApp' == '.NETCoreApp' and True and '' != 'Windows' and '' != '').
       Target "AddTransitiveFrameworkReferences" skipped, due to false condition; ('@(TransitiveFrameworkReference)' != '') was evaluated as ('' != '').
   2:6>Done executing task "AssignProjectConfiguration".
   2:6>Done building target "AssignProjectConfiguration" in project "PokerGame.Core.csproj".
       Target "AssignProjectConfiguration" skipped. Previously built successfully.
   4:7>Target "ResolveLockFileReferences" in file "/nix/store/8y83na7h81fw5kr1msmjc7rvx329djp0-dotnet-sdk-8.0.300/sdk/8.0.300/Sdks/Microsoft.NET.Sdk/targets/Microsoft.PackageDependencyResolution.targets" from project "/home/runner/workspace/MSA.Foundation/MSA.Foundation.csproj" (target "ResolvePackageDependenciesForBuild" depends on it):
   4:7>Using "JoinItems" task from assembly "/nix/store/8y83na7h81fw5kr1msmjc7rvx329djp0-dotnet-sdk-8.0.300/sdk/8.0.300/Sdks/Microsoft.NET.Sdk/targets/../tools/net8.0/Microsoft.NET.Build.Tasks.dll".
       Task "JoinItems"
       Done executing task "JoinItems".
   4:7>Done building target "ResolveLockFileReferences" in project "MSA.Foundation.csproj".
       Target "ResolvePackageAssets" skipped. Previously built successfully.
   4:7>Target "ResolveLockFileAnalyzers" in file "/nix/store/8y83na7h81fw5kr1msmjc7rvx329djp0-dotnet-sdk-8.0.300/sdk/8.0.300/Sdks/Microsoft.NET.Sdk/targets/Microsoft.PackageDependencyResolution.targets" from project "/home/runner/workspace/MSA.Foundation/MSA.Foundation.csproj" (target "ResolvePackageDependenciesForBuild" depends on it):
   4:7>Done building target "ResolveLockFileAnalyzers" in project "MSA.Foundation.csproj".
       Target "ResolvePackageAssets" skipped. Previously built successfully.
       Target "RunProduceContentAssets" skipped, due to false condition; ('@(_ContentFilesToPreprocess)' != '' and '$(_CleaningWithoutRebuilding)' != 'true') was evaluated as ('' != '' and '' != 'true').
   2:6>Target "_SplitProjectReferencesByFileExistence" in file "/nix/store/8y83na7h81fw5kr1msmjc7rvx329djp0-dotnet-sdk-8.0.300/sdk/8.0.300/Microsoft.Common.CurrentVersion.targets" from project "/home/runner/workspace/PokerGame.Core/PokerGame.Core.csproj" (target "PrepareProjectReferences" depends on it):
   2:6>Task "ResolveNonMSBuildProjectOutput" skipped, due to false condition; ('$(BuildingInsideVisualStudio)'=='true' and '@(ProjectReferenceWithConfiguration)'!='') was evaluated as (''=='true' and '../PokerGame.Abstractions/PokerGame.Abstractions.csproj;../MSA.Foundation/MSA.Foundation.csproj'!='').
   4:7>Target "ResolveLockFileCopyLocalFiles" in file "/nix/store/8y83na7h81fw5kr1msmjc7rvx329djp0-dotnet-sdk-8.0.300/sdk/8.0.300/Sdks/Microsoft.NET.Sdk/targets/Microsoft.PackageDependencyResolution.targets" from project "/home/runner/workspace/MSA.Foundation/MSA.Foundation.csproj" (target "ResolvePackageDependenciesForBuild" depends on it):
   4:7>Done building target "ResolveLockFileCopyLocalFiles" in project "MSA.Foundation.csproj".
       Target "ResolveRuntimePackAssets" skipped, due to false condition; ('@(RuntimePack)' != '') was evaluated as ('' != '').
       Target "RunProduceContentAssets" skipped, due to false condition; ('@(_ContentFilesToPreprocess)' != '' and '$(_CleaningWithoutRebuilding)' != 'true') was evaluated as ('' != '' and '' != 'true').
       Target "ResolvePackageAssets" skipped. Previously built successfully.
   4:7>Target "IncludeTransitiveProjectReferences" in file "/nix/store/8y83na7h81fw5kr1msmjc7rvx329djp0-dotnet-sdk-8.0.300/sdk/8.0.300/Sdks/Microsoft.NET.Sdk/targets/Microsoft.PackageDependencyResolution.targets" from project "/home/runner/workspace/MSA.Foundation/MSA.Foundation.csproj" (target "ResolvePackageDependenciesForBuild" depends on it):
   4:7>Done building target "IncludeTransitiveProjectReferences" in project "MSA.Foundation.csproj".
   4:7>Target "ResolvePackageDependenciesForBuild" in file "/nix/store/8y83na7h81fw5kr1msmjc7rvx329djp0-dotnet-sdk-8.0.300/sdk/8.0.300/Sdks/Microsoft.NET.Sdk/targets/Microsoft.PackageDependencyResolution.targets" from project "/home/runner/workspace/MSA.Foundation/MSA.Foundation.csproj" (target "AssignProjectConfiguration" depends on it):
   4:7>Done building target "ResolvePackageDependenciesForBuild" in project "MSA.Foundation.csproj".
       Target "_System_Text_JsonAnalyzerMultiTargeting" skipped, due to false condition; ('$(SupportsRoslynComponentVersioning)' != 'true') was evaluated as ('true' != 'true').
       Target "_System_Text_JsonRemoveAnalyzers" skipped, due to false condition; ('$(DisableSystemTextJsonSourceGenerator)' == 'true') was evaluated as ('' == 'true').
   2:6>Done building target "_SplitProjectReferencesByFileExistence" in project "PokerGame.Core.csproj".
   4:7>Target "AssignProjectConfiguration" skipped, due to false condition; ('$(CurrentSolutionConfigurationContents)' != '' or '@(ProjectReference)'!='') was evaluated as ('' != '' or ''!='').
   4:7>Target "_SplitProjectReferencesByFileExistence" in file "/nix/store/8y83na7h81fw5kr1msmjc7rvx329djp0-dotnet-sdk-8.0.300/sdk/8.0.300/Microsoft.Common.CurrentVersion.targets" from project "/home/runner/workspace/MSA.Foundation/MSA.Foundation.csproj" (target "PrepareProjectReferences" depends on it):
       Task "ResolveNonMSBuildProjectOutput" skipped, due to false condition; ('$(BuildingInsideVisualStudio)'=='true' and '@(ProjectReferenceWithConfiguration)'!='') was evaluated as (''=='true' and ''!='').
   4:7>Done building target "_SplitProjectReferencesByFileExistence" in project "MSA.Foundation.csproj".
   4:7>Target "_AddOutputPathToGlobalPropertiesToRemove" in file "/nix/store/8y83na7h81fw5kr1msmjc7rvx329djp0-dotnet-sdk-8.0.300/sdk/8.0.300/Microsoft.Common.CurrentVersion.targets" from project "/home/runner/workspace/MSA.Foundation/MSA.Foundation.csproj" (target "_GetProjectReferenceTargetFrameworkProperties" depends on it):
   4:7>Done building target "_AddOutputPathToGlobalPropertiesToRemove" in project "MSA.Foundation.csproj".
   2:6>Target "_AddOutputPathToGlobalPropertiesToRemove" in file "/nix/store/8y83na7h81fw5kr1msmjc7rvx329djp0-dotnet-sdk-8.0.300/sdk/8.0.300/Microsoft.Common.CurrentVersion.targets" from project "/home/runner/workspace/PokerGame.Core/PokerGame.Core.csproj" (target "_GetProjectReferenceTargetFrameworkProperties" depends on it):
   2:6>Done building target "_AddOutputPathToGlobalPropertiesToRemove" in project "PokerGame.Core.csproj".
   4:7>Target "_GetProjectReferenceTargetFrameworkProperties" in file "/nix/store/8y83na7h81fw5kr1msmjc7rvx329djp0-dotnet-sdk-8.0.300/sdk/8.0.300/Microsoft.Common.CurrentVersion.targets" from project "/home/runner/workspace/MSA.Foundation/MSA.Foundation.csproj" (target "PrepareProjectReferences" depends on it):
   4:7>Task "MSBuild"
   2:6>Target "_GetProjectReferenceTargetFrameworkProperties" in file "/nix/store/8y83na7h81fw5kr1msmjc7rvx329djp0-dotnet-sdk-8.0.300/sdk/8.0.300/Microsoft.Common.CurrentVersion.targets" from project "/home/runner/workspace/PokerGame.Core/PokerGame.Core.csproj" (target "PrepareProjectReferences" depends on it):
   2:6>Task "MSBuild"
   4:7>Done executing task "MSBuild".
       Task "MSBuild" skipped, due to false condition; ('%(_MSBuildProjectReferenceExistent.SkipGetTargetFrameworkProperties)' != 'true' and '$(EnableDynamicPlatformResolution)' == 'true') was evaluated as ('' != 'true' and '' == 'true').
   2:6>_GetProjectReferenceTargetFrameworkProperties:
         Removing Properties:
           TargetFramework
           RuntimeIdentifier
           SelfContained
   2:6>Project "/home/runner/workspace/PokerGame.Core/PokerGame.Core.csproj" (2:6) is building "/home/runner/workspace/PokerGame.Abstractions/PokerGame.Abstractions.csproj" (3:8) on node 2 (GetTargetFrameworks target(s)).
   3:8>Target "GetTargetFrameworks" skipped. Previously built successfully.
   3:8>Done Building Project "/home/runner/workspace/PokerGame.Abstractions/PokerGame.Abstractions.csproj" (GetTargetFrameworks target(s)).
   2:6>Project "/home/runner/workspace/PokerGame.Core/PokerGame.Core.csproj" (2:6) is building "/home/runner/workspace/MSA.Foundation/MSA.Foundation.csproj" (4:9) on node 1 (GetTargetFrameworks target(s)).
   4:9>Target "GetTargetFrameworks" skipped. Previously built successfully.
   4:9>Done Building Project "/home/runner/workspace/MSA.Foundation/MSA.Foundation.csproj" (GetTargetFrameworks target(s)).
   3:7>Done executing task "MSBuild".
       Task "MSBuild" skipped, due to false condition; ('%(_MSBuildProjectReferenceExistent.SkipGetTargetFrameworkProperties)' != 'true' and '$(EnableDynamicPlatformResolution)' == 'true') was evaluated as ('' != 'true' and '' == 'true').
       Using "GetReferenceNearestTargetFrameworkTask" task from assembly "/nix/store/8y83na7h81fw5kr1msmjc7rvx329djp0-dotnet-sdk-8.0.300/sdk/8.0.300/NuGet.Build.Tasks.dll".
       Task "GetReferenceNearestTargetFrameworkTask"
       Done executing task "GetReferenceNearestTargetFrameworkTask".
       Task "GetReferenceNearestTargetFrameworkTask" skipped, due to false condition; ('@(_ProjectReferenceTargetFrameworkPossibilities)' != '' and '$(ReferringTargetFrameworkForProjectReferences)' != ''
                                                               And '$(GetReferenceNearestTargetFrameworkTaskSupportsTargetPlatformParameter)' != 'true' and '%(_ProjectReferenceTargetFrameworkPossibilities.IsVcxOrNativeProj)' != 'true') was evaluated as ('../MSA.Foundation/MSA.Foundation.csproj' != '' and '.NETCoreApp,Version=v8.0' != ''
                                                               And 'true' != 'true' and '' != 'true').
       Task "SetRidAgnosticValueForProjects"
       Done executing task "SetRidAgnosticValueForProjects".
   3:7>Done building target "_GetProjectReferenceTargetFrameworkProperties" in project "PokerGame.Abstractions.csproj".
   3:7>Target "ValidateExecutableReferences" in file "/nix/store/8y83na7h81fw5kr1msmjc7rvx329djp0-dotnet-sdk-8.0.300/sdk/8.0.300/Sdks/Microsoft.NET.Sdk/targets/Microsoft.NET.Sdk.targets" from project "/home/runner/workspace/PokerGame.Abstractions/PokerGame.Abstractions.csproj" (target "PrepareProjectReferences" depends on it):
       Using "ValidateExecutableReferences" task from assembly "/nix/store/8y83na7h81fw5kr1msmjc7rvx329djp0-dotnet-sdk-8.0.300/sdk/8.0.300/Sdks/Microsoft.NET.Sdk/targets/../tools/net8.0/Microsoft.NET.Build.Tasks.dll".
       Task "ValidateExecutableReferences"
       Done executing task "ValidateExecutableReferences".
   3:7>Done building target "ValidateExecutableReferences" in project "PokerGame.Abstractions.csproj".
       Target "_GetProjectReferencePlatformProperties" skipped, due to false condition; ('$(EnableDynamicPlatformResolution)' == 'true'
                            and '@(_MSBuildProjectReferenceExistent)' != '') was evaluated as ('' == 'true'
                            and '../MSA.Foundation/MSA.Foundation.csproj' != '').
   3:7>Target "PrepareProjectReferences" in file "/nix/store/8y83na7h81fw5kr1msmjc7rvx329djp0-dotnet-sdk-8.0.300/sdk/8.0.300/Microsoft.Common.CurrentVersion.targets" from project "/home/runner/workspace/PokerGame.Abstractions/PokerGame.Abstractions.csproj" (target "ResolveProjectReferences" depends on it):
   3:7>Done building target "PrepareProjectReferences" in project "PokerGame.Abstractions.csproj".
   3:7>Target "ResolveProjectReferences" in file "/nix/store/8y83na7h81fw5kr1msmjc7rvx329djp0-dotnet-sdk-8.0.300/sdk/8.0.300/Microsoft.Common.CurrentVersion.targets" from project "/home/runner/workspace/PokerGame.Abstractions/PokerGame.Abstractions.csproj" (target "ResolveReferences" depends on it):
       Task "MSBuild" skipped, due to false condition; ('%(_MSBuildProjectReferenceExistent.BuildReference)' == 'true' and '@(ProjectReferenceWithConfiguration)' != '' and ('$(BuildingInsideVisualStudio)' == 'true' or '$(BuildProjectReferences)' != 'true') and '$(VisualStudioVersion)' != '10.0' and '@(_MSBuildProjectReferenceExistent)' != '') was evaluated as ('true' == 'true' and '../MSA.Foundation/MSA.Foundation.csproj' != '' and ('' == 'true' or 'true' != 'true') and '17.0' != '10.0' and '../MSA.Foundation/MSA.Foundation.csproj' != '').
       Task "MSBuild"
         Removing Properties for project "../MSA.Foundation/MSA.Foundation.csproj":
           TargetFramework
           RuntimeIdentifier
           SelfContained
   2:6>Done executing task "MSBuild".
       Task "MSBuild" skipped, due to false condition; ('%(_MSBuildProjectReferenceExistent.SkipGetTargetFrameworkProperties)' != 'true' and '$(EnableDynamicPlatformResolution)' == 'true') was evaluated as ('' != 'true' and '' == 'true').
       Using "GetReferenceNearestTargetFrameworkTask" task from assembly "/nix/store/8y83na7h81fw5kr1msmjc7rvx329djp0-dotnet-sdk-8.0.300/sdk/8.0.300/NuGet.Build.Tasks.dll".
       Task "GetReferenceNearestTargetFrameworkTask"
         Assembly loaded during TaskRun (NuGet.Build.Tasks.GetReferenceNearestTargetFrameworkTask): NuGet.Frameworks, Version=6.10.0.97, Culture=neutral, PublicKeyToken=31bf3856ad364e35 (location: /nix/store/8y83na7h81fw5kr1msmjc7rvx329djp0-dotnet-sdk-8.0.300/sdk/8.0.300/NuGet.Frameworks.dll, MVID: 05e5996d-f121-4c49-b976-ad842a7e715b, AssemblyLoadContext: MSBuild plugin /nix/store/8y83na7h81fw5kr1msmjc7rvx329djp0-dotnet-sdk-8.0.300/sdk/8.0.300/NuGet.Build.Tasks.dll)
   4:7>_GetProjectReferenceTargetFrameworkProperties:
       Task "GetReferenceNearestTargetFrameworkTask" skipped, due to false condition; ('@(_ProjectReferenceTargetFrameworkPossibilities)' != '' and '$(ReferringTargetFrameworkForProjectReferences)' != ''
                                                               And '$(GetReferenceNearestTargetFrameworkTaskSupportsTargetPlatformParameter)' == 'true' and '%(_ProjectReferenceTargetFrameworkPossibilities.IsVcxOrNativeProj)' != 'true') was evaluated as ('' != '' and '.NETCoreApp,Version=v8.0' != ''
                                                               And 'true' == 'true' and '' != 'true').
       Task "GetReferenceNearestTargetFrameworkTask" skipped, due to false condition; ('@(_ProjectReferenceTargetFrameworkPossibilities)' != '' and '$(ReferringTargetFrameworkForProjectReferences)' != ''
                                                               And '$(GetReferenceNearestTargetFrameworkTaskSupportsTargetPlatformParameter)' != 'true' and '%(_ProjectReferenceTargetFrameworkPossibilities.IsVcxOrNativeProj)' != 'true') was evaluated as ('' != '' and '.NETCoreApp,Version=v8.0' != ''
                                                               And 'true' != 'true' and '' != 'true').
       Using "SetRidAgnosticValueForProjects" task from assembly "Microsoft.Build.Tasks.Core, Version=15.1.0.0, Culture=neutral, PublicKeyToken=b03f5f7f11d50a3a".
       Task "SetRidAgnosticValueForProjects"
       Done executing task "SetRidAgnosticValueForProjects".
   4:7>Done building target "_GetProjectReferenceTargetFrameworkProperties" in project "MSA.Foundation.csproj".
   4:7>Target "ValidateExecutableReferences" in file "/nix/store/8y83na7h81fw5kr1msmjc7rvx329djp0-dotnet-sdk-8.0.300/sdk/8.0.300/Sdks/Microsoft.NET.Sdk/targets/Microsoft.NET.Sdk.targets" from project "/home/runner/workspace/MSA.Foundation/MSA.Foundation.csproj" (target "PrepareProjectReferences" depends on it):
       Using "ValidateExecutableReferences" task from assembly "/nix/store/8y83na7h81fw5kr1msmjc7rvx329djp0-dotnet-sdk-8.0.300/sdk/8.0.300/Sdks/Microsoft.NET.Sdk/targets/../tools/net8.0/Microsoft.NET.Build.Tasks.dll".
       Task "ValidateExecutableReferences"
       Done executing task "ValidateExecutableReferences".
   4:7>Done building target "ValidateExecutableReferences" in project "MSA.Foundation.csproj".
       Target "_GetProjectReferencePlatformProperties" skipped, due to false condition; ('$(EnableDynamicPlatformResolution)' == 'true'
                            and '@(_MSBuildProjectReferenceExistent)' != '') was evaluated as ('' == 'true'
                            and '' != '').
   4:7>Target "PrepareProjectReferences" in file "/nix/store/8y83na7h81fw5kr1msmjc7rvx329djp0-dotnet-sdk-8.0.300/sdk/8.0.300/Microsoft.Common.CurrentVersion.targets" from project "/home/runner/workspace/MSA.Foundation/MSA.Foundation.csproj" (target "ResolveProjectReferences" depends on it):
   4:7>Done building target "PrepareProjectReferences" in project "MSA.Foundation.csproj".
   4:7>Target "ResolveProjectReferences" in file "/nix/store/8y83na7h81fw5kr1msmjc7rvx329djp0-dotnet-sdk-8.0.300/sdk/8.0.300/Microsoft.Common.CurrentVersion.targets" from project "/home/runner/workspace/MSA.Foundation/MSA.Foundation.csproj" (target "ResolveReferences" depends on it):
       Task "MSBuild" skipped, due to false condition; ('%(_MSBuildProjectReferenceExistent.BuildReference)' == 'true' and '@(ProjectReferenceWithConfiguration)' != '' and ('$(BuildingInsideVisualStudio)' == 'true' or '$(BuildProjectReferences)' != 'true') and '$(VisualStudioVersion)' != '10.0' and '@(_MSBuildProjectReferenceExistent)' != '') was evaluated as ('' == 'true' and '' != '' and ('' == 'true' or 'true' != 'true') and '17.0' != '10.0' and '' != '').
       Task "MSBuild" skipped, due to false condition; ('%(_MSBuildProjectReferenceExistent.BuildReference)' == 'true' and '@(ProjectReferenceWithConfiguration)' != '' and '$(BuildingInsideVisualStudio)' != 'true' and '$(BuildProjectReferences)' == 'true' and '@(_MSBuildProjectReferenceExistent)' != '') was evaluated as ('' == 'true' and '' != '' and '' != 'true' and 'true' == 'true' and '' != '').
       Task "MSBuild" skipped, due to false condition; ('%(_MSBuildProjectReferenceExistent.BuildReference)' == 'true' and '@(ProjectReferenceWithConfiguration)' != '' and '$(BuildingProject)' == 'true' and '@(_MSBuildProjectReferenceExistent)' != '') was evaluated as ('' == 'true' and '' != '' and 'true' == 'true' and '' != '').
       Task "Warning" skipped, due to false condition; ('@(ProjectReferenceWithConfiguration)' != '' and '@(_MSBuildProjectReferenceNonexistent)' != '') was evaluated as ('' != '' and '' != '').
   4:7>Done building target "ResolveProjectReferences" in project "MSA.Foundation.csproj".
       Target "FindInvalidProjectReferences" skipped, due to false condition; ('$(FindInvalidProjectReferences)' == 'true') was evaluated as ('' == 'true').
       Target "ResolveNativeReferences" skipped, due to false condition; ('@(NativeReference)'!='') was evaluated as (''!='').
       Target "ResolveProjectReferences" skipped. Previously built successfully.
       Target "FindInvalidProjectReferences" skipped, due to false condition; ('$(FindInvalidProjectReferences)' == 'true') was evaluated as ('' == 'true').
       Target "GetFrameworkPaths" skipped. Previously built successfully.
       Target "GetReferenceAssemblyPaths" skipped. Previously built successfully.
       Target "PrepareForBuild" skipped. Previously built successfully.
       Target "GetInstalledSDKLocations" skipped, due to false condition; ('@(SDKReference)' != '') was evaluated as ('' != '').
   4:7>Target "ResolveSDKReferences" in file "/nix/store/8y83na7h81fw5kr1msmjc7rvx329djp0-dotnet-sdk-8.0.300/sdk/8.0.300/Microsoft.Common.CurrentVersion.targets" from project "/home/runner/workspace/MSA.Foundation/MSA.Foundation.csproj" (target "ResolveAssemblyReferences" depends on it):
       Task "ResolveSDKReference" skipped, due to false condition; ('@(SDKReference)'!='') was evaluated as (''!='').
   4:7>Done building target "ResolveSDKReferences" in project "MSA.Foundation.csproj".
       Target "ResolveSDKReferences" skipped. Previously built successfully.
   4:7>Target "ExpandSDKReferences" in file "/nix/store/8y83na7h81fw5kr1msmjc7rvx329djp0-dotnet-sdk-8.0.300/sdk/8.0.300/Microsoft.Common.CurrentVersion.targets" from project "/home/runner/workspace/MSA.Foundation/MSA.Foundation.csproj" (target "ResolveAssemblyReferences" depends on it):
       Task "GetSDKReferenceFiles" skipped, due to false condition; ('@(ResolvedSDKReference)'!='') was evaluated as (''!='').
   4:7>Done building target "ExpandSDKReferences" in project "MSA.Foundation.csproj".
       Target "ResolvePackageDependenciesForBuild" skipped. Previously built successfully.
       Target "GetFrameworkPaths" skipped. Previously built successfully.
       Target "GetReferenceAssemblyPaths" skipped. Previously built successfully.
       Target "ProcessFrameworkReferences" skipped. Previously built successfully.
       Target "ResolvePackageAssets" skipped. Previously built successfully.
   4:7>Target "ResolveFrameworkReferences" in file "/nix/store/8y83na7h81fw5kr1msmjc7rvx329djp0-dotnet-sdk-8.0.300/sdk/8.0.300/Sdks/Microsoft.NET.Sdk/targets/Microsoft.NET.Sdk.FrameworkReferenceResolution.targets" from project "/home/runner/workspace/MSA.Foundation/MSA.Foundation.csproj" (target "ResolveTargetingPackAssets" depends on it):
       Using "GetPackageDirectory" task from assembly "/nix/store/8y83na7h81fw5kr1msmjc7rvx329djp0-dotnet-sdk-8.0.300/sdk/8.0.300/Sdks/Microsoft.NET.Sdk/targets/../tools/net8.0/Microsoft.NET.Build.Tasks.dll".
       Task "GetPackageDirectory"
       Done executing task "GetPackageDirectory".
       Task "GetPackageDirectory"
       Done executing task "GetPackageDirectory".
       Task "GetPackageDirectory"
       Done executing task "GetPackageDirectory".
       Task "GetPackageDirectory"
       Done executing task "GetPackageDirectory".
       Task "GetPackageDirectory"
       Done executing task "GetPackageDirectory".
       Task "GetPackageDirectory"
       Done executing task "GetPackageDirectory".
       Task "GetPackageDirectory"
       Done executing task "GetPackageDirectory".
       Task "GetPackageDirectory"
       Done executing task "GetPackageDirectory".
       Task "GetPackageDirectory"
       Done executing task "GetPackageDirectory".
       Task "GetPackageDirectory"
       Done executing task "GetPackageDirectory".
       Using "ResolveFrameworkReferences" task from assembly "/nix/store/8y83na7h81fw5kr1msmjc7rvx329djp0-dotnet-sdk-8.0.300/sdk/8.0.300/Sdks/Microsoft.NET.Sdk/targets/../tools/net8.0/Microsoft.NET.Build.Tasks.dll".
       Task "ResolveFrameworkReferences"
       Done executing task "ResolveFrameworkReferences".
   4:7>Done building target "ResolveFrameworkReferences" in project "MSA.Foundation.csproj".
   4:7>Target "ResolveTargetingPackAssets" in file "/nix/store/8y83na7h81fw5kr1msmjc7rvx329djp0-dotnet-sdk-8.0.300/sdk/8.0.300/Sdks/Microsoft.NET.Sdk/targets/Microsoft.NET.Sdk.FrameworkReferenceResolution.targets" from project "/home/runner/workspace/MSA.Foundation/MSA.Foundation.csproj" (target "_HandlePackageFileConflicts" depends on it):
       Using "ResolveTargetingPackAssets" task from assembly "/nix/store/8y83na7h81fw5kr1msmjc7rvx329djp0-dotnet-sdk-8.0.300/sdk/8.0.300/Sdks/Microsoft.NET.Sdk/targets/../tools/net8.0/Microsoft.NET.Build.Tasks.dll".
       Task "ResolveTargetingPackAssets"
       Done executing task "ResolveTargetingPackAssets".
   4:7>Done building target "ResolveTargetingPackAssets" in project "MSA.Foundation.csproj".
   4:7>Target "ResolveOffByDefaultAnalyzers" in file "/nix/store/8y83na7h81fw5kr1msmjc7rvx329djp0-dotnet-sdk-8.0.300/sdk/8.0.300/Sdks/Microsoft.NET.Sdk/targets/Microsoft.NET.Sdk.FrameworkReferenceResolution.targets" from project "/home/runner/workspace/MSA.Foundation/MSA.Foundation.csproj" (target "_HandlePackageFileConflicts" depends on it):
   4:7>Done building target "ResolveOffByDefaultAnalyzers" in project "MSA.Foundation.csproj".
   4:7>Target "_HandlePackageFileConflicts" in file "/nix/store/8y83na7h81fw5kr1msmjc7rvx329djp0-dotnet-sdk-8.0.300/sdk/8.0.300/Sdks/Microsoft.NET.Sdk/targets/Microsoft.NET.ConflictResolution.targets" from project "/home/runner/workspace/MSA.Foundation/MSA.Foundation.csproj" (target "ResolveAssemblyReferences" depends on it):
       Using "ResolvePackageFileConflicts" task from assembly "/nix/store/8y83na7h81fw5kr1msmjc7rvx329djp0-dotnet-sdk-8.0.300/sdk/8.0.300/Sdks/Microsoft.NET.Sdk/targets/../tools/net8.0/Microsoft.NET.Build.Tasks.dll".
       Task "ResolvePackageFileConflicts"
         Encountered conflict between 'Reference:/home/runner/.nuget/packages/system.diagnostics.diagnosticsource/5.0.0/lib/net5.0/System.Diagnostics.DiagnosticSource.dll' and 'Reference:/nix/store/8y83na7h81fw5kr1msmjc7rvx329djp0-dotnet-sdk-8.0.300/packs/Microsoft.NETCore.App.Ref/8.0.5/ref/net8.0/System.Diagnostics.DiagnosticSource.dll'. Choosing 'Reference:/nix/store/8y83na7h81fw5kr1msmjc7rvx329djp0-dotnet-sdk-8.0.300/packs/Microsoft.NETCore.App.Ref/8.0.5/ref/net8.0/System.Diagnostics.DiagnosticSource.dll' because AssemblyVersion '8.0.0.0' is greater than '5.0.0.0'.
         Encountered conflict between 'Reference:/home/runner/.nuget/packages/system.reflection.dispatchproxy/4.7.1/ref/netstandard2.0/System.Reflection.DispatchProxy.dll' and 'Reference:/nix/store/8y83na7h81fw5kr1msmjc7rvx329djp0-dotnet-sdk-8.0.300/packs/Microsoft.NETCore.App.Ref/8.0.5/ref/net8.0/System.Reflection.DispatchProxy.dll'. Choosing 'Reference:/nix/store/8y83na7h81fw5kr1msmjc7rvx329djp0-dotnet-sdk-8.0.300/packs/Microsoft.NETCore.App.Ref/8.0.5/ref/net8.0/System.Reflection.DispatchProxy.dll' because AssemblyVersion '8.0.0.0' is greater than '4.0.6.0'.
         Encountered conflict between 'Reference:/home/runner/.nuget/packages/system.security.accesscontrol/5.0.0/ref/netstandard2.0/System.Security.AccessControl.dll' and 'Reference:/nix/store/8y83na7h81fw5kr1msmjc7rvx329djp0-dotnet-sdk-8.0.300/packs/Microsoft.NETCore.App.Ref/8.0.5/ref/net8.0/System.Security.AccessControl.dll'. Choosing 'Reference:/nix/store/8y83na7h81fw5kr1msmjc7rvx329djp0-dotnet-sdk-8.0.300/packs/Microsoft.NETCore.App.Ref/8.0.5/ref/net8.0/System.Security.AccessControl.dll' because AssemblyVersion '8.0.0.0' is greater than '5.0.0.0'.
         Encountered conflict between 'Reference:/home/runner/.nuget/packages/system.security.principal.windows/5.0.0/ref/netcoreapp3.0/System.Security.Principal.Windows.dll' and 'Reference:/nix/store/8y83na7h81fw5kr1msmjc7rvx329djp0-dotnet-sdk-8.0.300/packs/Microsoft.NETCore.App.Ref/8.0.5/ref/net8.0/System.Security.Principal.Windows.dll'. Choosing 'Reference:/nix/store/8y83na7h81fw5kr1msmjc7rvx329djp0-dotnet-sdk-8.0.300/packs/Microsoft.NETCore.App.Ref/8.0.5/ref/net8.0/System.Security.Principal.Windows.dll' because AssemblyVersion '8.0.0.0' is greater than '5.0.0.0'.
         Encountered conflict between 'Reference:/home/runner/.nuget/packages/system.text.encodings.web/8.0.0/lib/net8.0/System.Text.Encodings.Web.dll' and 'Reference:/nix/store/8y83na7h81fw5kr1msmjc7rvx329djp0-dotnet-sdk-8.0.300/packs/Microsoft.NETCore.App.Ref/8.0.5/ref/net8.0/System.Text.Encodings.Web.dll'. Choosing 'Reference:/nix/store/8y83na7h81fw5kr1msmjc7rvx329djp0-dotnet-sdk-8.0.300/packs/Microsoft.NETCore.App.Ref/8.0.5/ref/net8.0/System.Text.Encodings.Web.dll' because file version '8.0.524.21615' is greater than '8.0.23.53103'.
         Encountered conflict between 'Reference:/home/runner/.nuget/packages/system.text.json/8.0.0/lib/net8.0/System.Text.Json.dll' and 'Reference:/nix/store/8y83na7h81fw5kr1msmjc7rvx329djp0-dotnet-sdk-8.0.300/packs/Microsoft.NETCore.App.Ref/8.0.5/ref/net8.0/System.Text.Json.dll'. Choosing 'Reference:/nix/store/8y83na7h81fw5kr1msmjc7rvx329djp0-dotnet-sdk-8.0.300/packs/Microsoft.NETCore.App.Ref/8.0.5/ref/net8.0/System.Text.Json.dll' because file version '8.0.524.21615' is greater than '8.0.23.53103'.
   2:6>Done executing task "GetReferenceNearestTargetFrameworkTask".
   4:7>_HandlePackageFileConflicts:
         Encountered conflict between 'Analyzer:/home/runner/.nuget/packages/system.text.json/8.0.0/analyzers/dotnet/roslyn4.4/cs/System.Text.Json.SourceGeneration.dll' and 'Analyzer:/nix/store/8y83na7h81fw5kr1msmjc7rvx329djp0-dotnet-sdk-8.0.300/packs/Microsoft.NETCore.App.Ref/8.0.5/analyzers/dotnet/cs/System.Text.Json.SourceGeneration.dll'. Choosing 'Analyzer:/nix/store/8y83na7h81fw5kr1msmjc7rvx329djp0-dotnet-sdk-8.0.300/packs/Microsoft.NETCore.App.Ref/8.0.5/analyzers/dotnet/cs/System.Text.Json.SourceGeneration.dll' because AssemblyVersion '8.0.10.21615' is greater than '8.0.9.3103'.
         Encountered conflict between 'Platform:System.Diagnostics.DiagnosticSource.dll' and 'Runtime:/home/runner/.nuget/packages/system.diagnostics.diagnosticsource/5.0.0/lib/net5.0/System.Diagnostics.DiagnosticSource.dll'. Choosing 'Platform:System.Diagnostics.DiagnosticSource.dll' because AssemblyVersion '8.0.0.0' is greater than '5.0.0.0'.
         Encountered conflict between 'Platform:System.Formats.Asn1.dll' and 'Runtime:/home/runner/.nuget/packages/system.formats.asn1/5.0.0/lib/netstandard2.0/System.Formats.Asn1.dll'. Choosing 'Platform:System.Formats.Asn1.dll' because AssemblyVersion '8.0.0.0' is greater than '5.0.0.0'.
         Encountered conflict between 'Platform:System.Reflection.DispatchProxy.dll' and 'Runtime:/home/runner/.nuget/packages/system.reflection.dispatchproxy/4.7.1/lib/netcoreapp2.0/System.Reflection.DispatchProxy.dll'. Choosing 'Platform:System.Reflection.DispatchProxy.dll' because AssemblyVersion '8.0.0.0' is greater than '4.0.6.0'.
         Encountered conflict between 'Platform:System.Security.AccessControl.dll' and 'Runtime:/home/runner/.nuget/packages/system.security.accesscontrol/5.0.0/lib/netstandard2.0/System.Security.AccessControl.dll'. Choosing 'Platform:System.Security.AccessControl.dll' because AssemblyVersion '8.0.0.0' is greater than '5.0.0.0'.
         Encountered conflict between 'Platform:System.Security.Cryptography.Cng.dll' and 'Runtime:/home/runner/.nuget/packages/system.security.cryptography.cng/5.0.0/lib/netcoreapp3.0/System.Security.Cryptography.Cng.dll'. Choosing 'Platform:System.Security.Cryptography.Cng.dll' because AssemblyVersion '8.0.0.0' is greater than '5.0.0.0'.
         Encountered conflict between 'Platform:System.Security.Principal.Windows.dll' and 'Runtime:/home/runner/.nuget/packages/system.security.principal.windows/5.0.0/lib/netstandard2.0/System.Security.Principal.Windows.dll'. Choosing 'Platform:System.Security.Principal.Windows.dll' because AssemblyVersion '8.0.0.0' is greater than '5.0.0.0'.
         Encountered conflict between 'Platform:System.Text.Encodings.Web.dll' and 'Runtime:/home/runner/.nuget/packages/system.text.encodings.web/8.0.0/lib/net8.0/System.Text.Encodings.Web.dll'. Choosing 'Platform:System.Text.Encodings.Web.dll' because file version '8.0.524.21615' is greater than '8.0.23.53103'.
         Encountered conflict between 'Platform:System.Text.Json.dll' and 'Runtime:/home/runner/.nuget/packages/system.text.json/8.0.0/lib/net8.0/System.Text.Json.dll'. Choosing 'Platform:System.Text.Json.dll' because file version '8.0.524.21615' is greater than '8.0.23.53103'.
         Encountered conflict between 'Platform:System.Security.AccessControl.dll' and 'Runtime:/home/runner/.nuget/packages/system.security.accesscontrol/5.0.0/runtimes/win/lib/netcoreapp2.0/System.Security.AccessControl.dll'. Choosing 'Platform:System.Security.AccessControl.dll' because AssemblyVersion '8.0.0.0' is greater than '5.0.0.0'.
         Encountered conflict between 'Platform:System.Security.Cryptography.Cng.dll' and 'Runtime:/home/runner/.nuget/packages/system.security.cryptography.cng/5.0.0/runtimes/win/lib/netcoreapp3.0/System.Security.Cryptography.Cng.dll'. Choosing 'Platform:System.Security.Cryptography.Cng.dll' because AssemblyVersion '8.0.0.0' is greater than '5.0.0.0'.
         Encountered conflict between 'Platform:System.Security.Principal.Windows.dll' and 'Runtime:/home/runner/.nuget/packages/system.security.principal.windows/5.0.0/runtimes/unix/lib/netcoreapp2.1/System.Security.Principal.Windows.dll'. Choosing 'Platform:System.Security.Principal.Windows.dll' because AssemblyVersion '8.0.0.0' is greater than '5.0.0.0'.
         Encountered conflict between 'Platform:System.Security.Principal.Windows.dll' and 'Runtime:/home/runner/.nuget/packages/system.security.principal.windows/5.0.0/runtimes/win/lib/netcoreapp2.1/System.Security.Principal.Windows.dll'. Choosing 'Platform:System.Security.Principal.Windows.dll' because AssemblyVersion '8.0.0.0' is greater than '5.0.0.0'.
         Encountered conflict between 'Platform:System.Text.Encodings.Web.dll' and 'Runtime:/home/runner/.nuget/packages/system.text.encodings.web/8.0.0/runtimes/browser/lib/net8.0/System.Text.Encodings.Web.dll'. Choosing 'Platform:System.Text.Encodings.Web.dll' because file version '8.0.524.21615' is greater than '8.0.23.53103'.
         Encountered conflict between 'Platform:mscorlib.dll' and 'Platform:mscorlib.dll'. Could not determine winner due to equal file and assembly versions.
         Encountered conflict between 'Platform:Microsoft.VisualBasic.dll' and 'Platform:Microsoft.VisualBasic.dll'. Could not determine winner due to equal file and assembly versions.
         Encountered conflict between 'Platform:System.dll' and 'Platform:System.dll'. Could not determine winner due to equal file and assembly versions.
         Encountered conflict between 'Platform:System.ComponentModel.DataAnnotations.dll' and 'Platform:System.ComponentModel.DataAnnotations.dll'. Could not determine winner due to equal file and assembly versions.
         Encountered conflict between 'Platform:System.Configuration.dll' and 'Platform:System.Configuration.dll'. Could not determine winner due to equal file and assembly versions.
         Encountered conflict between 'Platform:System.Core.dll' and 'Platform:System.Core.dll'. Could not determine winner due to equal file and assembly versions.
         Encountered conflict between 'Platform:System.Data.dll' and 'Platform:System.Data.dll'. Could not determine winner due to equal file and assembly versions.
         Encountered conflict between 'Platform:System.Drawing.dll' and 'Platform:System.Drawing.dll'. Could not determine winner due to equal file and assembly versions.
         Encountered conflict between 'Platform:System.IO.Compression.FileSystem.dll' and 'Platform:System.IO.Compression.FileSystem.dll'. Could not determine winner due to equal file and assembly versions.
         Encountered conflict between 'Platform:System.Net.dll' and 'Platform:System.Net.dll'. Could not determine winner due to equal file and assembly versions.
         Encountered conflict between 'Platform:System.Numerics.dll' and 'Platform:System.Numerics.dll'. Could not determine winner due to equal file and assembly versions.
         Encountered conflict between 'Platform:System.Runtime.Serialization.dll' and 'Platform:System.Runtime.Serialization.dll'. Could not determine winner due to equal file and assembly versions.
         Encountered conflict between 'Platform:System.Security.dll' and 'Platform:System.Security.dll'. Could not determine winner due to equal file and assembly versions.
         Encountered conflict between 'Platform:System.ServiceProcess.dll' and 'Platform:System.ServiceProcess.dll'. Could not determine winner due to equal file and assembly versions.
         Encountered conflict between 'Platform:System.ServiceModel.Web.dll' and 'Platform:System.ServiceModel.Web.dll'. Could not determine winner due to equal file and assembly versions.
         Encountered conflict between 'Platform:System.Transactions.dll' and 'Platform:System.Transactions.dll'. Could not determine winner due to equal file and assembly versions.
         Encountered conflict between 'Platform:System.Web.dll' and 'Platform:System.Web.dll'. Could not determine winner due to equal file and assembly versions.
         Encountered conflict between 'Platform:System.Windows.dll' and 'Platform:System.Windows.dll'. Could not determine winner due to equal file and assembly versions.
         Encountered conflict between 'Platform:System.Xml.dll' and 'Platform:System.Xml.dll'. Could not determine winner due to equal file and assembly versions.
         Encountered conflict between 'Platform:System.Xml.Serialization.dll' and 'Platform:System.Xml.Serialization.dll'. Could not determine winner due to equal file and assembly versions.
         Encountered conflict between 'Platform:System.Xml.Linq.dll' and 'Platform:System.Xml.Linq.dll'. Could not determine winner due to equal file and assembly versions.
         Encountered conflict between 'Platform:WindowsBase.dll' and 'Platform:WindowsBase.dll'. Could not determine winner due to equal file and assembly versions.
         Encountered conflict between 'Platform:netstandard.dll' and 'Platform:netstandard.dll'. Could not determine winner due to equal file and assembly versions.
         Encountered conflict between 'Platform:System.Private.CoreLib.dll' and 'Platform:System.Private.CoreLib.dll'. Could not determine winner due to equal file and assembly versions.
         Encountered conflict between 'Platform:System.Private.DataContractSerialization.dll' and 'Platform:System.Private.DataContractSerialization.dll'. Could not determine winner due to equal file and assembly versions.
         Encountered conflict between 'Platform:System.Private.Uri.dll' and 'Platform:System.Private.Uri.dll'. Could not determine winner due to equal file and assembly versions.
         Encountered conflict between 'Platform:System.Private.Xml.dll' and 'Platform:System.Private.Xml.dll'. Could not determine winner due to equal file and assembly versions.
         Encountered conflict between 'Platform:System.Private.Xml.Linq.dll' and 'Platform:System.Private.Xml.Linq.dll'. Could not determine winner due to equal file and assembly versions.
         Encountered conflict between 'Platform:mscordaccore_amd64_amd64_8.0.524.21615.dll' and 'Platform:mscordaccore_amd64_amd64_8.0.524.21615.dll'. Could not determine winner due to equal file and assembly versions.
       Done executing task "ResolvePackageFileConflicts".
   2:6>_GetProjectReferenceTargetFrameworkProperties:
       Task "GetReferenceNearestTargetFrameworkTask" skipped, due to false condition; ('@(_ProjectReferenceTargetFrameworkPossibilities)' != '' and '$(ReferringTargetFrameworkForProjectReferences)' != ''
                                                               And '$(GetReferenceNearestTargetFrameworkTaskSupportsTargetPlatformParameter)' != 'true' and '%(_ProjectReferenceTargetFrameworkPossibilities.IsVcxOrNativeProj)' != 'true') was evaluated as ('../PokerGame.Abstractions/PokerGame.Abstractions.csproj;../MSA.Foundation/MSA.Foundation.csproj' != '' and '.NETCoreApp,Version=v8.0' != ''
                                                               And 'true' != 'true' and '' != 'true').
   4:7>Done building target "_HandlePackageFileConflicts" in project "MSA.Foundation.csproj".
       Target "ResolveTargetingPackAssets" skipped. Previously built successfully.
   2:6>_GetProjectReferenceTargetFrameworkProperties:
       Using "SetRidAgnosticValueForProjects" task from assembly "Microsoft.Build.Tasks.Core, Version=15.1.0.0, Culture=neutral, PublicKeyToken=b03f5f7f11d50a3a".
       Task "SetRidAgnosticValueForProjects"
   4:7>Target "ResolveAssemblyReferences" in file "/nix/store/8y83na7h81fw5kr1msmjc7rvx329djp0-dotnet-sdk-8.0.300/sdk/8.0.300/Microsoft.Common.CurrentVersion.targets" from project "/home/runner/workspace/MSA.Foundation/MSA.Foundation.csproj" (target "ResolveReferences" depends on it):
   4:7>Using "ResolveAssemblyReference" task from assembly "Microsoft.Build.Tasks.Core, Version=15.1.0.0, Culture=neutral, PublicKeyToken=b03f5f7f11d50a3a".
       Task "ResolveAssemblyReference"
   2:6>Done executing task "SetRidAgnosticValueForProjects".
   4:7>ResolveAssemblyReferences:
         TargetFrameworkMoniker:
             .NETCoreApp,Version=v8.0
         TargetFrameworkMonikerDisplayName:
             .NET 8.0
         TargetedRuntimeVersion:
             
         Assemblies:
             /home/runner/.nuget/packages/asyncio/0.1.69/lib/netstandard2.0/AsyncIO.dll
                 Private = 'false'
                 HintPath = '/home/runner/.nuget/packages/asyncio/0.1.69/lib/netstandard2.0/AsyncIO.dll'
             /home/runner/.nuget/packages/microsoft.applicationinsights/2.22.0/lib/netstandard2.0/Microsoft.ApplicationInsights.dll
                 Private = 'false'
                 HintPath = '/home/runner/.nuget/packages/microsoft.applicationinsights/2.22.0/lib/netstandard2.0/Microsoft.ApplicationInsights.dll'
             /home/runner/.nuget/packages/microsoft.applicationinsights.dependencycollector/2.22.0/lib/netstandard2.0/Microsoft.AI.DependencyCollector.dll
                 Private = 'false'
                 HintPath = '/home/runner/.nuget/packages/microsoft.applicationinsights.dependencycollector/2.22.0/lib/netstandard2.0/Microsoft.AI.DependencyCollector.dll'
             /home/runner/.nuget/packages/microsoft.bcl.asyncinterfaces/5.0.0/lib/netstandard2.1/Microsoft.Bcl.AsyncInterfaces.dll
                 Private = 'false'
                 HintPath = '/home/runner/.nuget/packages/microsoft.bcl.asyncinterfaces/5.0.0/lib/netstandard2.1/Microsoft.Bcl.AsyncInterfaces.dll'
             /home/runner/.nuget/packages/microsoft.extensions.configuration/8.0.0/lib/net8.0/Microsoft.Extensions.Configuration.dll
                 Private = 'false'
                 HintPath = '/home/runner/.nuget/packages/microsoft.extensions.configuration/8.0.0/lib/net8.0/Microsoft.Extensions.Configuration.dll'
             /home/runner/.nuget/packages/microsoft.extensions.configuration.abstractions/8.0.0/lib/net8.0/Microsoft.Extensions.Configuration.Abstractions.dll
                 Private = 'false'
                 HintPath = '/home/runner/.nuget/packages/microsoft.extensions.configuration.abstractions/8.0.0/lib/net8.0/Microsoft.Extensions.Configuration.Abstractions.dll'
             /home/runner/.nuget/packages/microsoft.extensions.configuration.environmentvariables/8.0.0/lib/net8.0/Microsoft.Extensions.Configuration.EnvironmentVariables.dll
                 Private = 'false'
                 HintPath = '/home/runner/.nuget/packages/microsoft.extensions.configuration.environmentvariables/8.0.0/lib/net8.0/Microsoft.Extensions.Configuration.EnvironmentVariables.dll'
             /home/runner/.nuget/packages/microsoft.extensions.configuration.fileextensions/8.0.0/lib/net8.0/Microsoft.Extensions.Configuration.FileExtensions.dll
                 Private = 'false'
                 HintPath = '/home/runner/.nuget/packages/microsoft.extensions.configuration.fileextensions/8.0.0/lib/net8.0/Microsoft.Extensions.Configuration.FileExtensions.dll'
             /home/runner/.nuget/packages/microsoft.extensions.configuration.json/8.0.0/lib/net8.0/Microsoft.Extensions.Configuration.Json.dll
                 Private = 'false'
                 HintPath = '/home/runner/.nuget/packages/microsoft.extensions.configuration.json/8.0.0/lib/net8.0/Microsoft.Extensions.Configuration.Json.dll'
             /home/runner/.nuget/packages/microsoft.extensions.fileproviders.abstractions/8.0.0/lib/net8.0/Microsoft.Extensions.FileProviders.Abstractions.dll
                 Private = 'false'
                 HintPath = '/home/runner/.nuget/packages/microsoft.extensions.fileproviders.abstractions/8.0.0/lib/net8.0/Microsoft.Extensions.FileProviders.Abstractions.dll'
             /home/runner/.nuget/packages/microsoft.extensions.fileproviders.physical/8.0.0/lib/net8.0/Microsoft.Extensions.FileProviders.Physical.dll
                 Private = 'false'
                 HintPath = '/home/runner/.nuget/packages/microsoft.extensions.fileproviders.physical/8.0.0/lib/net8.0/Microsoft.Extensions.FileProviders.Physical.dll'
             /home/runner/.nuget/packages/microsoft.extensions.filesystemglobbing/8.0.0/lib/net8.0/Microsoft.Extensions.FileSystemGlobbing.dll
                 Private = 'false'
                 HintPath = '/home/runner/.nuget/packages/microsoft.extensions.filesystemglobbing/8.0.0/lib/net8.0/Microsoft.Extensions.FileSystemGlobbing.dll'
             /home/runner/.nuget/packages/microsoft.extensions.objectpool/5.0.10/lib/net5.0/Microsoft.Extensions.ObjectPool.dll
                 Private = 'false'
                 HintPath = '/home/runner/.nuget/packages/microsoft.extensions.objectpool/5.0.10/lib/net5.0/Microsoft.Extensions.ObjectPool.dll'
             /home/runner/.nuget/packages/microsoft.extensions.primitives/8.0.0/lib/net8.0/Microsoft.Extensions.Primitives.dll
                 Private = 'false'
                 HintPath = '/home/runner/.nuget/packages/microsoft.extensions.primitives/8.0.0/lib/net8.0/Microsoft.Extensions.Primitives.dll'
             /home/runner/.nuget/packages/nacl.net/0.1.13/lib/netstandard2.1/NaCl.dll
                 Private = 'false'
                 HintPath = '/home/runner/.nuget/packages/nacl.net/0.1.13/lib/netstandard2.1/NaCl.dll'
             /home/runner/.nuget/packages/netmq/4.0.1.13/lib/netstandard2.1/NetMQ.dll
                 Private = 'false'
                 HintPath = '/home/runner/.nuget/packages/netmq/4.0.1.13/lib/netstandard2.1/NetMQ.dll'
             /home/runner/.nuget/packages/system.commandline/2.0.0-beta4.22272.1/lib/net6.0/System.CommandLine.dll
                 Private = 'false'
                 HintPath = '/home/runner/.nuget/packages/system.commandline/2.0.0-beta4.22272.1/lib/net6.0/System.CommandLine.dll'
             /home/runner/.nuget/packages/system.drawing.common/5.0.0/ref/netcoreapp3.0/System.Drawing.Common.dll
                 Private = 'false'
                 HintPath = '/home/runner/.nuget/packages/system.drawing.common/5.0.0/ref/netcoreapp3.0/System.Drawing.Common.dll'
             /home/runner/.nuget/packages/system.security.cryptography.xml/5.0.0/ref/netstandard2.0/System.Security.Cryptography.Xml.dll
                 Private = 'false'
                 HintPath = '/home/runner/.nuget/packages/system.security.cryptography.xml/5.0.0/ref/netstandard2.0/System.Security.Cryptography.Xml.dll'
             /home/runner/.nuget/packages/system.security.permissions/5.0.0/ref/net5.0/System.Security.Permissions.dll
                 Private = 'false'
                 HintPath = '/home/runner/.nuget/packages/system.security.permissions/5.0.0/ref/net5.0/System.Security.Permissions.dll'
             /home/runner/.nuget/packages/system.servicemodel.primitives/4.9.0/ref/net6.0/System.ServiceModel.Primitives.dll
                 Private = 'false'
                 HintPath = '/home/runner/.nuget/packages/system.servicemodel.primitives/4.9.0/ref/net6.0/System.ServiceModel.Primitives.dll'
             /home/runner/.nuget/packages/system.servicemodel.primitives/4.9.0/ref/net6.0/System.ServiceModel.dll
                 Private = 'false'
                 HintPath = '/home/runner/.nuget/packages/system.servicemodel.primitives/4.9.0/ref/net6.0/System.ServiceModel.dll'
             /home/runner/.nuget/packages/system.windows.extensions/5.0.0/ref/netcoreapp3.0/System.Windows.Extensions.dll
                 Private = 'false'
                 HintPath = '/home/runner/.nuget/packages/system.windows.extensions/5.0.0/ref/netcoreapp3.0/System.Windows.Extensions.dll'
             /nix/store/8y83na7h81fw5kr1msmjc7rvx329djp0-dotnet-sdk-8.0.300/packs/Microsoft.NETCore.App.Ref/8.0.5/ref/net8.0/Microsoft.CSharp.dll
                 Private = 'false'
             /nix/store/8y83na7h81fw5kr1msmjc7rvx329djp0-dotnet-sdk-8.0.300/packs/Microsoft.NETCore.App.Ref/8.0.5/ref/net8.0/Microsoft.VisualBasic.Core.dll
                 Private = 'false'
             /nix/store/8y83na7h81fw5kr1msmjc7rvx329djp0-dotnet-sdk-8.0.300/packs/Microsoft.NETCore.App.Ref/8.0.5/ref/net8.0/Microsoft.VisualBasic.dll
                 Private = 'false'
             /nix/store/8y83na7h81fw5kr1msmjc7rvx329djp0-dotnet-sdk-8.0.300/packs/Microsoft.NETCore.App.Ref/8.0.5/ref/net8.0/Microsoft.Win32.Primitives.dll
                 Private = 'false'
             /nix/store/8y83na7h81fw5kr1msmjc7rvx329djp0-dotnet-sdk-8.0.300/packs/Microsoft.NETCore.App.Ref/8.0.5/ref/net8.0/Microsoft.Win32.Registry.dll
                 Private = 'false'
             /nix/store/8y83na7h81fw5kr1msmjc7rvx329djp0-dotnet-sdk-8.0.300/packs/Microsoft.NETCore.App.Ref/8.0.5/ref/net8.0/System.AppContext.dll
                 Private = 'false'
             /nix/store/8y83na7h81fw5kr1msmjc7rvx329djp0-dotnet-sdk-8.0.300/packs/Microsoft.NETCore.App.Ref/8.0.5/ref/net8.0/System.Buffers.dll
                 Private = 'false'
             /nix/store/8y83na7h81fw5kr1msmjc7rvx329djp0-dotnet-sdk-8.0.300/packs/Microsoft.NETCore.App.Ref/8.0.5/ref/net8.0/System.Collections.Concurrent.dll
                 Private = 'false'
             /nix/store/8y83na7h81fw5kr1msmjc7rvx329djp0-dotnet-sdk-8.0.300/packs/Microsoft.NETCore.App.Ref/8.0.5/ref/net8.0/System.Collections.Immutable.dll
                 Private = 'false'
             /nix/store/8y83na7h81fw5kr1msmjc7rvx329djp0-dotnet-sdk-8.0.300/packs/Microsoft.NETCore.App.Ref/8.0.5/ref/net8.0/System.Collections.NonGeneric.dll
                 Private = 'false'
             /nix/store/8y83na7h81fw5kr1msmjc7rvx329djp0-dotnet-sdk-8.0.300/packs/Microsoft.NETCore.App.Ref/8.0.5/ref/net8.0/System.Collections.Specialized.dll
                 Private = 'false'
             /nix/store/8y83na7h81fw5kr1msmjc7rvx329djp0-dotnet-sdk-8.0.300/packs/Microsoft.NETCore.App.Ref/8.0.5/ref/net8.0/System.Collections.dll
                 Private = 'false'
             /nix/store/8y83na7h81fw5kr1msmjc7rvx329djp0-dotnet-sdk-8.0.300/packs/Microsoft.NETCore.App.Ref/8.0.5/ref/net8.0/System.ComponentModel.Annotations.dll
                 Private = 'false'
             /nix/store/8y83na7h81fw5kr1msmjc7rvx329djp0-dotnet-sdk-8.0.300/packs/Microsoft.NETCore.App.Ref/8.0.5/ref/net8.0/System.ComponentModel.DataAnnotations.dll
                 Private = 'false'
             /nix/store/8y83na7h81fw5kr1msmjc7rvx329djp0-dotnet-sdk-8.0.300/packs/Microsoft.NETCore.App.Ref/8.0.5/ref/net8.0/System.ComponentModel.EventBasedAsync.dll
                 Private = 'false'
             /nix/store/8y83na7h81fw5kr1msmjc7rvx329djp0-dotnet-sdk-8.0.300/packs/Microsoft.NETCore.App.Ref/8.0.5/ref/net8.0/System.ComponentModel.Primitives.dll
                 Private = 'false'
             /nix/store/8y83na7h81fw5kr1msmjc7rvx329djp0-dotnet-sdk-8.0.300/packs/Microsoft.NETCore.App.Ref/8.0.5/ref/net8.0/System.ComponentModel.TypeConverter.dll
                 Private = 'false'
             /nix/store/8y83na7h81fw5kr1msmjc7rvx329djp0-dotnet-sdk-8.0.300/packs/Microsoft.NETCore.App.Ref/8.0.5/ref/net8.0/System.ComponentModel.dll
                 Private = 'false'
             /nix/store/8y83na7h81fw5kr1msmjc7rvx329djp0-dotnet-sdk-8.0.300/packs/Microsoft.NETCore.App.Ref/8.0.5/ref/net8.0/System.Configuration.dll
                 Private = 'false'
             /nix/store/8y83na7h81fw5kr1msmjc7rvx329djp0-dotnet-sdk-8.0.300/packs/Microsoft.NETCore.App.Ref/8.0.5/ref/net8.0/System.Console.dll
                 Private = 'false'
             /nix/store/8y83na7h81fw5kr1msmjc7rvx329djp0-dotnet-sdk-8.0.300/packs/Microsoft.NETCore.App.Ref/8.0.5/ref/net8.0/System.Core.dll
                 Private = 'false'
             /nix/store/8y83na7h81fw5kr1msmjc7rvx329djp0-dotnet-sdk-8.0.300/packs/Microsoft.NETCore.App.Ref/8.0.5/ref/net8.0/System.Data.Common.dll
                 Private = 'false'
             /nix/store/8y83na7h81fw5kr1msmjc7rvx329djp0-dotnet-sdk-8.0.300/packs/Microsoft.NETCore.App.Ref/8.0.5/ref/net8.0/System.Data.DataSetExtensions.dll
                 Private = 'false'
             /nix/store/8y83na7h81fw5kr1msmjc7rvx329djp0-dotnet-sdk-8.0.300/packs/Microsoft.NETCore.App.Ref/8.0.5/ref/net8.0/System.Data.dll
                 Private = 'false'
             /nix/store/8y83na7h81fw5kr1msmjc7rvx329djp0-dotnet-sdk-8.0.300/packs/Microsoft.NETCore.App.Ref/8.0.5/ref/net8.0/System.Diagnostics.Contracts.dll
                 Private = 'false'
             /nix/store/8y83na7h81fw5kr1msmjc7rvx329djp0-dotnet-sdk-8.0.300/packs/Microsoft.NETCore.App.Ref/8.0.5/ref/net8.0/System.Diagnostics.Debug.dll
                 Private = 'false'
             /nix/store/8y83na7h81fw5kr1msmjc7rvx329djp0-dotnet-sdk-8.0.300/packs/Microsoft.NETCore.App.Ref/8.0.5/ref/net8.0/System.Diagnostics.DiagnosticSource.dll
                 Private = 'false'
             /nix/store/8y83na7h81fw5kr1msmjc7rvx329djp0-dotnet-sdk-8.0.300/packs/Microsoft.NETCore.App.Ref/8.0.5/ref/net8.0/System.Diagnostics.FileVersionInfo.dll
                 Private = 'false'
             /nix/store/8y83na7h81fw5kr1msmjc7rvx329djp0-dotnet-sdk-8.0.300/packs/Microsoft.NETCore.App.Ref/8.0.5/ref/net8.0/System.Diagnostics.Process.dll
                 Private = 'false'
             /nix/store/8y83na7h81fw5kr1msmjc7rvx329djp0-dotnet-sdk-8.0.300/packs/Microsoft.NETCore.App.Ref/8.0.5/ref/net8.0/System.Diagnostics.StackTrace.dll
                 Private = 'false'
             /nix/store/8y83na7h81fw5kr1msmjc7rvx329djp0-dotnet-sdk-8.0.300/packs/Microsoft.NETCore.App.Ref/8.0.5/ref/net8.0/System.Diagnostics.TextWriterTraceListener.dll
                 Private = 'false'
             /nix/store/8y83na7h81fw5kr1msmjc7rvx329djp0-dotnet-sdk-8.0.300/packs/Microsoft.NETCore.App.Ref/8.0.5/ref/net8.0/System.Diagnostics.Tools.dll
                 Private = 'false'
             /nix/store/8y83na7h81fw5kr1msmjc7rvx329djp0-dotnet-sdk-8.0.300/packs/Microsoft.NETCore.App.Ref/8.0.5/ref/net8.0/System.Diagnostics.TraceSource.dll
                 Private = 'false'
             /nix/store/8y83na7h81fw5kr1msmjc7rvx329djp0-dotnet-sdk-8.0.300/packs/Microsoft.NETCore.App.Ref/8.0.5/ref/net8.0/System.Diagnostics.Tracing.dll
                 Private = 'false'
             /nix/store/8y83na7h81fw5kr1msmjc7rvx329djp0-dotnet-sdk-8.0.300/packs/Microsoft.NETCore.App.Ref/8.0.5/ref/net8.0/System.Drawing.Primitives.dll
                 Private = 'false'
             /nix/store/8y83na7h81fw5kr1msmjc7rvx329djp0-dotnet-sdk-8.0.300/packs/Microsoft.NETCore.App.Ref/8.0.5/ref/net8.0/System.Drawing.dll
                 Private = 'false'
             /nix/store/8y83na7h81fw5kr1msmjc7rvx329djp0-dotnet-sdk-8.0.300/packs/Microsoft.NETCore.App.Ref/8.0.5/ref/net8.0/System.Dynamic.Runtime.dll
                 Private = 'false'
             /nix/store/8y83na7h81fw5kr1msmjc7rvx329djp0-dotnet-sdk-8.0.300/packs/Microsoft.NETCore.App.Ref/8.0.5/ref/net8.0/System.Formats.Asn1.dll
                 Private = 'false'
             /nix/store/8y83na7h81fw5kr1msmjc7rvx329djp0-dotnet-sdk-8.0.300/packs/Microsoft.NETCore.App.Ref/8.0.5/ref/net8.0/System.Formats.Tar.dll
                 Private = 'false'
             /nix/store/8y83na7h81fw5kr1msmjc7rvx329djp0-dotnet-sdk-8.0.300/packs/Microsoft.NETCore.App.Ref/8.0.5/ref/net8.0/System.Globalization.Calendars.dll
                 Private = 'false'
             /nix/store/8y83na7h81fw5kr1msmjc7rvx329djp0-dotnet-sdk-8.0.300/packs/Microsoft.NETCore.App.Ref/8.0.5/ref/net8.0/System.Globalization.Extensions.dll
                 Private = 'false'
             /nix/store/8y83na7h81fw5kr1msmjc7rvx329djp0-dotnet-sdk-8.0.300/packs/Microsoft.NETCore.App.Ref/8.0.5/ref/net8.0/System.Globalization.dll
                 Private = 'false'
             /nix/store/8y83na7h81fw5kr1msmjc7rvx329djp0-dotnet-sdk-8.0.300/packs/Microsoft.NETCore.App.Ref/8.0.5/ref/net8.0/System.IO.Compression.Brotli.dll
                 Private = 'false'
             /nix/store/8y83na7h81fw5kr1msmjc7rvx329djp0-dotnet-sdk-8.0.300/packs/Microsoft.NETCore.App.Ref/8.0.5/ref/net8.0/System.IO.Compression.FileSystem.dll
                 Private = 'false'
             /nix/store/8y83na7h81fw5kr1msmjc7rvx329djp0-dotnet-sdk-8.0.300/packs/Microsoft.NETCore.App.Ref/8.0.5/ref/net8.0/System.IO.Compression.ZipFile.dll
                 Private = 'false'
             /nix/store/8y83na7h81fw5kr1msmjc7rvx329djp0-dotnet-sdk-8.0.300/packs/Microsoft.NETCore.App.Ref/8.0.5/ref/net8.0/System.IO.Compression.dll
                 Private = 'false'
             /nix/store/8y83na7h81fw5kr1msmjc7rvx329djp0-dotnet-sdk-8.0.300/packs/Microsoft.NETCore.App.Ref/8.0.5/ref/net8.0/System.IO.FileSystem.AccessControl.dll
                 Private = 'false'
             /nix/store/8y83na7h81fw5kr1msmjc7rvx329djp0-dotnet-sdk-8.0.300/packs/Microsoft.NETCore.App.Ref/8.0.5/ref/net8.0/System.IO.FileSystem.DriveInfo.dll
                 Private = 'false'
             /nix/store/8y83na7h81fw5kr1msmjc7rvx329djp0-dotnet-sdk-8.0.300/packs/Microsoft.NETCore.App.Ref/8.0.5/ref/net8.0/System.IO.FileSystem.Primitives.dll
                 Private = 'false'
             /nix/store/8y83na7h81fw5kr1msmjc7rvx329djp0-dotnet-sdk-8.0.300/packs/Microsoft.NETCore.App.Ref/8.0.5/ref/net8.0/System.IO.FileSystem.Watcher.dll
                 Private = 'false'
             /nix/store/8y83na7h81fw5kr1msmjc7rvx329djp0-dotnet-sdk-8.0.300/packs/Microsoft.NETCore.App.Ref/8.0.5/ref/net8.0/System.IO.FileSystem.dll
                 Private = 'false'
             /nix/store/8y83na7h81fw5kr1msmjc7rvx329djp0-dotnet-sdk-8.0.300/packs/Microsoft.NETCore.App.Ref/8.0.5/ref/net8.0/System.IO.IsolatedStorage.dll
                 Private = 'false'
             /nix/store/8y83na7h81fw5kr1msmjc7rvx329djp0-dotnet-sdk-8.0.300/packs/Microsoft.NETCore.App.Ref/8.0.5/ref/net8.0/System.IO.MemoryMappedFiles.dll
                 Private = 'false'
             /nix/store/8y83na7h81fw5kr1msmjc7rvx329djp0-dotnet-sdk-8.0.300/packs/Microsoft.NETCore.App.Ref/8.0.5/ref/net8.0/System.IO.Pipes.AccessControl.dll
                 Private = 'false'
             /nix/store/8y83na7h81fw5kr1msmjc7rvx329djp0-dotnet-sdk-8.0.300/packs/Microsoft.NETCore.App.Ref/8.0.5/ref/net8.0/System.IO.Pipes.dll
                 Private = 'false'
             /nix/store/8y83na7h81fw5kr1msmjc7rvx329djp0-dotnet-sdk-8.0.300/packs/Microsoft.NETCore.App.Ref/8.0.5/ref/net8.0/System.IO.UnmanagedMemoryStream.dll
                 Private = 'false'
             /nix/store/8y83na7h81fw5kr1msmjc7rvx329djp0-dotnet-sdk-8.0.300/packs/Microsoft.NETCore.App.Ref/8.0.5/ref/net8.0/System.IO.dll
                 Private = 'false'
             /nix/store/8y83na7h81fw5kr1msmjc7rvx329djp0-dotnet-sdk-8.0.300/packs/Microsoft.NETCore.App.Ref/8.0.5/ref/net8.0/System.Linq.Expressions.dll
                 Private = 'false'
             /nix/store/8y83na7h81fw5kr1msmjc7rvx329djp0-dotnet-sdk-8.0.300/packs/Microsoft.NETCore.App.Ref/8.0.5/ref/net8.0/System.Linq.Parallel.dll
                 Private = 'false'
             /nix/store/8y83na7h81fw5kr1msmjc7rvx329djp0-dotnet-sdk-8.0.300/packs/Microsoft.NETCore.App.Ref/8.0.5/ref/net8.0/System.Linq.Queryable.dll
                 Private = 'false'
             /nix/store/8y83na7h81fw5kr1msmjc7rvx329djp0-dotnet-sdk-8.0.300/packs/Microsoft.NETCore.App.Ref/8.0.5/ref/net8.0/System.Linq.dll
                 Private = 'false'
             /nix/store/8y83na7h81fw5kr1msmjc7rvx329djp0-dotnet-sdk-8.0.300/packs/Microsoft.NETCore.App.Ref/8.0.5/ref/net8.0/System.Memory.dll
                 Private = 'false'
             /nix/store/8y83na7h81fw5kr1msmjc7rvx329djp0-dotnet-sdk-8.0.300/packs/Microsoft.NETCore.App.Ref/8.0.5/ref/net8.0/System.Net.Http.Json.dll
                 Private = 'false'
             /nix/store/8y83na7h81fw5kr1msmjc7rvx329djp0-dotnet-sdk-8.0.300/packs/Microsoft.NETCore.App.Ref/8.0.5/ref/net8.0/System.Net.Http.dll
                 Private = 'false'
             /nix/store/8y83na7h81fw5kr1msmjc7rvx329djp0-dotnet-sdk-8.0.300/packs/Microsoft.NETCore.App.Ref/8.0.5/ref/net8.0/System.Net.HttpListener.dll
                 Private = 'false'
             /nix/store/8y83na7h81fw5kr1msmjc7rvx329djp0-dotnet-sdk-8.0.300/packs/Microsoft.NETCore.App.Ref/8.0.5/ref/net8.0/System.Net.Mail.dll
                 Private = 'false'
             /nix/store/8y83na7h81fw5kr1msmjc7rvx329djp0-dotnet-sdk-8.0.300/packs/Microsoft.NETCore.App.Ref/8.0.5/ref/net8.0/System.Net.NameResolution.dll
                 Private = 'false'
             /nix/store/8y83na7h81fw5kr1msmjc7rvx329djp0-dotnet-sdk-8.0.300/packs/Microsoft.NETCore.App.Ref/8.0.5/ref/net8.0/System.Net.NetworkInformation.dll
                 Private = 'false'
             /nix/store/8y83na7h81fw5kr1msmjc7rvx329djp0-dotnet-sdk-8.0.300/packs/Microsoft.NETCore.App.Ref/8.0.5/ref/net8.0/System.Net.Ping.dll
                 Private = 'false'
             /nix/store/8y83na7h81fw5kr1msmjc7rvx329djp0-dotnet-sdk-8.0.300/packs/Microsoft.NETCore.App.Ref/8.0.5/ref/net8.0/System.Net.Primitives.dll
                 Private = 'false'
             /nix/store/8y83na7h81fw5kr1msmjc7rvx329djp0-dotnet-sdk-8.0.300/packs/Microsoft.NETCore.App.Ref/8.0.5/ref/net8.0/System.Net.Quic.dll
                 Private = 'false'
             /nix/store/8y83na7h81fw5kr1msmjc7rvx329djp0-dotnet-sdk-8.0.300/packs/Microsoft.NETCore.App.Ref/8.0.5/ref/net8.0/System.Net.Requests.dll
                 Private = 'false'
             /nix/store/8y83na7h81fw5kr1msmjc7rvx329djp0-dotnet-sdk-8.0.300/packs/Microsoft.NETCore.App.Ref/8.0.5/ref/net8.0/System.Net.Security.dll
                 Private = 'false'
             /nix/store/8y83na7h81fw5kr1msmjc7rvx329djp0-dotnet-sdk-8.0.300/packs/Microsoft.NETCore.App.Ref/8.0.5/ref/net8.0/System.Net.ServicePoint.dll
                 Private = 'false'
             /nix/store/8y83na7h81fw5kr1msmjc7rvx329djp0-dotnet-sdk-8.0.300/packs/Microsoft.NETCore.App.Ref/8.0.5/ref/net8.0/System.Net.Sockets.dll
                 Private = 'false'
             /nix/store/8y83na7h81fw5kr1msmjc7rvx329djp0-dotnet-sdk-8.0.300/packs/Microsoft.NETCore.App.Ref/8.0.5/ref/net8.0/System.Net.WebClient.dll
                 Private = 'false'
             /nix/store/8y83na7h81fw5kr1msmjc7rvx329djp0-dotnet-sdk-8.0.300/packs/Microsoft.NETCore.App.Ref/8.0.5/ref/net8.0/System.Net.WebHeaderCollection.dll
                 Private = 'false'
             /nix/store/8y83na7h81fw5kr1msmjc7rvx329djp0-dotnet-sdk-8.0.300/packs/Microsoft.NETCore.App.Ref/8.0.5/ref/net8.0/System.Net.WebProxy.dll
                 Private = 'false'
             /nix/store/8y83na7h81fw5kr1msmjc7rvx329djp0-dotnet-sdk-8.0.300/packs/Microsoft.NETCore.App.Ref/8.0.5/ref/net8.0/System.Net.WebSockets.Client.dll
                 Private = 'false'
             /nix/store/8y83na7h81fw5kr1msmjc7rvx329djp0-dotnet-sdk-8.0.300/packs/Microsoft.NETCore.App.Ref/8.0.5/ref/net8.0/System.Net.WebSockets.dll
                 Private = 'false'
             /nix/store/8y83na7h81fw5kr1msmjc7rvx329djp0-dotnet-sdk-8.0.300/packs/Microsoft.NETCore.App.Ref/8.0.5/ref/net8.0/System.Net.dll
                 Private = 'false'
             /nix/store/8y83na7h81fw5kr1msmjc7rvx329djp0-dotnet-sdk-8.0.300/packs/Microsoft.NETCore.App.Ref/8.0.5/ref/net8.0/System.Numerics.Vectors.dll
                 Private = 'false'
             /nix/store/8y83na7h81fw5kr1msmjc7rvx329djp0-dotnet-sdk-8.0.300/packs/Microsoft.NETCore.App.Ref/8.0.5/ref/net8.0/System.Numerics.dll
                 Private = 'false'
             /nix/store/8y83na7h81fw5kr1msmjc7rvx329djp0-dotnet-sdk-8.0.300/packs/Microsoft.NETCore.App.Ref/8.0.5/ref/net8.0/System.ObjectModel.dll
                 Private = 'false'
             /nix/store/8y83na7h81fw5kr1msmjc7rvx329djp0-dotnet-sdk-8.0.300/packs/Microsoft.NETCore.App.Ref/8.0.5/ref/net8.0/System.Reflection.DispatchProxy.dll
                 Private = 'false'
             /nix/store/8y83na7h81fw5kr1msmjc7rvx329djp0-dotnet-sdk-8.0.300/packs/Microsoft.NETCore.App.Ref/8.0.5/ref/net8.0/System.Reflection.Emit.ILGeneration.dll
                 Private = 'false'
             /nix/store/8y83na7h81fw5kr1msmjc7rvx329djp0-dotnet-sdk-8.0.300/packs/Microsoft.NETCore.App.Ref/8.0.5/ref/net8.0/System.Reflection.Emit.Lightweight.dll
                 Private = 'false'
             /nix/store/8y83na7h81fw5kr1msmjc7rvx329djp0-dotnet-sdk-8.0.300/packs/Microsoft.NETCore.App.Ref/8.0.5/ref/net8.0/System.Reflection.Emit.dll
                 Private = 'false'
             /nix/store/8y83na7h81fw5kr1msmjc7rvx329djp0-dotnet-sdk-8.0.300/packs/Microsoft.NETCore.App.Ref/8.0.5/ref/net8.0/System.Reflection.Extensions.dll
                 Private = 'false'
             /nix/store/8y83na7h81fw5kr1msmjc7rvx329djp0-dotnet-sdk-8.0.300/packs/Microsoft.NETCore.App.Ref/8.0.5/ref/net8.0/System.Reflection.Metadata.dll
                 Private = 'false'
             /nix/store/8y83na7h81fw5kr1msmjc7rvx329djp0-dotnet-sdk-8.0.300/packs/Microsoft.NETCore.App.Ref/8.0.5/ref/net8.0/System.Reflection.Primitives.dll
                 Private = 'false'
             /nix/store/8y83na7h81fw5kr1msmjc7rvx329djp0-dotnet-sdk-8.0.300/packs/Microsoft.NETCore.App.Ref/8.0.5/ref/net8.0/System.Reflection.TypeExtensions.dll
                 Private = 'false'
             /nix/store/8y83na7h81fw5kr1msmjc7rvx329djp0-dotnet-sdk-8.0.300/packs/Microsoft.NETCore.App.Ref/8.0.5/ref/net8.0/System.Reflection.dll
                 Private = 'false'
             /nix/store/8y83na7h81fw5kr1msmjc7rvx329djp0-dotnet-sdk-8.0.300/packs/Microsoft.NETCore.App.Ref/8.0.5/ref/net8.0/System.Resources.Reader.dll
                 Private = 'false'
             /nix/store/8y83na7h81fw5kr1msmjc7rvx329djp0-dotnet-sdk-8.0.300/packs/Microsoft.NETCore.App.Ref/8.0.5/ref/net8.0/System.Resources.ResourceManager.dll
                 Private = 'false'
             /nix/store/8y83na7h81fw5kr1msmjc7rvx329djp0-dotnet-sdk-8.0.300/packs/Microsoft.NETCore.App.Ref/8.0.5/ref/net8.0/System.Resources.Writer.dll
                 Private = 'false'
             /nix/store/8y83na7h81fw5kr1msmjc7rvx329djp0-dotnet-sdk-8.0.300/packs/Microsoft.NETCore.App.Ref/8.0.5/ref/net8.0/System.Runtime.CompilerServices.Unsafe.dll
                 Private = 'false'
             /nix/store/8y83na7h81fw5kr1msmjc7rvx329djp0-dotnet-sdk-8.0.300/packs/Microsoft.NETCore.App.Ref/8.0.5/ref/net8.0/System.Runtime.CompilerServices.VisualC.dll
                 Private = 'false'
             /nix/store/8y83na7h81fw5kr1msmjc7rvx329djp0-dotnet-sdk-8.0.300/packs/Microsoft.NETCore.App.Ref/8.0.5/ref/net8.0/System.Runtime.Extensions.dll
                 Private = 'false'
             /nix/store/8y83na7h81fw5kr1msmjc7rvx329djp0-dotnet-sdk-8.0.300/packs/Microsoft.NETCore.App.Ref/8.0.5/ref/net8.0/System.Runtime.Handles.dll
                 Private = 'false'
             /nix/store/8y83na7h81fw5kr1msmjc7rvx329djp0-dotnet-sdk-8.0.300/packs/Microsoft.NETCore.App.Ref/8.0.5/ref/net8.0/System.Runtime.InteropServices.JavaScript.dll
                 Private = 'false'
             /nix/store/8y83na7h81fw5kr1msmjc7rvx329djp0-dotnet-sdk-8.0.300/packs/Microsoft.NETCore.App.Ref/8.0.5/ref/net8.0/System.Runtime.InteropServices.RuntimeInformation.dll
                 Private = 'false'
             /nix/store/8y83na7h81fw5kr1msmjc7rvx329djp0-dotnet-sdk-8.0.300/packs/Microsoft.NETCore.App.Ref/8.0.5/ref/net8.0/System.Runtime.InteropServices.dll
                 Private = 'false'
             /nix/store/8y83na7h81fw5kr1msmjc7rvx329djp0-dotnet-sdk-8.0.300/packs/Microsoft.NETCore.App.Ref/8.0.5/ref/net8.0/System.Runtime.Intrinsics.dll
                 Private = 'false'
             /nix/store/8y83na7h81fw5kr1msmjc7rvx329djp0-dotnet-sdk-8.0.300/packs/Microsoft.NETCore.App.Ref/8.0.5/ref/net8.0/System.Runtime.Loader.dll
                 Private = 'false'
             /nix/store/8y83na7h81fw5kr1msmjc7rvx329djp0-dotnet-sdk-8.0.300/packs/Microsoft.NETCore.App.Ref/8.0.5/ref/net8.0/System.Runtime.Numerics.dll
                 Private = 'false'
             /nix/store/8y83na7h81fw5kr1msmjc7rvx329djp0-dotnet-sdk-8.0.300/packs/Microsoft.NETCore.App.Ref/8.0.5/ref/net8.0/System.Runtime.Serialization.Formatters.dll
                 Private = 'false'
             /nix/store/8y83na7h81fw5kr1msmjc7rvx329djp0-dotnet-sdk-8.0.300/packs/Microsoft.NETCore.App.Ref/8.0.5/ref/net8.0/System.Runtime.Serialization.Json.dll
                 Private = 'false'
             /nix/store/8y83na7h81fw5kr1msmjc7rvx329djp0-dotnet-sdk-8.0.300/packs/Microsoft.NETCore.App.Ref/8.0.5/ref/net8.0/System.Runtime.Serialization.Primitives.dll
                 Private = 'false'
             /nix/store/8y83na7h81fw5kr1msmjc7rvx329djp0-dotnet-sdk-8.0.300/packs/Microsoft.NETCore.App.Ref/8.0.5/ref/net8.0/System.Runtime.Serialization.Xml.dll
                 Private = 'false'
             /nix/store/8y83na7h81fw5kr1msmjc7rvx329djp0-dotnet-sdk-8.0.300/packs/Microsoft.NETCore.App.Ref/8.0.5/ref/net8.0/System.Runtime.Serialization.dll
                 Private = 'false'
             /nix/store/8y83na7h81fw5kr1msmjc7rvx329djp0-dotnet-sdk-8.0.300/packs/Microsoft.NETCore.App.Ref/8.0.5/ref/net8.0/System.Runtime.dll
                 Private = 'false'
             /nix/store/8y83na7h81fw5kr1msmjc7rvx329djp0-dotnet-sdk-8.0.300/packs/Microsoft.NETCore.App.Ref/8.0.5/ref/net8.0/System.Security.AccessControl.dll
                 Private = 'false'
             /nix/store/8y83na7h81fw5kr1msmjc7rvx329djp0-dotnet-sdk-8.0.300/packs/Microsoft.NETCore.App.Ref/8.0.5/ref/net8.0/System.Security.Claims.dll
                 Private = 'false'
             /nix/store/8y83na7h81fw5kr1msmjc7rvx329djp0-dotnet-sdk-8.0.300/packs/Microsoft.NETCore.App.Ref/8.0.5/ref/net8.0/System.Security.Cryptography.Algorithms.dll
                 Private = 'false'
             /nix/store/8y83na7h81fw5kr1msmjc7rvx329djp0-dotnet-sdk-8.0.300/packs/Microsoft.NETCore.App.Ref/8.0.5/ref/net8.0/System.Security.Cryptography.Cng.dll
                 Private = 'false'
             /nix/store/8y83na7h81fw5kr1msmjc7rvx329djp0-dotnet-sdk-8.0.300/packs/Microsoft.NETCore.App.Ref/8.0.5/ref/net8.0/System.Security.Cryptography.Csp.dll
                 Private = 'false'
             /nix/store/8y83na7h81fw5kr1msmjc7rvx329djp0-dotnet-sdk-8.0.300/packs/Microsoft.NETCore.App.Ref/8.0.5/ref/net8.0/System.Security.Cryptography.Encoding.dll
                 Private = 'false'
             /nix/store/8y83na7h81fw5kr1msmjc7rvx329djp0-dotnet-sdk-8.0.300/packs/Microsoft.NETCore.App.Ref/8.0.5/ref/net8.0/System.Security.Cryptography.OpenSsl.dll
                 Private = 'false'
             /nix/store/8y83na7h81fw5kr1msmjc7rvx329djp0-dotnet-sdk-8.0.300/packs/Microsoft.NETCore.App.Ref/8.0.5/ref/net8.0/System.Security.Cryptography.Primitives.dll
                 Private = 'false'
             /nix/store/8y83na7h81fw5kr1msmjc7rvx329djp0-dotnet-sdk-8.0.300/packs/Microsoft.NETCore.App.Ref/8.0.5/ref/net8.0/System.Security.Cryptography.X509Certificates.dll
                 Private = 'false'
             /nix/store/8y83na7h81fw5kr1msmjc7rvx329djp0-dotnet-sdk-8.0.300/packs/Microsoft.NETCore.App.Ref/8.0.5/ref/net8.0/System.Security.Cryptography.dll
                 Private = 'false'
             /nix/store/8y83na7h81fw5kr1msmjc7rvx329djp0-dotnet-sdk-8.0.300/packs/Microsoft.NETCore.App.Ref/8.0.5/ref/net8.0/System.Security.Principal.Windows.dll
                 Private = 'false'
             /nix/store/8y83na7h81fw5kr1msmjc7rvx329djp0-dotnet-sdk-8.0.300/packs/Microsoft.NETCore.App.Ref/8.0.5/ref/net8.0/System.Security.Principal.dll
                 Private = 'false'
             /nix/store/8y83na7h81fw5kr1msmjc7rvx329djp0-dotnet-sdk-8.0.300/packs/Microsoft.NETCore.App.Ref/8.0.5/ref/net8.0/System.Security.SecureString.dll
                 Private = 'false'
             /nix/store/8y83na7h81fw5kr1msmjc7rvx329djp0-dotnet-sdk-8.0.300/packs/Microsoft.NETCore.App.Ref/8.0.5/ref/net8.0/System.Security.dll
                 Private = 'false'
             /nix/store/8y83na7h81fw5kr1msmjc7rvx329djp0-dotnet-sdk-8.0.300/packs/Microsoft.NETCore.App.Ref/8.0.5/ref/net8.0/System.ServiceModel.Web.dll
                 Private = 'false'
             /nix/store/8y83na7h81fw5kr1msmjc7rvx329djp0-dotnet-sdk-8.0.300/packs/Microsoft.NETCore.App.Ref/8.0.5/ref/net8.0/System.ServiceProcess.dll
                 Private = 'false'
             /nix/store/8y83na7h81fw5kr1msmjc7rvx329djp0-dotnet-sdk-8.0.300/packs/Microsoft.NETCore.App.Ref/8.0.5/ref/net8.0/System.Text.Encoding.CodePages.dll
                 Private = 'false'
             /nix/store/8y83na7h81fw5kr1msmjc7rvx329djp0-dotnet-sdk-8.0.300/packs/Microsoft.NETCore.App.Ref/8.0.5/ref/net8.0/System.Text.Encoding.Extensions.dll
                 Private = 'false'
             /nix/store/8y83na7h81fw5kr1msmjc7rvx329djp0-dotnet-sdk-8.0.300/packs/Microsoft.NETCore.App.Ref/8.0.5/ref/net8.0/System.Text.Encoding.dll
                 Private = 'false'
             /nix/store/8y83na7h81fw5kr1msmjc7rvx329djp0-dotnet-sdk-8.0.300/packs/Microsoft.NETCore.App.Ref/8.0.5/ref/net8.0/System.Text.Encodings.Web.dll
                 Private = 'false'
             /nix/store/8y83na7h81fw5kr1msmjc7rvx329djp0-dotnet-sdk-8.0.300/packs/Microsoft.NETCore.App.Ref/8.0.5/ref/net8.0/System.Text.Json.dll
                 Private = 'false'
             /nix/store/8y83na7h81fw5kr1msmjc7rvx329djp0-dotnet-sdk-8.0.300/packs/Microsoft.NETCore.App.Ref/8.0.5/ref/net8.0/System.Text.RegularExpressions.dll
                 Private = 'false'
             /nix/store/8y83na7h81fw5kr1msmjc7rvx329djp0-dotnet-sdk-8.0.300/packs/Microsoft.NETCore.App.Ref/8.0.5/ref/net8.0/System.Threading.Channels.dll
                 Private = 'false'
             /nix/store/8y83na7h81fw5kr1msmjc7rvx329djp0-dotnet-sdk-8.0.300/packs/Microsoft.NETCore.App.Ref/8.0.5/ref/net8.0/System.Threading.Overlapped.dll
                 Private = 'false'
             /nix/store/8y83na7h81fw5kr1msmjc7rvx329djp0-dotnet-sdk-8.0.300/packs/Microsoft.NETCore.App.Ref/8.0.5/ref/net8.0/System.Threading.Tasks.Dataflow.dll
                 Private = 'false'
             /nix/store/8y83na7h81fw5kr1msmjc7rvx329djp0-dotnet-sdk-8.0.300/packs/Microsoft.NETCore.App.Ref/8.0.5/ref/net8.0/System.Threading.Tasks.Extensions.dll
                 Private = 'false'
             /nix/store/8y83na7h81fw5kr1msmjc7rvx329djp0-dotnet-sdk-8.0.300/packs/Microsoft.NETCore.App.Ref/8.0.5/ref/net8.0/System.Threading.Tasks.Parallel.dll
                 Private = 'false'
             /nix/store/8y83na7h81fw5kr1msmjc7rvx329djp0-dotnet-sdk-8.0.300/packs/Microsoft.NETCore.App.Ref/8.0.5/ref/net8.0/System.Threading.Tasks.dll
                 Private = 'false'
             /nix/store/8y83na7h81fw5kr1msmjc7rvx329djp0-dotnet-sdk-8.0.300/packs/Microsoft.NETCore.App.Ref/8.0.5/ref/net8.0/System.Threading.Thread.dll
                 Private = 'false'
             /nix/store/8y83na7h81fw5kr1msmjc7rvx329djp0-dotnet-sdk-8.0.300/packs/Microsoft.NETCore.App.Ref/8.0.5/ref/net8.0/System.Threading.ThreadPool.dll
                 Private = 'false'
             /nix/store/8y83na7h81fw5kr1msmjc7rvx329djp0-dotnet-sdk-8.0.300/packs/Microsoft.NETCore.App.Ref/8.0.5/ref/net8.0/System.Threading.Timer.dll
                 Private = 'false'
             /nix/store/8y83na7h81fw5kr1msmjc7rvx329djp0-dotnet-sdk-8.0.300/packs/Microsoft.NETCore.App.Ref/8.0.5/ref/net8.0/System.Threading.dll
                 Private = 'false'
             /nix/store/8y83na7h81fw5kr1msmjc7rvx329djp0-dotnet-sdk-8.0.300/packs/Microsoft.NETCore.App.Ref/8.0.5/ref/net8.0/System.Transactions.Local.dll
                 Private = 'false'
             /nix/store/8y83na7h81fw5kr1msmjc7rvx329djp0-dotnet-sdk-8.0.300/packs/Microsoft.NETCore.App.Ref/8.0.5/ref/net8.0/System.Transactions.dll
                 Private = 'false'
             /nix/store/8y83na7h81fw5kr1msmjc7rvx329djp0-dotnet-sdk-8.0.300/packs/Microsoft.NETCore.App.Ref/8.0.5/ref/net8.0/System.ValueTuple.dll
                 Private = 'false'
             /nix/store/8y83na7h81fw5kr1msmjc7rvx329djp0-dotnet-sdk-8.0.300/packs/Microsoft.NETCore.App.Ref/8.0.5/ref/net8.0/System.Web.HttpUtility.dll
                 Private = 'false'
             /nix/store/8y83na7h81fw5kr1msmjc7rvx329djp0-dotnet-sdk-8.0.300/packs/Microsoft.NETCore.App.Ref/8.0.5/ref/net8.0/System.Web.dll
                 Private = 'false'
             /nix/store/8y83na7h81fw5kr1msmjc7rvx329djp0-dotnet-sdk-8.0.300/packs/Microsoft.NETCore.App.Ref/8.0.5/ref/net8.0/System.Windows.dll
                 Private = 'false'
             /nix/store/8y83na7h81fw5kr1msmjc7rvx329djp0-dotnet-sdk-8.0.300/packs/Microsoft.NETCore.App.Ref/8.0.5/ref/net8.0/System.Xml.Linq.dll
                 Private = 'false'
             /nix/store/8y83na7h81fw5kr1msmjc7rvx329djp0-dotnet-sdk-8.0.300/packs/Microsoft.NETCore.App.Ref/8.0.5/ref/net8.0/System.Xml.ReaderWriter.dll
                 Private = 'false'
             /nix/store/8y83na7h81fw5kr1msmjc7rvx329djp0-dotnet-sdk-8.0.300/packs/Microsoft.NETCore.App.Ref/8.0.5/ref/net8.0/System.Xml.Serialization.dll
                 Private = 'false'
             /nix/store/8y83na7h81fw5kr1msmjc7rvx329djp0-dotnet-sdk-8.0.300/packs/Microsoft.NETCore.App.Ref/8.0.5/ref/net8.0/System.Xml.XDocument.dll
                 Private = 'false'
             /nix/store/8y83na7h81fw5kr1msmjc7rvx329djp0-dotnet-sdk-8.0.300/packs/Microsoft.NETCore.App.Ref/8.0.5/ref/net8.0/System.Xml.XPath.XDocument.dll
                 Private = 'false'
             /nix/store/8y83na7h81fw5kr1msmjc7rvx329djp0-dotnet-sdk-8.0.300/packs/Microsoft.NETCore.App.Ref/8.0.5/ref/net8.0/System.Xml.XPath.dll
                 Private = 'false'
             /nix/store/8y83na7h81fw5kr1msmjc7rvx329djp0-dotnet-sdk-8.0.300/packs/Microsoft.NETCore.App.Ref/8.0.5/ref/net8.0/System.Xml.XmlDocument.dll
                 Private = 'false'
             /nix/store/8y83na7h81fw5kr1msmjc7rvx329djp0-dotnet-sdk-8.0.300/packs/Microsoft.NETCore.App.Ref/8.0.5/ref/net8.0/System.Xml.XmlSerializer.dll
                 Private = 'false'
             /nix/store/8y83na7h81fw5kr1msmjc7rvx329djp0-dotnet-sdk-8.0.300/packs/Microsoft.NETCore.App.Ref/8.0.5/ref/net8.0/System.Xml.dll
                 Private = 'false'
             /nix/store/8y83na7h81fw5kr1msmjc7rvx329djp0-dotnet-sdk-8.0.300/packs/Microsoft.NETCore.App.Ref/8.0.5/ref/net8.0/System.dll
                 Private = 'false'
             /nix/store/8y83na7h81fw5kr1msmjc7rvx329djp0-dotnet-sdk-8.0.300/packs/Microsoft.NETCore.App.Ref/8.0.5/ref/net8.0/WindowsBase.dll
                 Private = 'false'
             /nix/store/8y83na7h81fw5kr1msmjc7rvx329djp0-dotnet-sdk-8.0.300/packs/Microsoft.NETCore.App.Ref/8.0.5/ref/net8.0/mscorlib.dll
                 Private = 'false'
             /nix/store/8y83na7h81fw5kr1msmjc7rvx329djp0-dotnet-sdk-8.0.300/packs/Microsoft.NETCore.App.Ref/8.0.5/ref/net8.0/netstandard.dll
                 Private = 'false'
         AssemblyFiles:
         CandidateAssemblyFiles:
         TargetFrameworkDirectories:
             
         InstalledAssemblyTables:
         IgnoreInstalledAssemblyTable:
             False
         SearchPaths:
   2:6>Done building target "_GetProjectReferenceTargetFrameworkProperties" in project "PokerGame.Core.csproj".
   4:7>ResolveAssemblyReferences:
             {CandidateAssemblyFiles}
             {HintPathFromItem}
             {TargetFrameworkDirectory}
             {RawFileName}
         AllowedAssemblyExtensions:
             .winmd
             .dll
             .exe
         AllowedRelatedFileExtensions:
             .pdb
             .xml
             .pri
             .dll.config
             .exe.config
         AppConfigFile:
             
         AutoUnify:
             True
         CopyLocalDependenciesWhenParentReferenceInGac:
             True
         FindDependencies:
             True
         TargetProcessorArchitecture:
             msil
         StateFile:
             obj/Debug/net8.0/MSA.Foundation.csproj.AssemblyReference.cache
         InstalledAssemblySubsetTables:
         IgnoreInstalledAssemblySubsetTable:
             False
         TargetFrameworkSubsets:
         FullTargetFrameworkSubsetNames:
             Full
         ProfileName:
             
         FullFrameworkFolders:
         LatestTargetFrameworkDirectories:
         ProfileTablesLocation:
   2:6>Target "ValidateExecutableReferences" in file "/nix/store/8y83na7h81fw5kr1msmjc7rvx329djp0-dotnet-sdk-8.0.300/sdk/8.0.300/Sdks/Microsoft.NET.Sdk/targets/Microsoft.NET.Sdk.targets" from project "/home/runner/workspace/PokerGame.Core/PokerGame.Core.csproj" (target "PrepareProjectReferences" depends on it):
   2:6>Using "ValidateExecutableReferences" task from assembly "/nix/store/8y83na7h81fw5kr1msmjc7rvx329djp0-dotnet-sdk-8.0.300/sdk/8.0.300/Sdks/Microsoft.NET.Sdk/targets/../tools/net8.0/Microsoft.NET.Build.Tasks.dll".
       Task "ValidateExecutableReferences"
       Done executing task "ValidateExecutableReferences".
   2:6>Done building target "ValidateExecutableReferences" in project "PokerGame.Core.csproj".
       Target "_GetProjectReferencePlatformProperties" skipped, due to false condition; ('$(EnableDynamicPlatformResolution)' == 'true'
                            and '@(_MSBuildProjectReferenceExistent)' != '') was evaluated as ('' == 'true'
                            and '../PokerGame.Abstractions/PokerGame.Abstractions.csproj;../MSA.Foundation/MSA.Foundation.csproj' != '').
   2:6>Target "PrepareProjectReferences" in file "/nix/store/8y83na7h81fw5kr1msmjc7rvx329djp0-dotnet-sdk-8.0.300/sdk/8.0.300/Microsoft.Common.CurrentVersion.targets" from project "/home/runner/workspace/PokerGame.Core/PokerGame.Core.csproj" (target "ResolveProjectReferences" depends on it):
   2:6>Done building target "PrepareProjectReferences" in project "PokerGame.Core.csproj".
   2:6>Target "ResolveProjectReferences" in file "/nix/store/8y83na7h81fw5kr1msmjc7rvx329djp0-dotnet-sdk-8.0.300/sdk/8.0.300/Microsoft.Common.CurrentVersion.targets" from project "/home/runner/workspace/PokerGame.Core/PokerGame.Core.csproj" (target "ResolveReferences" depends on it):
       Task "MSBuild" skipped, due to false condition; ('%(_MSBuildProjectReferenceExistent.BuildReference)' == 'true' and '@(ProjectReferenceWithConfiguration)' != '' and ('$(BuildingInsideVisualStudio)' == 'true' or '$(BuildProjectReferences)' != 'true') and '$(VisualStudioVersion)' != '10.0' and '@(_MSBuildProjectReferenceExistent)' != '') was evaluated as ('true' == 'true' and '../PokerGame.Abstractions/PokerGame.Abstractions.csproj;../MSA.Foundation/MSA.Foundation.csproj' != '' and ('' == 'true' or 'true' != 'true') and '17.0' != '10.0' and '../PokerGame.Abstractions/PokerGame.Abstractions.csproj;../MSA.Foundation/MSA.Foundation.csproj' != '').
       Task "MSBuild"
         Removing Properties for project "../PokerGame.Abstractions/PokerGame.Abstractions.csproj":
           TargetFramework
           RuntimeIdentifier
           SelfContained
         Removing Properties for project "../MSA.Foundation/MSA.Foundation.csproj":
           TargetFramework
           RuntimeIdentifier
           SelfContained
   4:7>ResolveAssemblyReferences:
         Primary reference "AsyncIO, Version=0.1.69.0, Culture=neutral, PublicKeyToken=44a94435bd6f33f8".
             Resolved file path is "/home/runner/.nuget/packages/asyncio/0.1.69/lib/netstandard2.0/AsyncIO.dll".
             Reference found at search path location "{HintPathFromItem}".
             This reference is not "CopyLocal" because at least one source item had "Private" set to "false" and no source items had "Private" set to "true".
             The ImageRuntimeVersion for this reference is "".
         Primary reference "Microsoft.ApplicationInsights, Version=2.22.0.997, Culture=neutral, PublicKeyToken=31bf3856ad364e35".
             Resolved file path is "/home/runner/.nuget/packages/microsoft.applicationinsights/2.22.0/lib/netstandard2.0/Microsoft.ApplicationInsights.dll".
             Reference found at search path location "{HintPathFromItem}".
             This reference is not "CopyLocal" because at least one source item had "Private" set to "false" and no source items had "Private" set to "true".
             The ImageRuntimeVersion for this reference is "".
         Primary reference "Microsoft.AI.DependencyCollector, Version=2.22.0.997, Culture=neutral, PublicKeyToken=31bf3856ad364e35".
             Resolved file path is "/home/runner/.nuget/packages/microsoft.applicationinsights.dependencycollector/2.22.0/lib/netstandard2.0/Microsoft.AI.DependencyCollector.dll".
             Reference found at search path location "{HintPathFromItem}".
             This reference is not "CopyLocal" because at least one source item had "Private" set to "false" and no source items had "Private" set to "true".
             The ImageRuntimeVersion for this reference is "".
         Primary reference "Microsoft.Bcl.AsyncInterfaces, Version=5.0.0.0, Culture=neutral, PublicKeyToken=cc7b13ffcd2ddd51".
             Resolved file path is "/home/runner/.nuget/packages/microsoft.bcl.asyncinterfaces/5.0.0/lib/netstandard2.1/Microsoft.Bcl.AsyncInterfaces.dll".
             Reference found at search path location "{HintPathFromItem}".
             This reference is not "CopyLocal" because at least one source item had "Private" set to "false" and no source items had "Private" set to "true".
             The ImageRuntimeVersion for this reference is "".
         Primary reference "Microsoft.Extensions.Configuration, Version=8.0.0.0, Culture=neutral, PublicKeyToken=adb9793829ddae60".
             Resolved file path is "/home/runner/.nuget/packages/microsoft.extensions.configuration/8.0.0/lib/net8.0/Microsoft.Extensions.Configuration.dll".
             Reference found at search path location "{HintPathFromItem}".
             This reference is not "CopyLocal" because at least one source item had "Private" set to "false" and no source items had "Private" set to "true".
             The ImageRuntimeVersion for this reference is "".
         Primary reference "Microsoft.Extensions.Configuration.Abstractions, Version=8.0.0.0, Culture=neutral, PublicKeyToken=adb9793829ddae60".
             Resolved file path is "/home/runner/.nuget/packages/microsoft.extensions.configuration.abstractions/8.0.0/lib/net8.0/Microsoft.Extensions.Configuration.Abstractions.dll".
             Reference found at search path location "{HintPathFromItem}".
             This reference is not "CopyLocal" because at least one source item had "Private" set to "false" and no source items had "Private" set to "true".
             The ImageRuntimeVersion for this reference is "".
         Primary reference "Microsoft.Extensions.Configuration.EnvironmentVariables, Version=8.0.0.0, Culture=neutral, PublicKeyToken=adb9793829ddae60".
             Resolved file path is "/home/runner/.nuget/packages/microsoft.extensions.configuration.environmentvariables/8.0.0/lib/net8.0/Microsoft.Extensions.Configuration.EnvironmentVariables.dll".
             Reference found at search path location "{HintPathFromItem}".
             This reference is not "CopyLocal" because at least one source item had "Private" set to "false" and no source items had "Private" set to "true".
             The ImageRuntimeVersion for this reference is "".
         Primary reference "Microsoft.Extensions.Configuration.FileExtensions, Version=8.0.0.0, Culture=neutral, PublicKeyToken=adb9793829ddae60".
             Resolved file path is "/home/runner/.nuget/packages/microsoft.extensions.configuration.fileextensions/8.0.0/lib/net8.0/Microsoft.Extensions.Configuration.FileExtensions.dll".
             Reference found at search path location "{HintPathFromItem}".
             This reference is not "CopyLocal" because at least one source item had "Private" set to "false" and no source items had "Private" set to "true".
             The ImageRuntimeVersion for this reference is "".
         Primary reference "Microsoft.Extensions.Configuration.Json, Version=8.0.0.0, Culture=neutral, PublicKeyToken=adb9793829ddae60".
             Resolved file path is "/home/runner/.nuget/packages/microsoft.extensions.configuration.json/8.0.0/lib/net8.0/Microsoft.Extensions.Configuration.Json.dll".
             Reference found at search path location "{HintPathFromItem}".
             This reference is not "CopyLocal" because at least one source item had "Private" set to "false" and no source items had "Private" set to "true".
             The ImageRuntimeVersion for this reference is "".
         Primary reference "Microsoft.Extensions.FileProviders.Abstractions, Version=8.0.0.0, Culture=neutral, PublicKeyToken=adb9793829ddae60".
             Resolved file path is "/home/runner/.nuget/packages/microsoft.extensions.fileproviders.abstractions/8.0.0/lib/net8.0/Microsoft.Extensions.FileProviders.Abstractions.dll".
             Reference found at search path location "{HintPathFromItem}".
             This reference is not "CopyLocal" because at least one source item had "Private" set to "false" and no source items had "Private" set to "true".
             The ImageRuntimeVersion for this reference is "".
         Primary reference "Microsoft.Extensions.FileProviders.Physical, Version=8.0.0.0, Culture=neutral, PublicKeyToken=adb9793829ddae60".
             Resolved file path is "/home/runner/.nuget/packages/microsoft.extensions.fileproviders.physical/8.0.0/lib/net8.0/Microsoft.Extensions.FileProviders.Physical.dll".
             Reference found at search path location "{HintPathFromItem}".
             This reference is not "CopyLocal" because at least one source item had "Private" set to "false" and no source items had "Private" set to "true".
             The ImageRuntimeVersion for this reference is "".
         Primary reference "Microsoft.Extensions.FileSystemGlobbing, Version=8.0.0.0, Culture=neutral, PublicKeyToken=adb9793829ddae60".
             Resolved file path is "/home/runner/.nuget/packages/microsoft.extensions.filesystemglobbing/8.0.0/lib/net8.0/Microsoft.Extensions.FileSystemGlobbing.dll".
             Reference found at search path location "{HintPathFromItem}".
             This reference is not "CopyLocal" because at least one source item had "Private" set to "false" and no source items had "Private" set to "true".
             The ImageRuntimeVersion for this reference is "".
         Primary reference "Microsoft.Extensions.ObjectPool, Version=5.0.0.0, Culture=neutral, PublicKeyToken=adb9793829ddae60".
             Resolved file path is "/home/runner/.nuget/packages/microsoft.extensions.objectpool/5.0.10/lib/net5.0/Microsoft.Extensions.ObjectPool.dll".
             Reference found at search path location "{HintPathFromItem}".
             This reference is not "CopyLocal" because at least one source item had "Private" set to "false" and no source items had "Private" set to "true".
             The ImageRuntimeVersion for this reference is "".
         Primary reference "Microsoft.Extensions.Primitives, Version=8.0.0.0, Culture=neutral, PublicKeyToken=adb9793829ddae60".
             Resolved file path is "/home/runner/.nuget/packages/microsoft.extensions.primitives/8.0.0/lib/net8.0/Microsoft.Extensions.Primitives.dll".
             Reference found at search path location "{HintPathFromItem}".
             This reference is not "CopyLocal" because at least one source item had "Private" set to "false" and no source items had "Private" set to "true".
             The ImageRuntimeVersion for this reference is "".
         Primary reference "NaCl, Version=0.1.13.0, Culture=neutral, PublicKeyToken=827c20e50a9775fa".
             Resolved file path is "/home/runner/.nuget/packages/nacl.net/0.1.13/lib/netstandard2.1/NaCl.dll".
             Reference found at search path location "{HintPathFromItem}".
             This reference is not "CopyLocal" because at least one source item had "Private" set to "false" and no source items had "Private" set to "true".
             The ImageRuntimeVersion for this reference is "".
         Primary reference "NetMQ, Version=4.0.1.13, Culture=neutral, PublicKeyToken=a6decef4ddc58b3a".
             Resolved file path is "/home/runner/.nuget/packages/netmq/4.0.1.13/lib/netstandard2.1/NetMQ.dll".
             Reference found at search path location "{HintPathFromItem}".
             This reference is not "CopyLocal" because at least one source item had "Private" set to "false" and no source items had "Private" set to "true".
             The ImageRuntimeVersion for this reference is "".
         Primary reference "System.CommandLine, Version=2.0.0.0, Culture=neutral, PublicKeyToken=31bf3856ad364e35".
             Resolved file path is "/home/runner/.nuget/packages/system.commandline/2.0.0-beta4.22272.1/lib/net6.0/System.CommandLine.dll".
             Reference found at search path location "{HintPathFromItem}".
             This reference is not "CopyLocal" because at least one source item had "Private" set to "false" and no source items had "Private" set to "true".
             The ImageRuntimeVersion for this reference is "".
         Primary reference "System.Drawing.Common, Version=5.0.0.0, Culture=neutral, PublicKeyToken=cc7b13ffcd2ddd51".
             Resolved file path is "/home/runner/.nuget/packages/system.drawing.common/5.0.0/ref/netcoreapp3.0/System.Drawing.Common.dll".
             Reference found at search path location "{HintPathFromItem}".
             This reference is not "CopyLocal" because at least one source item had "Private" set to "false" and no source items had "Private" set to "true".
             The ImageRuntimeVersion for this reference is "".
         Primary reference "System.Security.Cryptography.Xml, Version=5.0.0.0, Culture=neutral, PublicKeyToken=cc7b13ffcd2ddd51".
             Resolved file path is "/home/runner/.nuget/packages/system.security.cryptography.xml/5.0.0/ref/netstandard2.0/System.Security.Cryptography.Xml.dll".
             Reference found at search path location "{HintPathFromItem}".
             This reference is not "CopyLocal" because at least one source item had "Private" set to "false" and no source items had "Private" set to "true".
             The ImageRuntimeVersion for this reference is "".
         Primary reference "System.Security.Permissions, Version=5.0.0.0, Culture=neutral, PublicKeyToken=cc7b13ffcd2ddd51".
             Resolved file path is "/home/runner/.nuget/packages/system.security.permissions/5.0.0/ref/net5.0/System.Security.Permissions.dll".
             Reference found at search path location "{HintPathFromItem}".
             This reference is not "CopyLocal" because at least one source item had "Private" set to "false" and no source items had "Private" set to "true".
             The ImageRuntimeVersion for this reference is "".
         Primary reference "System.ServiceModel.Primitives, Version=4.9.0.0, Culture=neutral, PublicKeyToken=b03f5f7f11d50a3a".
             Resolved file path is "/home/runner/.nuget/packages/system.servicemodel.primitives/4.9.0/ref/net6.0/System.ServiceModel.Primitives.dll".
             Reference found at search path location "{HintPathFromItem}".
             This reference is not "CopyLocal" because at least one source item had "Private" set to "false" and no source items had "Private" set to "true".
             The ImageRuntimeVersion for this reference is "".
         Primary reference "System.ServiceModel, Version=4.0.0.0, Culture=neutral, PublicKeyToken=b77a5c561934e089".
             Resolved file path is "/home/runner/.nuget/packages/system.servicemodel.primitives/4.9.0/ref/net6.0/System.ServiceModel.dll".
             Reference found at search path location "{HintPathFromItem}".
             This reference is not "CopyLocal" because at least one source item had "Private" set to "false" and no source items had "Private" set to "true".
             The ImageRuntimeVersion for this reference is "".
         Primary reference "System.Windows.Extensions, Version=5.0.0.0, Culture=neutral, PublicKeyToken=cc7b13ffcd2ddd51".
             Resolved file path is "/home/runner/.nuget/packages/system.windows.extensions/5.0.0/ref/netcoreapp3.0/System.Windows.Extensions.dll".
             Reference found at search path location "{HintPathFromItem}".
             This reference is not "CopyLocal" because at least one source item had "Private" set to "false" and no source items had "Private" set to "true".
             The ImageRuntimeVersion for this reference is "".
         Primary reference "Microsoft.CSharp, Version=8.0.0.0, Culture=neutral, PublicKeyToken=b03f5f7f11d50a3a".
             Resolved file path is "/nix/store/8y83na7h81fw5kr1msmjc7rvx329djp0-dotnet-sdk-8.0.300/packs/Microsoft.NETCore.App.Ref/8.0.5/ref/net8.0/Microsoft.CSharp.dll".
             Reference found at search path location "{RawFileName}".
             This reference is not "CopyLocal" because at least one source item had "Private" set to "false" and no source items had "Private" set to "true".
             The ImageRuntimeVersion for this reference is "".
         Primary reference "Microsoft.VisualBasic.Core, Version=13.0.0.0, Culture=neutral, PublicKeyToken=b03f5f7f11d50a3a".
             Resolved file path is "/nix/store/8y83na7h81fw5kr1msmjc7rvx329djp0-dotnet-sdk-8.0.300/packs/Microsoft.NETCore.App.Ref/8.0.5/ref/net8.0/Microsoft.VisualBasic.Core.dll".
             Reference found at search path location "{RawFileName}".
             This reference is not "CopyLocal" because at least one source item had "Private" set to "false" and no source items had "Private" set to "true".
             The ImageRuntimeVersion for this reference is "".
         Primary reference "Microsoft.VisualBasic, Version=10.0.0.0, Culture=neutral, PublicKeyToken=b03f5f7f11d50a3a".
             Resolved file path is "/nix/store/8y83na7h81fw5kr1msmjc7rvx329djp0-dotnet-sdk-8.0.300/packs/Microsoft.NETCore.App.Ref/8.0.5/ref/net8.0/Microsoft.VisualBasic.dll".
             Reference found at search path location "{RawFileName}".
             This reference is not "CopyLocal" because at least one source item had "Private" set to "false" and no source items had "Private" set to "true".
             The ImageRuntimeVersion for this reference is "".
         Primary reference "Microsoft.Win32.Primitives, Version=8.0.0.0, Culture=neutral, PublicKeyToken=b03f5f7f11d50a3a".
             Resolved file path is "/nix/store/8y83na7h81fw5kr1msmjc7rvx329djp0-dotnet-sdk-8.0.300/packs/Microsoft.NETCore.App.Ref/8.0.5/ref/net8.0/Microsoft.Win32.Primitives.dll".
             Reference found at search path location "{RawFileName}".
             This reference is not "CopyLocal" because at least one source item had "Private" set to "false" and no source items had "Private" set to "true".
             The ImageRuntimeVersion for this reference is "".
         Primary reference "Microsoft.Win32.Registry, Version=8.0.0.0, Culture=neutral, PublicKeyToken=b03f5f7f11d50a3a".
             Resolved file path is "/nix/store/8y83na7h81fw5kr1msmjc7rvx329djp0-dotnet-sdk-8.0.300/packs/Microsoft.NETCore.App.Ref/8.0.5/ref/net8.0/Microsoft.Win32.Registry.dll".
             Reference found at search path location "{RawFileName}".
             This reference is not "CopyLocal" because at least one source item had "Private" set to "false" and no source items had "Private" set to "true".
             The ImageRuntimeVersion for this reference is "".
         Primary reference "System.AppContext, Version=8.0.0.0, Culture=neutral, PublicKeyToken=b03f5f7f11d50a3a".
             Resolved file path is "/nix/store/8y83na7h81fw5kr1msmjc7rvx329djp0-dotnet-sdk-8.0.300/packs/Microsoft.NETCore.App.Ref/8.0.5/ref/net8.0/System.AppContext.dll".
             Reference found at search path location "{RawFileName}".
             This reference is not "CopyLocal" because at least one source item had "Private" set to "false" and no source items had "Private" set to "true".
             The ImageRuntimeVersion for this reference is "".
         Primary reference "System.Buffers, Version=8.0.0.0, Culture=neutral, PublicKeyToken=cc7b13ffcd2ddd51".
             Resolved file path is "/nix/store/8y83na7h81fw5kr1msmjc7rvx329djp0-dotnet-sdk-8.0.300/packs/Microsoft.NETCore.App.Ref/8.0.5/ref/net8.0/System.Buffers.dll".
             Reference found at search path location "{RawFileName}".
             This reference is not "CopyLocal" because at least one source item had "Private" set to "false" and no source items had "Private" set to "true".
             The ImageRuntimeVersion for this reference is "".
         Primary reference "System.Collections.Concurrent, Version=8.0.0.0, Culture=neutral, PublicKeyToken=b03f5f7f11d50a3a".
             Resolved file path is "/nix/store/8y83na7h81fw5kr1msmjc7rvx329djp0-dotnet-sdk-8.0.300/packs/Microsoft.NETCore.App.Ref/8.0.5/ref/net8.0/System.Collections.Concurrent.dll".
             Reference found at search path location "{RawFileName}".
             This reference is not "CopyLocal" because at least one source item had "Private" set to "false" and no source items had "Private" set to "true".
             The ImageRuntimeVersion for this reference is "".
         Primary reference "System.Collections.Immutable, Version=8.0.0.0, Culture=neutral, PublicKeyToken=b03f5f7f11d50a3a".
             Resolved file path is "/nix/store/8y83na7h81fw5kr1msmjc7rvx329djp0-dotnet-sdk-8.0.300/packs/Microsoft.NETCore.App.Ref/8.0.5/ref/net8.0/System.Collections.Immutable.dll".
             Reference found at search path location "{RawFileName}".
             This reference is not "CopyLocal" because at least one source item had "Private" set to "false" and no source items had "Private" set to "true".
             The ImageRuntimeVersion for this reference is "".
         Primary reference "System.Collections.NonGeneric, Version=8.0.0.0, Culture=neutral, PublicKeyToken=b03f5f7f11d50a3a".
             Resolved file path is "/nix/store/8y83na7h81fw5kr1msmjc7rvx329djp0-dotnet-sdk-8.0.300/packs/Microsoft.NETCore.App.Ref/8.0.5/ref/net8.0/System.Collections.NonGeneric.dll".
             Reference found at search path location "{RawFileName}".
             This reference is not "CopyLocal" because at least one source item had "Private" set to "false" and no source items had "Private" set to "true".
             The ImageRuntimeVersion for this reference is "".
         Primary reference "System.Collections.Specialized, Version=8.0.0.0, Culture=neutral, PublicKeyToken=b03f5f7f11d50a3a".
             Resolved file path is "/nix/store/8y83na7h81fw5kr1msmjc7rvx329djp0-dotnet-sdk-8.0.300/packs/Microsoft.NETCore.App.Ref/8.0.5/ref/net8.0/System.Collections.Specialized.dll".
             Reference found at search path location "{RawFileName}".
             This reference is not "CopyLocal" because at least one source item had "Private" set to "false" and no source items had "Private" set to "true".
             The ImageRuntimeVersion for this reference is "".
         Primary reference "System.Collections, Version=8.0.0.0, Culture=neutral, PublicKeyToken=b03f5f7f11d50a3a".
             Resolved file path is "/nix/store/8y83na7h81fw5kr1msmjc7rvx329djp0-dotnet-sdk-8.0.300/packs/Microsoft.NETCore.App.Ref/8.0.5/ref/net8.0/System.Collections.dll".
             Reference found at search path location "{RawFileName}".
             This reference is not "CopyLocal" because at least one source item had "Private" set to "false" and no source items had "Private" set to "true".
             The ImageRuntimeVersion for this reference is "".
         Primary reference "System.ComponentModel.Annotations, Version=8.0.0.0, Culture=neutral, PublicKeyToken=b03f5f7f11d50a3a".
             Resolved file path is "/nix/store/8y83na7h81fw5kr1msmjc7rvx329djp0-dotnet-sdk-8.0.300/packs/Microsoft.NETCore.App.Ref/8.0.5/ref/net8.0/System.ComponentModel.Annotations.dll".
             Reference found at search path location "{RawFileName}".
             This reference is not "CopyLocal" because at least one source item had "Private" set to "false" and no source items had "Private" set to "true".
             The ImageRuntimeVersion for this reference is "".
         Primary reference "System.ComponentModel.DataAnnotations, Version=4.0.0.0, Culture=neutral, PublicKeyToken=31bf3856ad364e35".
             Resolved file path is "/nix/store/8y83na7h81fw5kr1msmjc7rvx329djp0-dotnet-sdk-8.0.300/packs/Microsoft.NETCore.App.Ref/8.0.5/ref/net8.0/System.ComponentModel.DataAnnotations.dll".
             Reference found at search path location "{RawFileName}".
             This reference is not "CopyLocal" because at least one source item had "Private" set to "false" and no source items had "Private" set to "true".
             The ImageRuntimeVersion for this reference is "".
         Primary reference "System.ComponentModel.EventBasedAsync, Version=8.0.0.0, Culture=neutral, PublicKeyToken=b03f5f7f11d50a3a".
             Resolved file path is "/nix/store/8y83na7h81fw5kr1msmjc7rvx329djp0-dotnet-sdk-8.0.300/packs/Microsoft.NETCore.App.Ref/8.0.5/ref/net8.0/System.ComponentModel.EventBasedAsync.dll".
             Reference found at search path location "{RawFileName}".
             This reference is not "CopyLocal" because at least one source item had "Private" set to "false" and no source items had "Private" set to "true".
             The ImageRuntimeVersion for this reference is "".
         Primary reference "System.ComponentModel.Primitives, Version=8.0.0.0, Culture=neutral, PublicKeyToken=b03f5f7f11d50a3a".
             Resolved file path is "/nix/store/8y83na7h81fw5kr1msmjc7rvx329djp0-dotnet-sdk-8.0.300/packs/Microsoft.NETCore.App.Ref/8.0.5/ref/net8.0/System.ComponentModel.Primitives.dll".
             Reference found at search path location "{RawFileName}".
             This reference is not "CopyLocal" because at least one source item had "Private" set to "false" and no source items had "Private" set to "true".
             The ImageRuntimeVersion for this reference is "".
         Primary reference "System.ComponentModel.TypeConverter, Version=8.0.0.0, Culture=neutral, PublicKeyToken=b03f5f7f11d50a3a".
             Resolved file path is "/nix/store/8y83na7h81fw5kr1msmjc7rvx329djp0-dotnet-sdk-8.0.300/packs/Microsoft.NETCore.App.Ref/8.0.5/ref/net8.0/System.ComponentModel.TypeConverter.dll".
             Reference found at search path location "{RawFileName}".
             This reference is not "CopyLocal" because at least one source item had "Private" set to "false" and no source items had "Private" set to "true".
             The ImageRuntimeVersion for this reference is "".
         Primary reference "System.ComponentModel, Version=8.0.0.0, Culture=neutral, PublicKeyToken=b03f5f7f11d50a3a".
             Resolved file path is "/nix/store/8y83na7h81fw5kr1msmjc7rvx329djp0-dotnet-sdk-8.0.300/packs/Microsoft.NETCore.App.Ref/8.0.5/ref/net8.0/System.ComponentModel.dll".
             Reference found at search path location "{RawFileName}".
             This reference is not "CopyLocal" because at least one source item had "Private" set to "false" and no source items had "Private" set to "true".
             The ImageRuntimeVersion for this reference is "".
         Primary reference "System.Configuration, Version=4.0.0.0, Culture=neutral, PublicKeyToken=b03f5f7f11d50a3a".
             Resolved file path is "/nix/store/8y83na7h81fw5kr1msmjc7rvx329djp0-dotnet-sdk-8.0.300/packs/Microsoft.NETCore.App.Ref/8.0.5/ref/net8.0/System.Configuration.dll".
             Reference found at search path location "{RawFileName}".
             This reference is not "CopyLocal" because at least one source item had "Private" set to "false" and no source items had "Private" set to "true".
             The ImageRuntimeVersion for this reference is "".
         Primary reference "System.Console, Version=8.0.0.0, Culture=neutral, PublicKeyToken=b03f5f7f11d50a3a".
             Resolved file path is "/nix/store/8y83na7h81fw5kr1msmjc7rvx329djp0-dotnet-sdk-8.0.300/packs/Microsoft.NETCore.App.Ref/8.0.5/ref/net8.0/System.Console.dll".
             Reference found at search path location "{RawFileName}".
             This reference is not "CopyLocal" because at least one source item had "Private" set to "false" and no source items had "Private" set to "true".
             The ImageRuntimeVersion for this reference is "".
         Primary reference "System.Core, Version=4.0.0.0, Culture=neutral, PublicKeyToken=b77a5c561934e089".
             Resolved file path is "/nix/store/8y83na7h81fw5kr1msmjc7rvx329djp0-dotnet-sdk-8.0.300/packs/Microsoft.NETCore.App.Ref/8.0.5/ref/net8.0/System.Core.dll".
             Reference found at search path location "{RawFileName}".
             This reference is not "CopyLocal" because at least one source item had "Private" set to "false" and no source items had "Private" set to "true".
             The ImageRuntimeVersion for this reference is "".
         Primary reference "System.Data.Common, Version=8.0.0.0, Culture=neutral, PublicKeyToken=b03f5f7f11d50a3a".
             Resolved file path is "/nix/store/8y83na7h81fw5kr1msmjc7rvx329djp0-dotnet-sdk-8.0.300/packs/Microsoft.NETCore.App.Ref/8.0.5/ref/net8.0/System.Data.Common.dll".
             Reference found at search path location "{RawFileName}".
             This reference is not "CopyLocal" because at least one source item had "Private" set to "false" and no source items had "Private" set to "true".
             The ImageRuntimeVersion for this reference is "".
         Primary reference "System.Data.DataSetExtensions, Version=8.0.0.0, Culture=neutral, PublicKeyToken=b77a5c561934e089".
             Resolved file path is "/nix/store/8y83na7h81fw5kr1msmjc7rvx329djp0-dotnet-sdk-8.0.300/packs/Microsoft.NETCore.App.Ref/8.0.5/ref/net8.0/System.Data.DataSetExtensions.dll".
             Reference found at search path location "{RawFileName}".
             This reference is not "CopyLocal" because at least one source item had "Private" set to "false" and no source items had "Private" set to "true".
             The ImageRuntimeVersion for this reference is "".
         Primary reference "System.Data, Version=4.0.0.0, Culture=neutral, PublicKeyToken=b77a5c561934e089".
             Resolved file path is "/nix/store/8y83na7h81fw5kr1msmjc7rvx329djp0-dotnet-sdk-8.0.300/packs/Microsoft.NETCore.App.Ref/8.0.5/ref/net8.0/System.Data.dll".
             Reference found at search path location "{RawFileName}".
             This reference is not "CopyLocal" because at least one source item had "Private" set to "false" and no source items had "Private" set to "true".
             The ImageRuntimeVersion for this reference is "".
         Primary reference "System.Diagnostics.Contracts, Version=8.0.0.0, Culture=neutral, PublicKeyToken=b03f5f7f11d50a3a".
             Resolved file path is "/nix/store/8y83na7h81fw5kr1msmjc7rvx329djp0-dotnet-sdk-8.0.300/packs/Microsoft.NETCore.App.Ref/8.0.5/ref/net8.0/System.Diagnostics.Contracts.dll".
             Reference found at search path location "{RawFileName}".
             This reference is not "CopyLocal" because at least one source item had "Private" set to "false" and no source items had "Private" set to "true".
             The ImageRuntimeVersion for this reference is "".
         Primary reference "System.Diagnostics.Debug, Version=8.0.0.0, Culture=neutral, PublicKeyToken=b03f5f7f11d50a3a".
             Resolved file path is "/nix/store/8y83na7h81fw5kr1msmjc7rvx329djp0-dotnet-sdk-8.0.300/packs/Microsoft.NETCore.App.Ref/8.0.5/ref/net8.0/System.Diagnostics.Debug.dll".
             Reference found at search path location "{RawFileName}".
             This reference is not "CopyLocal" because at least one source item had "Private" set to "false" and no source items had "Private" set to "true".
             The ImageRuntimeVersion for this reference is "".
         Primary reference "System.Diagnostics.DiagnosticSource, Version=8.0.0.0, Culture=neutral, PublicKeyToken=cc7b13ffcd2ddd51".
             Resolved file path is "/nix/store/8y83na7h81fw5kr1msmjc7rvx329djp0-dotnet-sdk-8.0.300/packs/Microsoft.NETCore.App.Ref/8.0.5/ref/net8.0/System.Diagnostics.DiagnosticSource.dll".
             Reference found at search path location "{RawFileName}".
             This reference is not "CopyLocal" because at least one source item had "Private" set to "false" and no source items had "Private" set to "true".
             The ImageRuntimeVersion for this reference is "".
         Primary reference "System.Diagnostics.FileVersionInfo, Version=8.0.0.0, Culture=neutral, PublicKeyToken=b03f5f7f11d50a3a".
             Resolved file path is "/nix/store/8y83na7h81fw5kr1msmjc7rvx329djp0-dotnet-sdk-8.0.300/packs/Microsoft.NETCore.App.Ref/8.0.5/ref/net8.0/System.Diagnostics.FileVersionInfo.dll".
             Reference found at search path location "{RawFileName}".
             This reference is not "CopyLocal" because at least one source item had "Private" set to "false" and no source items had "Private" set to "true".
             The ImageRuntimeVersion for this reference is "".
         Primary reference "System.Diagnostics.Process, Version=8.0.0.0, Culture=neutral, PublicKeyToken=b03f5f7f11d50a3a".
             Resolved file path is "/nix/store/8y83na7h81fw5kr1msmjc7rvx329djp0-dotnet-sdk-8.0.300/packs/Microsoft.NETCore.App.Ref/8.0.5/ref/net8.0/System.Diagnostics.Process.dll".
             Reference found at search path location "{RawFileName}".
             This reference is not "CopyLocal" because at least one source item had "Private" set to "false" and no source items had "Private" set to "true".
             The ImageRuntimeVersion for this reference is "".
         Primary reference "System.Diagnostics.StackTrace, Version=8.0.0.0, Culture=neutral, PublicKeyToken=b03f5f7f11d50a3a".
             Resolved file path is "/nix/store/8y83na7h81fw5kr1msmjc7rvx329djp0-dotnet-sdk-8.0.300/packs/Microsoft.NETCore.App.Ref/8.0.5/ref/net8.0/System.Diagnostics.StackTrace.dll".
             Reference found at search path location "{RawFileName}".
             This reference is not "CopyLocal" because at least one source item had "Private" set to "false" and no source items had "Private" set to "true".
             The ImageRuntimeVersion for this reference is "".
         Primary reference "System.Diagnostics.TextWriterTraceListener, Version=8.0.0.0, Culture=neutral, PublicKeyToken=b03f5f7f11d50a3a".
             Resolved file path is "/nix/store/8y83na7h81fw5kr1msmjc7rvx329djp0-dotnet-sdk-8.0.300/packs/Microsoft.NETCore.App.Ref/8.0.5/ref/net8.0/System.Diagnostics.TextWriterTraceListener.dll".
             Reference found at search path location "{RawFileName}".
             This reference is not "CopyLocal" because at least one source item had "Private" set to "false" and no source items had "Private" set to "true".
             The ImageRuntimeVersion for this reference is "".
         Primary reference "System.Diagnostics.Tools, Version=8.0.0.0, Culture=neutral, PublicKeyToken=b03f5f7f11d50a3a".
             Resolved file path is "/nix/store/8y83na7h81fw5kr1msmjc7rvx329djp0-dotnet-sdk-8.0.300/packs/Microsoft.NETCore.App.Ref/8.0.5/ref/net8.0/System.Diagnostics.Tools.dll".
             Reference found at search path location "{RawFileName}".
             This reference is not "CopyLocal" because at least one source item had "Private" set to "false" and no source items had "Private" set to "true".
             The ImageRuntimeVersion for this reference is "".
         Primary reference "System.Diagnostics.TraceSource, Version=8.0.0.0, Culture=neutral, PublicKeyToken=b03f5f7f11d50a3a".
             Resolved file path is "/nix/store/8y83na7h81fw5kr1msmjc7rvx329djp0-dotnet-sdk-8.0.300/packs/Microsoft.NETCore.App.Ref/8.0.5/ref/net8.0/System.Diagnostics.TraceSource.dll".
             Reference found at search path location "{RawFileName}".
             This reference is not "CopyLocal" because at least one source item had "Private" set to "false" and no source items had "Private" set to "true".
             The ImageRuntimeVersion for this reference is "".
         Primary reference "System.Diagnostics.Tracing, Version=8.0.0.0, Culture=neutral, PublicKeyToken=b03f5f7f11d50a3a".
             Resolved file path is "/nix/store/8y83na7h81fw5kr1msmjc7rvx329djp0-dotnet-sdk-8.0.300/packs/Microsoft.NETCore.App.Ref/8.0.5/ref/net8.0/System.Diagnostics.Tracing.dll".
             Reference found at search path location "{RawFileName}".
             This reference is not "CopyLocal" because at least one source item had "Private" set to "false" and no source items had "Private" set to "true".
             The ImageRuntimeVersion for this reference is "".
         Primary reference "System.Drawing.Primitives, Version=8.0.0.0, Culture=neutral, PublicKeyToken=b03f5f7f11d50a3a".
             Resolved file path is "/nix/store/8y83na7h81fw5kr1msmjc7rvx329djp0-dotnet-sdk-8.0.300/packs/Microsoft.NETCore.App.Ref/8.0.5/ref/net8.0/System.Drawing.Primitives.dll".
             Reference found at search path location "{RawFileName}".
             This reference is not "CopyLocal" because at least one source item had "Private" set to "false" and no source items had "Private" set to "true".
             The ImageRuntimeVersion for this reference is "".
         Primary reference "System.Drawing, Version=4.0.0.0, Culture=neutral, PublicKeyToken=b03f5f7f11d50a3a".
             Resolved file path is "/nix/store/8y83na7h81fw5kr1msmjc7rvx329djp0-dotnet-sdk-8.0.300/packs/Microsoft.NETCore.App.Ref/8.0.5/ref/net8.0/System.Drawing.dll".
             Reference found at search path location "{RawFileName}".
             This reference is not "CopyLocal" because at least one source item had "Private" set to "false" and no source items had "Private" set to "true".
             The ImageRuntimeVersion for this reference is "".
         Primary reference "System.Dynamic.Runtime, Version=8.0.0.0, Culture=neutral, PublicKeyToken=b03f5f7f11d50a3a".
             Resolved file path is "/nix/store/8y83na7h81fw5kr1msmjc7rvx329djp0-dotnet-sdk-8.0.300/packs/Microsoft.NETCore.App.Ref/8.0.5/ref/net8.0/System.Dynamic.Runtime.dll".
             Reference found at search path location "{RawFileName}".
             This reference is not "CopyLocal" because at least one source item had "Private" set to "false" and no source items had "Private" set to "true".
             The ImageRuntimeVersion for this reference is "".
         Primary reference "System.Formats.Asn1, Version=8.0.0.0, Culture=neutral, PublicKeyToken=cc7b13ffcd2ddd51".
             Resolved file path is "/nix/store/8y83na7h81fw5kr1msmjc7rvx329djp0-dotnet-sdk-8.0.300/packs/Microsoft.NETCore.App.Ref/8.0.5/ref/net8.0/System.Formats.Asn1.dll".
             Reference found at search path location "{RawFileName}".
             This reference is not "CopyLocal" because at least one source item had "Private" set to "false" and no source items had "Private" set to "true".
             The ImageRuntimeVersion for this reference is "".
         Primary reference "System.Formats.Tar, Version=8.0.0.0, Culture=neutral, PublicKeyToken=cc7b13ffcd2ddd51".
             Resolved file path is "/nix/store/8y83na7h81fw5kr1msmjc7rvx329djp0-dotnet-sdk-8.0.300/packs/Microsoft.NETCore.App.Ref/8.0.5/ref/net8.0/System.Formats.Tar.dll".
             Reference found at search path location "{RawFileName}".
             This reference is not "CopyLocal" because at least one source item had "Private" set to "false" and no source items had "Private" set to "true".
             The ImageRuntimeVersion for this reference is "".
         Primary reference "System.Globalization.Calendars, Version=8.0.0.0, Culture=neutral, PublicKeyToken=b03f5f7f11d50a3a".
             Resolved file path is "/nix/store/8y83na7h81fw5kr1msmjc7rvx329djp0-dotnet-sdk-8.0.300/packs/Microsoft.NETCore.App.Ref/8.0.5/ref/net8.0/System.Globalization.Calendars.dll".
             Reference found at search path location "{RawFileName}".
             This reference is not "CopyLocal" because at least one source item had "Private" set to "false" and no source items had "Private" set to "true".
             The ImageRuntimeVersion for this reference is "".
         Primary reference "System.Globalization.Extensions, Version=8.0.0.0, Culture=neutral, PublicKeyToken=b03f5f7f11d50a3a".
             Resolved file path is "/nix/store/8y83na7h81fw5kr1msmjc7rvx329djp0-dotnet-sdk-8.0.300/packs/Microsoft.NETCore.App.Ref/8.0.5/ref/net8.0/System.Globalization.Extensions.dll".
             Reference found at search path location "{RawFileName}".
             This reference is not "CopyLocal" because at least one source item had "Private" set to "false" and no source items had "Private" set to "true".
             The ImageRuntimeVersion for this reference is "".
         Primary reference "System.Globalization, Version=8.0.0.0, Culture=neutral, PublicKeyToken=b03f5f7f11d50a3a".
             Resolved file path is "/nix/store/8y83na7h81fw5kr1msmjc7rvx329djp0-dotnet-sdk-8.0.300/packs/Microsoft.NETCore.App.Ref/8.0.5/ref/net8.0/System.Globalization.dll".
             Reference found at search path location "{RawFileName}".
             This reference is not "CopyLocal" because at least one source item had "Private" set to "false" and no source items had "Private" set to "true".
             The ImageRuntimeVersion for this reference is "".
         Primary reference "System.IO.Compression.Brotli, Version=8.0.0.0, Culture=neutral, PublicKeyToken=b77a5c561934e089".
             Resolved file path is "/nix/store/8y83na7h81fw5kr1msmjc7rvx329djp0-dotnet-sdk-8.0.300/packs/Microsoft.NETCore.App.Ref/8.0.5/ref/net8.0/System.IO.Compression.Brotli.dll".
             Reference found at search path location "{RawFileName}".
             This reference is not "CopyLocal" because at least one source item had "Private" set to "false" and no source items had "Private" set to "true".
             The ImageRuntimeVersion for this reference is "".
         Primary reference "System.IO.Compression.FileSystem, Version=4.0.0.0, Culture=neutral, PublicKeyToken=b77a5c561934e089".
             Resolved file path is "/nix/store/8y83na7h81fw5kr1msmjc7rvx329djp0-dotnet-sdk-8.0.300/packs/Microsoft.NETCore.App.Ref/8.0.5/ref/net8.0/System.IO.Compression.FileSystem.dll".
             Reference found at search path location "{RawFileName}".
             This reference is not "CopyLocal" because at least one source item had "Private" set to "false" and no source items had "Private" set to "true".
             The ImageRuntimeVersion for this reference is "".
         Primary reference "System.IO.Compression.ZipFile, Version=8.0.0.0, Culture=neutral, PublicKeyToken=b77a5c561934e089".
             Resolved file path is "/nix/store/8y83na7h81fw5kr1msmjc7rvx329djp0-dotnet-sdk-8.0.300/packs/Microsoft.NETCore.App.Ref/8.0.5/ref/net8.0/System.IO.Compression.ZipFile.dll".
             Reference found at search path location "{RawFileName}".
             This reference is not "CopyLocal" because at least one source item had "Private" set to "false" and no source items had "Private" set to "true".
             The ImageRuntimeVersion for this reference is "".
         Primary reference "System.IO.Compression, Version=8.0.0.0, Culture=neutral, PublicKeyToken=b77a5c561934e089".
             Resolved file path is "/nix/store/8y83na7h81fw5kr1msmjc7rvx329djp0-dotnet-sdk-8.0.300/packs/Microsoft.NETCore.App.Ref/8.0.5/ref/net8.0/System.IO.Compression.dll".
             Reference found at search path location "{RawFileName}".
             This reference is not "CopyLocal" because at least one source item had "Private" set to "false" and no source items had "Private" set to "true".
             The ImageRuntimeVersion for this reference is "".
         Primary reference "System.IO.FileSystem.AccessControl, Version=8.0.0.0, Culture=neutral, PublicKeyToken=b03f5f7f11d50a3a".
             Resolved file path is "/nix/store/8y83na7h81fw5kr1msmjc7rvx329djp0-dotnet-sdk-8.0.300/packs/Microsoft.NETCore.App.Ref/8.0.5/ref/net8.0/System.IO.FileSystem.AccessControl.dll".
             Reference found at search path location "{RawFileName}".
             This reference is not "CopyLocal" because at least one source item had "Private" set to "false" and no source items had "Private" set to "true".
             The ImageRuntimeVersion for this reference is "".
         Primary reference "System.IO.FileSystem.DriveInfo, Version=8.0.0.0, Culture=neutral, PublicKeyToken=b03f5f7f11d50a3a".
             Resolved file path is "/nix/store/8y83na7h81fw5kr1msmjc7rvx329djp0-dotnet-sdk-8.0.300/packs/Microsoft.NETCore.App.Ref/8.0.5/ref/net8.0/System.IO.FileSystem.DriveInfo.dll".
             Reference found at search path location "{RawFileName}".
             This reference is not "CopyLocal" because at least one source item had "Private" set to "false" and no source items had "Private" set to "true".
             The ImageRuntimeVersion for this reference is "".
         Primary reference "System.IO.FileSystem.Primitives, Version=8.0.0.0, Culture=neutral, PublicKeyToken=b03f5f7f11d50a3a".
             Resolved file path is "/nix/store/8y83na7h81fw5kr1msmjc7rvx329djp0-dotnet-sdk-8.0.300/packs/Microsoft.NETCore.App.Ref/8.0.5/ref/net8.0/System.IO.FileSystem.Primitives.dll".
             Reference found at search path location "{RawFileName}".
             This reference is not "CopyLocal" because at least one source item had "Private" set to "false" and no source items had "Private" set to "true".
             The ImageRuntimeVersion for this reference is "".
         Primary reference "System.IO.FileSystem.Watcher, Version=8.0.0.0, Culture=neutral, PublicKeyToken=b03f5f7f11d50a3a".
             Resolved file path is "/nix/store/8y83na7h81fw5kr1msmjc7rvx329djp0-dotnet-sdk-8.0.300/packs/Microsoft.NETCore.App.Ref/8.0.5/ref/net8.0/System.IO.FileSystem.Watcher.dll".
             Reference found at search path location "{RawFileName}".
             This reference is not "CopyLocal" because at least one source item had "Private" set to "false" and no source items had "Private" set to "true".
             The ImageRuntimeVersion for this reference is "".
         Primary reference "System.IO.FileSystem, Version=8.0.0.0, Culture=neutral, PublicKeyToken=b03f5f7f11d50a3a".
             Resolved file path is "/nix/store/8y83na7h81fw5kr1msmjc7rvx329djp0-dotnet-sdk-8.0.300/packs/Microsoft.NETCore.App.Ref/8.0.5/ref/net8.0/System.IO.FileSystem.dll".
             Reference found at search path location "{RawFileName}".
             This reference is not "CopyLocal" because at least one source item had "Private" set to "false" and no source items had "Private" set to "true".
             The ImageRuntimeVersion for this reference is "".
         Primary reference "System.IO.IsolatedStorage, Version=8.0.0.0, Culture=neutral, PublicKeyToken=b03f5f7f11d50a3a".
             Resolved file path is "/nix/store/8y83na7h81fw5kr1msmjc7rvx329djp0-dotnet-sdk-8.0.300/packs/Microsoft.NETCore.App.Ref/8.0.5/ref/net8.0/System.IO.IsolatedStorage.dll".
             Reference found at search path location "{RawFileName}".
             This reference is not "CopyLocal" because at least one source item had "Private" set to "false" and no source items had "Private" set to "true".
             The ImageRuntimeVersion for this reference is "".
         Primary reference "System.IO.MemoryMappedFiles, Version=8.0.0.0, Culture=neutral, PublicKeyToken=b03f5f7f11d50a3a".
             Resolved file path is "/nix/store/8y83na7h81fw5kr1msmjc7rvx329djp0-dotnet-sdk-8.0.300/packs/Microsoft.NETCore.App.Ref/8.0.5/ref/net8.0/System.IO.MemoryMappedFiles.dll".
             Reference found at search path location "{RawFileName}".
             This reference is not "CopyLocal" because at least one source item had "Private" set to "false" and no source items had "Private" set to "true".
             The ImageRuntimeVersion for this reference is "".
         Primary reference "System.IO.Pipes.AccessControl, Version=8.0.0.0, Culture=neutral, PublicKeyToken=b03f5f7f11d50a3a".
             Resolved file path is "/nix/store/8y83na7h81fw5kr1msmjc7rvx329djp0-dotnet-sdk-8.0.300/packs/Microsoft.NETCore.App.Ref/8.0.5/ref/net8.0/System.IO.Pipes.AccessControl.dll".
             Reference found at search path location "{RawFileName}".
             This reference is not "CopyLocal" because at least one source item had "Private" set to "false" and no source items had "Private" set to "true".
             The ImageRuntimeVersion for this reference is "".
         Primary reference "System.IO.Pipes, Version=8.0.0.0, Culture=neutral, PublicKeyToken=b03f5f7f11d50a3a".
             Resolved file path is "/nix/store/8y83na7h81fw5kr1msmjc7rvx329djp0-dotnet-sdk-8.0.300/packs/Microsoft.NETCore.App.Ref/8.0.5/ref/net8.0/System.IO.Pipes.dll".
             Reference found at search path location "{RawFileName}".
             This reference is not "CopyLocal" because at least one source item had "Private" set to "false" and no source items had "Private" set to "true".
             The ImageRuntimeVersion for this reference is "".
         Primary reference "System.IO.UnmanagedMemoryStream, Version=8.0.0.0, Culture=neutral, PublicKeyToken=b03f5f7f11d50a3a".
             Resolved file path is "/nix/store/8y83na7h81fw5kr1msmjc7rvx329djp0-dotnet-sdk-8.0.300/packs/Microsoft.NETCore.App.Ref/8.0.5/ref/net8.0/System.IO.UnmanagedMemoryStream.dll".
             Reference found at search path location "{RawFileName}".
             This reference is not "CopyLocal" because at least one source item had "Private" set to "false" and no source items had "Private" set to "true".
             The ImageRuntimeVersion for this reference is "".
         Primary reference "System.IO, Version=8.0.0.0, Culture=neutral, PublicKeyToken=b03f5f7f11d50a3a".
             Resolved file path is "/nix/store/8y83na7h81fw5kr1msmjc7rvx329djp0-dotnet-sdk-8.0.300/packs/Microsoft.NETCore.App.Ref/8.0.5/ref/net8.0/System.IO.dll".
             Reference found at search path location "{RawFileName}".
             This reference is not "CopyLocal" because at least one source item had "Private" set to "false" and no source items had "Private" set to "true".
             The ImageRuntimeVersion for this reference is "".
         Primary reference "System.Linq.Expressions, Version=8.0.0.0, Culture=neutral, PublicKeyToken=b03f5f7f11d50a3a".
             Resolved file path is "/nix/store/8y83na7h81fw5kr1msmjc7rvx329djp0-dotnet-sdk-8.0.300/packs/Microsoft.NETCore.App.Ref/8.0.5/ref/net8.0/System.Linq.Expressions.dll".
             Reference found at search path location "{RawFileName}".
             This reference is not "CopyLocal" because at least one source item had "Private" set to "false" and no source items had "Private" set to "true".
             The ImageRuntimeVersion for this reference is "".
         Primary reference "System.Linq.Parallel, Version=8.0.0.0, Culture=neutral, PublicKeyToken=b03f5f7f11d50a3a".
             Resolved file path is "/nix/store/8y83na7h81fw5kr1msmjc7rvx329djp0-dotnet-sdk-8.0.300/packs/Microsoft.NETCore.App.Ref/8.0.5/ref/net8.0/System.Linq.Parallel.dll".
             Reference found at search path location "{RawFileName}".
             This reference is not "CopyLocal" because at least one source item had "Private" set to "false" and no source items had "Private" set to "true".
             The ImageRuntimeVersion for this reference is "".
         Primary reference "System.Linq.Queryable, Version=8.0.0.0, Culture=neutral, PublicKeyToken=b03f5f7f11d50a3a".
             Resolved file path is "/nix/store/8y83na7h81fw5kr1msmjc7rvx329djp0-dotnet-sdk-8.0.300/packs/Microsoft.NETCore.App.Ref/8.0.5/ref/net8.0/System.Linq.Queryable.dll".
             Reference found at search path location "{RawFileName}".
             This reference is not "CopyLocal" because at least one source item had "Private" set to "false" and no source items had "Private" set to "true".
             The ImageRuntimeVersion for this reference is "".
         Primary reference "System.Linq, Version=8.0.0.0, Culture=neutral, PublicKeyToken=b03f5f7f11d50a3a".
             Resolved file path is "/nix/store/8y83na7h81fw5kr1msmjc7rvx329djp0-dotnet-sdk-8.0.300/packs/Microsoft.NETCore.App.Ref/8.0.5/ref/net8.0/System.Linq.dll".
             Reference found at search path location "{RawFileName}".
             This reference is not "CopyLocal" because at least one source item had "Private" set to "false" and no source items had "Private" set to "true".
             The ImageRuntimeVersion for this reference is "".
         Primary reference "System.Memory, Version=8.0.0.0, Culture=neutral, PublicKeyToken=cc7b13ffcd2ddd51".
             Resolved file path is "/nix/store/8y83na7h81fw5kr1msmjc7rvx329djp0-dotnet-sdk-8.0.300/packs/Microsoft.NETCore.App.Ref/8.0.5/ref/net8.0/System.Memory.dll".
             Reference found at search path location "{RawFileName}".
             This reference is not "CopyLocal" because at least one source item had "Private" set to "false" and no source items had "Private" set to "true".
             The ImageRuntimeVersion for this reference is "".
         Primary reference "System.Net.Http.Json, Version=8.0.0.0, Culture=neutral, PublicKeyToken=cc7b13ffcd2ddd51".
             Resolved file path is "/nix/store/8y83na7h81fw5kr1msmjc7rvx329djp0-dotnet-sdk-8.0.300/packs/Microsoft.NETCore.App.Ref/8.0.5/ref/net8.0/System.Net.Http.Json.dll".
             Reference found at search path location "{RawFileName}".
             This reference is not "CopyLocal" because at least one source item had "Private" set to "false" and no source items had "Private" set to "true".
             The ImageRuntimeVersion for this reference is "".
         Primary reference "System.Net.Http, Version=8.0.0.0, Culture=neutral, PublicKeyToken=b03f5f7f11d50a3a".
             Resolved file path is "/nix/store/8y83na7h81fw5kr1msmjc7rvx329djp0-dotnet-sdk-8.0.300/packs/Microsoft.NETCore.App.Ref/8.0.5/ref/net8.0/System.Net.Http.dll".
             Reference found at search path location "{RawFileName}".
             This reference is not "CopyLocal" because at least one source item had "Private" set to "false" and no source items had "Private" set to "true".
             The ImageRuntimeVersion for this reference is "".
         Primary reference "System.Net.HttpListener, Version=8.0.0.0, Culture=neutral, PublicKeyToken=cc7b13ffcd2ddd51".
             Resolved file path is "/nix/store/8y83na7h81fw5kr1msmjc7rvx329djp0-dotnet-sdk-8.0.300/packs/Microsoft.NETCore.App.Ref/8.0.5/ref/net8.0/System.Net.HttpListener.dll".
             Reference found at search path location "{RawFileName}".
             This reference is not "CopyLocal" because at least one source item had "Private" set to "false" and no source items had "Private" set to "true".
             The ImageRuntimeVersion for this reference is "".
         Primary reference "System.Net.Mail, Version=8.0.0.0, Culture=neutral, PublicKeyToken=cc7b13ffcd2ddd51".
             Resolved file path is "/nix/store/8y83na7h81fw5kr1msmjc7rvx329djp0-dotnet-sdk-8.0.300/packs/Microsoft.NETCore.App.Ref/8.0.5/ref/net8.0/System.Net.Mail.dll".
             Reference found at search path location "{RawFileName}".
             This reference is not "CopyLocal" because at least one source item had "Private" set to "false" and no source items had "Private" set to "true".
             The ImageRuntimeVersion for this reference is "".
         Primary reference "System.Net.NameResolution, Version=8.0.0.0, Culture=neutral, PublicKeyToken=b03f5f7f11d50a3a".
             Resolved file path is "/nix/store/8y83na7h81fw5kr1msmjc7rvx329djp0-dotnet-sdk-8.0.300/packs/Microsoft.NETCore.App.Ref/8.0.5/ref/net8.0/System.Net.NameResolution.dll".
             Reference found at search path location "{RawFileName}".
             This reference is not "CopyLocal" because at least one source item had "Private" set to "false" and no source items had "Private" set to "true".
             The ImageRuntimeVersion for this reference is "".
         Primary reference "System.Net.NetworkInformation, Version=8.0.0.0, Culture=neutral, PublicKeyToken=b03f5f7f11d50a3a".
             Resolved file path is "/nix/store/8y83na7h81fw5kr1msmjc7rvx329djp0-dotnet-sdk-8.0.300/packs/Microsoft.NETCore.App.Ref/8.0.5/ref/net8.0/System.Net.NetworkInformation.dll".
             Reference found at search path location "{RawFileName}".
             This reference is not "CopyLocal" because at least one source item had "Private" set to "false" and no source items had "Private" set to "true".
             The ImageRuntimeVersion for this reference is "".
         Primary reference "System.Net.Ping, Version=8.0.0.0, Culture=neutral, PublicKeyToken=b03f5f7f11d50a3a".
             Resolved file path is "/nix/store/8y83na7h81fw5kr1msmjc7rvx329djp0-dotnet-sdk-8.0.300/packs/Microsoft.NETCore.App.Ref/8.0.5/ref/net8.0/System.Net.Ping.dll".
             Reference found at search path location "{RawFileName}".
             This reference is not "CopyLocal" because at least one source item had "Private" set to "false" and no source items had "Private" set to "true".
             The ImageRuntimeVersion for this reference is "".
         Primary reference "System.Net.Primitives, Version=8.0.0.0, Culture=neutral, PublicKeyToken=b03f5f7f11d50a3a".
             Resolved file path is "/nix/store/8y83na7h81fw5kr1msmjc7rvx329djp0-dotnet-sdk-8.0.300/packs/Microsoft.NETCore.App.Ref/8.0.5/ref/net8.0/System.Net.Primitives.dll".
             Reference found at search path location "{RawFileName}".
             This reference is not "CopyLocal" because at least one source item had "Private" set to "false" and no source items had "Private" set to "true".
             The ImageRuntimeVersion for this reference is "".
         Primary reference "System.Net.Quic, Version=8.0.0.0, Culture=neutral, PublicKeyToken=b03f5f7f11d50a3a".
             Resolved file path is "/nix/store/8y83na7h81fw5kr1msmjc7rvx329djp0-dotnet-sdk-8.0.300/packs/Microsoft.NETCore.App.Ref/8.0.5/ref/net8.0/System.Net.Quic.dll".
             Reference found at search path location "{RawFileName}".
             This reference is not "CopyLocal" because at least one source item had "Private" set to "false" and no source items had "Private" set to "true".
             The ImageRuntimeVersion for this reference is "".
         Primary reference "System.Net.Requests, Version=8.0.0.0, Culture=neutral, PublicKeyToken=b03f5f7f11d50a3a".
             Resolved file path is "/nix/store/8y83na7h81fw5kr1msmjc7rvx329djp0-dotnet-sdk-8.0.300/packs/Microsoft.NETCore.App.Ref/8.0.5/ref/net8.0/System.Net.Requests.dll".
             Reference found at search path location "{RawFileName}".
             This reference is not "CopyLocal" because at least one source item had "Private" set to "false" and no source items had "Private" set to "true".
             The ImageRuntimeVersion for this reference is "".
         Primary reference "System.Net.Security, Version=8.0.0.0, Culture=neutral, PublicKeyToken=b03f5f7f11d50a3a".
             Resolved file path is "/nix/store/8y83na7h81fw5kr1msmjc7rvx329djp0-dotnet-sdk-8.0.300/packs/Microsoft.NETCore.App.Ref/8.0.5/ref/net8.0/System.Net.Security.dll".
             Reference found at search path location "{RawFileName}".
             This reference is not "CopyLocal" because at least one source item had "Private" set to "false" and no source items had "Private" set to "true".
             The ImageRuntimeVersion for this reference is "".
         Primary reference "System.Net.ServicePoint, Version=8.0.0.0, Culture=neutral, PublicKeyToken=cc7b13ffcd2ddd51".
             Resolved file path is "/nix/store/8y83na7h81fw5kr1msmjc7rvx329djp0-dotnet-sdk-8.0.300/packs/Microsoft.NETCore.App.Ref/8.0.5/ref/net8.0/System.Net.ServicePoint.dll".
             Reference found at search path location "{RawFileName}".
             This reference is not "CopyLocal" because at least one source item had "Private" set to "false" and no source items had "Private" set to "true".
             The ImageRuntimeVersion for this reference is "".
         Primary reference "System.Net.Sockets, Version=8.0.0.0, Culture=neutral, PublicKeyToken=b03f5f7f11d50a3a".
             Resolved file path is "/nix/store/8y83na7h81fw5kr1msmjc7rvx329djp0-dotnet-sdk-8.0.300/packs/Microsoft.NETCore.App.Ref/8.0.5/ref/net8.0/System.Net.Sockets.dll".
             Reference found at search path location "{RawFileName}".
             This reference is not "CopyLocal" because at least one source item had "Private" set to "false" and no source items had "Private" set to "true".
             The ImageRuntimeVersion for this reference is "".
         Primary reference "System.Net.WebClient, Version=8.0.0.0, Culture=neutral, PublicKeyToken=cc7b13ffcd2ddd51".
             Resolved file path is "/nix/store/8y83na7h81fw5kr1msmjc7rvx329djp0-dotnet-sdk-8.0.300/packs/Microsoft.NETCore.App.Ref/8.0.5/ref/net8.0/System.Net.WebClient.dll".
             Reference found at search path location "{RawFileName}".
             This reference is not "CopyLocal" because at least one source item had "Private" set to "false" and no source items had "Private" set to "true".
             The ImageRuntimeVersion for this reference is "".
         Primary reference "System.Net.WebHeaderCollection, Version=8.0.0.0, Culture=neutral, PublicKeyToken=b03f5f7f11d50a3a".
             Resolved file path is "/nix/store/8y83na7h81fw5kr1msmjc7rvx329djp0-dotnet-sdk-8.0.300/packs/Microsoft.NETCore.App.Ref/8.0.5/ref/net8.0/System.Net.WebHeaderCollection.dll".
             Reference found at search path location "{RawFileName}".
             This reference is not "CopyLocal" because at least one source item had "Private" set to "false" and no source items had "Private" set to "true".
             The ImageRuntimeVersion for this reference is "".
         Primary reference "System.Net.WebProxy, Version=8.0.0.0, Culture=neutral, PublicKeyToken=cc7b13ffcd2ddd51".
             Resolved file path is "/nix/store/8y83na7h81fw5kr1msmjc7rvx329djp0-dotnet-sdk-8.0.300/packs/Microsoft.NETCore.App.Ref/8.0.5/ref/net8.0/System.Net.WebProxy.dll".
             Reference found at search path location "{RawFileName}".
             This reference is not "CopyLocal" because at least one source item had "Private" set to "false" and no source items had "Private" set to "true".
             The ImageRuntimeVersion for this reference is "".
         Primary reference "System.Net.WebSockets.Client, Version=8.0.0.0, Culture=neutral, PublicKeyToken=b03f5f7f11d50a3a".
             Resolved file path is "/nix/store/8y83na7h81fw5kr1msmjc7rvx329djp0-dotnet-sdk-8.0.300/packs/Microsoft.NETCore.App.Ref/8.0.5/ref/net8.0/System.Net.WebSockets.Client.dll".
             Reference found at search path location "{RawFileName}".
             This reference is not "CopyLocal" because at least one source item had "Private" set to "false" and no source items had "Private" set to "true".
             The ImageRuntimeVersion for this reference is "".
         Primary reference "System.Net.WebSockets, Version=8.0.0.0, Culture=neutral, PublicKeyToken=b03f5f7f11d50a3a".
             Resolved file path is "/nix/store/8y83na7h81fw5kr1msmjc7rvx329djp0-dotnet-sdk-8.0.300/packs/Microsoft.NETCore.App.Ref/8.0.5/ref/net8.0/System.Net.WebSockets.dll".
             Reference found at search path location "{RawFileName}".
             This reference is not "CopyLocal" because at least one source item had "Private" set to "false" and no source items had "Private" set to "true".
             The ImageRuntimeVersion for this reference is "".
         Primary reference "System.Net, Version=4.0.0.0, Culture=neutral, PublicKeyToken=b03f5f7f11d50a3a".
             Resolved file path is "/nix/store/8y83na7h81fw5kr1msmjc7rvx329djp0-dotnet-sdk-8.0.300/packs/Microsoft.NETCore.App.Ref/8.0.5/ref/net8.0/System.Net.dll".
             Reference found at search path location "{RawFileName}".
             This reference is not "CopyLocal" because at least one source item had "Private" set to "false" and no source items had "Private" set to "true".
             The ImageRuntimeVersion for this reference is "".
         Primary reference "System.Numerics.Vectors, Version=8.0.0.0, Culture=neutral, PublicKeyToken=b03f5f7f11d50a3a".
             Resolved file path is "/nix/store/8y83na7h81fw5kr1msmjc7rvx329djp0-dotnet-sdk-8.0.300/packs/Microsoft.NETCore.App.Ref/8.0.5/ref/net8.0/System.Numerics.Vectors.dll".
             Reference found at search path location "{RawFileName}".
             This reference is not "CopyLocal" because at least one source item had "Private" set to "false" and no source items had "Private" set to "true".
             The ImageRuntimeVersion for this reference is "".
         Primary reference "System.Numerics, Version=4.0.0.0, Culture=neutral, PublicKeyToken=b77a5c561934e089".
             Resolved file path is "/nix/store/8y83na7h81fw5kr1msmjc7rvx329djp0-dotnet-sdk-8.0.300/packs/Microsoft.NETCore.App.Ref/8.0.5/ref/net8.0/System.Numerics.dll".
             Reference found at search path location "{RawFileName}".
             This reference is not "CopyLocal" because at least one source item had "Private" set to "false" and no source items had "Private" set to "true".
             The ImageRuntimeVersion for this reference is "".
         Primary reference "System.ObjectModel, Version=8.0.0.0, Culture=neutral, PublicKeyToken=b03f5f7f11d50a3a".
             Resolved file path is "/nix/store/8y83na7h81fw5kr1msmjc7rvx329djp0-dotnet-sdk-8.0.300/packs/Microsoft.NETCore.App.Ref/8.0.5/ref/net8.0/System.ObjectModel.dll".
             Reference found at search path location "{RawFileName}".
             This reference is not "CopyLocal" because at least one source item had "Private" set to "false" and no source items had "Private" set to "true".
             The ImageRuntimeVersion for this reference is "".
         Primary reference "System.Reflection.DispatchProxy, Version=8.0.0.0, Culture=neutral, PublicKeyToken=b03f5f7f11d50a3a".
             Resolved file path is "/nix/store/8y83na7h81fw5kr1msmjc7rvx329djp0-dotnet-sdk-8.0.300/packs/Microsoft.NETCore.App.Ref/8.0.5/ref/net8.0/System.Reflection.DispatchProxy.dll".
             Reference found at search path location "{RawFileName}".
             This reference is not "CopyLocal" because at least one source item had "Private" set to "false" and no source items had "Private" set to "true".
             The ImageRuntimeVersion for this reference is "".
         Primary reference "System.Reflection.Emit.ILGeneration, Version=8.0.0.0, Culture=neutral, PublicKeyToken=b03f5f7f11d50a3a".
             Resolved file path is "/nix/store/8y83na7h81fw5kr1msmjc7rvx329djp0-dotnet-sdk-8.0.300/packs/Microsoft.NETCore.App.Ref/8.0.5/ref/net8.0/System.Reflection.Emit.ILGeneration.dll".
             Reference found at search path location "{RawFileName}".
             This reference is not "CopyLocal" because at least one source item had "Private" set to "false" and no source items had "Private" set to "true".
             The ImageRuntimeVersion for this reference is "".
         Primary reference "System.Reflection.Emit.Lightweight, Version=8.0.0.0, Culture=neutral, PublicKeyToken=b03f5f7f11d50a3a".
             Resolved file path is "/nix/store/8y83na7h81fw5kr1msmjc7rvx329djp0-dotnet-sdk-8.0.300/packs/Microsoft.NETCore.App.Ref/8.0.5/ref/net8.0/System.Reflection.Emit.Lightweight.dll".
             Reference found at search path location "{RawFileName}".
             This reference is not "CopyLocal" because at least one source item had "Private" set to "false" and no source items had "Private" set to "true".
             The ImageRuntimeVersion for this reference is "".
         Primary reference "System.Reflection.Emit, Version=8.0.0.0, Culture=neutral, PublicKeyToken=b03f5f7f11d50a3a".
             Resolved file path is "/nix/store/8y83na7h81fw5kr1msmjc7rvx329djp0-dotnet-sdk-8.0.300/packs/Microsoft.NETCore.App.Ref/8.0.5/ref/net8.0/System.Reflection.Emit.dll".
             Reference found at search path location "{RawFileName}".
             This reference is not "CopyLocal" because at least one source item had "Private" set to "false" and no source items had "Private" set to "true".
             The ImageRuntimeVersion for this reference is "".
         Primary reference "System.Reflection.Extensions, Version=8.0.0.0, Culture=neutral, PublicKeyToken=b03f5f7f11d50a3a".
             Resolved file path is "/nix/store/8y83na7h81fw5kr1msmjc7rvx329djp0-dotnet-sdk-8.0.300/packs/Microsoft.NETCore.App.Ref/8.0.5/ref/net8.0/System.Reflection.Extensions.dll".
             Reference found at search path location "{RawFileName}".
             This reference is not "CopyLocal" because at least one source item had "Private" set to "false" and no source items had "Private" set to "true".
             The ImageRuntimeVersion for this reference is "".
         Primary reference "System.Reflection.Metadata, Version=8.0.0.0, Culture=neutral, PublicKeyToken=b03f5f7f11d50a3a".
             Resolved file path is "/nix/store/8y83na7h81fw5kr1msmjc7rvx329djp0-dotnet-sdk-8.0.300/packs/Microsoft.NETCore.App.Ref/8.0.5/ref/net8.0/System.Reflection.Metadata.dll".
             Reference found at search path location "{RawFileName}".
             This reference is not "CopyLocal" because at least one source item had "Private" set to "false" and no source items had "Private" set to "true".
             The ImageRuntimeVersion for this reference is "".
         Primary reference "System.Reflection.Primitives, Version=8.0.0.0, Culture=neutral, PublicKeyToken=b03f5f7f11d50a3a".
             Resolved file path is "/nix/store/8y83na7h81fw5kr1msmjc7rvx329djp0-dotnet-sdk-8.0.300/packs/Microsoft.NETCore.App.Ref/8.0.5/ref/net8.0/System.Reflection.Primitives.dll".
             Reference found at search path location "{RawFileName}".
             This reference is not "CopyLocal" because at least one source item had "Private" set to "false" and no source items had "Private" set to "true".
             The ImageRuntimeVersion for this reference is "".
         Primary reference "System.Reflection.TypeExtensions, Version=8.0.0.0, Culture=neutral, PublicKeyToken=b03f5f7f11d50a3a".
             Resolved file path is "/nix/store/8y83na7h81fw5kr1msmjc7rvx329djp0-dotnet-sdk-8.0.300/packs/Microsoft.NETCore.App.Ref/8.0.5/ref/net8.0/System.Reflection.TypeExtensions.dll".
             Reference found at search path location "{RawFileName}".
             This reference is not "CopyLocal" because at least one source item had "Private" set to "false" and no source items had "Private" set to "true".
             The ImageRuntimeVersion for this reference is "".
         Primary reference "System.Reflection, Version=8.0.0.0, Culture=neutral, PublicKeyToken=b03f5f7f11d50a3a".
             Resolved file path is "/nix/store/8y83na7h81fw5kr1msmjc7rvx329djp0-dotnet-sdk-8.0.300/packs/Microsoft.NETCore.App.Ref/8.0.5/ref/net8.0/System.Reflection.dll".
             Reference found at search path location "{RawFileName}".
             This reference is not "CopyLocal" because at least one source item had "Private" set to "false" and no source items had "Private" set to "true".
             The ImageRuntimeVersion for this reference is "".
         Primary reference "System.Resources.Reader, Version=8.0.0.0, Culture=neutral, PublicKeyToken=b03f5f7f11d50a3a".
             Resolved file path is "/nix/store/8y83na7h81fw5kr1msmjc7rvx329djp0-dotnet-sdk-8.0.300/packs/Microsoft.NETCore.App.Ref/8.0.5/ref/net8.0/System.Resources.Reader.dll".
             Reference found at search path location "{RawFileName}".
             This reference is not "CopyLocal" because at least one source item had "Private" set to "false" and no source items had "Private" set to "true".
             The ImageRuntimeVersion for this reference is "".
         Primary reference "System.Resources.ResourceManager, Version=8.0.0.0, Culture=neutral, PublicKeyToken=b03f5f7f11d50a3a".
             Resolved file path is "/nix/store/8y83na7h81fw5kr1msmjc7rvx329djp0-dotnet-sdk-8.0.300/packs/Microsoft.NETCore.App.Ref/8.0.5/ref/net8.0/System.Resources.ResourceManager.dll".
             Reference found at search path location "{RawFileName}".
             This reference is not "CopyLocal" because at least one source item had "Private" set to "false" and no source items had "Private" set to "true".
             The ImageRuntimeVersion for this reference is "".
         Primary reference "System.Resources.Writer, Version=8.0.0.0, Culture=neutral, PublicKeyToken=b03f5f7f11d50a3a".
             Resolved file path is "/nix/store/8y83na7h81fw5kr1msmjc7rvx329djp0-dotnet-sdk-8.0.300/packs/Microsoft.NETCore.App.Ref/8.0.5/ref/net8.0/System.Resources.Writer.dll".
             Reference found at search path location "{RawFileName}".
             This reference is not "CopyLocal" because at least one source item had "Private" set to "false" and no source items had "Private" set to "true".
             The ImageRuntimeVersion for this reference is "".
         Primary reference "System.Runtime.CompilerServices.Unsafe, Version=8.0.0.0, Culture=neutral, PublicKeyToken=b03f5f7f11d50a3a".
             Resolved file path is "/nix/store/8y83na7h81fw5kr1msmjc7rvx329djp0-dotnet-sdk-8.0.300/packs/Microsoft.NETCore.App.Ref/8.0.5/ref/net8.0/System.Runtime.CompilerServices.Unsafe.dll".
             Reference found at search path location "{RawFileName}".
             This reference is not "CopyLocal" because at least one source item had "Private" set to "false" and no source items had "Private" set to "true".
             The ImageRuntimeVersion for this reference is "".
         Primary reference "System.Runtime.CompilerServices.VisualC, Version=8.0.0.0, Culture=neutral, PublicKeyToken=b03f5f7f11d50a3a".
             Resolved file path is "/nix/store/8y83na7h81fw5kr1msmjc7rvx329djp0-dotnet-sdk-8.0.300/packs/Microsoft.NETCore.App.Ref/8.0.5/ref/net8.0/System.Runtime.CompilerServices.VisualC.dll".
             Reference found at search path location "{RawFileName}".
             This reference is not "CopyLocal" because at least one source item had "Private" set to "false" and no source items had "Private" set to "true".
             The ImageRuntimeVersion for this reference is "".
         Primary reference "System.Runtime.Extensions, Version=8.0.0.0, Culture=neutral, PublicKeyToken=b03f5f7f11d50a3a".
             Resolved file path is "/nix/store/8y83na7h81fw5kr1msmjc7rvx329djp0-dotnet-sdk-8.0.300/packs/Microsoft.NETCore.App.Ref/8.0.5/ref/net8.0/System.Runtime.Extensions.dll".
             Reference found at search path location "{RawFileName}".
             This reference is not "CopyLocal" because at least one source item had "Private" set to "false" and no source items had "Private" set to "true".
             The ImageRuntimeVersion for this reference is "".
         Primary reference "System.Runtime.Handles, Version=8.0.0.0, Culture=neutral, PublicKeyToken=b03f5f7f11d50a3a".
             Resolved file path is "/nix/store/8y83na7h81fw5kr1msmjc7rvx329djp0-dotnet-sdk-8.0.300/packs/Microsoft.NETCore.App.Ref/8.0.5/ref/net8.0/System.Runtime.Handles.dll".
             Reference found at search path location "{RawFileName}".
             This reference is not "CopyLocal" because at least one source item had "Private" set to "false" and no source items had "Private" set to "true".
             The ImageRuntimeVersion for this reference is "".
         Primary reference "System.Runtime.InteropServices.JavaScript, Version=8.0.0.0, Culture=neutral, PublicKeyToken=b03f5f7f11d50a3a".
             Resolved file path is "/nix/store/8y83na7h81fw5kr1msmjc7rvx329djp0-dotnet-sdk-8.0.300/packs/Microsoft.NETCore.App.Ref/8.0.5/ref/net8.0/System.Runtime.InteropServices.JavaScript.dll".
             Reference found at search path location "{RawFileName}".
             This reference is not "CopyLocal" because at least one source item had "Private" set to "false" and no source items had "Private" set to "true".
             The ImageRuntimeVersion for this reference is "".
         Primary reference "System.Runtime.InteropServices.RuntimeInformation, Version=8.0.0.0, Culture=neutral, PublicKeyToken=b03f5f7f11d50a3a".
             Resolved file path is "/nix/store/8y83na7h81fw5kr1msmjc7rvx329djp0-dotnet-sdk-8.0.300/packs/Microsoft.NETCore.App.Ref/8.0.5/ref/net8.0/System.Runtime.InteropServices.RuntimeInformation.dll".
             Reference found at search path location "{RawFileName}".
             This reference is not "CopyLocal" because at least one source item had "Private" set to "false" and no source items had "Private" set to "true".
             The ImageRuntimeVersion for this reference is "".
         Primary reference "System.Runtime.InteropServices, Version=8.0.0.0, Culture=neutral, PublicKeyToken=b03f5f7f11d50a3a".
             Resolved file path is "/nix/store/8y83na7h81fw5kr1msmjc7rvx329djp0-dotnet-sdk-8.0.300/packs/Microsoft.NETCore.App.Ref/8.0.5/ref/net8.0/System.Runtime.InteropServices.dll".
             Reference found at search path location "{RawFileName}".
             This reference is not "CopyLocal" because at least one source item had "Private" set to "false" and no source items had "Private" set to "true".
             The ImageRuntimeVersion for this reference is "".
         Primary reference "System.Runtime.Intrinsics, Version=8.0.0.0, Culture=neutral, PublicKeyToken=cc7b13ffcd2ddd51".
             Resolved file path is "/nix/store/8y83na7h81fw5kr1msmjc7rvx329djp0-dotnet-sdk-8.0.300/packs/Microsoft.NETCore.App.Ref/8.0.5/ref/net8.0/System.Runtime.Intrinsics.dll".
             Reference found at search path location "{RawFileName}".
             This reference is not "CopyLocal" because at least one source item had "Private" set to "false" and no source items had "Private" set to "true".
             The ImageRuntimeVersion for this reference is "".
         Primary reference "System.Runtime.Loader, Version=8.0.0.0, Culture=neutral, PublicKeyToken=b03f5f7f11d50a3a".
             Resolved file path is "/nix/store/8y83na7h81fw5kr1msmjc7rvx329djp0-dotnet-sdk-8.0.300/packs/Microsoft.NETCore.App.Ref/8.0.5/ref/net8.0/System.Runtime.Loader.dll".
             Reference found at search path location "{RawFileName}".
             This reference is not "CopyLocal" because at least one source item had "Private" set to "false" and no source items had "Private" set to "true".
             The ImageRuntimeVersion for this reference is "".
         Primary reference "System.Runtime.Numerics, Version=8.0.0.0, Culture=neutral, PublicKeyToken=b03f5f7f11d50a3a".
             Resolved file path is "/nix/store/8y83na7h81fw5kr1msmjc7rvx329djp0-dotnet-sdk-8.0.300/packs/Microsoft.NETCore.App.Ref/8.0.5/ref/net8.0/System.Runtime.Numerics.dll".
             Reference found at search path location "{RawFileName}".
             This reference is not "CopyLocal" because at least one source item had "Private" set to "false" and no source items had "Private" set to "true".
             The ImageRuntimeVersion for this reference is "".
         Primary reference "System.Runtime.Serialization.Formatters, Version=8.0.0.0, Culture=neutral, PublicKeyToken=b03f5f7f11d50a3a".
             Resolved file path is "/nix/store/8y83na7h81fw5kr1msmjc7rvx329djp0-dotnet-sdk-8.0.300/packs/Microsoft.NETCore.App.Ref/8.0.5/ref/net8.0/System.Runtime.Serialization.Formatters.dll".
             Reference found at search path location "{RawFileName}".
             This reference is not "CopyLocal" because at least one source item had "Private" set to "false" and no source items had "Private" set to "true".
             The ImageRuntimeVersion for this reference is "".
         Primary reference "System.Runtime.Serialization.Json, Version=8.0.0.0, Culture=neutral, PublicKeyToken=b03f5f7f11d50a3a".
             Resolved file path is "/nix/store/8y83na7h81fw5kr1msmjc7rvx329djp0-dotnet-sdk-8.0.300/packs/Microsoft.NETCore.App.Ref/8.0.5/ref/net8.0/System.Runtime.Serialization.Json.dll".
             Reference found at search path location "{RawFileName}".
             This reference is not "CopyLocal" because at least one source item had "Private" set to "false" and no source items had "Private" set to "true".
             The ImageRuntimeVersion for this reference is "".
         Primary reference "System.Runtime.Serialization.Primitives, Version=8.0.0.0, Culture=neutral, PublicKeyToken=b03f5f7f11d50a3a".
             Resolved file path is "/nix/store/8y83na7h81fw5kr1msmjc7rvx329djp0-dotnet-sdk-8.0.300/packs/Microsoft.NETCore.App.Ref/8.0.5/ref/net8.0/System.Runtime.Serialization.Primitives.dll".
             Reference found at search path location "{RawFileName}".
             This reference is not "CopyLocal" because at least one source item had "Private" set to "false" and no source items had "Private" set to "true".
             The ImageRuntimeVersion for this reference is "".
         Primary reference "System.Runtime.Serialization.Xml, Version=8.0.0.0, Culture=neutral, PublicKeyToken=b03f5f7f11d50a3a".
             Resolved file path is "/nix/store/8y83na7h81fw5kr1msmjc7rvx329djp0-dotnet-sdk-8.0.300/packs/Microsoft.NETCore.App.Ref/8.0.5/ref/net8.0/System.Runtime.Serialization.Xml.dll".
             Reference found at search path location "{RawFileName}".
             This reference is not "CopyLocal" because at least one source item had "Private" set to "false" and no source items had "Private" set to "true".
             The ImageRuntimeVersion for this reference is "".
         Primary reference "System.Runtime.Serialization, Version=4.0.0.0, Culture=neutral, PublicKeyToken=b77a5c561934e089".
             Resolved file path is "/nix/store/8y83na7h81fw5kr1msmjc7rvx329djp0-dotnet-sdk-8.0.300/packs/Microsoft.NETCore.App.Ref/8.0.5/ref/net8.0/System.Runtime.Serialization.dll".
             Reference found at search path location "{RawFileName}".
             This reference is not "CopyLocal" because at least one source item had "Private" set to "false" and no source items had "Private" set to "true".
             The ImageRuntimeVersion for this reference is "".
         Primary reference "System.Runtime, Version=8.0.0.0, Culture=neutral, PublicKeyToken=b03f5f7f11d50a3a".
             Resolved file path is "/nix/store/8y83na7h81fw5kr1msmjc7rvx329djp0-dotnet-sdk-8.0.300/packs/Microsoft.NETCore.App.Ref/8.0.5/ref/net8.0/System.Runtime.dll".
             Reference found at search path location "{RawFileName}".
             This reference is not "CopyLocal" because at least one source item had "Private" set to "false" and no source items had "Private" set to "true".
             The ImageRuntimeVersion for this reference is "".
         Primary reference "System.Security.AccessControl, Version=8.0.0.0, Culture=neutral, PublicKeyToken=b03f5f7f11d50a3a".
             Resolved file path is "/nix/store/8y83na7h81fw5kr1msmjc7rvx329djp0-dotnet-sdk-8.0.300/packs/Microsoft.NETCore.App.Ref/8.0.5/ref/net8.0/System.Security.AccessControl.dll".
             Reference found at search path location "{RawFileName}".
             This reference is not "CopyLocal" because at least one source item had "Private" set to "false" and no source items had "Private" set to "true".
             The ImageRuntimeVersion for this reference is "".
         Primary reference "System.Security.Claims, Version=8.0.0.0, Culture=neutral, PublicKeyToken=b03f5f7f11d50a3a".
             Resolved file path is "/nix/store/8y83na7h81fw5kr1msmjc7rvx329djp0-dotnet-sdk-8.0.300/packs/Microsoft.NETCore.App.Ref/8.0.5/ref/net8.0/System.Security.Claims.dll".
             Reference found at search path location "{RawFileName}".
             This reference is not "CopyLocal" because at least one source item had "Private" set to "false" and no source items had "Private" set to "true".
             The ImageRuntimeVersion for this reference is "".
         Primary reference "System.Security.Cryptography.Algorithms, Version=8.0.0.0, Culture=neutral, PublicKeyToken=b03f5f7f11d50a3a".
             Resolved file path is "/nix/store/8y83na7h81fw5kr1msmjc7rvx329djp0-dotnet-sdk-8.0.300/packs/Microsoft.NETCore.App.Ref/8.0.5/ref/net8.0/System.Security.Cryptography.Algorithms.dll".
             Reference found at search path location "{RawFileName}".
             This reference is not "CopyLocal" because at least one source item had "Private" set to "false" and no source items had "Private" set to "true".
             The ImageRuntimeVersion for this reference is "".
         Primary reference "System.Security.Cryptography.Cng, Version=8.0.0.0, Culture=neutral, PublicKeyToken=b03f5f7f11d50a3a".
             Resolved file path is "/nix/store/8y83na7h81fw5kr1msmjc7rvx329djp0-dotnet-sdk-8.0.300/packs/Microsoft.NETCore.App.Ref/8.0.5/ref/net8.0/System.Security.Cryptography.Cng.dll".
             Reference found at search path location "{RawFileName}".
             This reference is not "CopyLocal" because at least one source item had "Private" set to "false" and no source items had "Private" set to "true".
             The ImageRuntimeVersion for this reference is "".
         Primary reference "System.Security.Cryptography.Csp, Version=8.0.0.0, Culture=neutral, PublicKeyToken=b03f5f7f11d50a3a".
             Resolved file path is "/nix/store/8y83na7h81fw5kr1msmjc7rvx329djp0-dotnet-sdk-8.0.300/packs/Microsoft.NETCore.App.Ref/8.0.5/ref/net8.0/System.Security.Cryptography.Csp.dll".
             Reference found at search path location "{RawFileName}".
             This reference is not "CopyLocal" because at least one source item had "Private" set to "false" and no source items had "Private" set to "true".
             The ImageRuntimeVersion for this reference is "".
         Primary reference "System.Security.Cryptography.Encoding, Version=8.0.0.0, Culture=neutral, PublicKeyToken=b03f5f7f11d50a3a".
             Resolved file path is "/nix/store/8y83na7h81fw5kr1msmjc7rvx329djp0-dotnet-sdk-8.0.300/packs/Microsoft.NETCore.App.Ref/8.0.5/ref/net8.0/System.Security.Cryptography.Encoding.dll".
             Reference found at search path location "{RawFileName}".
             This reference is not "CopyLocal" because at least one source item had "Private" set to "false" and no source items had "Private" set to "true".
             The ImageRuntimeVersion for this reference is "".
         Primary reference "System.Security.Cryptography.OpenSsl, Version=8.0.0.0, Culture=neutral, PublicKeyToken=b03f5f7f11d50a3a".
             Resolved file path is "/nix/store/8y83na7h81fw5kr1msmjc7rvx329djp0-dotnet-sdk-8.0.300/packs/Microsoft.NETCore.App.Ref/8.0.5/ref/net8.0/System.Security.Cryptography.OpenSsl.dll".
             Reference found at search path location "{RawFileName}".
             This reference is not "CopyLocal" because at least one source item had "Private" set to "false" and no source items had "Private" set to "true".
             The ImageRuntimeVersion for this reference is "".
         Primary reference "System.Security.Cryptography.Primitives, Version=8.0.0.0, Culture=neutral, PublicKeyToken=b03f5f7f11d50a3a".
             Resolved file path is "/nix/store/8y83na7h81fw5kr1msmjc7rvx329djp0-dotnet-sdk-8.0.300/packs/Microsoft.NETCore.App.Ref/8.0.5/ref/net8.0/System.Security.Cryptography.Primitives.dll".
             Reference found at search path location "{RawFileName}".
             This reference is not "CopyLocal" because at least one source item had "Private" set to "false" and no source items had "Private" set to "true".
             The ImageRuntimeVersion for this reference is "".
         Primary reference "System.Security.Cryptography.X509Certificates, Version=8.0.0.0, Culture=neutral, PublicKeyToken=b03f5f7f11d50a3a".
             Resolved file path is "/nix/store/8y83na7h81fw5kr1msmjc7rvx329djp0-dotnet-sdk-8.0.300/packs/Microsoft.NETCore.App.Ref/8.0.5/ref/net8.0/System.Security.Cryptography.X509Certificates.dll".
             Reference found at search path location "{RawFileName}".
             This reference is not "CopyLocal" because at least one source item had "Private" set to "false" and no source items had "Private" set to "true".
             The ImageRuntimeVersion for this reference is "".
         Primary reference "System.Security.Cryptography, Version=8.0.0.0, Culture=neutral, PublicKeyToken=b03f5f7f11d50a3a".
             Resolved file path is "/nix/store/8y83na7h81fw5kr1msmjc7rvx329djp0-dotnet-sdk-8.0.300/packs/Microsoft.NETCore.App.Ref/8.0.5/ref/net8.0/System.Security.Cryptography.dll".
             Reference found at search path location "{RawFileName}".
             This reference is not "CopyLocal" because at least one source item had "Private" set to "false" and no source items had "Private" set to "true".
             The ImageRuntimeVersion for this reference is "".
         Primary reference "System.Security.Principal.Windows, Version=8.0.0.0, Culture=neutral, PublicKeyToken=b03f5f7f11d50a3a".
             Resolved file path is "/nix/store/8y83na7h81fw5kr1msmjc7rvx329djp0-dotnet-sdk-8.0.300/packs/Microsoft.NETCore.App.Ref/8.0.5/ref/net8.0/System.Security.Principal.Windows.dll".
             Reference found at search path location "{RawFileName}".
             This reference is not "CopyLocal" because at least one source item had "Private" set to "false" and no source items had "Private" set to "true".
             The ImageRuntimeVersion for this reference is "".
         Primary reference "System.Security.Principal, Version=8.0.0.0, Culture=neutral, PublicKeyToken=b03f5f7f11d50a3a".
             Resolved file path is "/nix/store/8y83na7h81fw5kr1msmjc7rvx329djp0-dotnet-sdk-8.0.300/packs/Microsoft.NETCore.App.Ref/8.0.5/ref/net8.0/System.Security.Principal.dll".
             Reference found at search path location "{RawFileName}".
             This reference is not "CopyLocal" because at least one source item had "Private" set to "false" and no source items had "Private" set to "true".
             The ImageRuntimeVersion for this reference is "".
         Primary reference "System.Security.SecureString, Version=8.0.0.0, Culture=neutral, PublicKeyToken=b03f5f7f11d50a3a".
             Resolved file path is "/nix/store/8y83na7h81fw5kr1msmjc7rvx329djp0-dotnet-sdk-8.0.300/packs/Microsoft.NETCore.App.Ref/8.0.5/ref/net8.0/System.Security.SecureString.dll".
             Reference found at search path location "{RawFileName}".
             This reference is not "CopyLocal" because at least one source item had "Private" set to "false" and no source items had "Private" set to "true".
             The ImageRuntimeVersion for this reference is "".
         Primary reference "System.Security, Version=4.0.0.0, Culture=neutral, PublicKeyToken=b03f5f7f11d50a3a".
             Resolved file path is "/nix/store/8y83na7h81fw5kr1msmjc7rvx329djp0-dotnet-sdk-8.0.300/packs/Microsoft.NETCore.App.Ref/8.0.5/ref/net8.0/System.Security.dll".
             Reference found at search path location "{RawFileName}".
             This reference is not "CopyLocal" because at least one source item had "Private" set to "false" and no source items had "Private" set to "true".
             The ImageRuntimeVersion for this reference is "".
         Primary reference "System.ServiceModel.Web, Version=4.0.0.0, Culture=neutral, PublicKeyToken=31bf3856ad364e35".
             Resolved file path is "/nix/store/8y83na7h81fw5kr1msmjc7rvx329djp0-dotnet-sdk-8.0.300/packs/Microsoft.NETCore.App.Ref/8.0.5/ref/net8.0/System.ServiceModel.Web.dll".
             Reference found at search path location "{RawFileName}".
             This reference is not "CopyLocal" because at least one source item had "Private" set to "false" and no source items had "Private" set to "true".
             The ImageRuntimeVersion for this reference is "".
         Primary reference "System.ServiceProcess, Version=4.0.0.0, Culture=neutral, PublicKeyToken=b03f5f7f11d50a3a".
             Resolved file path is "/nix/store/8y83na7h81fw5kr1msmjc7rvx329djp0-dotnet-sdk-8.0.300/packs/Microsoft.NETCore.App.Ref/8.0.5/ref/net8.0/System.ServiceProcess.dll".
             Reference found at search path location "{RawFileName}".
             This reference is not "CopyLocal" because at least one source item had "Private" set to "false" and no source items had "Private" set to "true".
             The ImageRuntimeVersion for this reference is "".
         Primary reference "System.Text.Encoding.CodePages, Version=8.0.0.0, Culture=neutral, PublicKeyToken=b03f5f7f11d50a3a".
             Resolved file path is "/nix/store/8y83na7h81fw5kr1msmjc7rvx329djp0-dotnet-sdk-8.0.300/packs/Microsoft.NETCore.App.Ref/8.0.5/ref/net8.0/System.Text.Encoding.CodePages.dll".
             Reference found at search path location "{RawFileName}".
             This reference is not "CopyLocal" because at least one source item had "Private" set to "false" and no source items had "Private" set to "true".
             The ImageRuntimeVersion for this reference is "".
         Primary reference "System.Text.Encoding.Extensions, Version=8.0.0.0, Culture=neutral, PublicKeyToken=b03f5f7f11d50a3a".
             Resolved file path is "/nix/store/8y83na7h81fw5kr1msmjc7rvx329djp0-dotnet-sdk-8.0.300/packs/Microsoft.NETCore.App.Ref/8.0.5/ref/net8.0/System.Text.Encoding.Extensions.dll".
             Reference found at search path location "{RawFileName}".
             This reference is not "CopyLocal" because at least one source item had "Private" set to "false" and no source items had "Private" set to "true".
             The ImageRuntimeVersion for this reference is "".
         Primary reference "System.Text.Encoding, Version=8.0.0.0, Culture=neutral, PublicKeyToken=b03f5f7f11d50a3a".
             Resolved file path is "/nix/store/8y83na7h81fw5kr1msmjc7rvx329djp0-dotnet-sdk-8.0.300/packs/Microsoft.NETCore.App.Ref/8.0.5/ref/net8.0/System.Text.Encoding.dll".
             Reference found at search path location "{RawFileName}".
             This reference is not "CopyLocal" because at least one source item had "Private" set to "false" and no source items had "Private" set to "true".
             The ImageRuntimeVersion for this reference is "".
         Primary reference "System.Text.Encodings.Web, Version=8.0.0.0, Culture=neutral, PublicKeyToken=cc7b13ffcd2ddd51".
             Resolved file path is "/nix/store/8y83na7h81fw5kr1msmjc7rvx329djp0-dotnet-sdk-8.0.300/packs/Microsoft.NETCore.App.Ref/8.0.5/ref/net8.0/System.Text.Encodings.Web.dll".
             Reference found at search path location "{RawFileName}".
             This reference is not "CopyLocal" because at least one source item had "Private" set to "false" and no source items had "Private" set to "true".
             The ImageRuntimeVersion for this reference is "".
         Primary reference "System.Text.Json, Version=8.0.0.0, Culture=neutral, PublicKeyToken=cc7b13ffcd2ddd51".
             Resolved file path is "/nix/store/8y83na7h81fw5kr1msmjc7rvx329djp0-dotnet-sdk-8.0.300/packs/Microsoft.NETCore.App.Ref/8.0.5/ref/net8.0/System.Text.Json.dll".
             Reference found at search path location "{RawFileName}".
             This reference is not "CopyLocal" because at least one source item had "Private" set to "false" and no source items had "Private" set to "true".
             The ImageRuntimeVersion for this reference is "".
         Primary reference "System.Text.RegularExpressions, Version=8.0.0.0, Culture=neutral, PublicKeyToken=b03f5f7f11d50a3a".
             Resolved file path is "/nix/store/8y83na7h81fw5kr1msmjc7rvx329djp0-dotnet-sdk-8.0.300/packs/Microsoft.NETCore.App.Ref/8.0.5/ref/net8.0/System.Text.RegularExpressions.dll".
             Reference found at search path location "{RawFileName}".
             This reference is not "CopyLocal" because at least one source item had "Private" set to "false" and no source items had "Private" set to "true".
             The ImageRuntimeVersion for this reference is "".
         Primary reference "System.Threading.Channels, Version=8.0.0.0, Culture=neutral, PublicKeyToken=cc7b13ffcd2ddd51".
             Resolved file path is "/nix/store/8y83na7h81fw5kr1msmjc7rvx329djp0-dotnet-sdk-8.0.300/packs/Microsoft.NETCore.App.Ref/8.0.5/ref/net8.0/System.Threading.Channels.dll".
             Reference found at search path location "{RawFileName}".
             This reference is not "CopyLocal" because at least one source item had "Private" set to "false" and no source items had "Private" set to "true".
             The ImageRuntimeVersion for this reference is "".
         Primary reference "System.Threading.Overlapped, Version=8.0.0.0, Culture=neutral, PublicKeyToken=b03f5f7f11d50a3a".
             Resolved file path is "/nix/store/8y83na7h81fw5kr1msmjc7rvx329djp0-dotnet-sdk-8.0.300/packs/Microsoft.NETCore.App.Ref/8.0.5/ref/net8.0/System.Threading.Overlapped.dll".
             Reference found at search path location "{RawFileName}".
             This reference is not "CopyLocal" because at least one source item had "Private" set to "false" and no source items had "Private" set to "true".
             The ImageRuntimeVersion for this reference is "".
         Primary reference "System.Threading.Tasks.Dataflow, Version=8.0.0.0, Culture=neutral, PublicKeyToken=b03f5f7f11d50a3a".
             Resolved file path is "/nix/store/8y83na7h81fw5kr1msmjc7rvx329djp0-dotnet-sdk-8.0.300/packs/Microsoft.NETCore.App.Ref/8.0.5/ref/net8.0/System.Threading.Tasks.Dataflow.dll".
             Reference found at search path location "{RawFileName}".
             This reference is not "CopyLocal" because at least one source item had "Private" set to "false" and no source items had "Private" set to "true".
             The ImageRuntimeVersion for this reference is "".
         Primary reference "System.Threading.Tasks.Extensions, Version=8.0.0.0, Culture=neutral, PublicKeyToken=cc7b13ffcd2ddd51".
             Resolved file path is "/nix/store/8y83na7h81fw5kr1msmjc7rvx329djp0-dotnet-sdk-8.0.300/packs/Microsoft.NETCore.App.Ref/8.0.5/ref/net8.0/System.Threading.Tasks.Extensions.dll".
             Reference found at search path location "{RawFileName}".
             This reference is not "CopyLocal" because at least one source item had "Private" set to "false" and no source items had "Private" set to "true".
             The ImageRuntimeVersion for this reference is "".
         Primary reference "System.Threading.Tasks.Parallel, Version=8.0.0.0, Culture=neutral, PublicKeyToken=b03f5f7f11d50a3a".
             Resolved file path is "/nix/store/8y83na7h81fw5kr1msmjc7rvx329djp0-dotnet-sdk-8.0.300/packs/Microsoft.NETCore.App.Ref/8.0.5/ref/net8.0/System.Threading.Tasks.Parallel.dll".
             Reference found at search path location "{RawFileName}".
             This reference is not "CopyLocal" because at least one source item had "Private" set to "false" and no source items had "Private" set to "true".
             The ImageRuntimeVersion for this reference is "".
         Primary reference "System.Threading.Tasks, Version=8.0.0.0, Culture=neutral, PublicKeyToken=b03f5f7f11d50a3a".
             Resolved file path is "/nix/store/8y83na7h81fw5kr1msmjc7rvx329djp0-dotnet-sdk-8.0.300/packs/Microsoft.NETCore.App.Ref/8.0.5/ref/net8.0/System.Threading.Tasks.dll".
             Reference found at search path location "{RawFileName}".
             This reference is not "CopyLocal" because at least one source item had "Private" set to "false" and no source items had "Private" set to "true".
             The ImageRuntimeVersion for this reference is "".
         Primary reference "System.Threading.Thread, Version=8.0.0.0, Culture=neutral, PublicKeyToken=b03f5f7f11d50a3a".
             Resolved file path is "/nix/store/8y83na7h81fw5kr1msmjc7rvx329djp0-dotnet-sdk-8.0.300/packs/Microsoft.NETCore.App.Ref/8.0.5/ref/net8.0/System.Threading.Thread.dll".
             Reference found at search path location "{RawFileName}".
             This reference is not "CopyLocal" because at least one source item had "Private" set to "false" and no source items had "Private" set to "true".
             The ImageRuntimeVersion for this reference is "".
         Primary reference "System.Threading.ThreadPool, Version=8.0.0.0, Culture=neutral, PublicKeyToken=b03f5f7f11d50a3a".
             Resolved file path is "/nix/store/8y83na7h81fw5kr1msmjc7rvx329djp0-dotnet-sdk-8.0.300/packs/Microsoft.NETCore.App.Ref/8.0.5/ref/net8.0/System.Threading.ThreadPool.dll".
             Reference found at search path location "{RawFileName}".
             This reference is not "CopyLocal" because at least one source item had "Private" set to "false" and no source items had "Private" set to "true".
             The ImageRuntimeVersion for this reference is "".
         Primary reference "System.Threading.Timer, Version=8.0.0.0, Culture=neutral, PublicKeyToken=b03f5f7f11d50a3a".
             Resolved file path is "/nix/store/8y83na7h81fw5kr1msmjc7rvx329djp0-dotnet-sdk-8.0.300/packs/Microsoft.NETCore.App.Ref/8.0.5/ref/net8.0/System.Threading.Timer.dll".
             Reference found at search path location "{RawFileName}".
             This reference is not "CopyLocal" because at least one source item had "Private" set to "false" and no source items had "Private" set to "true".
             The ImageRuntimeVersion for this reference is "".
         Primary reference "System.Threading, Version=8.0.0.0, Culture=neutral, PublicKeyToken=b03f5f7f11d50a3a".
             Resolved file path is "/nix/store/8y83na7h81fw5kr1msmjc7rvx329djp0-dotnet-sdk-8.0.300/packs/Microsoft.NETCore.App.Ref/8.0.5/ref/net8.0/System.Threading.dll".
             Reference found at search path location "{RawFileName}".
             This reference is not "CopyLocal" because at least one source item had "Private" set to "false" and no source items had "Private" set to "true".
             The ImageRuntimeVersion for this reference is "".
         Primary reference "System.Transactions.Local, Version=8.0.0.0, Culture=neutral, PublicKeyToken=cc7b13ffcd2ddd51".
             Resolved file path is "/nix/store/8y83na7h81fw5kr1msmjc7rvx329djp0-dotnet-sdk-8.0.300/packs/Microsoft.NETCore.App.Ref/8.0.5/ref/net8.0/System.Transactions.Local.dll".
             Reference found at search path location "{RawFileName}".
             This reference is not "CopyLocal" because at least one source item had "Private" set to "false" and no source items had "Private" set to "true".
             The ImageRuntimeVersion for this reference is "".
         Primary reference "System.Transactions, Version=4.0.0.0, Culture=neutral, PublicKeyToken=b77a5c561934e089".
             Resolved file path is "/nix/store/8y83na7h81fw5kr1msmjc7rvx329djp0-dotnet-sdk-8.0.300/packs/Microsoft.NETCore.App.Ref/8.0.5/ref/net8.0/System.Transactions.dll".
             Reference found at search path location "{RawFileName}".
             This reference is not "CopyLocal" because at least one source item had "Private" set to "false" and no source items had "Private" set to "true".
             The ImageRuntimeVersion for this reference is "".
         Primary reference "System.ValueTuple, Version=8.0.0.0, Culture=neutral, PublicKeyToken=cc7b13ffcd2ddd51".
             Resolved file path is "/nix/store/8y83na7h81fw5kr1msmjc7rvx329djp0-dotnet-sdk-8.0.300/packs/Microsoft.NETCore.App.Ref/8.0.5/ref/net8.0/System.ValueTuple.dll".
             Reference found at search path location "{RawFileName}".
             This reference is not "CopyLocal" because at least one source item had "Private" set to "false" and no source items had "Private" set to "true".
             The ImageRuntimeVersion for this reference is "".
         Primary reference "System.Web.HttpUtility, Version=8.0.0.0, Culture=neutral, PublicKeyToken=cc7b13ffcd2ddd51".
             Resolved file path is "/nix/store/8y83na7h81fw5kr1msmjc7rvx329djp0-dotnet-sdk-8.0.300/packs/Microsoft.NETCore.App.Ref/8.0.5/ref/net8.0/System.Web.HttpUtility.dll".
             Reference found at search path location "{RawFileName}".
             This reference is not "CopyLocal" because at least one source item had "Private" set to "false" and no source items had "Private" set to "true".
             The ImageRuntimeVersion for this reference is "".
         Primary reference "System.Web, Version=4.0.0.0, Culture=neutral, PublicKeyToken=b03f5f7f11d50a3a".
             Resolved file path is "/nix/store/8y83na7h81fw5kr1msmjc7rvx329djp0-dotnet-sdk-8.0.300/packs/Microsoft.NETCore.App.Ref/8.0.5/ref/net8.0/System.Web.dll".
             Reference found at search path location "{RawFileName}".
             This reference is not "CopyLocal" because at least one source item had "Private" set to "false" and no source items had "Private" set to "true".
             The ImageRuntimeVersion for this reference is "".
         Primary reference "System.Windows, Version=4.0.0.0, Culture=neutral, PublicKeyToken=b03f5f7f11d50a3a".
             Resolved file path is "/nix/store/8y83na7h81fw5kr1msmjc7rvx329djp0-dotnet-sdk-8.0.300/packs/Microsoft.NETCore.App.Ref/8.0.5/ref/net8.0/System.Windows.dll".
             Reference found at search path location "{RawFileName}".
             This reference is not "CopyLocal" because at least one source item had "Private" set to "false" and no source items had "Private" set to "true".
             The ImageRuntimeVersion for this reference is "".
         Primary reference "System.Xml.Linq, Version=4.0.0.0, Culture=neutral, PublicKeyToken=b77a5c561934e089".
             Resolved file path is "/nix/store/8y83na7h81fw5kr1msmjc7rvx329djp0-dotnet-sdk-8.0.300/packs/Microsoft.NETCore.App.Ref/8.0.5/ref/net8.0/System.Xml.Linq.dll".
             Reference found at search path location "{RawFileName}".
             This reference is not "CopyLocal" because at least one source item had "Private" set to "false" and no source items had "Private" set to "true".
             The ImageRuntimeVersion for this reference is "".
         Primary reference "System.Xml.ReaderWriter, Version=8.0.0.0, Culture=neutral, PublicKeyToken=b03f5f7f11d50a3a".
             Resolved file path is "/nix/store/8y83na7h81fw5kr1msmjc7rvx329djp0-dotnet-sdk-8.0.300/packs/Microsoft.NETCore.App.Ref/8.0.5/ref/net8.0/System.Xml.ReaderWriter.dll".
             Reference found at search path location "{RawFileName}".
             This reference is not "CopyLocal" because at least one source item had "Private" set to "false" and no source items had "Private" set to "true".
             The ImageRuntimeVersion for this reference is "".
         Primary reference "System.Xml.Serialization, Version=4.0.0.0, Culture=neutral, PublicKeyToken=b77a5c561934e089".
             Resolved file path is "/nix/store/8y83na7h81fw5kr1msmjc7rvx329djp0-dotnet-sdk-8.0.300/packs/Microsoft.NETCore.App.Ref/8.0.5/ref/net8.0/System.Xml.Serialization.dll".
             Reference found at search path location "{RawFileName}".
             This reference is not "CopyLocal" because at least one source item had "Private" set to "false" and no source items had "Private" set to "true".
             The ImageRuntimeVersion for this reference is "".
         Primary reference "System.Xml.XDocument, Version=8.0.0.0, Culture=neutral, PublicKeyToken=b03f5f7f11d50a3a".
             Resolved file path is "/nix/store/8y83na7h81fw5kr1msmjc7rvx329djp0-dotnet-sdk-8.0.300/packs/Microsoft.NETCore.App.Ref/8.0.5/ref/net8.0/System.Xml.XDocument.dll".
             Reference found at search path location "{RawFileName}".
             This reference is not "CopyLocal" because at least one source item had "Private" set to "false" and no source items had "Private" set to "true".
             The ImageRuntimeVersion for this reference is "".
         Primary reference "System.Xml.XPath.XDocument, Version=8.0.0.0, Culture=neutral, PublicKeyToken=b03f5f7f11d50a3a".
             Resolved file path is "/nix/store/8y83na7h81fw5kr1msmjc7rvx329djp0-dotnet-sdk-8.0.300/packs/Microsoft.NETCore.App.Ref/8.0.5/ref/net8.0/System.Xml.XPath.XDocument.dll".
             Reference found at search path location "{RawFileName}".
             This reference is not "CopyLocal" because at least one source item had "Private" set to "false" and no source items had "Private" set to "true".
             The ImageRuntimeVersion for this reference is "".
         Primary reference "System.Xml.XPath, Version=8.0.0.0, Culture=neutral, PublicKeyToken=b03f5f7f11d50a3a".
             Resolved file path is "/nix/store/8y83na7h81fw5kr1msmjc7rvx329djp0-dotnet-sdk-8.0.300/packs/Microsoft.NETCore.App.Ref/8.0.5/ref/net8.0/System.Xml.XPath.dll".
             Reference found at search path location "{RawFileName}".
             This reference is not "CopyLocal" because at least one source item had "Private" set to "false" and no source items had "Private" set to "true".
             The ImageRuntimeVersion for this reference is "".
         Primary reference "System.Xml.XmlDocument, Version=8.0.0.0, Culture=neutral, PublicKeyToken=b03f5f7f11d50a3a".
             Resolved file path is "/nix/store/8y83na7h81fw5kr1msmjc7rvx329djp0-dotnet-sdk-8.0.300/packs/Microsoft.NETCore.App.Ref/8.0.5/ref/net8.0/System.Xml.XmlDocument.dll".
             Reference found at search path location "{RawFileName}".
             This reference is not "CopyLocal" because at least one source item had "Private" set to "false" and no source items had "Private" set to "true".
             The ImageRuntimeVersion for this reference is "".
         Primary reference "System.Xml.XmlSerializer, Version=8.0.0.0, Culture=neutral, PublicKeyToken=b03f5f7f11d50a3a".
             Resolved file path is "/nix/store/8y83na7h81fw5kr1msmjc7rvx329djp0-dotnet-sdk-8.0.300/packs/Microsoft.NETCore.App.Ref/8.0.5/ref/net8.0/System.Xml.XmlSerializer.dll".
             Reference found at search path location "{RawFileName}".
             This reference is not "CopyLocal" because at least one source item had "Private" set to "false" and no source items had "Private" set to "true".
             The ImageRuntimeVersion for this reference is "".
         Primary reference "System.Xml, Version=4.0.0.0, Culture=neutral, PublicKeyToken=b77a5c561934e089".
             Resolved file path is "/nix/store/8y83na7h81fw5kr1msmjc7rvx329djp0-dotnet-sdk-8.0.300/packs/Microsoft.NETCore.App.Ref/8.0.5/ref/net8.0/System.Xml.dll".
             Reference found at search path location "{RawFileName}".
             This reference is not "CopyLocal" because at least one source item had "Private" set to "false" and no source items had "Private" set to "true".
             The ImageRuntimeVersion for this reference is "".
         Primary reference "System, Version=4.0.0.0, Culture=neutral, PublicKeyToken=b77a5c561934e089".
             Resolved file path is "/nix/store/8y83na7h81fw5kr1msmjc7rvx329djp0-dotnet-sdk-8.0.300/packs/Microsoft.NETCore.App.Ref/8.0.5/ref/net8.0/System.dll".
             Reference found at search path location "{RawFileName}".
             This reference is not "CopyLocal" because at least one source item had "Private" set to "false" and no source items had "Private" set to "true".
             The ImageRuntimeVersion for this reference is "".
         Primary reference "WindowsBase, Version=4.0.0.0, Culture=neutral, PublicKeyToken=31bf3856ad364e35".
             Resolved file path is "/nix/store/8y83na7h81fw5kr1msmjc7rvx329djp0-dotnet-sdk-8.0.300/packs/Microsoft.NETCore.App.Ref/8.0.5/ref/net8.0/WindowsBase.dll".
             Reference found at search path location "{RawFileName}".
             This reference is not "CopyLocal" because at least one source item had "Private" set to "false" and no source items had "Private" set to "true".
             The ImageRuntimeVersion for this reference is "".
         Primary reference "mscorlib, Version=4.0.0.0, Culture=neutral, PublicKeyToken=b77a5c561934e089".
             Resolved file path is "/nix/store/8y83na7h81fw5kr1msmjc7rvx329djp0-dotnet-sdk-8.0.300/packs/Microsoft.NETCore.App.Ref/8.0.5/ref/net8.0/mscorlib.dll".
             Reference found at search path location "{RawFileName}".
             This reference is not "CopyLocal" because at least one source item had "Private" set to "false" and no source items had "Private" set to "true".
             The ImageRuntimeVersion for this reference is "".
         Primary reference "netstandard, Version=2.1.0.0, Culture=neutral, PublicKeyToken=cc7b13ffcd2ddd51".
             Resolved file path is "/nix/store/8y83na7h81fw5kr1msmjc7rvx329djp0-dotnet-sdk-8.0.300/packs/Microsoft.NETCore.App.Ref/8.0.5/ref/net8.0/netstandard.dll".
             Reference found at search path location "{RawFileName}".
             This reference is not "CopyLocal" because at least one source item had "Private" set to "false" and no source items had "Private" set to "true".
             The ImageRuntimeVersion for this reference is "".
       Done executing task "ResolveAssemblyReference".
   4:7>Done building target "ResolveAssemblyReferences" in project "MSA.Foundation.csproj".
       Target "GenerateBindingRedirects" skipped, due to false condition; ('$(AutoGenerateBindingRedirects)' == 'true' and '$(GenerateBindingRedirectsOutputType)' == 'true' and '@(SuggestedBindingRedirects)' != '' and '$(DesignTimeBuild)' != 'true' and '$(BuildingProject)' == 'true') was evaluated as ('' == 'true' and '' == 'true' and '' != '' and '' != 'true' and 'true' == 'true').
       Target "GenerateSupportedRuntime" skipped, due to false condition; ('$(GenerateSupportedRuntime)' != 'false' and '$(TargetFrameworkIdentifier)' == '.NETFramework' and '$(HasRuntimeOutput)' == 'true') was evaluated as ('' != 'false' and '.NETCoreApp' == '.NETFramework' and '' == 'true').
       Target "GenerateBindingRedirectsUpdateAppConfig" skipped, due to false condition; ('$(AutoGenerateBindingRedirects)' == 'true' and '$(GenerateBindingRedirectsOutputType)' == 'true') was evaluated as ('' == 'true' and '' == 'true').
       Target "ResolveComReferences" skipped, due to false condition; ('@(COMReference)'!='' or '@(COMFileReference)'!='') was evaluated as (''!='' or ''!='').
   4:7>Target "AfterResolveReferences" in file "/nix/store/8y83na7h81fw5kr1msmjc7rvx329djp0-dotnet-sdk-8.0.300/sdk/8.0.300/Microsoft.Common.CurrentVersion.targets" from project "/home/runner/workspace/MSA.Foundation/MSA.Foundation.csproj" (target "ResolveReferences" depends on it):
   4:7>Done building target "AfterResolveReferences" in project "MSA.Foundation.csproj".
   4:7>Target "ResolveReferences" in file "/nix/store/8y83na7h81fw5kr1msmjc7rvx329djp0-dotnet-sdk-8.0.300/sdk/8.0.300/Microsoft.Common.CurrentVersion.targets" from project "/home/runner/workspace/MSA.Foundation/MSA.Foundation.csproj" (target "_BlockWinMDsOnUnsupportedTFMs" depends on it):
   4:7>Done building target "ResolveReferences" in project "MSA.Foundation.csproj".
   4:7>Target "_BlockWinMDsOnUnsupportedTFMs" in file "/nix/store/8y83na7h81fw5kr1msmjc7rvx329djp0-dotnet-sdk-8.0.300/sdk/8.0.300/Sdks/Microsoft.NET.Sdk/targets/Microsoft.NET.Sdk.targets" from project "/home/runner/workspace/MSA.Foundation/MSA.Foundation.csproj" (target "CoreBuild" depends on it):
       Using "CheckForUnsupportedWinMDReferences" task from assembly "/nix/store/8y83na7h81fw5kr1msmjc7rvx329djp0-dotnet-sdk-8.0.300/sdk/8.0.300/Sdks/Microsoft.NET.Sdk/targets/../tools/net8.0/Microsoft.NET.Build.Tasks.dll".
       Task "CheckForUnsupportedWinMDReferences"
       Done executing task "CheckForUnsupportedWinMDReferences".
       Task "NETSdkError" skipped, due to false condition; ('$(OutputType)' == 'winmdobj') was evaluated as ('Library' == 'winmdobj').
   4:7>Done building target "_BlockWinMDsOnUnsupportedTFMs" in project "MSA.Foundation.csproj".
       Target "ResolveReferences" skipped. Previously built successfully.
       Target "ResolvePackageDependenciesForBuild" skipped. Previously built successfully.
       Target "_HandlePackageFileConflicts" skipped. Previously built successfully.
   4:7>Target "CopyAdditionalFiles" in file "/nix/store/8y83na7h81fw5kr1msmjc7rvx329djp0-dotnet-sdk-8.0.300/sdk/8.0.300/Roslyn/Microsoft.Managed.Core.targets" from project "/home/runner/workspace/MSA.Foundation/MSA.Foundation.csproj" (target "AssignTargetPaths" depends on it):
   4:7>Done building target "CopyAdditionalFiles" in project "MSA.Foundation.csproj".
       Target "_ChooseAppHost" skipped, due to false condition; ('$(UseAppHost)' == 'true' and '$(_IsExecutable)' == 'true') was evaluated as ('' == 'true' and '' == 'true').
       Target "_GetComHostPaths" skipped, due to false condition; ('$(EnableComHosting)' == 'true' and '$(_IsExecutable)' != 'true') was evaluated as ('' == 'true' and '' != 'true').
       Target "_GetIjwHostPaths" skipped, due to false condition; ('$(UseIJWHost)' == 'true') was evaluated as ('' == 'true').
   4:7>Target "_ComputeNETCoreBuildOutputFiles" in file "/nix/store/8y83na7h81fw5kr1msmjc7rvx329djp0-dotnet-sdk-8.0.300/sdk/8.0.300/Sdks/Microsoft.NET.Sdk/targets/Microsoft.NET.Sdk.targets" from project "/home/runner/workspace/MSA.Foundation/MSA.Foundation.csproj" (target "AssignTargetPaths" depends on it):
   4:7>Done building target "_ComputeNETCoreBuildOutputFiles" in project "MSA.Foundation.csproj".
   4:7>Target "AssignTargetPaths" in file "/nix/store/8y83na7h81fw5kr1msmjc7rvx329djp0-dotnet-sdk-8.0.300/sdk/8.0.300/Microsoft.Common.CurrentVersion.targets" from project "/home/runner/workspace/MSA.Foundation/MSA.Foundation.csproj" (target "PrepareResourceNames" depends on it):
       Using "AssignTargetPath" task from assembly "Microsoft.Build.Tasks.Core, Version=15.1.0.0, Culture=neutral, PublicKeyToken=b03f5f7f11d50a3a".
       Task "AssignTargetPath"
       Done executing task "AssignTargetPath".
       Task "AssignTargetPath"
       Done executing task "AssignTargetPath".
       Task "AssignTargetPath"
       Done executing task "AssignTargetPath".
       Task "AssignTargetPath"
       Done executing task "AssignTargetPath".
       Task "AssignTargetPath" skipped, due to false condition; ('@(_DeploymentBaseManifestWithTargetPath)'=='' and '%(None.Extension)'=='.manifest') was evaluated as (''=='' and '.md'=='.manifest').
       Task "AssignTargetPath" skipped, due to false condition; ('@(_DeploymentBaseManifestWithTargetPath)'=='' and '%(None.Extension)'=='.manifest') was evaluated as (''=='' and '.puml'=='.manifest').
   4:7>Done building target "AssignTargetPaths" in project "MSA.Foundation.csproj".
       Target "AssignTargetPaths" skipped. Previously built successfully.
   4:7>Target "SplitResourcesByCulture" in file "/nix/store/8y83na7h81fw5kr1msmjc7rvx329djp0-dotnet-sdk-8.0.300/sdk/8.0.300/Microsoft.Common.CurrentVersion.targets" from project "/home/runner/workspace/MSA.Foundation/MSA.Foundation.csproj" (target "PrepareResourceNames" depends on it):
       Task "Warning" skipped, due to false condition; ('@(ResxWithNoCulture)'!='') was evaluated as (''!='').
       Task "Warning" skipped, due to false condition; ('@(ResxWithCulture)'!='') was evaluated as (''!='').
       Task "Warning" skipped, due to false condition; ('@(NonResxWithCulture)'!='') was evaluated as (''!='').
       Task "Warning" skipped, due to false condition; ('@(NonResxWithNoCulture)'!='') was evaluated as (''!='').
       Using "AssignCulture" task from assembly "Microsoft.Build.Tasks.Core, Version=15.1.0.0, Culture=neutral, PublicKeyToken=b03f5f7f11d50a3a".
       Task "AssignCulture"
       Done executing task "AssignCulture".
   4:7>Done building target "SplitResourcesByCulture" in project "MSA.Foundation.csproj".
       Target "CreateManifestResourceNames" skipped, due to false condition; ('@(EmbeddedResource)' != '') was evaluated as ('' != '').
   4:7>Target "CreateCustomManifestResourceNames" in file "/nix/store/8y83na7h81fw5kr1msmjc7rvx329djp0-dotnet-sdk-8.0.300/sdk/8.0.300/Microsoft.Common.CurrentVersion.targets" from project "/home/runner/workspace/MSA.Foundation/MSA.Foundation.csproj" (target "PrepareResourceNames" depends on it):
   4:7>Done building target "CreateCustomManifestResourceNames" in project "MSA.Foundation.csproj".
   4:7>Target "PrepareResourceNames" in file "/nix/store/8y83na7h81fw5kr1msmjc7rvx329djp0-dotnet-sdk-8.0.300/sdk/8.0.300/Microsoft.Common.CurrentVersion.targets" from project "/home/runner/workspace/MSA.Foundation/MSA.Foundation.csproj" (target "PrepareResources" depends on it):
   4:7>Done building target "PrepareResourceNames" in project "MSA.Foundation.csproj".
       Target "ResolveAssemblyReferences" skipped. Previously built successfully.
       Target "SplitResourcesByCulture" skipped. Previously built successfully.
   4:7>Target "BeforeResGen" in file "/nix/store/8y83na7h81fw5kr1msmjc7rvx329djp0-dotnet-sdk-8.0.300/sdk/8.0.300/Microsoft.Common.CurrentVersion.targets" from project "/home/runner/workspace/MSA.Foundation/MSA.Foundation.csproj" (target "ResGen" depends on it):
   4:7>Done building target "BeforeResGen" in project "MSA.Foundation.csproj".
       Target "ResolveReferences" skipped. Previously built successfully.
   4:7>Target "FindReferenceAssembliesForReferences" in file "/nix/store/8y83na7h81fw5kr1msmjc7rvx329djp0-dotnet-sdk-8.0.300/sdk/8.0.300/Microsoft.Common.CurrentVersion.targets" from project "/home/runner/workspace/MSA.Foundation/MSA.Foundation.csproj" (target "CoreResGen" depends on it):
   4:7>Done building target "FindReferenceAssembliesForReferences" in project "MSA.Foundation.csproj".
   4:7>Target "CoreResGen" in file "/nix/store/8y83na7h81fw5kr1msmjc7rvx329djp0-dotnet-sdk-8.0.300/sdk/8.0.300/Microsoft.Common.CurrentVersion.targets" from project "/home/runner/workspace/MSA.Foundation/MSA.Foundation.csproj" (target "ResGen" depends on it):
       Task "GenerateResource" skipped, due to false condition; ('%(EmbeddedResource.Type)' == 'Resx' and '%(EmbeddedResource.GenerateResource)' != 'false' and '$(GenerateResourceMSBuildRuntime)' != 'CLR2') was evaluated as ('' == 'Resx' and '' != 'false' and 'CurrentRuntime' != 'CLR2').
       Task "GenerateResource" skipped, due to false condition; ('%(EmbeddedResource.Type)' == 'Resx' and '%(EmbeddedResource.GenerateResource)' != 'false' and '$(GenerateResourceMSBuildRuntime)' == 'CLR2') was evaluated as ('' == 'Resx' and '' != 'false' and 'CurrentRuntime' == 'CLR2').
   4:7>Done building target "CoreResGen" in project "MSA.Foundation.csproj".
   4:7>Target "AfterResGen" in file "/nix/store/8y83na7h81fw5kr1msmjc7rvx329djp0-dotnet-sdk-8.0.300/sdk/8.0.300/Microsoft.Common.CurrentVersion.targets" from project "/home/runner/workspace/MSA.Foundation/MSA.Foundation.csproj" (target "ResGen" depends on it):
   4:7>Done building target "AfterResGen" in project "MSA.Foundation.csproj".
   4:7>Target "ResGen" in file "/nix/store/8y83na7h81fw5kr1msmjc7rvx329djp0-dotnet-sdk-8.0.300/sdk/8.0.300/Microsoft.Common.CurrentVersion.targets" from project "/home/runner/workspace/MSA.Foundation/MSA.Foundation.csproj" (target "PrepareResources" depends on it):
   4:7>Done building target "ResGen" in project "MSA.Foundation.csproj".
       Target "CompileLicxFiles" skipped, due to false condition; ('@(_LicxFile)'!='') was evaluated as (''!='').
   4:7>Target "PrepareResources" in file "/nix/store/8y83na7h81fw5kr1msmjc7rvx329djp0-dotnet-sdk-8.0.300/sdk/8.0.300/Microsoft.Common.CurrentVersion.targets" from project "/home/runner/workspace/MSA.Foundation/MSA.Foundation.csproj" (target "CoreBuild" depends on it):
   4:7>Done building target "PrepareResources" in project "MSA.Foundation.csproj".
       Target "ResolveKeySource" skipped, due to false condition; ($(SignManifests) == 'true' or $(SignAssembly) == 'true') was evaluated as ( == 'true' or false == 'true').
       Target "ResolveReferences" skipped. Previously built successfully.
       Target "ResolveKeySource" skipped, due to false condition; ($(SignManifests) == 'true' or $(SignAssembly) == 'true') was evaluated as ( == 'true' or false == 'true').
       Target "ResolveComReferences" skipped, due to false condition; ('@(COMReference)'!='' or '@(COMFileReference)'!='') was evaluated as (''!='' or ''!='').
       Target "ResolveNativeReferences" skipped, due to false condition; ('@(NativeReference)'!='') was evaluated as (''!='').
       Target "_SetExternalWin32ManifestProperties" skipped, due to false condition; ('$(GenerateClickOnceManifests)'=='true' or '@(NativeReference)'!='' or '@(ResolvedIsolatedComModules)'!='') was evaluated as (''=='true' or ''!='' or ''!='').
   4:7>Target "_SetEmbeddedWin32ManifestProperties" in file "/nix/store/8y83na7h81fw5kr1msmjc7rvx329djp0-dotnet-sdk-8.0.300/sdk/8.0.300/Microsoft.Common.CurrentVersion.targets" from project "/home/runner/workspace/MSA.Foundation/MSA.Foundation.csproj" (target "SetWin32ManifestProperties" depends on it):
       Using "GetFrameworkPath" task from assembly "Microsoft.Build.Tasks.Core, Version=15.1.0.0, Culture=neutral, PublicKeyToken=b03f5f7f11d50a3a".
       Task "GetFrameworkPath"
       Done executing task "GetFrameworkPath".
   4:7>Done building target "_SetEmbeddedWin32ManifestProperties" in project "MSA.Foundation.csproj".
   4:7>Target "SetWin32ManifestProperties" in file "/nix/store/8y83na7h81fw5kr1msmjc7rvx329djp0-dotnet-sdk-8.0.300/sdk/8.0.300/Microsoft.Common.CurrentVersion.targets" from project "/home/runner/workspace/MSA.Foundation/MSA.Foundation.csproj" (target "Compile" depends on it):
   4:7>Done building target "SetWin32ManifestProperties" in project "MSA.Foundation.csproj".
       Target "FindReferenceAssembliesForReferences" skipped. Previously built successfully.
   4:7>Target "_GenerateCompileInputs" in file "/nix/store/8y83na7h81fw5kr1msmjc7rvx329djp0-dotnet-sdk-8.0.300/sdk/8.0.300/Microsoft.Common.CurrentVersion.targets" from project "/home/runner/workspace/MSA.Foundation/MSA.Foundation.csproj" (target "Compile" depends on it):
       Task "Warning" skipped, due to false condition; ('@(ManifestResourceWithNoCulture)'!='' and '%(ManifestResourceWithNoCulture.EmittedForCompatibilityOnly)'=='') was evaluated as (''!='' and ''=='').
       Task "Warning" skipped, due to false condition; ('@(ManifestNonResxWithNoCultureOnDisk)'!='' and '%(ManifestNonResxWithNoCultureOnDisk.EmittedForCompatibilityOnly)'=='') was evaluated as (''!='' and ''=='').
   4:7>Done building target "_GenerateCompileInputs" in project "MSA.Foundation.csproj".
       Target "PrepareForBuild" skipped. Previously built successfully.
   4:7>Target "GenerateMSBuildEditorConfigFileShouldRun" in file "/nix/store/8y83na7h81fw5kr1msmjc7rvx329djp0-dotnet-sdk-8.0.300/sdk/8.0.300/Roslyn/Microsoft.Managed.Core.targets" from project "/home/runner/workspace/MSA.Foundation/MSA.Foundation.csproj" (target "GenerateMSBuildEditorConfigFile" depends on it):
   4:7>Done building target "GenerateMSBuildEditorConfigFileShouldRun" in project "MSA.Foundation.csproj".
   4:7>Target "GenerateMSBuildEditorConfigFileCore" in file "/nix/store/8y83na7h81fw5kr1msmjc7rvx329djp0-dotnet-sdk-8.0.300/sdk/8.0.300/Roslyn/Microsoft.Managed.Core.targets" from project "/home/runner/workspace/MSA.Foundation/MSA.Foundation.csproj" (target "GenerateMSBuildEditorConfigFile" depends on it):
       Building target "GenerateMSBuildEditorConfigFileCore" completely.
       No input files were specified.
       Using "GenerateMSBuildEditorConfig" task from assembly "/nix/store/8y83na7h81fw5kr1msmjc7rvx329djp0-dotnet-sdk-8.0.300/sdk/8.0.300/Roslyn/Microsoft.Build.Tasks.CodeAnalysis.dll".
       Task "GenerateMSBuildEditorConfig"
       Done executing task "GenerateMSBuildEditorConfig".
   4:7>Done building target "GenerateMSBuildEditorConfigFileCore" in project "MSA.Foundation.csproj".
   4:7>Target "GenerateMSBuildEditorConfigFile" in file "/nix/store/8y83na7h81fw5kr1msmjc7rvx329djp0-dotnet-sdk-8.0.300/sdk/8.0.300/Roslyn/Microsoft.Managed.Core.targets" from project "/home/runner/workspace/MSA.Foundation/MSA.Foundation.csproj" (target "BeforeCompile" depends on it):
   4:7>Done building target "GenerateMSBuildEditorConfigFile" in project "MSA.Foundation.csproj".
       Target "PrepareForBuild" skipped. Previously built successfully.
       Target "GetReferenceAssemblyPaths" skipped. Previously built successfully.
   4:7>Target "_SetTargetFrameworkMonikerAttribute" in file "/nix/store/8y83na7h81fw5kr1msmjc7rvx329djp0-dotnet-sdk-8.0.300/sdk/8.0.300/Microsoft.CSharp.CurrentVersion.targets" from project "/home/runner/workspace/MSA.Foundation/MSA.Foundation.csproj" (target "GenerateTargetFrameworkMonikerAttribute" depends on it):
   4:7>Done building target "_SetTargetFrameworkMonikerAttribute" in project "MSA.Foundation.csproj".
   4:7>Target "GenerateTargetFrameworkMonikerAttribute" in file "/nix/store/8y83na7h81fw5kr1msmjc7rvx329djp0-dotnet-sdk-8.0.300/sdk/8.0.300/Microsoft.Common.CurrentVersion.targets" from project "/home/runner/workspace/MSA.Foundation/MSA.Foundation.csproj" (target "BeforeCompile" depends on it):
       Skipping target "GenerateTargetFrameworkMonikerAttribute" because all output files are up-to-date with respect to the input files.
       Input files: /nix/store/8y83na7h81fw5kr1msmjc7rvx329djp0-dotnet-sdk-8.0.300/sdk/8.0.300/Microsoft.Common.targets
       Output files: obj/Debug/net8.0/.NETCoreApp,Version=v8.0.AssemblyAttributes.cs
   4:7>Done building target "GenerateTargetFrameworkMonikerAttribute" in project "MSA.Foundation.csproj".
       Target "GenerateAdditionalSources" skipped, due to false condition; ('@(AssemblyAttributes)' != '' and '$(GenerateAdditionalSources)' == 'true') was evaluated as ('' != '' and '' == 'true').
       Target "PrepareForBuild" skipped. Previously built successfully.
   4:7>Target "GetAssemblyVersion" in file "/nix/store/8y83na7h81fw5kr1msmjc7rvx329djp0-dotnet-sdk-8.0.300/sdk/8.0.300/Sdks/Microsoft.NET.Sdk/targets/Microsoft.NET.GenerateAssemblyInfo.targets" from project "/home/runner/workspace/MSA.Foundation/MSA.Foundation.csproj" (target "GetAssemblyAttributes" depends on it):
       Using "GetAssemblyVersion" task from assembly "/nix/store/8y83na7h81fw5kr1msmjc7rvx329djp0-dotnet-sdk-8.0.300/sdk/8.0.300/Sdks/Microsoft.NET.Sdk/targets/../tools/net8.0/Microsoft.NET.Build.Tasks.dll".
       Task "GetAssemblyVersion"
       Done executing task "GetAssemblyVersion".
   4:7>Done building target "GetAssemblyVersion" in project "MSA.Foundation.csproj".
       Target "GetAssemblyVersion" skipped. Previously built successfully.
   4:7>Target "InitializeSourceControlInformationFromSourceControlManager" in file "/nix/store/8y83na7h81fw5kr1msmjc7rvx329djp0-dotnet-sdk-8.0.300/sdk/8.0.300/Sdks/Microsoft.Build.Tasks.Git/build/Microsoft.Build.Tasks.Git.targets" from project "/home/runner/workspace/MSA.Foundation/MSA.Foundation.csproj" (target "_InitializeSourceControlInformationFromSourceControlManager" depends on it):
       Using "Microsoft.Build.Tasks.Git.LocateRepository" task from assembly "/nix/store/8y83na7h81fw5kr1msmjc7rvx329djp0-dotnet-sdk-8.0.300/sdk/8.0.300/Sdks/Microsoft.Build.Tasks.Git/build/../tools/core/Microsoft.Build.Tasks.Git.dll".
       Task "Microsoft.Build.Tasks.Git.LocateRepository"
         SourceLink: Repository instance not found in cache: '*:/home/runner/workspace/.git'
       Done executing task "Microsoft.Build.Tasks.Git.LocateRepository".
   4:7>Done building target "InitializeSourceControlInformationFromSourceControlManager" in project "MSA.Foundation.csproj".
   4:7>Target "_SourceLinkHasSingleProvider" in file "/nix/store/8y83na7h81fw5kr1msmjc7rvx329djp0-dotnet-sdk-8.0.300/sdk/8.0.300/Sdks/Microsoft.SourceLink.Common/build/InitializeSourceControlInformation.targets" from project "/home/runner/workspace/MSA.Foundation/MSA.Foundation.csproj" (target "_InitializeSourceControlInformationFromSourceControlManager" depends on it):
       Assembly loaded during TaskRun: Microsoft.SourceLink.Common, Version=8.0.9.11501, Culture=neutral, PublicKeyToken=31bf3856ad364e35 (location: /nix/store/8y83na7h81fw5kr1msmjc7rvx329djp0-dotnet-sdk-8.0.300/sdk/8.0.300/Sdks/Microsoft.SourceLink.Common/tools/core/Microsoft.SourceLink.Common.dll, MVID: d5b96578-81ec-438f-8487-2f5405206516, AssemblyLoadContext: MSBuild plugin /nix/store/8y83na7h81fw5kr1msmjc7rvx329djp0-dotnet-sdk-8.0.300/sdk/8.0.300/Sdks/Microsoft.SourceLink.Common/tools/core/Microsoft.SourceLink.Common.dll)
       Using "Microsoft.SourceLink.Common.SourceLinkHasSingleProvider" task from assembly "/nix/store/8y83na7h81fw5kr1msmjc7rvx329djp0-dotnet-sdk-8.0.300/sdk/8.0.300/Sdks/Microsoft.SourceLink.Common/build/../tools/core/Microsoft.SourceLink.Common.dll".
       Task "Microsoft.SourceLink.Common.SourceLinkHasSingleProvider"
       Done executing task "Microsoft.SourceLink.Common.SourceLinkHasSingleProvider".
   4:7>Done building target "_SourceLinkHasSingleProvider" in project "MSA.Foundation.csproj".
   4:7>Target "TranslateGitHubUrlsInSourceControlInformation" in file "/nix/store/8y83na7h81fw5kr1msmjc7rvx329djp0-dotnet-sdk-8.0.300/sdk/8.0.300/Sdks/Microsoft.SourceLink.GitHub/build/Microsoft.SourceLink.GitHub.targets" from project "/home/runner/workspace/MSA.Foundation/MSA.Foundation.csproj" (target "_InitializeSourceControlInformationFromSourceControlManager" depends on it):
       Assembly loaded during TaskRun: Microsoft.SourceLink.GitHub, Version=8.0.9.11501, Culture=neutral, PublicKeyToken=31bf3856ad364e35 (location: /nix/store/8y83na7h81fw5kr1msmjc7rvx329djp0-dotnet-sdk-8.0.300/sdk/8.0.300/Sdks/Microsoft.SourceLink.GitHub/tools/core/Microsoft.SourceLink.GitHub.dll, MVID: 1fbac130-3a2a-4cf4-9c60-b0ae73333681, AssemblyLoadContext: MSBuild plugin /nix/store/8y83na7h81fw5kr1msmjc7rvx329djp0-dotnet-sdk-8.0.300/sdk/8.0.300/Sdks/Microsoft.SourceLink.GitHub/tools/core/Microsoft.SourceLink.GitHub.dll)
       Using "Microsoft.SourceLink.GitHub.TranslateRepositoryUrls" task from assembly "/nix/store/8y83na7h81fw5kr1msmjc7rvx329djp0-dotnet-sdk-8.0.300/sdk/8.0.300/Sdks/Microsoft.SourceLink.GitHub/build/../tools/core/Microsoft.SourceLink.GitHub.dll".
       Task "Microsoft.SourceLink.GitHub.TranslateRepositoryUrls"
       Done executing task "Microsoft.SourceLink.GitHub.TranslateRepositoryUrls".
   4:7>Done building target "TranslateGitHubUrlsInSourceControlInformation" in project "MSA.Foundation.csproj".
   4:7>Target "TranslateGitLabUrlsInSourceControlInformation" in file "/nix/store/8y83na7h81fw5kr1msmjc7rvx329djp0-dotnet-sdk-8.0.300/sdk/8.0.300/Sdks/Microsoft.SourceLink.GitLab/build/Microsoft.SourceLink.GitLab.targets" from project "/home/runner/workspace/MSA.Foundation/MSA.Foundation.csproj" (target "_InitializeSourceControlInformationFromSourceControlManager" depends on it):
       Assembly loaded during TaskRun: Microsoft.SourceLink.GitLab, Version=8.0.9.11501, Culture=neutral, PublicKeyToken=31bf3856ad364e35 (location: /nix/store/8y83na7h81fw5kr1msmjc7rvx329djp0-dotnet-sdk-8.0.300/sdk/8.0.300/Sdks/Microsoft.SourceLink.GitLab/tools/core/Microsoft.SourceLink.GitLab.dll, MVID: 6b003cb9-36ef-4a5a-83ae-cc8fa7fbcb67, AssemblyLoadContext: MSBuild plugin /nix/store/8y83na7h81fw5kr1msmjc7rvx329djp0-dotnet-sdk-8.0.300/sdk/8.0.300/Sdks/Microsoft.SourceLink.GitLab/tools/core/Microsoft.SourceLink.GitLab.dll)
       Using "Microsoft.SourceLink.GitLab.TranslateRepositoryUrls" task from assembly "/nix/store/8y83na7h81fw5kr1msmjc7rvx329djp0-dotnet-sdk-8.0.300/sdk/8.0.300/Sdks/Microsoft.SourceLink.GitLab/build/../tools/core/Microsoft.SourceLink.GitLab.dll".
       Task "Microsoft.SourceLink.GitLab.TranslateRepositoryUrls"
       Done executing task "Microsoft.SourceLink.GitLab.TranslateRepositoryUrls".
   4:7>Done building target "TranslateGitLabUrlsInSourceControlInformation" in project "MSA.Foundation.csproj".
   4:7>Target "TranslateAzureReposGitUrlsInSourceControlInformation" in file "/nix/store/8y83na7h81fw5kr1msmjc7rvx329djp0-dotnet-sdk-8.0.300/sdk/8.0.300/Sdks/Microsoft.SourceLink.AzureRepos.Git/build/Microsoft.SourceLink.AzureRepos.Git.targets" from project "/home/runner/workspace/MSA.Foundation/MSA.Foundation.csproj" (target "_InitializeSourceControlInformationFromSourceControlManager" depends on it):
       Assembly loaded during TaskRun: Microsoft.SourceLink.AzureRepos.Git, Version=8.0.9.11501, Culture=neutral, PublicKeyToken=31bf3856ad364e35 (location: /nix/store/8y83na7h81fw5kr1msmjc7rvx329djp0-dotnet-sdk-8.0.300/sdk/8.0.300/Sdks/Microsoft.SourceLink.AzureRepos.Git/tools/core/Microsoft.SourceLink.AzureRepos.Git.dll, MVID: 3a082d27-0e6b-4d51-92ea-8eaf3fc3120f, AssemblyLoadContext: MSBuild plugin /nix/store/8y83na7h81fw5kr1msmjc7rvx329djp0-dotnet-sdk-8.0.300/sdk/8.0.300/Sdks/Microsoft.SourceLink.AzureRepos.Git/tools/core/Microsoft.SourceLink.AzureRepos.Git.dll)
       Using "Microsoft.SourceLink.AzureRepos.Git.TranslateRepositoryUrls" task from assembly "/nix/store/8y83na7h81fw5kr1msmjc7rvx329djp0-dotnet-sdk-8.0.300/sdk/8.0.300/Sdks/Microsoft.SourceLink.AzureRepos.Git/build/../tools/core/Microsoft.SourceLink.AzureRepos.Git.dll".
       Task "Microsoft.SourceLink.AzureRepos.Git.TranslateRepositoryUrls"
       Done executing task "Microsoft.SourceLink.AzureRepos.Git.TranslateRepositoryUrls".
   4:7>Done building target "TranslateAzureReposGitUrlsInSourceControlInformation" in project "MSA.Foundation.csproj".
   4:7>Target "TranslateBitbucketGitUrlsInSourceControlInformation" in file "/nix/store/8y83na7h81fw5kr1msmjc7rvx329djp0-dotnet-sdk-8.0.300/sdk/8.0.300/Sdks/Microsoft.SourceLink.Bitbucket.Git/build/Microsoft.SourceLink.Bitbucket.Git.targets" from project "/home/runner/workspace/MSA.Foundation/MSA.Foundation.csproj" (target "_InitializeSourceControlInformationFromSourceControlManager" depends on it):
       Assembly loaded during TaskRun: Microsoft.SourceLink.Bitbucket.Git, Version=8.0.9.11501, Culture=neutral, PublicKeyToken=31bf3856ad364e35 (location: /nix/store/8y83na7h81fw5kr1msmjc7rvx329djp0-dotnet-sdk-8.0.300/sdk/8.0.300/Sdks/Microsoft.SourceLink.Bitbucket.Git/tools/core/Microsoft.SourceLink.Bitbucket.Git.dll, MVID: 3994e8b0-7ae9-409e-bc2b-53baef289161, AssemblyLoadContext: MSBuild plugin /nix/store/8y83na7h81fw5kr1msmjc7rvx329djp0-dotnet-sdk-8.0.300/sdk/8.0.300/Sdks/Microsoft.SourceLink.Bitbucket.Git/tools/core/Microsoft.SourceLink.Bitbucket.Git.dll)
       Using "Microsoft.SourceLink.Bitbucket.Git.TranslateRepositoryUrls" task from assembly "/nix/store/8y83na7h81fw5kr1msmjc7rvx329djp0-dotnet-sdk-8.0.300/sdk/8.0.300/Sdks/Microsoft.SourceLink.Bitbucket.Git/build/../tools/core/Microsoft.SourceLink.Bitbucket.Git.dll".
       Task "Microsoft.SourceLink.Bitbucket.Git.TranslateRepositoryUrls"
       Done executing task "Microsoft.SourceLink.Bitbucket.Git.TranslateRepositoryUrls".
   4:7>Done building target "TranslateBitbucketGitUrlsInSourceControlInformation" in project "MSA.Foundation.csproj".
   4:7>Target "SourceControlManagerPublishTranslatedUrls" in file "/nix/store/8y83na7h81fw5kr1msmjc7rvx329djp0-dotnet-sdk-8.0.300/sdk/8.0.300/Sdks/Microsoft.SourceLink.Common/build/InitializeSourceControlInformation.targets" from project "/home/runner/workspace/MSA.Foundation/MSA.Foundation.csproj" (target "_InitializeSourceControlInformationFromSourceControlManager" depends on it):
   4:7>Done building target "SourceControlManagerPublishTranslatedUrls" in project "MSA.Foundation.csproj".
   4:7>Target "_InitializeSourceControlInformationFromSourceControlManager" in file "/nix/store/8y83na7h81fw5kr1msmjc7rvx329djp0-dotnet-sdk-8.0.300/sdk/8.0.300/Sdks/Microsoft.SourceLink.Common/build/InitializeSourceControlInformation.targets" from project "/home/runner/workspace/MSA.Foundation/MSA.Foundation.csproj" (target "InitializeSourceControlInformation" depends on it):
   4:7>Done building target "_InitializeSourceControlInformationFromSourceControlManager" in project "MSA.Foundation.csproj".
   4:7>Target "InitializeSourceControlInformation" in file "/nix/store/8y83na7h81fw5kr1msmjc7rvx329djp0-dotnet-sdk-8.0.300/sdk/8.0.300/Microsoft.Common.CurrentVersion.targets" from project "/home/runner/workspace/MSA.Foundation/MSA.Foundation.csproj" (target "AddSourceRevisionToInformationalVersion" depends on it):
   4:7>Done building target "InitializeSourceControlInformation" in project "MSA.Foundation.csproj".
   4:7>Target "AddSourceRevisionToInformationalVersion" in file "/nix/store/8y83na7h81fw5kr1msmjc7rvx329djp0-dotnet-sdk-8.0.300/sdk/8.0.300/Sdks/Microsoft.NET.Sdk/targets/Microsoft.NET.GenerateAssemblyInfo.targets" from project "/home/runner/workspace/MSA.Foundation/MSA.Foundation.csproj" (target "GetAssemblyAttributes" depends on it):
   4:7>Done building target "AddSourceRevisionToInformationalVersion" in project "MSA.Foundation.csproj".
       Target "_GetUserSecretsAssemblyAttribute" skipped, due to false condition; ( '$(UserSecretsId)' != '' AND '$(GenerateUserSecretsAttribute)' != 'false' AND '$(GeneratedUserSecretsAttributeFile)' == '' ) was evaluated as ( '' != '' AND '' != 'false' AND '' == '' ).
   4:7>Target "GetAssemblyAttributes" in file "/nix/store/8y83na7h81fw5kr1msmjc7rvx329djp0-dotnet-sdk-8.0.300/sdk/8.0.300/Sdks/Microsoft.NET.Sdk/targets/Microsoft.NET.GenerateAssemblyInfo.targets" from project "/home/runner/workspace/MSA.Foundation/MSA.Foundation.csproj" (target "CreateGeneratedAssemblyInfoInputsCacheFile" depends on it):
   4:7>Done building target "GetAssemblyAttributes" in project "MSA.Foundation.csproj".
   4:7>Target "CreateGeneratedAssemblyInfoInputsCacheFile" in file "/nix/store/8y83na7h81fw5kr1msmjc7rvx329djp0-dotnet-sdk-8.0.300/sdk/8.0.300/Sdks/Microsoft.NET.Sdk/targets/Microsoft.NET.GenerateAssemblyInfo.targets" from project "/home/runner/workspace/MSA.Foundation/MSA.Foundation.csproj" (target "CoreGenerateAssemblyInfo" depends on it):
       Using "Hash" task from assembly "Microsoft.Build.Tasks.Core, Version=15.1.0.0, Culture=neutral, PublicKeyToken=b03f5f7f11d50a3a".
       Task "Hash"
       Done executing task "Hash".
       Task "WriteLinesToFile"
         Skipping write to file "obj/Debug/net8.0/MSA.Foundation.AssemblyInfoInputs.cache" because content would not change.
       Done executing task "WriteLinesToFile".
   4:7>Done building target "CreateGeneratedAssemblyInfoInputsCacheFile" in project "MSA.Foundation.csproj".
   4:7>Target "CoreGenerateAssemblyInfo" in file "/nix/store/8y83na7h81fw5kr1msmjc7rvx329djp0-dotnet-sdk-8.0.300/sdk/8.0.300/Sdks/Microsoft.NET.Sdk/targets/Microsoft.NET.GenerateAssemblyInfo.targets" from project "/home/runner/workspace/MSA.Foundation/MSA.Foundation.csproj" (target "GenerateAssemblyInfo" depends on it):
       Skipping target "CoreGenerateAssemblyInfo" because all output files are up-to-date with respect to the input files.
       Input files: obj/Debug/net8.0/MSA.Foundation.AssemblyInfoInputs.cache
       Output files: obj/Debug/net8.0/MSA.Foundation.AssemblyInfo.cs
   4:7>Done building target "CoreGenerateAssemblyInfo" in project "MSA.Foundation.csproj".
   4:7>Target "GenerateAssemblyInfo" in file "/nix/store/8y83na7h81fw5kr1msmjc7rvx329djp0-dotnet-sdk-8.0.300/sdk/8.0.300/Sdks/Microsoft.NET.Sdk/targets/Microsoft.NET.GenerateAssemblyInfo.targets" from project "/home/runner/workspace/MSA.Foundation/MSA.Foundation.csproj" (target "BeforeCompile" depends on it):
   4:7>Done building target "GenerateAssemblyInfo" in project "MSA.Foundation.csproj".
   4:7>Target "BeforeCompile" in file "/nix/store/8y83na7h81fw5kr1msmjc7rvx329djp0-dotnet-sdk-8.0.300/sdk/8.0.300/Microsoft.Common.CurrentVersion.targets" from project "/home/runner/workspace/MSA.Foundation/MSA.Foundation.csproj" (target "Compile" depends on it):
   4:7>Done building target "BeforeCompile" in project "MSA.Foundation.csproj".
       Target "_TimeStampBeforeCompile" skipped, due to false condition; ('$(RunPostBuildEvent)'=='OnOutputUpdated' or ('$(RegisterForComInterop)'=='true' and '$(OutputType)'=='library')) was evaluated as (''=='OnOutputUpdated' or (''=='true' and 'Library'=='library')).
       Target "ResolveAssemblyReferences" skipped. Previously built successfully.
   4:7>Target "_GenerateCompileDependencyCache" in file "/nix/store/8y83na7h81fw5kr1msmjc7rvx329djp0-dotnet-sdk-8.0.300/sdk/8.0.300/Microsoft.Common.CurrentVersion.targets" from project "/home/runner/workspace/MSA.Foundation/MSA.Foundation.csproj" (target "Compile" depends on it):
       Task "Hash"
       Done executing task "Hash".
       Task "WriteLinesToFile"
         Skipping write to file "obj/Debug/net8.0/MSA.Foundation.csproj.CoreCompileInputs.cache" because content would not change.
       Done executing task "WriteLinesToFile".
   4:7>Done building target "_GenerateCompileDependencyCache" in project "MSA.Foundation.csproj".
       Target "_ComputeNonExistentFileProperty" skipped, due to false condition; (('$(BuildingInsideVisualStudio)' == 'true') and ('$(BuildingOutOfProcess)' != 'true') and (('$(BuildingProject)' == 'false') or ('$(UseHostCompilerIfAvailable)' == 'true'))) was evaluated as (('' == 'true') and ('' != 'true') and (('true' == 'false') or ('true' == 'true'))).
       Target "ResolveCodeAnalysisRuleSet" skipped, due to false condition; ('$(CodeAnalysisRuleSet)' != '') was evaluated as ('' != '').
       Target "ShimReferencePathsWhenCommonTargetsDoesNotUnderstandReferenceAssemblies" skipped, due to false condition; ('@(ReferencePathWithRefAssemblies)' == '') was evaluated as ('/home/runner/.nuget/packages/asyncio/0.1.69/lib/netstandard2.0/AsyncIO.dll;/home/runner/.nuget/packages/microsoft.applicationinsights.dependencycollector/2.22.0/lib/netstandard2.0/Microsoft.AI.DependencyCollector.dll;/home/runner/.nuget/packages/microsoft.applicationinsights/2.22.0/lib/netstandard2.0/Microsoft.ApplicationInsights.dll;...' == '').
   4:7>Target "_BeforeVBCSCoreCompile" in file "/nix/store/8y83na7h81fw5kr1msmjc7rvx329djp0-dotnet-sdk-8.0.300/sdk/8.0.300/Roslyn/Microsoft.Managed.Core.targets" from project "/home/runner/workspace/MSA.Foundation/MSA.Foundation.csproj" (target "CoreCompile" depends on it):
   4:7>Done building target "_BeforeVBCSCoreCompile" in project "MSA.Foundation.csproj".
       Target "AdjustDefaultPlatformTargetForNetFrameworkExeWithNoNativeCopyLocalItems" skipped, due to false condition; ('$(_UsingDefaultPlatformTarget)' == 'true' and
                            '$(_UsingDefaultRuntimeIdentifier)' == 'true') was evaluated as ('true' == 'true' and
                            '' == 'true').
       Target "_DisableDiagnosticTracing" skipped, due to false condition; ('$(DisableDiagnosticTracing)' == 'true') was evaluated as ('' == 'true').
       Target "GenerateTargetPlatformDefineConstants" skipped, due to false condition; ( '$(DisableImplicitFrameworkDefines)' != 'true' and '$(TargetPlatformIdentifier)' != '' and '$(TargetFrameworkIdentifier)' == '.NETCoreApp' and $([MSBuild]::VersionGreaterThanOrEquals($(TargetFrameworkVersion), 5.0)) ) was evaluated as ( '' != 'true' and '' != '' and '.NETCoreApp' == '.NETCoreApp' and True ).
   4:7>Target "GenerateNETCompatibleDefineConstants" in file "/nix/store/8y83na7h81fw5kr1msmjc7rvx329djp0-dotnet-sdk-8.0.300/sdk/8.0.300/Sdks/Microsoft.NET.Sdk/targets/Microsoft.NET.Sdk.BeforeCommon.targets" from project "/home/runner/workspace/MSA.Foundation/MSA.Foundation.csproj" (target "AddImplicitDefineConstants" depends on it):
   4:7>Done building target "GenerateNETCompatibleDefineConstants" in project "MSA.Foundation.csproj".
       Target "GeneratePlatformCompatibleDefineConstants" skipped, due to false condition; ( '$(DisableImplicitFrameworkDefines)' != 'true' and '$(TargetPlatformIdentifier)' != '' and '$(TargetFrameworkIdentifier)' == '.NETCoreApp' and $([MSBuild]::VersionGreaterThanOrEquals($(TargetFrameworkVersion), 5.0)) ) was evaluated as ( '' != 'true' and '' != '' and '.NETCoreApp' == '.NETCoreApp' and True ).
       Target "_DisableDiagnosticTracing" skipped, due to false condition; ('$(DisableDiagnosticTracing)' == 'true') was evaluated as ('' == 'true').
   4:7>Target "AddImplicitDefineConstants" in file "/nix/store/8y83na7h81fw5kr1msmjc7rvx329djp0-dotnet-sdk-8.0.300/sdk/8.0.300/Sdks/Microsoft.NET.Sdk/targets/Microsoft.NET.Sdk.BeforeCommon.targets" from project "/home/runner/workspace/MSA.Foundation/MSA.Foundation.csproj" (target "CoreCompile" depends on it):
   4:7>Done building target "AddImplicitDefineConstants" in project "MSA.Foundation.csproj".
       Target "ShimReferencePathsWhenCommonTargetsDoesNotUnderstandReferenceAssemblies" skipped, due to false condition; ('@(ReferencePathWithRefAssemblies)' == '') was evaluated as ('/home/runner/.nuget/packages/asyncio/0.1.69/lib/netstandard2.0/AsyncIO.dll;/home/runner/.nuget/packages/microsoft.applicationinsights.dependencycollector/2.22.0/lib/netstandard2.0/Microsoft.AI.DependencyCollector.dll;/home/runner/.nuget/packages/microsoft.applicationinsights/2.22.0/lib/netstandard2.0/Microsoft.ApplicationInsights.dll;...' == '').
   4:7>Target "_ComputeSkipAnalyzers" in file "/nix/store/8y83na7h81fw5kr1msmjc7rvx329djp0-dotnet-sdk-8.0.300/sdk/8.0.300/Roslyn/Microsoft.Managed.Core.targets" from project "/home/runner/workspace/MSA.Foundation/MSA.Foundation.csproj" (target "CoreCompile" depends on it):
       Task "ShowMessageForImplicitlySkipAnalyzers" skipped, due to false condition; ('$(_ImplicitlySkipAnalyzers)' == 'true') was evaluated as ('' == 'true').
   4:7>Done building target "_ComputeSkipAnalyzers" in project "MSA.Foundation.csproj".
       Target "_SetPathMapFromSourceRoots" skipped, due to false condition; ('$(DeterministicSourcePaths)' == 'true') was evaluated as ('' == 'true').
       Target "CreateCompilerGeneratedFilesOutputPath" skipped, due to false condition; ('$(EmitCompilerGeneratedFiles)' == 'true' and !('$(DesignTimeBuild)' == 'true' OR '$(BuildingProject)' != 'true')) was evaluated as ('false' == 'true' and !('' == 'true' OR 'true' != 'true')).
       Target "BeforeCompile" skipped. Previously built successfully.
       Target "InitializeSourceControlInformationFromSourceControlManager" skipped. Previously built successfully.
   4:7>Target "SetEmbeddedFilesFromSourceControlManagerUntrackedFiles" in file "/nix/store/8y83na7h81fw5kr1msmjc7rvx329djp0-dotnet-sdk-8.0.300/sdk/8.0.300/Sdks/Microsoft.Build.Tasks.Git/build/Microsoft.Build.Tasks.Git.targets" from project "/home/runner/workspace/MSA.Foundation/MSA.Foundation.csproj" (target "_SetEmbeddedFilesFromSourceControlManagerUntrackedFiles" depends on it):
       Using "Microsoft.Build.Tasks.Git.GetUntrackedFiles" task from assembly "/nix/store/8y83na7h81fw5kr1msmjc7rvx329djp0-dotnet-sdk-8.0.300/sdk/8.0.300/Sdks/Microsoft.Build.Tasks.Git/build/../tools/core/Microsoft.Build.Tasks.Git.dll".
       Task "Microsoft.Build.Tasks.Git.GetUntrackedFiles"
         SourceLink: Reusing cached git repository information.
       Done executing task "Microsoft.Build.Tasks.Git.GetUntrackedFiles".
   4:7>Done building target "SetEmbeddedFilesFromSourceControlManagerUntrackedFiles" in project "MSA.Foundation.csproj".
   4:7>Target "_SetEmbeddedFilesFromSourceControlManagerUntrackedFiles" in file "/nix/store/8y83na7h81fw5kr1msmjc7rvx329djp0-dotnet-sdk-8.0.300/sdk/8.0.300/Sdks/Microsoft.SourceLink.Common/build/Microsoft.SourceLink.Common.targets" from project "/home/runner/workspace/MSA.Foundation/MSA.Foundation.csproj" (target "CoreCompile" depends on it):
   4:7>Done building target "_SetEmbeddedFilesFromSourceControlManagerUntrackedFiles" in project "MSA.Foundation.csproj".
       Target "InitializeSourceControlInformation" skipped. Previously built successfully.
   4:7>Target "_SetSourceLinkFilePath" in file "/nix/store/8y83na7h81fw5kr1msmjc7rvx329djp0-dotnet-sdk-8.0.300/sdk/8.0.300/Sdks/Microsoft.SourceLink.Common/build/Microsoft.SourceLink.Common.targets" from project "/home/runner/workspace/MSA.Foundation/MSA.Foundation.csproj" (target "_GenerateSourceLinkFile" depends on it):
   4:7>Done building target "_SetSourceLinkFilePath" in project "MSA.Foundation.csproj".
       Target "InitializeSourceControlInformation" skipped. Previously built successfully.
   4:7>Target "_InitializeSourceRootMappedPathsFromSourceControl" in file "/nix/store/8y83na7h81fw5kr1msmjc7rvx329djp0-dotnet-sdk-8.0.300/sdk/8.0.300/Roslyn/Microsoft.Managed.Core.targets" from project "/home/runner/workspace/MSA.Foundation/MSA.Foundation.csproj" (target "InitializeSourceRootMappedPaths" depends on it):
   4:7>Done building target "_InitializeSourceRootMappedPathsFromSourceControl" in project "MSA.Foundation.csproj".
   4:7>Target "InitializeSourceRootMappedPaths" in file "/nix/store/8y83na7h81fw5kr1msmjc7rvx329djp0-dotnet-sdk-8.0.300/sdk/8.0.300/Roslyn/Microsoft.Managed.Core.targets" from project "/home/runner/workspace/MSA.Foundation/MSA.Foundation.csproj" (target "_InitializeSourceRootMappedPathsOpt" depends on it):
       Using "Microsoft.CodeAnalysis.BuildTasks.MapSourceRoots" task from assembly "/nix/store/8y83na7h81fw5kr1msmjc7rvx329djp0-dotnet-sdk-8.0.300/sdk/8.0.300/Roslyn/Microsoft.Build.Tasks.CodeAnalysis.dll".
       Task "Microsoft.CodeAnalysis.BuildTasks.MapSourceRoots"
       Done executing task "Microsoft.CodeAnalysis.BuildTasks.MapSourceRoots".
   4:7>Done building target "InitializeSourceRootMappedPaths" in project "MSA.Foundation.csproj".
   4:7>Target "_InitializeSourceRootMappedPathsOpt" in file "/nix/store/8y83na7h81fw5kr1msmjc7rvx329djp0-dotnet-sdk-8.0.300/sdk/8.0.300/Sdks/Microsoft.SourceLink.Common/build/Microsoft.SourceLink.Common.targets" from project "/home/runner/workspace/MSA.Foundation/MSA.Foundation.csproj" (target "_GenerateSourceLinkFile" depends on it):
   4:7>Done building target "_InitializeSourceRootMappedPathsOpt" in project "MSA.Foundation.csproj".
   4:7>Target "_InitializeGitHubSourceLinkUrl" in file "/nix/store/8y83na7h81fw5kr1msmjc7rvx329djp0-dotnet-sdk-8.0.300/sdk/8.0.300/Sdks/Microsoft.SourceLink.GitHub/build/Microsoft.SourceLink.GitHub.targets" from project "/home/runner/workspace/MSA.Foundation/MSA.Foundation.csproj" (target "_GenerateSourceLinkFile" depends on it):
       Building target "_InitializeGitHubSourceLinkUrl" completely.
       No input files were specified.
       Using "Microsoft.SourceLink.GitHub.GetSourceLinkUrl" task from assembly "/nix/store/8y83na7h81fw5kr1msmjc7rvx329djp0-dotnet-sdk-8.0.300/sdk/8.0.300/Sdks/Microsoft.SourceLink.GitHub/build/../tools/core/Microsoft.SourceLink.GitHub.dll".
       Task "Microsoft.SourceLink.GitHub.GetSourceLinkUrl"
       Done executing task "Microsoft.SourceLink.GitHub.GetSourceLinkUrl".
   4:7>Done building target "_InitializeGitHubSourceLinkUrl" in project "MSA.Foundation.csproj".
   4:7>Target "_InitializeGitHubSourceLinkUrl" in file "/nix/store/8y83na7h81fw5kr1msmjc7rvx329djp0-dotnet-sdk-8.0.300/sdk/8.0.300/Sdks/Microsoft.SourceLink.GitHub/build/Microsoft.SourceLink.GitHub.targets" from project "/home/runner/workspace/MSA.Foundation/MSA.Foundation.csproj" (target "_GenerateSourceLinkFile" depends on it):
       Building target "_InitializeGitHubSourceLinkUrl" completely.
       No input files were specified.
       Task "Microsoft.SourceLink.GitHub.GetSourceLinkUrl"
       Done executing task "Microsoft.SourceLink.GitHub.GetSourceLinkUrl".
   4:7>Done building target "_InitializeGitHubSourceLinkUrl" in project "MSA.Foundation.csproj".
   4:7>Target "_InitializeGitLabSourceLinkUrl" in file "/nix/store/8y83na7h81fw5kr1msmjc7rvx329djp0-dotnet-sdk-8.0.300/sdk/8.0.300/Sdks/Microsoft.SourceLink.GitLab/build/Microsoft.SourceLink.GitLab.targets" from project "/home/runner/workspace/MSA.Foundation/MSA.Foundation.csproj" (target "_GenerateSourceLinkFile" depends on it):
       Building target "_InitializeGitLabSourceLinkUrl" completely.
       No input files were specified.
       Using "Microsoft.SourceLink.GitLab.GetSourceLinkUrl" task from assembly "/nix/store/8y83na7h81fw5kr1msmjc7rvx329djp0-dotnet-sdk-8.0.300/sdk/8.0.300/Sdks/Microsoft.SourceLink.GitLab/build/../tools/core/Microsoft.SourceLink.GitLab.dll".
       Task "Microsoft.SourceLink.GitLab.GetSourceLinkUrl"
       Done executing task "Microsoft.SourceLink.GitLab.GetSourceLinkUrl".
   4:7>Done building target "_InitializeGitLabSourceLinkUrl" in project "MSA.Foundation.csproj".
   4:7>Target "_InitializeGitLabSourceLinkUrl" in file "/nix/store/8y83na7h81fw5kr1msmjc7rvx329djp0-dotnet-sdk-8.0.300/sdk/8.0.300/Sdks/Microsoft.SourceLink.GitLab/build/Microsoft.SourceLink.GitLab.targets" from project "/home/runner/workspace/MSA.Foundation/MSA.Foundation.csproj" (target "_GenerateSourceLinkFile" depends on it):
       Building target "_InitializeGitLabSourceLinkUrl" completely.
       No input files were specified.
       Task "Microsoft.SourceLink.GitLab.GetSourceLinkUrl"
       Done executing task "Microsoft.SourceLink.GitLab.GetSourceLinkUrl".
   4:7>Done building target "_InitializeGitLabSourceLinkUrl" in project "MSA.Foundation.csproj".
   4:7>Target "_InitializeAzureReposGitSourceLinkUrl" in file "/nix/store/8y83na7h81fw5kr1msmjc7rvx329djp0-dotnet-sdk-8.0.300/sdk/8.0.300/Sdks/Microsoft.SourceLink.AzureRepos.Git/build/Microsoft.SourceLink.AzureRepos.Git.targets" from project "/home/runner/workspace/MSA.Foundation/MSA.Foundation.csproj" (target "_GenerateSourceLinkFile" depends on it):
       Building target "_InitializeAzureReposGitSourceLinkUrl" completely.
       No input files were specified.
       Using "Microsoft.SourceLink.AzureRepos.Git.GetSourceLinkUrl" task from assembly "/nix/store/8y83na7h81fw5kr1msmjc7rvx329djp0-dotnet-sdk-8.0.300/sdk/8.0.300/Sdks/Microsoft.SourceLink.AzureRepos.Git/build/../tools/core/Microsoft.SourceLink.AzureRepos.Git.dll".
       Task "Microsoft.SourceLink.AzureRepos.Git.GetSourceLinkUrl"
       Done executing task "Microsoft.SourceLink.AzureRepos.Git.GetSourceLinkUrl".
   4:7>Done building target "_InitializeAzureReposGitSourceLinkUrl" in project "MSA.Foundation.csproj".
   4:7>Target "_InitializeAzureReposGitSourceLinkUrl" in file "/nix/store/8y83na7h81fw5kr1msmjc7rvx329djp0-dotnet-sdk-8.0.300/sdk/8.0.300/Sdks/Microsoft.SourceLink.AzureRepos.Git/build/Microsoft.SourceLink.AzureRepos.Git.targets" from project "/home/runner/workspace/MSA.Foundation/MSA.Foundation.csproj" (target "_GenerateSourceLinkFile" depends on it):
       Building target "_InitializeAzureReposGitSourceLinkUrl" completely.
       No input files were specified.
       Task "Microsoft.SourceLink.AzureRepos.Git.GetSourceLinkUrl"
       Done executing task "Microsoft.SourceLink.AzureRepos.Git.GetSourceLinkUrl".
   4:7>Done building target "_InitializeAzureReposGitSourceLinkUrl" in project "MSA.Foundation.csproj".
   4:7>Target "_InitializeBitbucketGitSourceLinkUrl" in file "/nix/store/8y83na7h81fw5kr1msmjc7rvx329djp0-dotnet-sdk-8.0.300/sdk/8.0.300/Sdks/Microsoft.SourceLink.Bitbucket.Git/build/Microsoft.SourceLink.Bitbucket.Git.targets" from project "/home/runner/workspace/MSA.Foundation/MSA.Foundation.csproj" (target "_GenerateSourceLinkFile" depends on it):
       Building target "_InitializeBitbucketGitSourceLinkUrl" completely.
       No input files were specified.
       Using "Microsoft.SourceLink.Bitbucket.Git.GetSourceLinkUrl" task from assembly "/nix/store/8y83na7h81fw5kr1msmjc7rvx329djp0-dotnet-sdk-8.0.300/sdk/8.0.300/Sdks/Microsoft.SourceLink.Bitbucket.Git/build/../tools/core/Microsoft.SourceLink.Bitbucket.Git.dll".
       Task "Microsoft.SourceLink.Bitbucket.Git.GetSourceLinkUrl"
       Done executing task "Microsoft.SourceLink.Bitbucket.Git.GetSourceLinkUrl".
   4:7>Done building target "_InitializeBitbucketGitSourceLinkUrl" in project "MSA.Foundation.csproj".
   4:7>Target "_InitializeBitbucketGitSourceLinkUrl" in file "/nix/store/8y83na7h81fw5kr1msmjc7rvx329djp0-dotnet-sdk-8.0.300/sdk/8.0.300/Sdks/Microsoft.SourceLink.Bitbucket.Git/build/Microsoft.SourceLink.Bitbucket.Git.targets" from project "/home/runner/workspace/MSA.Foundation/MSA.Foundation.csproj" (target "_GenerateSourceLinkFile" depends on it):
       Building target "_InitializeBitbucketGitSourceLinkUrl" completely.
       No input files were specified.
       Task "Microsoft.SourceLink.Bitbucket.Git.GetSourceLinkUrl"
       Done executing task "Microsoft.SourceLink.Bitbucket.Git.GetSourceLinkUrl".
   4:7>Done building target "_InitializeBitbucketGitSourceLinkUrl" in project "MSA.Foundation.csproj".
   4:7>Target "_GenerateSourceLinkFile" in file "/nix/store/8y83na7h81fw5kr1msmjc7rvx329djp0-dotnet-sdk-8.0.300/sdk/8.0.300/Sdks/Microsoft.SourceLink.Common/build/Microsoft.SourceLink.Common.targets" from project "/home/runner/workspace/MSA.Foundation/MSA.Foundation.csproj" (target "GenerateSourceLinkFile" depends on it):
       Building target "_GenerateSourceLinkFile" completely.
       No input files were specified.
       Using "Microsoft.SourceLink.Common.GenerateSourceLinkFile" task from assembly "/nix/store/8y83na7h81fw5kr1msmjc7rvx329djp0-dotnet-sdk-8.0.300/sdk/8.0.300/Sdks/Microsoft.SourceLink.Common/build/../tools/core/Microsoft.SourceLink.Common.dll".
       Task "Microsoft.SourceLink.Common.GenerateSourceLinkFile"
         Source Link file 'obj/Debug/net8.0/MSA.Foundation.sourcelink.json' is up-to-date.
       Done executing task "Microsoft.SourceLink.Common.GenerateSourceLinkFile".
   4:7>Done building target "_GenerateSourceLinkFile" in project "MSA.Foundation.csproj".
   4:7>Target "GenerateSourceLinkFile" in file "/nix/store/8y83na7h81fw5kr1msmjc7rvx329djp0-dotnet-sdk-8.0.300/sdk/8.0.300/Sdks/Microsoft.SourceLink.Common/build/Microsoft.SourceLink.Common.targets" from project "/home/runner/workspace/MSA.Foundation/MSA.Foundation.csproj" (target "CoreCompile" depends on it):
   4:7>Done building target "GenerateSourceLinkFile" in project "MSA.Foundation.csproj".
   4:7>Target "AddGlobalAnalyzerConfigForPackage_MicrosoftCodeAnalysisNetAnalyzers" in file "/nix/store/8y83na7h81fw5kr1msmjc7rvx329djp0-dotnet-sdk-8.0.300/sdk/8.0.300/Sdks/Microsoft.NET.Sdk/analyzers/build/Microsoft.CodeAnalysis.NetAnalyzers.targets" from project "/home/runner/workspace/MSA.Foundation/MSA.Foundation.csproj" (target "CoreCompile" depends on it):
   4:7>Done building target "AddGlobalAnalyzerConfigForPackage_MicrosoftCodeAnalysisNetAnalyzers" in project "MSA.Foundation.csproj".
       Target "AddGlobalAnalyzerConfigForPackage_MicrosoftCodeAnalysisNetAnalyzersDesign" skipped, due to false condition; ('$(SkipGlobalAnalyzerConfigForPackage)' != 'true' and ('$(AnalysisLevelDesign)' != '' or '$(AnalysisModeDesign)' != '')) was evaluated as ('' != 'true' and ('' != '' or '' != '')).
       Target "AddGlobalAnalyzerConfigForPackage_MicrosoftCodeAnalysisNetAnalyzersDocumentation" skipped, due to false condition; ('$(SkipGlobalAnalyzerConfigForPackage)' != 'true' and ('$(AnalysisLevelDocumentation)' != '' or '$(AnalysisModeDocumentation)' != '')) was evaluated as ('' != 'true' and ('' != '' or '' != '')).
       Target "AddGlobalAnalyzerConfigForPackage_MicrosoftCodeAnalysisNetAnalyzersGlobalization" skipped, due to false condition; ('$(SkipGlobalAnalyzerConfigForPackage)' != 'true' and ('$(AnalysisLevelGlobalization)' != '' or '$(AnalysisModeGlobalization)' != '')) was evaluated as ('' != 'true' and ('' != '' or '' != '')).
       Target "AddGlobalAnalyzerConfigForPackage_MicrosoftCodeAnalysisNetAnalyzersInteroperability" skipped, due to false condition; ('$(SkipGlobalAnalyzerConfigForPackage)' != 'true' and ('$(AnalysisLevelInteroperability)' != '' or '$(AnalysisModeInteroperability)' != '')) was evaluated as ('' != 'true' and ('' != '' or '' != '')).
       Target "AddGlobalAnalyzerConfigForPackage_MicrosoftCodeAnalysisNetAnalyzersMaintainability" skipped, due to false condition; ('$(SkipGlobalAnalyzerConfigForPackage)' != 'true' and ('$(AnalysisLevelMaintainability)' != '' or '$(AnalysisModeMaintainability)' != '')) was evaluated as ('' != 'true' and ('' != '' or '' != '')).
       Target "AddGlobalAnalyzerConfigForPackage_MicrosoftCodeAnalysisNetAnalyzersNaming" skipped, due to false condition; ('$(SkipGlobalAnalyzerConfigForPackage)' != 'true' and ('$(AnalysisLevelNaming)' != '' or '$(AnalysisModeNaming)' != '')) was evaluated as ('' != 'true' and ('' != '' or '' != '')).
       Target "AddGlobalAnalyzerConfigForPackage_MicrosoftCodeAnalysisNetAnalyzersPerformance" skipped, due to false condition; ('$(SkipGlobalAnalyzerConfigForPackage)' != 'true' and ('$(AnalysisLevelPerformance)' != '' or '$(AnalysisModePerformance)' != '')) was evaluated as ('' != 'true' and ('' != '' or '' != '')).
       Target "AddGlobalAnalyzerConfigForPackage_MicrosoftCodeAnalysisNetAnalyzersReliability" skipped, due to false condition; ('$(SkipGlobalAnalyzerConfigForPackage)' != 'true' and ('$(AnalysisLevelReliability)' != '' or '$(AnalysisModeReliability)' != '')) was evaluated as ('' != 'true' and ('' != '' or '' != '')).
       Target "AddGlobalAnalyzerConfigForPackage_MicrosoftCodeAnalysisNetAnalyzersSecurity" skipped, due to false condition; ('$(SkipGlobalAnalyzerConfigForPackage)' != 'true' and ('$(AnalysisLevelSecurity)' != '' or '$(AnalysisModeSecurity)' != '')) was evaluated as ('' != 'true' and ('' != '' or '' != '')).
       Target "AddGlobalAnalyzerConfigForPackage_MicrosoftCodeAnalysisNetAnalyzersUsage" skipped, due to false condition; ('$(SkipGlobalAnalyzerConfigForPackage)' != 'true' and ('$(AnalysisLevelUsage)' != '' or '$(AnalysisModeUsage)' != '')) was evaluated as ('' != 'true' and ('' != '' or '' != '')).
       Target "_CodeAnalysisTreatWarningsAsErrors" skipped, due to false condition; ('$(DesignTimeBuild)' == 'true' OR '$(BuildingProject)' != 'true') was evaluated as ('' == 'true' OR 'true' != 'true').
   4:7>Target "_ReportUpgradeNetAnalyzersNuGetWarning" in file "/nix/store/8y83na7h81fw5kr1msmjc7rvx329djp0-dotnet-sdk-8.0.300/sdk/8.0.300/Sdks/Microsoft.NET.Sdk/analyzers/build/Microsoft.CodeAnalysis.NetAnalyzers.targets" from project "/home/runner/workspace/MSA.Foundation/MSA.Foundation.csproj" (target "CoreCompile" depends on it):
       Task "Warning" skipped, due to false condition; ('$(_NETAnalyzersNuGetAssemblyVersion)' != '' AND
                                '$(_NETAnalyzersSDKAssemblyVersion)' != '' AND
                                 $(_NETAnalyzersNuGetAssemblyVersion) < $(_NETAnalyzersSDKAssemblyVersion)) was evaluated as ('' != '' AND
                                '8.0.0' != '' AND
                                  < 8.0.0).
   4:7>Done building target "_ReportUpgradeNetAnalyzersNuGetWarning" in project "MSA.Foundation.csproj".
   4:7>Target "CoreCompile" in file "/nix/store/8y83na7h81fw5kr1msmjc7rvx329djp0-dotnet-sdk-8.0.300/sdk/8.0.300/Roslyn/Microsoft.CSharp.Core.targets" from project "/home/runner/workspace/MSA.Foundation/MSA.Foundation.csproj" (target "Compile" depends on it):
       Skipping target "CoreCompile" because all output files are up-to-date with respect to the input files.
       Input files: 
           Messaging/IMessage.cs
           Messaging/IMessageBroker.cs
           Messaging/IMessageTransport.cs
           Messaging/InProcessMessageTransport.cs
           Messaging/ISocketCommunicationAdapter.cs
           Messaging/Message.cs
           Messaging/MessageBroker.cs
           Messaging/MessageTransportManager.cs
           Messaging/MessageType.cs
           Messaging/ServiceMessageBuilder.cs
           Messaging/SocketCommunicationAdapter.cs
           Messaging/TransportFactory.cs
           ServiceManagement/ExecutionContext.cs
           ServiceManagement/ServiceConstants.cs
           ServiceManagement/ShutdownCoordinator.cs
           Telemetry/ITelemetryService.cs
           Telemetry/TelemetryService.cs
           obj/Debug/net8.0/MSA.Foundation.GlobalUsings.g.cs
           obj/Debug/net8.0/.NETCoreApp,Version=v8.0.AssemblyAttributes.cs
           obj/Debug/net8.0/MSA.Foundation.AssemblyInfo.cs
           /home/runner/.nuget/packages/asyncio/0.1.69/lib/netstandard2.0/AsyncIO.dll
           /home/runner/.nuget/packages/microsoft.applicationinsights.dependencycollector/2.22.0/lib/netstandard2.0/Microsoft.AI.DependencyCollector.dll
           /home/runner/.nuget/packages/microsoft.applicationinsights/2.22.0/lib/netstandard2.0/Microsoft.ApplicationInsights.dll
           /home/runner/.nuget/packages/microsoft.bcl.asyncinterfaces/5.0.0/lib/netstandard2.1/Microsoft.Bcl.AsyncInterfaces.dll
           /nix/store/8y83na7h81fw5kr1msmjc7rvx329djp0-dotnet-sdk-8.0.300/packs/Microsoft.NETCore.App.Ref/8.0.5/ref/net8.0/Microsoft.CSharp.dll
           /home/runner/.nuget/packages/microsoft.extensions.configuration.abstractions/8.0.0/lib/net8.0/Microsoft.Extensions.Configuration.Abstractions.dll
           /home/runner/.nuget/packages/microsoft.extensions.configuration/8.0.0/lib/net8.0/Microsoft.Extensions.Configuration.dll
           /home/runner/.nuget/packages/microsoft.extensions.configuration.environmentvariables/8.0.0/lib/net8.0/Microsoft.Extensions.Configuration.EnvironmentVariables.dll
           /home/runner/.nuget/packages/microsoft.extensions.configuration.fileextensions/8.0.0/lib/net8.0/Microsoft.Extensions.Configuration.FileExtensions.dll
           /home/runner/.nuget/packages/microsoft.extensions.configuration.json/8.0.0/lib/net8.0/Microsoft.Extensions.Configuration.Json.dll
           /home/runner/.nuget/packages/microsoft.extensions.fileproviders.abstractions/8.0.0/lib/net8.0/Microsoft.Extensions.FileProviders.Abstractions.dll
           /home/runner/.nuget/packages/microsoft.extensions.fileproviders.physical/8.0.0/lib/net8.0/Microsoft.Extensions.FileProviders.Physical.dll
           /home/runner/.nuget/packages/microsoft.extensions.filesystemglobbing/8.0.0/lib/net8.0/Microsoft.Extensions.FileSystemGlobbing.dll
           /home/runner/.nuget/packages/microsoft.extensions.objectpool/5.0.10/lib/net5.0/Microsoft.Extensions.ObjectPool.dll
           /home/runner/.nuget/packages/microsoft.extensions.primitives/8.0.0/lib/net8.0/Microsoft.Extensions.Primitives.dll
           /nix/store/8y83na7h81fw5kr1msmjc7rvx329djp0-dotnet-sdk-8.0.300/packs/Microsoft.NETCore.App.Ref/8.0.5/ref/net8.0/Microsoft.VisualBasic.Core.dll
           /nix/store/8y83na7h81fw5kr1msmjc7rvx329djp0-dotnet-sdk-8.0.300/packs/Microsoft.NETCore.App.Ref/8.0.5/ref/net8.0/Microsoft.VisualBasic.dll
           /nix/store/8y83na7h81fw5kr1msmjc7rvx329djp0-dotnet-sdk-8.0.300/packs/Microsoft.NETCore.App.Ref/8.0.5/ref/net8.0/Microsoft.Win32.Primitives.dll
           /nix/store/8y83na7h81fw5kr1msmjc7rvx329djp0-dotnet-sdk-8.0.300/packs/Microsoft.NETCore.App.Ref/8.0.5/ref/net8.0/Microsoft.Win32.Registry.dll
           /nix/store/8y83na7h81fw5kr1msmjc7rvx329djp0-dotnet-sdk-8.0.300/packs/Microsoft.NETCore.App.Ref/8.0.5/ref/net8.0/mscorlib.dll
           /home/runner/.nuget/packages/nacl.net/0.1.13/lib/netstandard2.1/NaCl.dll
           /home/runner/.nuget/packages/netmq/4.0.1.13/lib/netstandard2.1/NetMQ.dll
           /nix/store/8y83na7h81fw5kr1msmjc7rvx329djp0-dotnet-sdk-8.0.300/packs/Microsoft.NETCore.App.Ref/8.0.5/ref/net8.0/netstandard.dll
           /nix/store/8y83na7h81fw5kr1msmjc7rvx329djp0-dotnet-sdk-8.0.300/packs/Microsoft.NETCore.App.Ref/8.0.5/ref/net8.0/System.AppContext.dll
           /nix/store/8y83na7h81fw5kr1msmjc7rvx329djp0-dotnet-sdk-8.0.300/packs/Microsoft.NETCore.App.Ref/8.0.5/ref/net8.0/System.Buffers.dll
           /nix/store/8y83na7h81fw5kr1msmjc7rvx329djp0-dotnet-sdk-8.0.300/packs/Microsoft.NETCore.App.Ref/8.0.5/ref/net8.0/System.Collections.Concurrent.dll
           /nix/store/8y83na7h81fw5kr1msmjc7rvx329djp0-dotnet-sdk-8.0.300/packs/Microsoft.NETCore.App.Ref/8.0.5/ref/net8.0/System.Collections.dll
           /nix/store/8y83na7h81fw5kr1msmjc7rvx329djp0-dotnet-sdk-8.0.300/packs/Microsoft.NETCore.App.Ref/8.0.5/ref/net8.0/System.Collections.Immutable.dll
           /nix/store/8y83na7h81fw5kr1msmjc7rvx329djp0-dotnet-sdk-8.0.300/packs/Microsoft.NETCore.App.Ref/8.0.5/ref/net8.0/System.Collections.NonGeneric.dll
           /nix/store/8y83na7h81fw5kr1msmjc7rvx329djp0-dotnet-sdk-8.0.300/packs/Microsoft.NETCore.App.Ref/8.0.5/ref/net8.0/System.Collections.Specialized.dll
           /home/runner/.nuget/packages/system.commandline/2.0.0-beta4.22272.1/lib/net6.0/System.CommandLine.dll
           /nix/store/8y83na7h81fw5kr1msmjc7rvx329djp0-dotnet-sdk-8.0.300/packs/Microsoft.NETCore.App.Ref/8.0.5/ref/net8.0/System.ComponentModel.Annotations.dll
           /nix/store/8y83na7h81fw5kr1msmjc7rvx329djp0-dotnet-sdk-8.0.300/packs/Microsoft.NETCore.App.Ref/8.0.5/ref/net8.0/System.ComponentModel.DataAnnotations.dll
           /nix/store/8y83na7h81fw5kr1msmjc7rvx329djp0-dotnet-sdk-8.0.300/packs/Microsoft.NETCore.App.Ref/8.0.5/ref/net8.0/System.ComponentModel.dll
           /nix/store/8y83na7h81fw5kr1msmjc7rvx329djp0-dotnet-sdk-8.0.300/packs/Microsoft.NETCore.App.Ref/8.0.5/ref/net8.0/System.ComponentModel.EventBasedAsync.dll
           /nix/store/8y83na7h81fw5kr1msmjc7rvx329djp0-dotnet-sdk-8.0.300/packs/Microsoft.NETCore.App.Ref/8.0.5/ref/net8.0/System.ComponentModel.Primitives.dll
           /nix/store/8y83na7h81fw5kr1msmjc7rvx329djp0-dotnet-sdk-8.0.300/packs/Microsoft.NETCore.App.Ref/8.0.5/ref/net8.0/System.ComponentModel.TypeConverter.dll
           /nix/store/8y83na7h81fw5kr1msmjc7rvx329djp0-dotnet-sdk-8.0.300/packs/Microsoft.NETCore.App.Ref/8.0.5/ref/net8.0/System.Configuration.dll
           /nix/store/8y83na7h81fw5kr1msmjc7rvx329djp0-dotnet-sdk-8.0.300/packs/Microsoft.NETCore.App.Ref/8.0.5/ref/net8.0/System.Console.dll
           /nix/store/8y83na7h81fw5kr1msmjc7rvx329djp0-dotnet-sdk-8.0.300/packs/Microsoft.NETCore.App.Ref/8.0.5/ref/net8.0/System.Core.dll
           /nix/store/8y83na7h81fw5kr1msmjc7rvx329djp0-dotnet-sdk-8.0.300/packs/Microsoft.NETCore.App.Ref/8.0.5/ref/net8.0/System.Data.Common.dll
           /nix/store/8y83na7h81fw5kr1msmjc7rvx329djp0-dotnet-sdk-8.0.300/packs/Microsoft.NETCore.App.Ref/8.0.5/ref/net8.0/System.Data.DataSetExtensions.dll
           /nix/store/8y83na7h81fw5kr1msmjc7rvx329djp0-dotnet-sdk-8.0.300/packs/Microsoft.NETCore.App.Ref/8.0.5/ref/net8.0/System.Data.dll
           /nix/store/8y83na7h81fw5kr1msmjc7rvx329djp0-dotnet-sdk-8.0.300/packs/Microsoft.NETCore.App.Ref/8.0.5/ref/net8.0/System.Diagnostics.Contracts.dll
           /nix/store/8y83na7h81fw5kr1msmjc7rvx329djp0-dotnet-sdk-8.0.300/packs/Microsoft.NETCore.App.Ref/8.0.5/ref/net8.0/System.Diagnostics.Debug.dll
           /nix/store/8y83na7h81fw5kr1msmjc7rvx329djp0-dotnet-sdk-8.0.300/packs/Microsoft.NETCore.App.Ref/8.0.5/ref/net8.0/System.Diagnostics.DiagnosticSource.dll
           /nix/store/8y83na7h81fw5kr1msmjc7rvx329djp0-dotnet-sdk-8.0.300/packs/Microsoft.NETCore.App.Ref/8.0.5/ref/net8.0/System.Diagnostics.FileVersionInfo.dll
           /nix/store/8y83na7h81fw5kr1msmjc7rvx329djp0-dotnet-sdk-8.0.300/packs/Microsoft.NETCore.App.Ref/8.0.5/ref/net8.0/System.Diagnostics.Process.dll
           /nix/store/8y83na7h81fw5kr1msmjc7rvx329djp0-dotnet-sdk-8.0.300/packs/Microsoft.NETCore.App.Ref/8.0.5/ref/net8.0/System.Diagnostics.StackTrace.dll
           /nix/store/8y83na7h81fw5kr1msmjc7rvx329djp0-dotnet-sdk-8.0.300/packs/Microsoft.NETCore.App.Ref/8.0.5/ref/net8.0/System.Diagnostics.TextWriterTraceListener.dll
           /nix/store/8y83na7h81fw5kr1msmjc7rvx329djp0-dotnet-sdk-8.0.300/packs/Microsoft.NETCore.App.Ref/8.0.5/ref/net8.0/System.Diagnostics.Tools.dll
           /nix/store/8y83na7h81fw5kr1msmjc7rvx329djp0-dotnet-sdk-8.0.300/packs/Microsoft.NETCore.App.Ref/8.0.5/ref/net8.0/System.Diagnostics.TraceSource.dll
           /nix/store/8y83na7h81fw5kr1msmjc7rvx329djp0-dotnet-sdk-8.0.300/packs/Microsoft.NETCore.App.Ref/8.0.5/ref/net8.0/System.Diagnostics.Tracing.dll
           /nix/store/8y83na7h81fw5kr1msmjc7rvx329djp0-dotnet-sdk-8.0.300/packs/Microsoft.NETCore.App.Ref/8.0.5/ref/net8.0/System.dll
           /home/runner/.nuget/packages/system.drawing.common/5.0.0/ref/netcoreapp3.0/System.Drawing.Common.dll
           /nix/store/8y83na7h81fw5kr1msmjc7rvx329djp0-dotnet-sdk-8.0.300/packs/Microsoft.NETCore.App.Ref/8.0.5/ref/net8.0/System.Drawing.dll
           /nix/store/8y83na7h81fw5kr1msmjc7rvx329djp0-dotnet-sdk-8.0.300/packs/Microsoft.NETCore.App.Ref/8.0.5/ref/net8.0/System.Drawing.Primitives.dll
           /nix/store/8y83na7h81fw5kr1msmjc7rvx329djp0-dotnet-sdk-8.0.300/packs/Microsoft.NETCore.App.Ref/8.0.5/ref/net8.0/System.Dynamic.Runtime.dll
           /nix/store/8y83na7h81fw5kr1msmjc7rvx329djp0-dotnet-sdk-8.0.300/packs/Microsoft.NETCore.App.Ref/8.0.5/ref/net8.0/System.Formats.Asn1.dll
           /nix/store/8y83na7h81fw5kr1msmjc7rvx329djp0-dotnet-sdk-8.0.300/packs/Microsoft.NETCore.App.Ref/8.0.5/ref/net8.0/System.Formats.Tar.dll
           /nix/store/8y83na7h81fw5kr1msmjc7rvx329djp0-dotnet-sdk-8.0.300/packs/Microsoft.NETCore.App.Ref/8.0.5/ref/net8.0/System.Globalization.Calendars.dll
           /nix/store/8y83na7h81fw5kr1msmjc7rvx329djp0-dotnet-sdk-8.0.300/packs/Microsoft.NETCore.App.Ref/8.0.5/ref/net8.0/System.Globalization.dll
           /nix/store/8y83na7h81fw5kr1msmjc7rvx329djp0-dotnet-sdk-8.0.300/packs/Microsoft.NETCore.App.Ref/8.0.5/ref/net8.0/System.Globalization.Extensions.dll
           /nix/store/8y83na7h81fw5kr1msmjc7rvx329djp0-dotnet-sdk-8.0.300/packs/Microsoft.NETCore.App.Ref/8.0.5/ref/net8.0/System.IO.Compression.Brotli.dll
           /nix/store/8y83na7h81fw5kr1msmjc7rvx329djp0-dotnet-sdk-8.0.300/packs/Microsoft.NETCore.App.Ref/8.0.5/ref/net8.0/System.IO.Compression.dll
           /nix/store/8y83na7h81fw5kr1msmjc7rvx329djp0-dotnet-sdk-8.0.300/packs/Microsoft.NETCore.App.Ref/8.0.5/ref/net8.0/System.IO.Compression.FileSystem.dll
           /nix/store/8y83na7h81fw5kr1msmjc7rvx329djp0-dotnet-sdk-8.0.300/packs/Microsoft.NETCore.App.Ref/8.0.5/ref/net8.0/System.IO.Compression.ZipFile.dll
           /nix/store/8y83na7h81fw5kr1msmjc7rvx329djp0-dotnet-sdk-8.0.300/packs/Microsoft.NETCore.App.Ref/8.0.5/ref/net8.0/System.IO.dll
           /nix/store/8y83na7h81fw5kr1msmjc7rvx329djp0-dotnet-sdk-8.0.300/packs/Microsoft.NETCore.App.Ref/8.0.5/ref/net8.0/System.IO.FileSystem.AccessControl.dll
           /nix/store/8y83na7h81fw5kr1msmjc7rvx329djp0-dotnet-sdk-8.0.300/packs/Microsoft.NETCore.App.Ref/8.0.5/ref/net8.0/System.IO.FileSystem.dll
           /nix/store/8y83na7h81fw5kr1msmjc7rvx329djp0-dotnet-sdk-8.0.300/packs/Microsoft.NETCore.App.Ref/8.0.5/ref/net8.0/System.IO.FileSystem.DriveInfo.dll
           /nix/store/8y83na7h81fw5kr1msmjc7rvx329djp0-dotnet-sdk-8.0.300/packs/Microsoft.NETCore.App.Ref/8.0.5/ref/net8.0/System.IO.FileSystem.Primitives.dll
           /nix/store/8y83na7h81fw5kr1msmjc7rvx329djp0-dotnet-sdk-8.0.300/packs/Microsoft.NETCore.App.Ref/8.0.5/ref/net8.0/System.IO.FileSystem.Watcher.dll
           /nix/store/8y83na7h81fw5kr1msmjc7rvx329djp0-dotnet-sdk-8.0.300/packs/Microsoft.NETCore.App.Ref/8.0.5/ref/net8.0/System.IO.IsolatedStorage.dll
           /nix/store/8y83na7h81fw5kr1msmjc7rvx329djp0-dotnet-sdk-8.0.300/packs/Microsoft.NETCore.App.Ref/8.0.5/ref/net8.0/System.IO.MemoryMappedFiles.dll
           /nix/store/8y83na7h81fw5kr1msmjc7rvx329djp0-dotnet-sdk-8.0.300/packs/Microsoft.NETCore.App.Ref/8.0.5/ref/net8.0/System.IO.Pipes.AccessControl.dll
           /nix/store/8y83na7h81fw5kr1msmjc7rvx329djp0-dotnet-sdk-8.0.300/packs/Microsoft.NETCore.App.Ref/8.0.5/ref/net8.0/System.IO.Pipes.dll
           /nix/store/8y83na7h81fw5kr1msmjc7rvx329djp0-dotnet-sdk-8.0.300/packs/Microsoft.NETCore.App.Ref/8.0.5/ref/net8.0/System.IO.UnmanagedMemoryStream.dll
           /nix/store/8y83na7h81fw5kr1msmjc7rvx329djp0-dotnet-sdk-8.0.300/packs/Microsoft.NETCore.App.Ref/8.0.5/ref/net8.0/System.Linq.dll
           /nix/store/8y83na7h81fw5kr1msmjc7rvx329djp0-dotnet-sdk-8.0.300/packs/Microsoft.NETCore.App.Ref/8.0.5/ref/net8.0/System.Linq.Expressions.dll
           /nix/store/8y83na7h81fw5kr1msmjc7rvx329djp0-dotnet-sdk-8.0.300/packs/Microsoft.NETCore.App.Ref/8.0.5/ref/net8.0/System.Linq.Parallel.dll
           /nix/store/8y83na7h81fw5kr1msmjc7rvx329djp0-dotnet-sdk-8.0.300/packs/Microsoft.NETCore.App.Ref/8.0.5/ref/net8.0/System.Linq.Queryable.dll
           /nix/store/8y83na7h81fw5kr1msmjc7rvx329djp0-dotnet-sdk-8.0.300/packs/Microsoft.NETCore.App.Ref/8.0.5/ref/net8.0/System.Memory.dll
           /nix/store/8y83na7h81fw5kr1msmjc7rvx329djp0-dotnet-sdk-8.0.300/packs/Microsoft.NETCore.App.Ref/8.0.5/ref/net8.0/System.Net.dll
           /nix/store/8y83na7h81fw5kr1msmjc7rvx329djp0-dotnet-sdk-8.0.300/packs/Microsoft.NETCore.App.Ref/8.0.5/ref/net8.0/System.Net.Http.dll
           /nix/store/8y83na7h81fw5kr1msmjc7rvx329djp0-dotnet-sdk-8.0.300/packs/Microsoft.NETCore.App.Ref/8.0.5/ref/net8.0/System.Net.Http.Json.dll
           /nix/store/8y83na7h81fw5kr1msmjc7rvx329djp0-dotnet-sdk-8.0.300/packs/Microsoft.NETCore.App.Ref/8.0.5/ref/net8.0/System.Net.HttpListener.dll
           /nix/store/8y83na7h81fw5kr1msmjc7rvx329djp0-dotnet-sdk-8.0.300/packs/Microsoft.NETCore.App.Ref/8.0.5/ref/net8.0/System.Net.Mail.dll
           /nix/store/8y83na7h81fw5kr1msmjc7rvx329djp0-dotnet-sdk-8.0.300/packs/Microsoft.NETCore.App.Ref/8.0.5/ref/net8.0/System.Net.NameResolution.dll
           /nix/store/8y83na7h81fw5kr1msmjc7rvx329djp0-dotnet-sdk-8.0.300/packs/Microsoft.NETCore.App.Ref/8.0.5/ref/net8.0/System.Net.NetworkInformation.dll
           /nix/store/8y83na7h81fw5kr1msmjc7rvx329djp0-dotnet-sdk-8.0.300/packs/Microsoft.NETCore.App.Ref/8.0.5/ref/net8.0/System.Net.Ping.dll
           /nix/store/8y83na7h81fw5kr1msmjc7rvx329djp0-dotnet-sdk-8.0.300/packs/Microsoft.NETCore.App.Ref/8.0.5/ref/net8.0/System.Net.Primitives.dll
           /nix/store/8y83na7h81fw5kr1msmjc7rvx329djp0-dotnet-sdk-8.0.300/packs/Microsoft.NETCore.App.Ref/8.0.5/ref/net8.0/System.Net.Quic.dll
           /nix/store/8y83na7h81fw5kr1msmjc7rvx329djp0-dotnet-sdk-8.0.300/packs/Microsoft.NETCore.App.Ref/8.0.5/ref/net8.0/System.Net.Requests.dll
           /nix/store/8y83na7h81fw5kr1msmjc7rvx329djp0-dotnet-sdk-8.0.300/packs/Microsoft.NETCore.App.Ref/8.0.5/ref/net8.0/System.Net.Security.dll
           /nix/store/8y83na7h81fw5kr1msmjc7rvx329djp0-dotnet-sdk-8.0.300/packs/Microsoft.NETCore.App.Ref/8.0.5/ref/net8.0/System.Net.ServicePoint.dll
           /nix/store/8y83na7h81fw5kr1msmjc7rvx329djp0-dotnet-sdk-8.0.300/packs/Microsoft.NETCore.App.Ref/8.0.5/ref/net8.0/System.Net.Sockets.dll
           /nix/store/8y83na7h81fw5kr1msmjc7rvx329djp0-dotnet-sdk-8.0.300/packs/Microsoft.NETCore.App.Ref/8.0.5/ref/net8.0/System.Net.WebClient.dll
           /nix/store/8y83na7h81fw5kr1msmjc7rvx329djp0-dotnet-sdk-8.0.300/packs/Microsoft.NETCore.App.Ref/8.0.5/ref/net8.0/System.Net.WebHeaderCollection.dll
           /nix/store/8y83na7h81fw5kr1msmjc7rvx329djp0-dotnet-sdk-8.0.300/packs/Microsoft.NETCore.App.Ref/8.0.5/ref/net8.0/System.Net.WebProxy.dll
           /nix/store/8y83na7h81fw5kr1msmjc7rvx329djp0-dotnet-sdk-8.0.300/packs/Microsoft.NETCore.App.Ref/8.0.5/ref/net8.0/System.Net.WebSockets.Client.dll
           /nix/store/8y83na7h81fw5kr1msmjc7rvx329djp0-dotnet-sdk-8.0.300/packs/Microsoft.NETCore.App.Ref/8.0.5/ref/net8.0/System.Net.WebSockets.dll
           /nix/store/8y83na7h81fw5kr1msmjc7rvx329djp0-dotnet-sdk-8.0.300/packs/Microsoft.NETCore.App.Ref/8.0.5/ref/net8.0/System.Numerics.dll
           /nix/store/8y83na7h81fw5kr1msmjc7rvx329djp0-dotnet-sdk-8.0.300/packs/Microsoft.NETCore.App.Ref/8.0.5/ref/net8.0/System.Numerics.Vectors.dll
           /nix/store/8y83na7h81fw5kr1msmjc7rvx329djp0-dotnet-sdk-8.0.300/packs/Microsoft.NETCore.App.Ref/8.0.5/ref/net8.0/System.ObjectModel.dll
           /nix/store/8y83na7h81fw5kr1msmjc7rvx329djp0-dotnet-sdk-8.0.300/packs/Microsoft.NETCore.App.Ref/8.0.5/ref/net8.0/System.Reflection.DispatchProxy.dll
           /nix/store/8y83na7h81fw5kr1msmjc7rvx329djp0-dotnet-sdk-8.0.300/packs/Microsoft.NETCore.App.Ref/8.0.5/ref/net8.0/System.Reflection.dll
           /nix/store/8y83na7h81fw5kr1msmjc7rvx329djp0-dotnet-sdk-8.0.300/packs/Microsoft.NETCore.App.Ref/8.0.5/ref/net8.0/System.Reflection.Emit.dll
           /nix/store/8y83na7h81fw5kr1msmjc7rvx329djp0-dotnet-sdk-8.0.300/packs/Microsoft.NETCore.App.Ref/8.0.5/ref/net8.0/System.Reflection.Emit.ILGeneration.dll
           /nix/store/8y83na7h81fw5kr1msmjc7rvx329djp0-dotnet-sdk-8.0.300/packs/Microsoft.NETCore.App.Ref/8.0.5/ref/net8.0/System.Reflection.Emit.Lightweight.dll
           /nix/store/8y83na7h81fw5kr1msmjc7rvx329djp0-dotnet-sdk-8.0.300/packs/Microsoft.NETCore.App.Ref/8.0.5/ref/net8.0/System.Reflection.Extensions.dll
           /nix/store/8y83na7h81fw5kr1msmjc7rvx329djp0-dotnet-sdk-8.0.300/packs/Microsoft.NETCore.App.Ref/8.0.5/ref/net8.0/System.Reflection.Metadata.dll
           /nix/store/8y83na7h81fw5kr1msmjc7rvx329djp0-dotnet-sdk-8.0.300/packs/Microsoft.NETCore.App.Ref/8.0.5/ref/net8.0/System.Reflection.Primitives.dll
           /nix/store/8y83na7h81fw5kr1msmjc7rvx329djp0-dotnet-sdk-8.0.300/packs/Microsoft.NETCore.App.Ref/8.0.5/ref/net8.0/System.Reflection.TypeExtensions.dll
           /nix/store/8y83na7h81fw5kr1msmjc7rvx329djp0-dotnet-sdk-8.0.300/packs/Microsoft.NETCore.App.Ref/8.0.5/ref/net8.0/System.Resources.Reader.dll
           /nix/store/8y83na7h81fw5kr1msmjc7rvx329djp0-dotnet-sdk-8.0.300/packs/Microsoft.NETCore.App.Ref/8.0.5/ref/net8.0/System.Resources.ResourceManager.dll
           /nix/store/8y83na7h81fw5kr1msmjc7rvx329djp0-dotnet-sdk-8.0.300/packs/Microsoft.NETCore.App.Ref/8.0.5/ref/net8.0/System.Resources.Writer.dll
           /nix/store/8y83na7h81fw5kr1msmjc7rvx329djp0-dotnet-sdk-8.0.300/packs/Microsoft.NETCore.App.Ref/8.0.5/ref/net8.0/System.Runtime.CompilerServices.Unsafe.dll
           /nix/store/8y83na7h81fw5kr1msmjc7rvx329djp0-dotnet-sdk-8.0.300/packs/Microsoft.NETCore.App.Ref/8.0.5/ref/net8.0/System.Runtime.CompilerServices.VisualC.dll
           /nix/store/8y83na7h81fw5kr1msmjc7rvx329djp0-dotnet-sdk-8.0.300/packs/Microsoft.NETCore.App.Ref/8.0.5/ref/net8.0/System.Runtime.dll
           /nix/store/8y83na7h81fw5kr1msmjc7rvx329djp0-dotnet-sdk-8.0.300/packs/Microsoft.NETCore.App.Ref/8.0.5/ref/net8.0/System.Runtime.Extensions.dll
           /nix/store/8y83na7h81fw5kr1msmjc7rvx329djp0-dotnet-sdk-8.0.300/packs/Microsoft.NETCore.App.Ref/8.0.5/ref/net8.0/System.Runtime.Handles.dll
           /nix/store/8y83na7h81fw5kr1msmjc7rvx329djp0-dotnet-sdk-8.0.300/packs/Microsoft.NETCore.App.Ref/8.0.5/ref/net8.0/System.Runtime.InteropServices.dll
           /nix/store/8y83na7h81fw5kr1msmjc7rvx329djp0-dotnet-sdk-8.0.300/packs/Microsoft.NETCore.App.Ref/8.0.5/ref/net8.0/System.Runtime.InteropServices.JavaScript.dll
           /nix/store/8y83na7h81fw5kr1msmjc7rvx329djp0-dotnet-sdk-8.0.300/packs/Microsoft.NETCore.App.Ref/8.0.5/ref/net8.0/System.Runtime.InteropServices.RuntimeInformation.dll
           /nix/store/8y83na7h81fw5kr1msmjc7rvx329djp0-dotnet-sdk-8.0.300/packs/Microsoft.NETCore.App.Ref/8.0.5/ref/net8.0/System.Runtime.Intrinsics.dll
           /nix/store/8y83na7h81fw5kr1msmjc7rvx329djp0-dotnet-sdk-8.0.300/packs/Microsoft.NETCore.App.Ref/8.0.5/ref/net8.0/System.Runtime.Loader.dll
           /nix/store/8y83na7h81fw5kr1msmjc7rvx329djp0-dotnet-sdk-8.0.300/packs/Microsoft.NETCore.App.Ref/8.0.5/ref/net8.0/System.Runtime.Numerics.dll
           /nix/store/8y83na7h81fw5kr1msmjc7rvx329djp0-dotnet-sdk-8.0.300/packs/Microsoft.NETCore.App.Ref/8.0.5/ref/net8.0/System.Runtime.Serialization.dll
           /nix/store/8y83na7h81fw5kr1msmjc7rvx329djp0-dotnet-sdk-8.0.300/packs/Microsoft.NETCore.App.Ref/8.0.5/ref/net8.0/System.Runtime.Serialization.Formatters.dll
           /nix/store/8y83na7h81fw5kr1msmjc7rvx329djp0-dotnet-sdk-8.0.300/packs/Microsoft.NETCore.App.Ref/8.0.5/ref/net8.0/System.Runtime.Serialization.Json.dll
           /nix/store/8y83na7h81fw5kr1msmjc7rvx329djp0-dotnet-sdk-8.0.300/packs/Microsoft.NETCore.App.Ref/8.0.5/ref/net8.0/System.Runtime.Serialization.Primitives.dll
           /nix/store/8y83na7h81fw5kr1msmjc7rvx329djp0-dotnet-sdk-8.0.300/packs/Microsoft.NETCore.App.Ref/8.0.5/ref/net8.0/System.Runtime.Serialization.Xml.dll
           /nix/store/8y83na7h81fw5kr1msmjc7rvx329djp0-dotnet-sdk-8.0.300/packs/Microsoft.NETCore.App.Ref/8.0.5/ref/net8.0/System.Security.AccessControl.dll
           /nix/store/8y83na7h81fw5kr1msmjc7rvx329djp0-dotnet-sdk-8.0.300/packs/Microsoft.NETCore.App.Ref/8.0.5/ref/net8.0/System.Security.Claims.dll
           /nix/store/8y83na7h81fw5kr1msmjc7rvx329djp0-dotnet-sdk-8.0.300/packs/Microsoft.NETCore.App.Ref/8.0.5/ref/net8.0/System.Security.Cryptography.Algorithms.dll
           /nix/store/8y83na7h81fw5kr1msmjc7rvx329djp0-dotnet-sdk-8.0.300/packs/Microsoft.NETCore.App.Ref/8.0.5/ref/net8.0/System.Security.Cryptography.Cng.dll
           /nix/store/8y83na7h81fw5kr1msmjc7rvx329djp0-dotnet-sdk-8.0.300/packs/Microsoft.NETCore.App.Ref/8.0.5/ref/net8.0/System.Security.Cryptography.Csp.dll
           /nix/store/8y83na7h81fw5kr1msmjc7rvx329djp0-dotnet-sdk-8.0.300/packs/Microsoft.NETCore.App.Ref/8.0.5/ref/net8.0/System.Security.Cryptography.dll
           /nix/store/8y83na7h81fw5kr1msmjc7rvx329djp0-dotnet-sdk-8.0.300/packs/Microsoft.NETCore.App.Ref/8.0.5/ref/net8.0/System.Security.Cryptography.Encoding.dll
           /nix/store/8y83na7h81fw5kr1msmjc7rvx329djp0-dotnet-sdk-8.0.300/packs/Microsoft.NETCore.App.Ref/8.0.5/ref/net8.0/System.Security.Cryptography.OpenSsl.dll
           /nix/store/8y83na7h81fw5kr1msmjc7rvx329djp0-dotnet-sdk-8.0.300/packs/Microsoft.NETCore.App.Ref/8.0.5/ref/net8.0/System.Security.Cryptography.Primitives.dll
           /nix/store/8y83na7h81fw5kr1msmjc7rvx329djp0-dotnet-sdk-8.0.300/packs/Microsoft.NETCore.App.Ref/8.0.5/ref/net8.0/System.Security.Cryptography.X509Certificates.dll
           /home/runner/.nuget/packages/system.security.cryptography.xml/5.0.0/ref/netstandard2.0/System.Security.Cryptography.Xml.dll
           /nix/store/8y83na7h81fw5kr1msmjc7rvx329djp0-dotnet-sdk-8.0.300/packs/Microsoft.NETCore.App.Ref/8.0.5/ref/net8.0/System.Security.dll
           /home/runner/.nuget/packages/system.security.permissions/5.0.0/ref/net5.0/System.Security.Permissions.dll
           /nix/store/8y83na7h81fw5kr1msmjc7rvx329djp0-dotnet-sdk-8.0.300/packs/Microsoft.NETCore.App.Ref/8.0.5/ref/net8.0/System.Security.Principal.dll
           /nix/store/8y83na7h81fw5kr1msmjc7rvx329djp0-dotnet-sdk-8.0.300/packs/Microsoft.NETCore.App.Ref/8.0.5/ref/net8.0/System.Security.Principal.Windows.dll
           /nix/store/8y83na7h81fw5kr1msmjc7rvx329djp0-dotnet-sdk-8.0.300/packs/Microsoft.NETCore.App.Ref/8.0.5/ref/net8.0/System.Security.SecureString.dll
           /home/runner/.nuget/packages/system.servicemodel.primitives/4.9.0/ref/net6.0/System.ServiceModel.dll
           /home/runner/.nuget/packages/system.servicemodel.primitives/4.9.0/ref/net6.0/System.ServiceModel.Primitives.dll
           /nix/store/8y83na7h81fw5kr1msmjc7rvx329djp0-dotnet-sdk-8.0.300/packs/Microsoft.NETCore.App.Ref/8.0.5/ref/net8.0/System.ServiceModel.Web.dll
           /nix/store/8y83na7h81fw5kr1msmjc7rvx329djp0-dotnet-sdk-8.0.300/packs/Microsoft.NETCore.App.Ref/8.0.5/ref/net8.0/System.ServiceProcess.dll
           /nix/store/8y83na7h81fw5kr1msmjc7rvx329djp0-dotnet-sdk-8.0.300/packs/Microsoft.NETCore.App.Ref/8.0.5/ref/net8.0/System.Text.Encoding.CodePages.dll
           /nix/store/8y83na7h81fw5kr1msmjc7rvx329djp0-dotnet-sdk-8.0.300/packs/Microsoft.NETCore.App.Ref/8.0.5/ref/net8.0/System.Text.Encoding.dll
           /nix/store/8y83na7h81fw5kr1msmjc7rvx329djp0-dotnet-sdk-8.0.300/packs/Microsoft.NETCore.App.Ref/8.0.5/ref/net8.0/System.Text.Encoding.Extensions.dll
           /nix/store/8y83na7h81fw5kr1msmjc7rvx329djp0-dotnet-sdk-8.0.300/packs/Microsoft.NETCore.App.Ref/8.0.5/ref/net8.0/System.Text.Encodings.Web.dll
           /nix/store/8y83na7h81fw5kr1msmjc7rvx329djp0-dotnet-sdk-8.0.300/packs/Microsoft.NETCore.App.Ref/8.0.5/ref/net8.0/System.Text.Json.dll
           /nix/store/8y83na7h81fw5kr1msmjc7rvx329djp0-dotnet-sdk-8.0.300/packs/Microsoft.NETCore.App.Ref/8.0.5/ref/net8.0/System.Text.RegularExpressions.dll
           /nix/store/8y83na7h81fw5kr1msmjc7rvx329djp0-dotnet-sdk-8.0.300/packs/Microsoft.NETCore.App.Ref/8.0.5/ref/net8.0/System.Threading.Channels.dll
           /nix/store/8y83na7h81fw5kr1msmjc7rvx329djp0-dotnet-sdk-8.0.300/packs/Microsoft.NETCore.App.Ref/8.0.5/ref/net8.0/System.Threading.dll
           /nix/store/8y83na7h81fw5kr1msmjc7rvx329djp0-dotnet-sdk-8.0.300/packs/Microsoft.NETCore.App.Ref/8.0.5/ref/net8.0/System.Threading.Overlapped.dll
           /nix/store/8y83na7h81fw5kr1msmjc7rvx329djp0-dotnet-sdk-8.0.300/packs/Microsoft.NETCore.App.Ref/8.0.5/ref/net8.0/System.Threading.Tasks.Dataflow.dll
           /nix/store/8y83na7h81fw5kr1msmjc7rvx329djp0-dotnet-sdk-8.0.300/packs/Microsoft.NETCore.App.Ref/8.0.5/ref/net8.0/System.Threading.Tasks.dll
           /nix/store/8y83na7h81fw5kr1msmjc7rvx329djp0-dotnet-sdk-8.0.300/packs/Microsoft.NETCore.App.Ref/8.0.5/ref/net8.0/System.Threading.Tasks.Extensions.dll
           /nix/store/8y83na7h81fw5kr1msmjc7rvx329djp0-dotnet-sdk-8.0.300/packs/Microsoft.NETCore.App.Ref/8.0.5/ref/net8.0/System.Threading.Tasks.Parallel.dll
           /nix/store/8y83na7h81fw5kr1msmjc7rvx329djp0-dotnet-sdk-8.0.300/packs/Microsoft.NETCore.App.Ref/8.0.5/ref/net8.0/System.Threading.Thread.dll
           /nix/store/8y83na7h81fw5kr1msmjc7rvx329djp0-dotnet-sdk-8.0.300/packs/Microsoft.NETCore.App.Ref/8.0.5/ref/net8.0/System.Threading.ThreadPool.dll
           /nix/store/8y83na7h81fw5kr1msmjc7rvx329djp0-dotnet-sdk-8.0.300/packs/Microsoft.NETCore.App.Ref/8.0.5/ref/net8.0/System.Threading.Timer.dll
           /nix/store/8y83na7h81fw5kr1msmjc7rvx329djp0-dotnet-sdk-8.0.300/packs/Microsoft.NETCore.App.Ref/8.0.5/ref/net8.0/System.Transactions.dll
           /nix/store/8y83na7h81fw5kr1msmjc7rvx329djp0-dotnet-sdk-8.0.300/packs/Microsoft.NETCore.App.Ref/8.0.5/ref/net8.0/System.Transactions.Local.dll
           /nix/store/8y83na7h81fw5kr1msmjc7rvx329djp0-dotnet-sdk-8.0.300/packs/Microsoft.NETCore.App.Ref/8.0.5/ref/net8.0/System.ValueTuple.dll
           /nix/store/8y83na7h81fw5kr1msmjc7rvx329djp0-dotnet-sdk-8.0.300/packs/Microsoft.NETCore.App.Ref/8.0.5/ref/net8.0/System.Web.dll
           /nix/store/8y83na7h81fw5kr1msmjc7rvx329djp0-dotnet-sdk-8.0.300/packs/Microsoft.NETCore.App.Ref/8.0.5/ref/net8.0/System.Web.HttpUtility.dll
           /nix/store/8y83na7h81fw5kr1msmjc7rvx329djp0-dotnet-sdk-8.0.300/packs/Microsoft.NETCore.App.Ref/8.0.5/ref/net8.0/System.Windows.dll
           /home/runner/.nuget/packages/system.windows.extensions/5.0.0/ref/netcoreapp3.0/System.Windows.Extensions.dll
           /nix/store/8y83na7h81fw5kr1msmjc7rvx329djp0-dotnet-sdk-8.0.300/packs/Microsoft.NETCore.App.Ref/8.0.5/ref/net8.0/System.Xml.dll
           /nix/store/8y83na7h81fw5kr1msmjc7rvx329djp0-dotnet-sdk-8.0.300/packs/Microsoft.NETCore.App.Ref/8.0.5/ref/net8.0/System.Xml.Linq.dll
           /nix/store/8y83na7h81fw5kr1msmjc7rvx329djp0-dotnet-sdk-8.0.300/packs/Microsoft.NETCore.App.Ref/8.0.5/ref/net8.0/System.Xml.ReaderWriter.dll
           /nix/store/8y83na7h81fw5kr1msmjc7rvx329djp0-dotnet-sdk-8.0.300/packs/Microsoft.NETCore.App.Ref/8.0.5/ref/net8.0/System.Xml.Serialization.dll
           /nix/store/8y83na7h81fw5kr1msmjc7rvx329djp0-dotnet-sdk-8.0.300/packs/Microsoft.NETCore.App.Ref/8.0.5/ref/net8.0/System.Xml.XDocument.dll
           /nix/store/8y83na7h81fw5kr1msmjc7rvx329djp0-dotnet-sdk-8.0.300/packs/Microsoft.NETCore.App.Ref/8.0.5/ref/net8.0/System.Xml.XmlDocument.dll
           /nix/store/8y83na7h81fw5kr1msmjc7rvx329djp0-dotnet-sdk-8.0.300/packs/Microsoft.NETCore.App.Ref/8.0.5/ref/net8.0/System.Xml.XmlSerializer.dll
           /nix/store/8y83na7h81fw5kr1msmjc7rvx329djp0-dotnet-sdk-8.0.300/packs/Microsoft.NETCore.App.Ref/8.0.5/ref/net8.0/System.Xml.XPath.dll
           /nix/store/8y83na7h81fw5kr1msmjc7rvx329djp0-dotnet-sdk-8.0.300/packs/Microsoft.NETCore.App.Ref/8.0.5/ref/net8.0/System.Xml.XPath.XDocument.dll
           /nix/store/8y83na7h81fw5kr1msmjc7rvx329djp0-dotnet-sdk-8.0.300/packs/Microsoft.NETCore.App.Ref/8.0.5/ref/net8.0/WindowsBase.dll
           obj/Debug/net8.0/MSA.Foundation.csproj.CoreCompileInputs.cache
           /nix/store/8y83na7h81fw5kr1msmjc7rvx329djp0-dotnet-sdk-8.0.300/sdk/8.0.300/Sdks/Microsoft.NET.Sdk/targets/../analyzers/Microsoft.CodeAnalysis.CSharp.NetAnalyzers.dll
           /nix/store/8y83na7h81fw5kr1msmjc7rvx329djp0-dotnet-sdk-8.0.300/sdk/8.0.300/Sdks/Microsoft.NET.Sdk/targets/../analyzers/Microsoft.CodeAnalysis.NetAnalyzers.dll
           /nix/store/8y83na7h81fw5kr1msmjc7rvx329djp0-dotnet-sdk-8.0.300/packs/Microsoft.NETCore.App.Ref/8.0.5/analyzers/dotnet/cs/Microsoft.Interop.ComInterfaceGenerator.dll
           /nix/store/8y83na7h81fw5kr1msmjc7rvx329djp0-dotnet-sdk-8.0.300/packs/Microsoft.NETCore.App.Ref/8.0.5/analyzers/dotnet/cs/Microsoft.Interop.JavaScript.JSImportGenerator.dll
           /nix/store/8y83na7h81fw5kr1msmjc7rvx329djp0-dotnet-sdk-8.0.300/packs/Microsoft.NETCore.App.Ref/8.0.5/analyzers/dotnet/cs/Microsoft.Interop.LibraryImportGenerator.dll
           /nix/store/8y83na7h81fw5kr1msmjc7rvx329djp0-dotnet-sdk-8.0.300/packs/Microsoft.NETCore.App.Ref/8.0.5/analyzers/dotnet/cs/Microsoft.Interop.SourceGeneration.dll
           /nix/store/8y83na7h81fw5kr1msmjc7rvx329djp0-dotnet-sdk-8.0.300/packs/Microsoft.NETCore.App.Ref/8.0.5/analyzers/dotnet/cs/System.Text.Json.SourceGeneration.dll
           /nix/store/8y83na7h81fw5kr1msmjc7rvx329djp0-dotnet-sdk-8.0.300/packs/Microsoft.NETCore.App.Ref/8.0.5/analyzers/dotnet/cs/System.Text.RegularExpressions.Generator.dll
           obj/Debug/net8.0/MSA.Foundation.GeneratedMSBuildEditorConfig.editorconfig
           /nix/store/8y83na7h81fw5kr1msmjc7rvx329djp0-dotnet-sdk-8.0.300/sdk/8.0.300/Sdks/Microsoft.NET.Sdk/analyzers/build/config/analysislevel_8_default.globalconfig
           /home/runner/workspace/MSA.Foundation/MSA.Foundation.csproj
           /nix/store/8y83na7h81fw5kr1msmjc7rvx329djp0-dotnet-sdk-8.0.300/sdk/8.0.300/Current/Microsoft.Common.targets/ImportAfter/Microsoft.TestPlatform.ImportAfter.targets
           obj/Debug/net8.0/MSA.Foundation.sourcelink.json
       Output files: 
           obj/Debug/net8.0/MSA.Foundation.dll
           obj/Debug/net8.0/refint/MSA.Foundation.dll
           obj/Debug/net8.0/MSA.Foundation.pdb
   4:7>Done building target "CoreCompile" in project "MSA.Foundation.csproj".
       Target "_TouchLastBuildWithSkipAnalyzers" skipped, due to false condition; ('$(_SkipAnalyzers)' == 'true') was evaluated as ('' == 'true').
       Target "_TimeStampAfterCompile" skipped, due to false condition; ('$(RunPostBuildEvent)'=='OnOutputUpdated' or ('$(RegisterForComInterop)'=='true' and '$(OutputType)'=='library')) was evaluated as (''=='OnOutputUpdated' or (''=='true' and 'Library'=='library')).
   4:7>Target "AfterCompile" in file "/nix/store/8y83na7h81fw5kr1msmjc7rvx329djp0-dotnet-sdk-8.0.300/sdk/8.0.300/Microsoft.Common.CurrentVersion.targets" from project "/home/runner/workspace/MSA.Foundation/MSA.Foundation.csproj" (target "Compile" depends on it):
   4:7>Done building target "AfterCompile" in project "MSA.Foundation.csproj".
       Target "_CreateAppHost" skipped, due to false condition; ('$(ComputeNETCoreBuildOutputFiles)' == 'true' and
                            '$(AppHostSourcePath)' != '' and
                            Exists('@(IntermediateAssembly)') and
                            Exists('$(AppHostSourcePath)')) was evaluated as ('true' == 'true' and
                            '' != '' and
                            Exists('obj/Debug/net8.0/MSA.Foundation.dll') and
                            Exists('')).
       Target "_CreateComHost" skipped, due to false condition; ('$(ComputeNETCoreBuildOutputFiles)' == 'true' and
                            '$(ComHostIntermediatePath)' != '' and
                            Exists('@(IntermediateAssembly)') and
                            Exists('$(ComHostSourcePath)')) was evaluated as ('true' == 'true' and
                            '' != '' and
                            Exists('obj/Debug/net8.0/MSA.Foundation.dll') and
                            Exists('')).
       Target "_GetIjwHostPaths" skipped, due to false condition; ('$(UseIJWHost)' == 'true') was evaluated as ('' == 'true').
   4:7>Target "Compile" in file "/nix/store/8y83na7h81fw5kr1msmjc7rvx329djp0-dotnet-sdk-8.0.300/sdk/8.0.300/Microsoft.Common.CurrentVersion.targets" from project "/home/runner/workspace/MSA.Foundation/MSA.Foundation.csproj" (target "CoreBuild" depends on it):
   4:7>Done building target "Compile" in project "MSA.Foundation.csproj".
       Target "ExportWindowsMDFile" skipped, due to false condition; ('$(ExportWinMDFile)' == 'true') was evaluated as ('' == 'true').
       Target "UnmanagedUnregistration" skipped, due to false condition; ((('$(_AssemblyTimestampBeforeCompile)' != '$(_AssemblyTimestampAfterCompile)' or '$(RegisterForComInterop)' != 'true' or '$(OutputType)' != 'library') or
                           ('$(_AssemblyTimestampBeforeCompile)' == '')) and
                          Exists('@(_UnmanagedRegistrationCache)')) was evaluated as ((('' != '' or '' != 'true' or 'Library' != 'library') or
                           ('' == '')) and
                          Exists('obj/MSA.Foundation.csproj.UnmanagedRegistration.cache')).
       Target "GenerateSerializationAssemblies" skipped, due to false condition; ('$(_SGenGenerateSerializationAssembliesConfig)' == 'On' or ('@(WebReferenceUrl)'!='' and '$(_SGenGenerateSerializationAssembliesConfig)' == 'Auto')) was evaluated as ('Off' == 'On' or (''!='' and 'Off' == 'Auto')).
   4:7>Target "_GenerateSatelliteAssemblyInputs" in file "/nix/store/8y83na7h81fw5kr1msmjc7rvx329djp0-dotnet-sdk-8.0.300/sdk/8.0.300/Microsoft.Common.CurrentVersion.targets" from project "/home/runner/workspace/MSA.Foundation/MSA.Foundation.csproj" (target "CreateSatelliteAssemblies" depends on it):
       Task "Warning" skipped, due to false condition; ('@(ManifestResourceWithCulture)'!='' and '%(ManifestResourceWithCulture.EmittedForCompatibilityOnly)'=='') was evaluated as (''!='' and ''=='').
       Task "Warning" skipped, due to false condition; ('@(ManifestNonResxWithCultureOnDisk)'!='' and '%(ManifestNonResxWithCultureOnDisk.EmittedForCompatibilityOnly)'=='') was evaluated as (''!='' and ''=='').
   4:7>Done building target "_GenerateSatelliteAssemblyInputs" in project "MSA.Foundation.csproj".
       Target "ComputeIntermediateSatelliteAssemblies" skipped, due to false condition; (@(EmbeddedResource->'%(WithCulture)') != '') was evaluated as ( != '').
       Target "GenerateSatelliteAssemblies" skipped, due to false condition; ('@(_SatelliteAssemblyResourceInputs)' != '' and '$(GenerateSatelliteAssembliesForCore)' != 'true') was evaluated as ('' != '' and 'true' != 'true').
       Target "CoreGenerateSatelliteAssemblies" skipped, due to false condition; ('@(_SatelliteAssemblyResourceInputs)' != ''  and '$(GenerateSatelliteAssembliesForCore)' == 'true' ) was evaluated as ('' != ''  and 'true' == 'true' ).
   4:7>Target "CreateSatelliteAssemblies" in file "/nix/store/8y83na7h81fw5kr1msmjc7rvx329djp0-dotnet-sdk-8.0.300/sdk/8.0.300/Microsoft.Common.CurrentVersion.targets" from project "/home/runner/workspace/MSA.Foundation/MSA.Foundation.csproj" (target "CoreBuild" depends on it):
   4:7>Done building target "CreateSatelliteAssemblies" in project "MSA.Foundation.csproj".
       Target "GenerateManifests" skipped, due to false condition; ('$(GenerateClickOnceManifests)'=='true' or '@(NativeReference)'!='' or '@(ResolvedIsolatedComModules)'!='' or '$(GenerateAppxManifest)' == 'true') was evaluated as (''=='true' or ''!='' or ''!='' or '' == 'true').
   4:7>Target "GetTargetPathWithTargetPlatformMoniker" in file "/nix/store/8y83na7h81fw5kr1msmjc7rvx329djp0-dotnet-sdk-8.0.300/sdk/8.0.300/Microsoft.Common.CurrentVersion.targets" from project "/home/runner/workspace/MSA.Foundation/MSA.Foundation.csproj" (target "GetTargetPath" depends on it):
   4:7>Done building target "GetTargetPathWithTargetPlatformMoniker" in project "MSA.Foundation.csproj".
   4:7>Target "GetTargetPath" in file "/nix/store/8y83na7h81fw5kr1msmjc7rvx329djp0-dotnet-sdk-8.0.300/sdk/8.0.300/Microsoft.Common.CurrentVersion.targets" from project "/home/runner/workspace/MSA.Foundation/MSA.Foundation.csproj" (target "CoreBuild" depends on it):
   4:7>Done building target "GetTargetPath" in project "MSA.Foundation.csproj".
       Target "ComputeIntermediateSatelliteAssemblies" skipped, due to false condition; (@(EmbeddedResource->'%(WithCulture)') != '') was evaluated as ( != '').
       Target "_CopyFilesMarkedCopyLocal" skipped, due to false condition; ('@(ReferenceCopyLocalPaths)' != '') was evaluated as ('' != '').
       Target "AssignTargetPaths" skipped. Previously built successfully.
       Target "AssignProjectConfiguration" skipped, due to false condition; ('$(CurrentSolutionConfigurationContents)' != '' or '@(ProjectReference)'!='') was evaluated as ('' != '' or ''!='').
       Target "_SplitProjectReferencesByFileExistence" skipped. Previously built successfully.
       Target "_GetProjectReferenceTargetFrameworkProperties" skipped. Previously built successfully.
   4:7>Target "_PopulateCommonStateForGetCopyToOutputDirectoryItems" in file "/nix/store/8y83na7h81fw5kr1msmjc7rvx329djp0-dotnet-sdk-8.0.300/sdk/8.0.300/Microsoft.Common.CurrentVersion.targets" from project "/home/runner/workspace/MSA.Foundation/MSA.Foundation.csproj" (target "GetCopyToOutputDirectoryItems" depends on it):
   4:7>Done building target "_PopulateCommonStateForGetCopyToOutputDirectoryItems" in project "MSA.Foundation.csproj".
       Target "AddDepsJsonAndRuntimeConfigToCopyItemsForReferencingProjects" skipped, due to false condition; ('$(HasRuntimeOutput)' == 'true') was evaluated as ('' == 'true').
   4:7>Target "GetCopyToOutputDirectoryItems" in file "/nix/store/8y83na7h81fw5kr1msmjc7rvx329djp0-dotnet-sdk-8.0.300/sdk/8.0.300/Microsoft.Common.CurrentVersion.targets" from project "/home/runner/workspace/MSA.Foundation/MSA.Foundation.csproj" (target "_CopySourceItemsToOutputDirectory" depends on it):
       Using "CallTarget" task from assembly "Microsoft.Build.Tasks.Core, Version=15.1.0.0, Culture=neutral, PublicKeyToken=b03f5f7f11d50a3a".
       Task "CallTarget"
       Target "_PopulateCommonStateForGetCopyToOutputDirectoryItems" skipped. Previously built successfully.
       Target "_AddOutputPathToGlobalPropertiesToRemove" skipped. Previously built successfully.
   4:7>Target "_GetCopyToOutputDirectoryItemsFromTransitiveProjectReferences" in file "/nix/store/8y83na7h81fw5kr1msmjc7rvx329djp0-dotnet-sdk-8.0.300/sdk/8.0.300/Microsoft.Common.CurrentVersion.targets" from project "/home/runner/workspace/MSA.Foundation/MSA.Foundation.csproj" (target "GetCopyToOutputDirectoryItems" depends on it):
       Task "MSBuild" skipped, due to false condition; ('@(_MSBuildProjectReferenceExistent)' != '' and '$(_GetChildProjectCopyToOutputDirectoryItems)' == 'true' and '%(_MSBuildProjectReferenceExistent.Private)' != 'false' and '$(UseCommonOutputDirectory)' != 'true') was evaluated as ('' != '' and 'true' == 'true' and '' != 'false' and 'false' != 'true').
       Task "AssignTargetPath"
       Done executing task "AssignTargetPath".
   4:7>Done building target "_GetCopyToOutputDirectoryItemsFromTransitiveProjectReferences" in project "MSA.Foundation.csproj".
       Done executing task "CallTarget".
       Task "CallTarget"
       Target "AssignTargetPaths" skipped. Previously built successfully.
       Target "_PopulateCommonStateForGetCopyToOutputDirectoryItems" skipped. Previously built successfully.
       Target "AddDepsJsonAndRuntimeConfigToCopyItemsForReferencingProjects" skipped, due to false condition; ('$(HasRuntimeOutput)' == 'true') was evaluated as ('' == 'true').
   4:7>Target "_GetCopyToOutputDirectoryItemsFromThisProject" in file "/nix/store/8y83na7h81fw5kr1msmjc7rvx329djp0-dotnet-sdk-8.0.300/sdk/8.0.300/Microsoft.Common.CurrentVersion.targets" from project "/home/runner/workspace/MSA.Foundation/MSA.Foundation.csproj" (target "GetCopyToOutputDirectoryItems" depends on it):
       Task "AssignTargetPath"
       Done executing task "AssignTargetPath".
   4:7>Done building target "_GetCopyToOutputDirectoryItemsFromThisProject" in project "MSA.Foundation.csproj".
       Done executing task "CallTarget".
   4:7>Done building target "GetCopyToOutputDirectoryItems" in project "MSA.Foundation.csproj".
       Target "_CopyOutOfDateSourceItemsToOutputDirectory" skipped, due to false condition; ( '@(_SourceItemsToCopyToOutputDirectory)' != '' ) was evaluated as ( '' != '' ).
       Target "_CopyOutOfDateSourceItemsToOutputDirectoryAlways" skipped, due to false condition; ( '@(_SourceItemsToCopyToOutputDirectoryAlways)' != '' ) was evaluated as ( '' != '' ).
   4:7>Target "_CopySourceItemsToOutputDirectory" in file "/nix/store/8y83na7h81fw5kr1msmjc7rvx329djp0-dotnet-sdk-8.0.300/sdk/8.0.300/Microsoft.Common.CurrentVersion.targets" from project "/home/runner/workspace/MSA.Foundation/MSA.Foundation.csproj" (target "CopyFilesToOutputDirectory" depends on it):
   4:7>Done building target "_CopySourceItemsToOutputDirectory" in project "MSA.Foundation.csproj".
       Target "_CopyAppConfigFile" skipped, due to false condition; ( '@(AppConfigWithTargetPath)' != '' ) was evaluated as ( '' != '' ).
       Target "_CopyManifestFiles" skipped, due to false condition; ( '$(_DeploymentCopyApplicationManifest)'=='true' or '$(GenerateClickOnceManifests)'=='true' ) was evaluated as ( ''=='true' or ''=='true' ).
   4:7>Target "_CheckForCompileOutputs" in file "/nix/store/8y83na7h81fw5kr1msmjc7rvx329djp0-dotnet-sdk-8.0.300/sdk/8.0.300/Microsoft.Common.CurrentVersion.targets" from project "/home/runner/workspace/MSA.Foundation/MSA.Foundation.csproj" (target "CopyFilesToOutputDirectory" depends on it):
   4:7>Done building target "_CheckForCompileOutputs" in project "MSA.Foundation.csproj".
       Target "_SGenCheckForOutputs" skipped, due to false condition; ('$(_SGenGenerateSerializationAssembliesConfig)' == 'On' or ('@(WebReferenceUrl)'!='' and '$(_SGenGenerateSerializationAssembliesConfig)' == 'Auto')) was evaluated as ('Off' == 'On' or (''!='' and 'Off' == 'Auto')).
       Target "_DefaultMicrosoftNETPlatformLibrary" skipped. Previously built successfully.
       Target "_HandlePackageFileConflicts" skipped. Previously built successfully.
       Target "ResolveAssemblyReferences" skipped. Previously built successfully.
   4:7>Target "_ComputeReferenceAssemblies" in file "/nix/store/8y83na7h81fw5kr1msmjc7rvx329djp0-dotnet-sdk-8.0.300/sdk/8.0.300/Sdks/Microsoft.NET.Sdk/targets/Microsoft.NET.Sdk.targets" from project "/home/runner/workspace/MSA.Foundation/MSA.Foundation.csproj" (target "GenerateBuildDependencyFile" depends on it):
   4:7>Done building target "_ComputeReferenceAssemblies" in project "MSA.Foundation.csproj".
   4:7>Target "_ComputeUserRuntimeAssemblies" in file "/nix/store/8y83na7h81fw5kr1msmjc7rvx329djp0-dotnet-sdk-8.0.300/sdk/8.0.300/Sdks/Microsoft.NET.Sdk/targets/Microsoft.NET.Sdk.targets" from project "/home/runner/workspace/MSA.Foundation/MSA.Foundation.csproj" (target "GenerateBuildDependencyFile" depends on it):
   4:7>Done building target "_ComputeUserRuntimeAssemblies" in project "MSA.Foundation.csproj".
       Target "ResolveRuntimePackAssets" skipped, due to false condition; ('@(RuntimePack)' != '') was evaluated as ('' != '').
       Target "_ComputePackageReferencePublish" skipped. Previously built successfully.
       Target "ComputeDependencyFileCompilerOptions" skipped, due to false condition; ('$(PreserveCompilationContext)' == 'true') was evaluated as ('' == 'true').
   4:7>Target "GenerateBuildDependencyFile" in file "/nix/store/8y83na7h81fw5kr1msmjc7rvx329djp0-dotnet-sdk-8.0.300/sdk/8.0.300/Sdks/Microsoft.NET.Sdk/targets/Microsoft.NET.Sdk.targets" from project "/home/runner/workspace/MSA.Foundation/MSA.Foundation.csproj" (target "CopyFilesToOutputDirectory" depends on it):
       Skipping target "GenerateBuildDependencyFile" because all output files are up-to-date with respect to the input files.
       Input files: 
           /home/runner/workspace/MSA.Foundation/obj/project.assets.json
           /home/runner/workspace/MSA.Foundation/obj/Debug/net8.0/MSA.Foundation.assets.cache
           /home/runner/workspace/MSA.Foundation/MSA.Foundation.csproj
           /nix/store/8y83na7h81fw5kr1msmjc7rvx329djp0-dotnet-sdk-8.0.300/sdk/8.0.300/Current/Microsoft.Common.targets/ImportAfter/Microsoft.TestPlatform.ImportAfter.targets
       Output files: /home/runner/workspace/MSA.Foundation/bin/Debug/net8.0/MSA.Foundation.deps.json
   4:7>Done building target "GenerateBuildDependencyFile" in project "MSA.Foundation.csproj".
       Target "GenerateBuildRuntimeConfigurationFiles" skipped, due to false condition; ( '$(GenerateRuntimeConfigurationFiles)' == 'true') was evaluated as ( '' == 'true').
       Target "GenerateShimsAssets" skipped, due to false condition; ('$(PackAsTool)' == 'true' and $(PackAsToolShimRuntimeIdentifiers) != '' ) was evaluated as ('' == 'true' and  != '' ).
   4:7>Target "CopyFilesToOutputDirectory" in file "/nix/store/8y83na7h81fw5kr1msmjc7rvx329djp0-dotnet-sdk-8.0.300/sdk/8.0.300/Microsoft.Common.CurrentVersion.targets" from project "/home/runner/workspace/MSA.Foundation/MSA.Foundation.csproj" (target "PrepareForRun" depends on it):
       Using "Copy" task from assembly "Microsoft.Build.Tasks.Core, Version=15.1.0.0, Culture=neutral, PublicKeyToken=b03f5f7f11d50a3a".
       Task "Copy"
         Did not copy from file "obj/Debug/net8.0/MSA.Foundation.dll" to file "bin/Debug/net8.0/MSA.Foundation.dll" because the "SkipUnchangedFiles" parameter was set to "true" in the project and the files' sizes and timestamps match.
       Done executing task "Copy".
       Using "CopyRefAssembly" task from assembly "/nix/store/8y83na7h81fw5kr1msmjc7rvx329djp0-dotnet-sdk-8.0.300/sdk/8.0.300/Roslyn/Microsoft.Build.Tasks.CodeAnalysis.dll".
       Task "CopyRefAssembly"
         Reference assembly "/home/runner/workspace/MSA.Foundation/obj/Debug/net8.0/ref/MSA.Foundation.dll" already has latest information. Leaving it untouched.
       Done executing task "CopyRefAssembly".
       Task "Message"
         MSA.Foundation -> /home/runner/workspace/MSA.Foundation/bin/Debug/net8.0/MSA.Foundation.dll
       Done executing task "Message".
       Task "Copy" skipped, due to false condition; ('@(AddModules)' != '') was evaluated as ('' != '').
       Task "Copy" skipped, due to false condition; ('$(_SGenDllCreated)'=='true') was evaluated as ('false'=='true').
       Task "Copy"
         Did not copy from file "obj/Debug/net8.0/MSA.Foundation.pdb" to file "bin/Debug/net8.0/MSA.Foundation.pdb" because the "SkipUnchangedFiles" parameter was set to "true" in the project and the files' sizes and timestamps match.
       Done executing task "Copy".
       Task "Copy" skipped, due to false condition; ('$(_DocumentationFileProduced)'=='true' and '$(CopyDocumentationFileToOutputDirectory)'=='true') was evaluated as ('false'=='true' and 'true'=='true').
       Task "Copy" skipped, due to false condition; ('@(IntermediateSatelliteAssembliesWithTargetPath)' != '') was evaluated as ('' != '').
       Task "Copy" skipped, due to false condition; ('@(ReferenceComWrappersToCopyLocal)' != '' or '@(ResolvedIsolatedComModules)' != '' or '@(_DeploymentLooseManifestFile)' != '' or '@(NativeReferenceFile)' != '' ) was evaluated as ('' != '' or '' != '' or '' != '' or '' != '' ).
       Task "Copy" skipped, due to false condition; ('$(SkipCopyWinMDArtifact)' != 'true' and '@(WinMDExpArtifacts)' != '') was evaluated as ('' != 'true' and '' != '').
       Task "Message" skipped, due to false condition; ('$(SkipCopyWinMDArtifact)' != 'true' and '$(_WindowsMetadataOutputPath)' != '') was evaluated as ('' != 'true' and '' != '').
   4:7>Done building target "CopyFilesToOutputDirectory" in project "MSA.Foundation.csproj".
       Target "CopyApplicationInsightsConfigToOutputDirectory" skipped, due to false condition; (Exists('ApplicationInsights.config')) was evaluated as (Exists('ApplicationInsights.config')).
       Target "_CopyReferenceOnlyAssembliesForBuild" skipped, due to false condition; ('$(PreserveCompilationReferences)' == 'true') was evaluated as ('' == 'true').
   4:7>Target "PrepareForRun" in file "/nix/store/8y83na7h81fw5kr1msmjc7rvx329djp0-dotnet-sdk-8.0.300/sdk/8.0.300/Microsoft.Common.CurrentVersion.targets" from project "/home/runner/workspace/MSA.Foundation/MSA.Foundation.csproj" (target "CoreBuild" depends on it):
   4:7>Done building target "PrepareForRun" in project "MSA.Foundation.csproj".
       Target "UnmanagedRegistration" skipped, due to false condition; ('$(RegisterForComInterop)'=='true' and '$(OutputType)'=='library') was evaluated as (''=='true' and 'Library'=='library').
       Target "_CheckForCompileOutputs" skipped. Previously built successfully.
       Target "_SGenCheckForOutputs" skipped, due to false condition; ('$(_SGenGenerateSerializationAssembliesConfig)' == 'On' or ('@(WebReferenceUrl)'!='' and '$(_SGenGenerateSerializationAssembliesConfig)' == 'Auto')) was evaluated as ('Off' == 'On' or (''!='' and 'Off' == 'Auto')).
   4:7>Target "_CleanGetCurrentAndPriorFileWrites" in file "/nix/store/8y83na7h81fw5kr1msmjc7rvx329djp0-dotnet-sdk-8.0.300/sdk/8.0.300/Microsoft.Common.CurrentVersion.targets" from project "/home/runner/workspace/MSA.Foundation/MSA.Foundation.csproj" (target "IncrementalClean" depends on it):
       Using "ReadLinesFromFile" task from assembly "Microsoft.Build.Tasks.Core, Version=15.1.0.0, Culture=neutral, PublicKeyToken=b03f5f7f11d50a3a".
       Task "ReadLinesFromFile"
       Done executing task "ReadLinesFromFile".
       Task "ConvertToAbsolutePath"
       Done executing task "ConvertToAbsolutePath".
       Using "FindUnderPath" task from assembly "Microsoft.Build.Tasks.Core, Version=15.1.0.0, Culture=neutral, PublicKeyToken=b03f5f7f11d50a3a".
       Task "FindUnderPath"
         Comparison path is "/home/runner/workspace/MSA.Foundation".
       Done executing task "FindUnderPath".
       Task "FindUnderPath"
         Comparison path is "bin/Debug/net8.0/".
       Done executing task "FindUnderPath".
       Task "FindUnderPath"
         Comparison path is "obj/Debug/net8.0/".
       Done executing task "FindUnderPath".
       Task "RemoveDuplicates"
       Done executing task "RemoveDuplicates".
   4:7>Done building target "_CleanGetCurrentAndPriorFileWrites" in project "MSA.Foundation.csproj".
   4:7>Target "IncrementalClean" in file "/nix/store/8y83na7h81fw5kr1msmjc7rvx329djp0-dotnet-sdk-8.0.300/sdk/8.0.300/Microsoft.Common.CurrentVersion.targets" from project "/home/runner/workspace/MSA.Foundation/MSA.Foundation.csproj" (target "CoreBuild" depends on it):
       Task "FindUnderPath"
         Comparison path is "bin/Debug/net8.0/".
       Done executing task "FindUnderPath".
       Task "FindUnderPath"
         Comparison path is "obj/Debug/net8.0/".
       Done executing task "FindUnderPath".
       Using "Delete" task from assembly "Microsoft.Build.Tasks.Core, Version=15.1.0.0, Culture=neutral, PublicKeyToken=b03f5f7f11d50a3a".
       Task "Delete"
       Done executing task "Delete".
       Task "RemoveDuplicates"
       Done executing task "RemoveDuplicates".
       Task "WriteLinesToFile" skipped, due to false condition; ('@(_CleanUnfilteredPriorFileWrites)'!='@(_CleanUniqueRemainingFileWritesAfterIncrementalClean)') was evaluated as ('/home/runner/workspace/MSA.Foundation/bin/Debug/net8.0/MSA.Foundation.deps.json;/home/runner/workspace/MSA.Foundation/bin/Debug/net8.0/MSA.Foundation.dll;/home/runner/workspace/MSA.Foundation/bin/Debug/net8.0/MSA.Foundation.pdb;...'!='/home/runner/workspace/MSA.Foundation/bin/Debug/net8.0/MSA.Foundation.deps.json;/home/runner/workspace/MSA.Foundation/bin/Debug/net8.0/MSA.Foundation.dll;/home/runner/workspace/MSA.Foundation/bin/Debug/net8.0/MSA.Foundation.pdb;...').
   4:7>Done building target "IncrementalClean" in project "MSA.Foundation.csproj".
       Target "PostBuildEvent" skipped, due to false condition; ('$(PostBuildEvent)' != '' and ('$(RunPostBuildEvent)' != 'OnOutputUpdated' or '$(_AssemblyTimestampBeforeCompile)' != '$(_AssemblyTimestampAfterCompile)')) was evaluated as ('' != '' and ('' != 'OnOutputUpdated' or '' != '')).
       Target "GenerateBuildDependencyFile" skipped. Previously built successfully.
       Target "GenerateBuildRuntimeConfigurationFiles" skipped, due to false condition; ( '$(GenerateRuntimeConfigurationFiles)' == 'true') was evaluated as ( '' == 'true').
   4:7>Target "CoreBuild" in file "/nix/store/8y83na7h81fw5kr1msmjc7rvx329djp0-dotnet-sdk-8.0.300/sdk/8.0.300/Microsoft.Common.CurrentVersion.targets" from project "/home/runner/workspace/MSA.Foundation/MSA.Foundation.csproj" (target "Build" depends on it):
   4:7>Done building target "CoreBuild" in project "MSA.Foundation.csproj".
   4:7>Target "AfterBuild" in file "/nix/store/8y83na7h81fw5kr1msmjc7rvx329djp0-dotnet-sdk-8.0.300/sdk/8.0.300/Microsoft.Common.CurrentVersion.targets" from project "/home/runner/workspace/MSA.Foundation/MSA.Foundation.csproj" (target "Build" depends on it):
   4:7>Done building target "AfterBuild" in project "MSA.Foundation.csproj".
       Target "_CheckBrowserWorkloadNeededButNotAvailable" skipped, due to false condition; ('$(RuntimeIdentifier)' == 'browser-wasm' and '$(_BrowserWorkloadDisabled)' != 'true' and '$(WasmNativeWorkloadAvailable)' != 'true') was evaluated as ('' == 'browser-wasm' and '' != 'true' and '' != 'true').
       Target "_ErrorWorkloadDisabledForTFMLessThan6" skipped, due to false condition; ('$(_BrowserWorkloadNotSupportedForTFM)' == 'true') was evaluated as ('' == 'true').
       Target "_ErrorDualWasmThreadPropsOn7" skipped, due to false condition; ('$(TargetsNet7)' == 'true' and '$(RuntimeIdentifier)' == 'browser-wasm' and
           '$(BrowserWorkloadDisabled)' != 'true' and '$(WasmEnableThreads)' == 'true' and '$(WasmEnablePerfTrace)' == 'true') was evaluated as ('' == 'true' and '' == 'browser-wasm' and
           '' != 'true' and '' == 'true' and '' == 'true').
       Target "_CheckForInvalidConfigurationAndPlatform" skipped. Previously built successfully.
       Target "_CheckForInvalidConfigurationAndPlatform" skipped. Previously built successfully.
   4:7>Target "Build" in file "/nix/store/8y83na7h81fw5kr1msmjc7rvx329djp0-dotnet-sdk-8.0.300/sdk/8.0.300/Microsoft.Common.CurrentVersion.targets" from project "/home/runner/workspace/MSA.Foundation/MSA.Foundation.csproj" (entry point):
   4:7>Done building target "Build" in project "MSA.Foundation.csproj".
       Target "_PackAsBuildAfterTarget" skipped, due to false condition; ('$(GeneratePackageOnBuild)' == 'true' AND '$(IsInnerBuild)' != 'true') was evaluated as ('false' == 'true' AND '' != 'true').
   4:7>Target "_CheckContainersPackage" in file "/nix/store/8y83na7h81fw5kr1msmjc7rvx329djp0-dotnet-sdk-8.0.300/sdk/8.0.300/Containers/build/Microsoft.NET.Build.Containers.targets" from project "/home/runner/workspace/MSA.Foundation/MSA.Foundation.csproj" (entry point):
       Task "Warning" skipped, due to false condition; ($(_ContainerPackageIsPresent)
               and (
                 ($(_SdkCanPublishWeb) and $(_IsWebProject)) or
                 ($(_SdkCanPublishWorker) and $(_IsWorkerProject)) or
                 ($(_SdkCanPublishConsole) and '$(EnableSdkContainerSupport)' == 'true')
               )) was evaluated as (false
               and (
                 (True and false) or
                 (True and false) or
                 (True and '' == 'true')
               )).
   4:7>Done building target "_CheckContainersPackage" in project "MSA.Foundation.csproj".
   4:7>Done Building Project "/home/runner/workspace/MSA.Foundation/MSA.Foundation.csproj" (default targets).
   2:6>Project "/home/runner/workspace/PokerGame.Core/PokerGame.Core.csproj" (2:6) is building "/home/runner/workspace/MSA.Foundation/MSA.Foundation.csproj" (4:10) on node 1 (default targets).
  4:10>Target "Build" skipped. Previously built successfully.
  4:10>Done Building Project "/home/runner/workspace/MSA.Foundation/MSA.Foundation.csproj" (default targets).
   3:7>Project "/home/runner/workspace/PokerGame.Abstractions/PokerGame.Abstractions.csproj" (3:7) is building "/home/runner/workspace/MSA.Foundation/MSA.Foundation.csproj" (4:11) on node 1 (default targets).
  4:11>Target "Build" skipped. Previously built successfully.
  4:11>Done Building Project "/home/runner/workspace/MSA.Foundation/MSA.Foundation.csproj" (default targets).
   3:7>Done executing task "MSBuild".
       Task "MSBuild"
         Removing Properties for project "../MSA.Foundation/MSA.Foundation.csproj":
           TargetFramework
           RuntimeIdentifier
           SelfContained
   3:7>Project "/home/runner/workspace/PokerGame.Abstractions/PokerGame.Abstractions.csproj" (3:7) is building "/home/runner/workspace/MSA.Foundation/MSA.Foundation.csproj" (4:12) on node 1 (GetNativeManifest target(s)).
  4:12>Target "GetNativeManifest" in file "/nix/store/8y83na7h81fw5kr1msmjc7rvx329djp0-dotnet-sdk-8.0.300/sdk/8.0.300/Microsoft.Common.CurrentVersion.targets" from project "/home/runner/workspace/MSA.Foundation/MSA.Foundation.csproj" (entry point):
  4:12>Done building target "GetNativeManifest" in project "MSA.Foundation.csproj".
  4:12>Done Building Project "/home/runner/workspace/MSA.Foundation/MSA.Foundation.csproj" (GetNativeManifest target(s)).
   3:7>Done executing task "MSBuild".
       Task "Warning" skipped, due to false condition; ('@(ProjectReferenceWithConfiguration)' != '' and '@(_MSBuildProjectReferenceNonexistent)' != '') was evaluated as ('../MSA.Foundation/MSA.Foundation.csproj' != '' and '' != '').
   3:7>Done building target "ResolveProjectReferences" in project "PokerGame.Abstractions.csproj".
       Target "FindInvalidProjectReferences" skipped, due to false condition; ('$(FindInvalidProjectReferences)' == 'true') was evaluated as ('' == 'true').
       Target "ResolveNativeReferences" skipped, due to false condition; ('@(NativeReference)'!='') was evaluated as (''!='').
       Target "ResolveProjectReferences" skipped. Previously built successfully.
       Target "FindInvalidProjectReferences" skipped, due to false condition; ('$(FindInvalidProjectReferences)' == 'true') was evaluated as ('' == 'true').
       Target "GetFrameworkPaths" skipped. Previously built successfully.
       Target "GetReferenceAssemblyPaths" skipped. Previously built successfully.
       Target "PrepareForBuild" skipped. Previously built successfully.
       Target "GetInstalledSDKLocations" skipped, due to false condition; ('@(SDKReference)' != '') was evaluated as ('' != '').
   3:7>Target "ResolveSDKReferences" in file "/nix/store/8y83na7h81fw5kr1msmjc7rvx329djp0-dotnet-sdk-8.0.300/sdk/8.0.300/Microsoft.Common.CurrentVersion.targets" from project "/home/runner/workspace/PokerGame.Abstractions/PokerGame.Abstractions.csproj" (target "ResolveAssemblyReferences" depends on it):
       Task "ResolveSDKReference" skipped, due to false condition; ('@(SDKReference)'!='') was evaluated as (''!='').
   3:7>Done building target "ResolveSDKReferences" in project "PokerGame.Abstractions.csproj".
       Target "ResolveSDKReferences" skipped. Previously built successfully.
   3:7>Target "ExpandSDKReferences" in file "/nix/store/8y83na7h81fw5kr1msmjc7rvx329djp0-dotnet-sdk-8.0.300/sdk/8.0.300/Microsoft.Common.CurrentVersion.targets" from project "/home/runner/workspace/PokerGame.Abstractions/PokerGame.Abstractions.csproj" (target "ResolveAssemblyReferences" depends on it):
       Task "GetSDKReferenceFiles" skipped, due to false condition; ('@(ResolvedSDKReference)'!='') was evaluated as (''!='').
   3:7>Done building target "ExpandSDKReferences" in project "PokerGame.Abstractions.csproj".
       Target "ResolvePackageDependenciesForBuild" skipped. Previously built successfully.
       Target "GetFrameworkPaths" skipped. Previously built successfully.
       Target "GetReferenceAssemblyPaths" skipped. Previously built successfully.
       Target "ProcessFrameworkReferences" skipped. Previously built successfully.
       Target "ResolvePackageAssets" skipped. Previously built successfully.
   3:7>Target "ResolveFrameworkReferences" in file "/nix/store/8y83na7h81fw5kr1msmjc7rvx329djp0-dotnet-sdk-8.0.300/sdk/8.0.300/Sdks/Microsoft.NET.Sdk/targets/Microsoft.NET.Sdk.FrameworkReferenceResolution.targets" from project "/home/runner/workspace/PokerGame.Abstractions/PokerGame.Abstractions.csproj" (target "ResolveTargetingPackAssets" depends on it):
       Using "GetPackageDirectory" task from assembly "/nix/store/8y83na7h81fw5kr1msmjc7rvx329djp0-dotnet-sdk-8.0.300/sdk/8.0.300/Sdks/Microsoft.NET.Sdk/targets/../tools/net8.0/Microsoft.NET.Build.Tasks.dll".
       Task "GetPackageDirectory"
       Done executing task "GetPackageDirectory".
       Task "GetPackageDirectory"
       Done executing task "GetPackageDirectory".
       Task "GetPackageDirectory"
       Done executing task "GetPackageDirectory".
       Task "GetPackageDirectory"
       Done executing task "GetPackageDirectory".
       Task "GetPackageDirectory"
       Done executing task "GetPackageDirectory".
       Task "GetPackageDirectory"
       Done executing task "GetPackageDirectory".
       Task "GetPackageDirectory"
       Done executing task "GetPackageDirectory".
       Task "GetPackageDirectory"
       Done executing task "GetPackageDirectory".
       Task "GetPackageDirectory"
       Done executing task "GetPackageDirectory".
       Task "GetPackageDirectory"
       Done executing task "GetPackageDirectory".
       Using "ResolveFrameworkReferences" task from assembly "/nix/store/8y83na7h81fw5kr1msmjc7rvx329djp0-dotnet-sdk-8.0.300/sdk/8.0.300/Sdks/Microsoft.NET.Sdk/targets/../tools/net8.0/Microsoft.NET.Build.Tasks.dll".
       Task "ResolveFrameworkReferences"
       Done executing task "ResolveFrameworkReferences".
   3:7>Done building target "ResolveFrameworkReferences" in project "PokerGame.Abstractions.csproj".
   3:7>Target "ResolveTargetingPackAssets" in file "/nix/store/8y83na7h81fw5kr1msmjc7rvx329djp0-dotnet-sdk-8.0.300/sdk/8.0.300/Sdks/Microsoft.NET.Sdk/targets/Microsoft.NET.Sdk.FrameworkReferenceResolution.targets" from project "/home/runner/workspace/PokerGame.Abstractions/PokerGame.Abstractions.csproj" (target "_HandlePackageFileConflicts" depends on it):
       Using "ResolveTargetingPackAssets" task from assembly "/nix/store/8y83na7h81fw5kr1msmjc7rvx329djp0-dotnet-sdk-8.0.300/sdk/8.0.300/Sdks/Microsoft.NET.Sdk/targets/../tools/net8.0/Microsoft.NET.Build.Tasks.dll".
       Task "ResolveTargetingPackAssets"
       Done executing task "ResolveTargetingPackAssets".
   3:7>Done building target "ResolveTargetingPackAssets" in project "PokerGame.Abstractions.csproj".
   3:7>Target "ResolveOffByDefaultAnalyzers" in file "/nix/store/8y83na7h81fw5kr1msmjc7rvx329djp0-dotnet-sdk-8.0.300/sdk/8.0.300/Sdks/Microsoft.NET.Sdk/targets/Microsoft.NET.Sdk.FrameworkReferenceResolution.targets" from project "/home/runner/workspace/PokerGame.Abstractions/PokerGame.Abstractions.csproj" (target "_HandlePackageFileConflicts" depends on it):
   3:7>Done building target "ResolveOffByDefaultAnalyzers" in project "PokerGame.Abstractions.csproj".
   3:7>Target "_HandlePackageFileConflicts" in file "/nix/store/8y83na7h81fw5kr1msmjc7rvx329djp0-dotnet-sdk-8.0.300/sdk/8.0.300/Sdks/Microsoft.NET.Sdk/targets/Microsoft.NET.ConflictResolution.targets" from project "/home/runner/workspace/PokerGame.Abstractions/PokerGame.Abstractions.csproj" (target "ResolveAssemblyReferences" depends on it):
       Using "ResolvePackageFileConflicts" task from assembly "/nix/store/8y83na7h81fw5kr1msmjc7rvx329djp0-dotnet-sdk-8.0.300/sdk/8.0.300/Sdks/Microsoft.NET.Sdk/targets/../tools/net8.0/Microsoft.NET.Build.Tasks.dll".
       Task "ResolvePackageFileConflicts"
         Encountered conflict between 'Reference:/home/runner/.nuget/packages/system.diagnostics.diagnosticsource/5.0.0/lib/net5.0/System.Diagnostics.DiagnosticSource.dll' and 'Reference:/nix/store/8y83na7h81fw5kr1msmjc7rvx329djp0-dotnet-sdk-8.0.300/packs/Microsoft.NETCore.App.Ref/8.0.5/ref/net8.0/System.Diagnostics.DiagnosticSource.dll'. Choosing 'Reference:/nix/store/8y83na7h81fw5kr1msmjc7rvx329djp0-dotnet-sdk-8.0.300/packs/Microsoft.NETCore.App.Ref/8.0.5/ref/net8.0/System.Diagnostics.DiagnosticSource.dll' because AssemblyVersion '8.0.0.0' is greater than '5.0.0.0'.
         Encountered conflict between 'Reference:/home/runner/.nuget/packages/system.reflection.dispatchproxy/4.7.1/ref/netstandard2.0/System.Reflection.DispatchProxy.dll' and 'Reference:/nix/store/8y83na7h81fw5kr1msmjc7rvx329djp0-dotnet-sdk-8.0.300/packs/Microsoft.NETCore.App.Ref/8.0.5/ref/net8.0/System.Reflection.DispatchProxy.dll'. Choosing 'Reference:/nix/store/8y83na7h81fw5kr1msmjc7rvx329djp0-dotnet-sdk-8.0.300/packs/Microsoft.NETCore.App.Ref/8.0.5/ref/net8.0/System.Reflection.DispatchProxy.dll' because AssemblyVersion '8.0.0.0' is greater than '4.0.6.0'.
         Encountered conflict between 'Reference:/home/runner/.nuget/packages/system.security.accesscontrol/5.0.0/ref/netstandard2.0/System.Security.AccessControl.dll' and 'Reference:/nix/store/8y83na7h81fw5kr1msmjc7rvx329djp0-dotnet-sdk-8.0.300/packs/Microsoft.NETCore.App.Ref/8.0.5/ref/net8.0/System.Security.AccessControl.dll'. Choosing 'Reference:/nix/store/8y83na7h81fw5kr1msmjc7rvx329djp0-dotnet-sdk-8.0.300/packs/Microsoft.NETCore.App.Ref/8.0.5/ref/net8.0/System.Security.AccessControl.dll' because AssemblyVersion '8.0.0.0' is greater than '5.0.0.0'.
         Encountered conflict between 'Reference:/home/runner/.nuget/packages/system.security.principal.windows/5.0.0/ref/netcoreapp3.0/System.Security.Principal.Windows.dll' and 'Reference:/nix/store/8y83na7h81fw5kr1msmjc7rvx329djp0-dotnet-sdk-8.0.300/packs/Microsoft.NETCore.App.Ref/8.0.5/ref/net8.0/System.Security.Principal.Windows.dll'. Choosing 'Reference:/nix/store/8y83na7h81fw5kr1msmjc7rvx329djp0-dotnet-sdk-8.0.300/packs/Microsoft.NETCore.App.Ref/8.0.5/ref/net8.0/System.Security.Principal.Windows.dll' because AssemblyVersion '8.0.0.0' is greater than '5.0.0.0'.
         Encountered conflict between 'Reference:/home/runner/.nuget/packages/system.text.encodings.web/8.0.0/lib/net8.0/System.Text.Encodings.Web.dll' and 'Reference:/nix/store/8y83na7h81fw5kr1msmjc7rvx329djp0-dotnet-sdk-8.0.300/packs/Microsoft.NETCore.App.Ref/8.0.5/ref/net8.0/System.Text.Encodings.Web.dll'. Choosing 'Reference:/nix/store/8y83na7h81fw5kr1msmjc7rvx329djp0-dotnet-sdk-8.0.300/packs/Microsoft.NETCore.App.Ref/8.0.5/ref/net8.0/System.Text.Encodings.Web.dll' because file version '8.0.524.21615' is greater than '8.0.23.53103'.
         Encountered conflict between 'Reference:/home/runner/.nuget/packages/system.text.json/8.0.0/lib/net8.0/System.Text.Json.dll' and 'Reference:/nix/store/8y83na7h81fw5kr1msmjc7rvx329djp0-dotnet-sdk-8.0.300/packs/Microsoft.NETCore.App.Ref/8.0.5/ref/net8.0/System.Text.Json.dll'. Choosing 'Reference:/nix/store/8y83na7h81fw5kr1msmjc7rvx329djp0-dotnet-sdk-8.0.300/packs/Microsoft.NETCore.App.Ref/8.0.5/ref/net8.0/System.Text.Json.dll' because file version '8.0.524.21615' is greater than '8.0.23.53103'.
         Encountered conflict between 'Analyzer:/home/runner/.nuget/packages/system.text.json/8.0.0/analyzers/dotnet/roslyn4.4/cs/System.Text.Json.SourceGeneration.dll' and 'Analyzer:/nix/store/8y83na7h81fw5kr1msmjc7rvx329djp0-dotnet-sdk-8.0.300/packs/Microsoft.NETCore.App.Ref/8.0.5/analyzers/dotnet/cs/System.Text.Json.SourceGeneration.dll'. Choosing 'Analyzer:/nix/store/8y83na7h81fw5kr1msmjc7rvx329djp0-dotnet-sdk-8.0.300/packs/Microsoft.NETCore.App.Ref/8.0.5/analyzers/dotnet/cs/System.Text.Json.SourceGeneration.dll' because AssemblyVersion '8.0.10.21615' is greater than '8.0.9.3103'.
         Encountered conflict between 'Platform:System.Diagnostics.DiagnosticSource.dll' and 'Runtime:/home/runner/.nuget/packages/system.diagnostics.diagnosticsource/5.0.0/lib/net5.0/System.Diagnostics.DiagnosticSource.dll'. Choosing 'Platform:System.Diagnostics.DiagnosticSource.dll' because AssemblyVersion '8.0.0.0' is greater than '5.0.0.0'.
         Encountered conflict between 'Platform:System.Formats.Asn1.dll' and 'Runtime:/home/runner/.nuget/packages/system.formats.asn1/5.0.0/lib/netstandard2.0/System.Formats.Asn1.dll'. Choosing 'Platform:System.Formats.Asn1.dll' because AssemblyVersion '8.0.0.0' is greater than '5.0.0.0'.
         Encountered conflict between 'Platform:System.Reflection.DispatchProxy.dll' and 'Runtime:/home/runner/.nuget/packages/system.reflection.dispatchproxy/4.7.1/lib/netcoreapp2.0/System.Reflection.DispatchProxy.dll'. Choosing 'Platform:System.Reflection.DispatchProxy.dll' because AssemblyVersion '8.0.0.0' is greater than '4.0.6.0'.
         Encountered conflict between 'Platform:System.Security.AccessControl.dll' and 'Runtime:/home/runner/.nuget/packages/system.security.accesscontrol/5.0.0/lib/netstandard2.0/System.Security.AccessControl.dll'. Choosing 'Platform:System.Security.AccessControl.dll' because AssemblyVersion '8.0.0.0' is greater than '5.0.0.0'.
         Encountered conflict between 'Platform:System.Security.Cryptography.Cng.dll' and 'Runtime:/home/runner/.nuget/packages/system.security.cryptography.cng/5.0.0/lib/netcoreapp3.0/System.Security.Cryptography.Cng.dll'. Choosing 'Platform:System.Security.Cryptography.Cng.dll' because AssemblyVersion '8.0.0.0' is greater than '5.0.0.0'.
         Encountered conflict between 'Platform:System.Security.Principal.Windows.dll' and 'Runtime:/home/runner/.nuget/packages/system.security.principal.windows/5.0.0/lib/netstandard2.0/System.Security.Principal.Windows.dll'. Choosing 'Platform:System.Security.Principal.Windows.dll' because AssemblyVersion '8.0.0.0' is greater than '5.0.0.0'.
         Encountered conflict between 'Platform:System.Text.Encodings.Web.dll' and 'Runtime:/home/runner/.nuget/packages/system.text.encodings.web/8.0.0/lib/net8.0/System.Text.Encodings.Web.dll'. Choosing 'Platform:System.Text.Encodings.Web.dll' because file version '8.0.524.21615' is greater than '8.0.23.53103'.
         Encountered conflict between 'Platform:System.Text.Json.dll' and 'Runtime:/home/runner/.nuget/packages/system.text.json/8.0.0/lib/net8.0/System.Text.Json.dll'. Choosing 'Platform:System.Text.Json.dll' because file version '8.0.524.21615' is greater than '8.0.23.53103'.
         Encountered conflict between 'Platform:System.Security.AccessControl.dll' and 'Runtime:/home/runner/.nuget/packages/system.security.accesscontrol/5.0.0/runtimes/win/lib/netcoreapp2.0/System.Security.AccessControl.dll'. Choosing 'Platform:System.Security.AccessControl.dll' because AssemblyVersion '8.0.0.0' is greater than '5.0.0.0'.
         Encountered conflict between 'Platform:System.Security.Cryptography.Cng.dll' and 'Runtime:/home/runner/.nuget/packages/system.security.cryptography.cng/5.0.0/runtimes/win/lib/netcoreapp3.0/System.Security.Cryptography.Cng.dll'. Choosing 'Platform:System.Security.Cryptography.Cng.dll' because AssemblyVersion '8.0.0.0' is greater than '5.0.0.0'.
         Encountered conflict between 'Platform:System.Security.Principal.Windows.dll' and 'Runtime:/home/runner/.nuget/packages/system.security.principal.windows/5.0.0/runtimes/unix/lib/netcoreapp2.1/System.Security.Principal.Windows.dll'. Choosing 'Platform:System.Security.Principal.Windows.dll' because AssemblyVersion '8.0.0.0' is greater than '5.0.0.0'.
         Encountered conflict between 'Platform:System.Security.Principal.Windows.dll' and 'Runtime:/home/runner/.nuget/packages/system.security.principal.windows/5.0.0/runtimes/win/lib/netcoreapp2.1/System.Security.Principal.Windows.dll'. Choosing 'Platform:System.Security.Principal.Windows.dll' because AssemblyVersion '8.0.0.0' is greater than '5.0.0.0'.
         Encountered conflict between 'Platform:System.Text.Encodings.Web.dll' and 'Runtime:/home/runner/.nuget/packages/system.text.encodings.web/8.0.0/runtimes/browser/lib/net8.0/System.Text.Encodings.Web.dll'. Choosing 'Platform:System.Text.Encodings.Web.dll' because file version '8.0.524.21615' is greater than '8.0.23.53103'.
         Encountered conflict between 'Platform:mscorlib.dll' and 'Platform:mscorlib.dll'. Could not determine winner due to equal file and assembly versions.
         Encountered conflict between 'Platform:Microsoft.VisualBasic.dll' and 'Platform:Microsoft.VisualBasic.dll'. Could not determine winner due to equal file and assembly versions.
         Encountered conflict between 'Platform:System.dll' and 'Platform:System.dll'. Could not determine winner due to equal file and assembly versions.
         Encountered conflict between 'Platform:System.ComponentModel.DataAnnotations.dll' and 'Platform:System.ComponentModel.DataAnnotations.dll'. Could not determine winner due to equal file and assembly versions.
         Encountered conflict between 'Platform:System.Configuration.dll' and 'Platform:System.Configuration.dll'. Could not determine winner due to equal file and assembly versions.
         Encountered conflict between 'Platform:System.Core.dll' and 'Platform:System.Core.dll'. Could not determine winner due to equal file and assembly versions.
         Encountered conflict between 'Platform:System.Data.dll' and 'Platform:System.Data.dll'. Could not determine winner due to equal file and assembly versions.
         Encountered conflict between 'Platform:System.Drawing.dll' and 'Platform:System.Drawing.dll'. Could not determine winner due to equal file and assembly versions.
         Encountered conflict between 'Platform:System.IO.Compression.FileSystem.dll' and 'Platform:System.IO.Compression.FileSystem.dll'. Could not determine winner due to equal file and assembly versions.
         Encountered conflict between 'Platform:System.Net.dll' and 'Platform:System.Net.dll'. Could not determine winner due to equal file and assembly versions.
         Encountered conflict between 'Platform:System.Numerics.dll' and 'Platform:System.Numerics.dll'. Could not determine winner due to equal file and assembly versions.
         Encountered conflict between 'Platform:System.Runtime.Serialization.dll' and 'Platform:System.Runtime.Serialization.dll'. Could not determine winner due to equal file and assembly versions.
         Encountered conflict between 'Platform:System.Security.dll' and 'Platform:System.Security.dll'. Could not determine winner due to equal file and assembly versions.
         Encountered conflict between 'Platform:System.ServiceProcess.dll' and 'Platform:System.ServiceProcess.dll'. Could not determine winner due to equal file and assembly versions.
         Encountered conflict between 'Platform:System.ServiceModel.Web.dll' and 'Platform:System.ServiceModel.Web.dll'. Could not determine winner due to equal file and assembly versions.
         Encountered conflict between 'Platform:System.Transactions.dll' and 'Platform:System.Transactions.dll'. Could not determine winner due to equal file and assembly versions.
         Encountered conflict between 'Platform:System.Web.dll' and 'Platform:System.Web.dll'. Could not determine winner due to equal file and assembly versions.
         Encountered conflict between 'Platform:System.Windows.dll' and 'Platform:System.Windows.dll'. Could not determine winner due to equal file and assembly versions.
         Encountered conflict between 'Platform:System.Xml.dll' and 'Platform:System.Xml.dll'. Could not determine winner due to equal file and assembly versions.
         Encountered conflict between 'Platform:System.Xml.Serialization.dll' and 'Platform:System.Xml.Serialization.dll'. Could not determine winner due to equal file and assembly versions.
         Encountered conflict between 'Platform:System.Xml.Linq.dll' and 'Platform:System.Xml.Linq.dll'. Could not determine winner due to equal file and assembly versions.
         Encountered conflict between 'Platform:WindowsBase.dll' and 'Platform:WindowsBase.dll'. Could not determine winner due to equal file and assembly versions.
         Encountered conflict between 'Platform:netstandard.dll' and 'Platform:netstandard.dll'. Could not determine winner due to equal file and assembly versions.
         Encountered conflict between 'Platform:System.Private.CoreLib.dll' and 'Platform:System.Private.CoreLib.dll'. Could not determine winner due to equal file and assembly versions.
         Encountered conflict between 'Platform:System.Private.DataContractSerialization.dll' and 'Platform:System.Private.DataContractSerialization.dll'. Could not determine winner due to equal file and assembly versions.
         Encountered conflict between 'Platform:System.Private.Uri.dll' and 'Platform:System.Private.Uri.dll'. Could not determine winner due to equal file and assembly versions.
         Encountered conflict between 'Platform:System.Private.Xml.dll' and 'Platform:System.Private.Xml.dll'. Could not determine winner due to equal file and assembly versions.
         Encountered conflict between 'Platform:System.Private.Xml.Linq.dll' and 'Platform:System.Private.Xml.Linq.dll'. Could not determine winner due to equal file and assembly versions.
         Encountered conflict between 'Platform:mscordaccore_amd64_amd64_8.0.524.21615.dll' and 'Platform:mscordaccore_amd64_amd64_8.0.524.21615.dll'. Could not determine winner due to equal file and assembly versions.
       Done executing task "ResolvePackageFileConflicts".
   3:7>Done building target "_HandlePackageFileConflicts" in project "PokerGame.Abstractions.csproj".
       Target "ResolveTargetingPackAssets" skipped. Previously built successfully.
   3:7>Target "ResolveAssemblyReferences" in file "/nix/store/8y83na7h81fw5kr1msmjc7rvx329djp0-dotnet-sdk-8.0.300/sdk/8.0.300/Microsoft.Common.CurrentVersion.targets" from project "/home/runner/workspace/PokerGame.Abstractions/PokerGame.Abstractions.csproj" (target "ResolveReferences" depends on it):
       Using "ResolveAssemblyReference" task from assembly "Microsoft.Build.Tasks.Core, Version=15.1.0.0, Culture=neutral, PublicKeyToken=b03f5f7f11d50a3a".
       Task "ResolveAssemblyReference"
         TargetFrameworkMoniker:
             .NETCoreApp,Version=v8.0
         TargetFrameworkMonikerDisplayName:
             .NET 8.0
         TargetedRuntimeVersion:
             
         Assemblies:
             /home/runner/.nuget/packages/asyncio/0.1.69/lib/netstandard2.0/AsyncIO.dll
                 Private = 'false'
                 HintPath = '/home/runner/.nuget/packages/asyncio/0.1.69/lib/netstandard2.0/AsyncIO.dll'
             /home/runner/.nuget/packages/microsoft.applicationinsights/2.22.0/lib/netstandard2.0/Microsoft.ApplicationInsights.dll
                 Private = 'false'
                 HintPath = '/home/runner/.nuget/packages/microsoft.applicationinsights/2.22.0/lib/netstandard2.0/Microsoft.ApplicationInsights.dll'
             /home/runner/.nuget/packages/microsoft.applicationinsights.dependencycollector/2.22.0/lib/netstandard2.0/Microsoft.AI.DependencyCollector.dll
                 Private = 'false'
                 HintPath = '/home/runner/.nuget/packages/microsoft.applicationinsights.dependencycollector/2.22.0/lib/netstandard2.0/Microsoft.AI.DependencyCollector.dll'
             /home/runner/.nuget/packages/microsoft.bcl.asyncinterfaces/5.0.0/lib/netstandard2.1/Microsoft.Bcl.AsyncInterfaces.dll
                 Private = 'false'
                 HintPath = '/home/runner/.nuget/packages/microsoft.bcl.asyncinterfaces/5.0.0/lib/netstandard2.1/Microsoft.Bcl.AsyncInterfaces.dll'
             /home/runner/.nuget/packages/microsoft.extensions.configuration/8.0.0/lib/net8.0/Microsoft.Extensions.Configuration.dll
                 Private = 'false'
                 HintPath = '/home/runner/.nuget/packages/microsoft.extensions.configuration/8.0.0/lib/net8.0/Microsoft.Extensions.Configuration.dll'
             /home/runner/.nuget/packages/microsoft.extensions.configuration.abstractions/8.0.0/lib/net8.0/Microsoft.Extensions.Configuration.Abstractions.dll
                 Private = 'false'
                 HintPath = '/home/runner/.nuget/packages/microsoft.extensions.configuration.abstractions/8.0.0/lib/net8.0/Microsoft.Extensions.Configuration.Abstractions.dll'
             /home/runner/.nuget/packages/microsoft.extensions.configuration.environmentvariables/8.0.0/lib/net8.0/Microsoft.Extensions.Configuration.EnvironmentVariables.dll
                 Private = 'false'
                 HintPath = '/home/runner/.nuget/packages/microsoft.extensions.configuration.environmentvariables/8.0.0/lib/net8.0/Microsoft.Extensions.Configuration.EnvironmentVariables.dll'
             /home/runner/.nuget/packages/microsoft.extensions.configuration.fileextensions/8.0.0/lib/net8.0/Microsoft.Extensions.Configuration.FileExtensions.dll
                 Private = 'false'
                 HintPath = '/home/runner/.nuget/packages/microsoft.extensions.configuration.fileextensions/8.0.0/lib/net8.0/Microsoft.Extensions.Configuration.FileExtensions.dll'
             /home/runner/.nuget/packages/microsoft.extensions.configuration.json/8.0.0/lib/net8.0/Microsoft.Extensions.Configuration.Json.dll
                 Private = 'false'
                 HintPath = '/home/runner/.nuget/packages/microsoft.extensions.configuration.json/8.0.0/lib/net8.0/Microsoft.Extensions.Configuration.Json.dll'
             /home/runner/.nuget/packages/microsoft.extensions.fileproviders.abstractions/8.0.0/lib/net8.0/Microsoft.Extensions.FileProviders.Abstractions.dll
                 Private = 'false'
                 HintPath = '/home/runner/.nuget/packages/microsoft.extensions.fileproviders.abstractions/8.0.0/lib/net8.0/Microsoft.Extensions.FileProviders.Abstractions.dll'
             /home/runner/.nuget/packages/microsoft.extensions.fileproviders.physical/8.0.0/lib/net8.0/Microsoft.Extensions.FileProviders.Physical.dll
                 Private = 'false'
                 HintPath = '/home/runner/.nuget/packages/microsoft.extensions.fileproviders.physical/8.0.0/lib/net8.0/Microsoft.Extensions.FileProviders.Physical.dll'
             /home/runner/.nuget/packages/microsoft.extensions.filesystemglobbing/8.0.0/lib/net8.0/Microsoft.Extensions.FileSystemGlobbing.dll
                 Private = 'false'
                 HintPath = '/home/runner/.nuget/packages/microsoft.extensions.filesystemglobbing/8.0.0/lib/net8.0/Microsoft.Extensions.FileSystemGlobbing.dll'
             /home/runner/.nuget/packages/microsoft.extensions.objectpool/5.0.10/lib/net5.0/Microsoft.Extensions.ObjectPool.dll
                 Private = 'false'
                 HintPath = '/home/runner/.nuget/packages/microsoft.extensions.objectpool/5.0.10/lib/net5.0/Microsoft.Extensions.ObjectPool.dll'
             /home/runner/.nuget/packages/microsoft.extensions.primitives/8.0.0/lib/net8.0/Microsoft.Extensions.Primitives.dll
                 Private = 'false'
                 HintPath = '/home/runner/.nuget/packages/microsoft.extensions.primitives/8.0.0/lib/net8.0/Microsoft.Extensions.Primitives.dll'
             /home/runner/.nuget/packages/nacl.net/0.1.13/lib/netstandard2.1/NaCl.dll
                 Private = 'false'
                 HintPath = '/home/runner/.nuget/packages/nacl.net/0.1.13/lib/netstandard2.1/NaCl.dll'
             /home/runner/.nuget/packages/netmq/4.0.1.13/lib/netstandard2.1/NetMQ.dll
                 Private = 'false'
                 HintPath = '/home/runner/.nuget/packages/netmq/4.0.1.13/lib/netstandard2.1/NetMQ.dll'
             /home/runner/.nuget/packages/system.commandline/2.0.0-beta4.22272.1/lib/net6.0/System.CommandLine.dll
                 Private = 'false'
                 HintPath = '/home/runner/.nuget/packages/system.commandline/2.0.0-beta4.22272.1/lib/net6.0/System.CommandLine.dll'
             /home/runner/.nuget/packages/system.drawing.common/5.0.0/ref/netcoreapp3.0/System.Drawing.Common.dll
                 Private = 'false'
                 HintPath = '/home/runner/.nuget/packages/system.drawing.common/5.0.0/ref/netcoreapp3.0/System.Drawing.Common.dll'
             /home/runner/.nuget/packages/system.security.cryptography.xml/5.0.0/ref/netstandard2.0/System.Security.Cryptography.Xml.dll
                 Private = 'false'
                 HintPath = '/home/runner/.nuget/packages/system.security.cryptography.xml/5.0.0/ref/netstandard2.0/System.Security.Cryptography.Xml.dll'
             /home/runner/.nuget/packages/system.security.permissions/5.0.0/ref/net5.0/System.Security.Permissions.dll
                 Private = 'false'
                 HintPath = '/home/runner/.nuget/packages/system.security.permissions/5.0.0/ref/net5.0/System.Security.Permissions.dll'
             /home/runner/.nuget/packages/system.servicemodel.primitives/4.9.0/ref/net6.0/System.ServiceModel.Primitives.dll
                 Private = 'false'
                 HintPath = '/home/runner/.nuget/packages/system.servicemodel.primitives/4.9.0/ref/net6.0/System.ServiceModel.Primitives.dll'
             /home/runner/.nuget/packages/system.servicemodel.primitives/4.9.0/ref/net6.0/System.ServiceModel.dll
                 Private = 'false'
                 HintPath = '/home/runner/.nuget/packages/system.servicemodel.primitives/4.9.0/ref/net6.0/System.ServiceModel.dll'
             /home/runner/.nuget/packages/system.windows.extensions/5.0.0/ref/netcoreapp3.0/System.Windows.Extensions.dll
                 Private = 'false'
                 HintPath = '/home/runner/.nuget/packages/system.windows.extensions/5.0.0/ref/netcoreapp3.0/System.Windows.Extensions.dll'
             /nix/store/8y83na7h81fw5kr1msmjc7rvx329djp0-dotnet-sdk-8.0.300/packs/Microsoft.NETCore.App.Ref/8.0.5/ref/net8.0/Microsoft.CSharp.dll
                 Private = 'false'
             /nix/store/8y83na7h81fw5kr1msmjc7rvx329djp0-dotnet-sdk-8.0.300/packs/Microsoft.NETCore.App.Ref/8.0.5/ref/net8.0/Microsoft.VisualBasic.Core.dll
                 Private = 'false'
             /nix/store/8y83na7h81fw5kr1msmjc7rvx329djp0-dotnet-sdk-8.0.300/packs/Microsoft.NETCore.App.Ref/8.0.5/ref/net8.0/Microsoft.VisualBasic.dll
                 Private = 'false'
             /nix/store/8y83na7h81fw5kr1msmjc7rvx329djp0-dotnet-sdk-8.0.300/packs/Microsoft.NETCore.App.Ref/8.0.5/ref/net8.0/Microsoft.Win32.Primitives.dll
                 Private = 'false'
             /nix/store/8y83na7h81fw5kr1msmjc7rvx329djp0-dotnet-sdk-8.0.300/packs/Microsoft.NETCore.App.Ref/8.0.5/ref/net8.0/Microsoft.Win32.Registry.dll
                 Private = 'false'
             /nix/store/8y83na7h81fw5kr1msmjc7rvx329djp0-dotnet-sdk-8.0.300/packs/Microsoft.NETCore.App.Ref/8.0.5/ref/net8.0/System.AppContext.dll
                 Private = 'false'
             /nix/store/8y83na7h81fw5kr1msmjc7rvx329djp0-dotnet-sdk-8.0.300/packs/Microsoft.NETCore.App.Ref/8.0.5/ref/net8.0/System.Buffers.dll
                 Private = 'false'
             /nix/store/8y83na7h81fw5kr1msmjc7rvx329djp0-dotnet-sdk-8.0.300/packs/Microsoft.NETCore.App.Ref/8.0.5/ref/net8.0/System.Collections.Concurrent.dll
                 Private = 'false'
             /nix/store/8y83na7h81fw5kr1msmjc7rvx329djp0-dotnet-sdk-8.0.300/packs/Microsoft.NETCore.App.Ref/8.0.5/ref/net8.0/System.Collections.Immutable.dll
                 Private = 'false'
             /nix/store/8y83na7h81fw5kr1msmjc7rvx329djp0-dotnet-sdk-8.0.300/packs/Microsoft.NETCore.App.Ref/8.0.5/ref/net8.0/System.Collections.NonGeneric.dll
                 Private = 'false'
             /nix/store/8y83na7h81fw5kr1msmjc7rvx329djp0-dotnet-sdk-8.0.300/packs/Microsoft.NETCore.App.Ref/8.0.5/ref/net8.0/System.Collections.Specialized.dll
                 Private = 'false'
             /nix/store/8y83na7h81fw5kr1msmjc7rvx329djp0-dotnet-sdk-8.0.300/packs/Microsoft.NETCore.App.Ref/8.0.5/ref/net8.0/System.Collections.dll
                 Private = 'false'
             /nix/store/8y83na7h81fw5kr1msmjc7rvx329djp0-dotnet-sdk-8.0.300/packs/Microsoft.NETCore.App.Ref/8.0.5/ref/net8.0/System.ComponentModel.Annotations.dll
                 Private = 'false'
             /nix/store/8y83na7h81fw5kr1msmjc7rvx329djp0-dotnet-sdk-8.0.300/packs/Microsoft.NETCore.App.Ref/8.0.5/ref/net8.0/System.ComponentModel.DataAnnotations.dll
                 Private = 'false'
             /nix/store/8y83na7h81fw5kr1msmjc7rvx329djp0-dotnet-sdk-8.0.300/packs/Microsoft.NETCore.App.Ref/8.0.5/ref/net8.0/System.ComponentModel.EventBasedAsync.dll
                 Private = 'false'
             /nix/store/8y83na7h81fw5kr1msmjc7rvx329djp0-dotnet-sdk-8.0.300/packs/Microsoft.NETCore.App.Ref/8.0.5/ref/net8.0/System.ComponentModel.Primitives.dll
                 Private = 'false'
             /nix/store/8y83na7h81fw5kr1msmjc7rvx329djp0-dotnet-sdk-8.0.300/packs/Microsoft.NETCore.App.Ref/8.0.5/ref/net8.0/System.ComponentModel.TypeConverter.dll
                 Private = 'false'
             /nix/store/8y83na7h81fw5kr1msmjc7rvx329djp0-dotnet-sdk-8.0.300/packs/Microsoft.NETCore.App.Ref/8.0.5/ref/net8.0/System.ComponentModel.dll
                 Private = 'false'
             /nix/store/8y83na7h81fw5kr1msmjc7rvx329djp0-dotnet-sdk-8.0.300/packs/Microsoft.NETCore.App.Ref/8.0.5/ref/net8.0/System.Configuration.dll
                 Private = 'false'
             /nix/store/8y83na7h81fw5kr1msmjc7rvx329djp0-dotnet-sdk-8.0.300/packs/Microsoft.NETCore.App.Ref/8.0.5/ref/net8.0/System.Console.dll
                 Private = 'false'
             /nix/store/8y83na7h81fw5kr1msmjc7rvx329djp0-dotnet-sdk-8.0.300/packs/Microsoft.NETCore.App.Ref/8.0.5/ref/net8.0/System.Core.dll
                 Private = 'false'
             /nix/store/8y83na7h81fw5kr1msmjc7rvx329djp0-dotnet-sdk-8.0.300/packs/Microsoft.NETCore.App.Ref/8.0.5/ref/net8.0/System.Data.Common.dll
                 Private = 'false'
             /nix/store/8y83na7h81fw5kr1msmjc7rvx329djp0-dotnet-sdk-8.0.300/packs/Microsoft.NETCore.App.Ref/8.0.5/ref/net8.0/System.Data.DataSetExtensions.dll
                 Private = 'false'
             /nix/store/8y83na7h81fw5kr1msmjc7rvx329djp0-dotnet-sdk-8.0.300/packs/Microsoft.NETCore.App.Ref/8.0.5/ref/net8.0/System.Data.dll
                 Private = 'false'
             /nix/store/8y83na7h81fw5kr1msmjc7rvx329djp0-dotnet-sdk-8.0.300/packs/Microsoft.NETCore.App.Ref/8.0.5/ref/net8.0/System.Diagnostics.Contracts.dll
                 Private = 'false'
             /nix/store/8y83na7h81fw5kr1msmjc7rvx329djp0-dotnet-sdk-8.0.300/packs/Microsoft.NETCore.App.Ref/8.0.5/ref/net8.0/System.Diagnostics.Debug.dll
                 Private = 'false'
             /nix/store/8y83na7h81fw5kr1msmjc7rvx329djp0-dotnet-sdk-8.0.300/packs/Microsoft.NETCore.App.Ref/8.0.5/ref/net8.0/System.Diagnostics.DiagnosticSource.dll
                 Private = 'false'
             /nix/store/8y83na7h81fw5kr1msmjc7rvx329djp0-dotnet-sdk-8.0.300/packs/Microsoft.NETCore.App.Ref/8.0.5/ref/net8.0/System.Diagnostics.FileVersionInfo.dll
                 Private = 'false'
             /nix/store/8y83na7h81fw5kr1msmjc7rvx329djp0-dotnet-sdk-8.0.300/packs/Microsoft.NETCore.App.Ref/8.0.5/ref/net8.0/System.Diagnostics.Process.dll
                 Private = 'false'
             /nix/store/8y83na7h81fw5kr1msmjc7rvx329djp0-dotnet-sdk-8.0.300/packs/Microsoft.NETCore.App.Ref/8.0.5/ref/net8.0/System.Diagnostics.StackTrace.dll
                 Private = 'false'
             /nix/store/8y83na7h81fw5kr1msmjc7rvx329djp0-dotnet-sdk-8.0.300/packs/Microsoft.NETCore.App.Ref/8.0.5/ref/net8.0/System.Diagnostics.TextWriterTraceListener.dll
                 Private = 'false'
             /nix/store/8y83na7h81fw5kr1msmjc7rvx329djp0-dotnet-sdk-8.0.300/packs/Microsoft.NETCore.App.Ref/8.0.5/ref/net8.0/System.Diagnostics.Tools.dll
                 Private = 'false'
             /nix/store/8y83na7h81fw5kr1msmjc7rvx329djp0-dotnet-sdk-8.0.300/packs/Microsoft.NETCore.App.Ref/8.0.5/ref/net8.0/System.Diagnostics.TraceSource.dll
                 Private = 'false'
             /nix/store/8y83na7h81fw5kr1msmjc7rvx329djp0-dotnet-sdk-8.0.300/packs/Microsoft.NETCore.App.Ref/8.0.5/ref/net8.0/System.Diagnostics.Tracing.dll
                 Private = 'false'
             /nix/store/8y83na7h81fw5kr1msmjc7rvx329djp0-dotnet-sdk-8.0.300/packs/Microsoft.NETCore.App.Ref/8.0.5/ref/net8.0/System.Drawing.Primitives.dll
                 Private = 'false'
             /nix/store/8y83na7h81fw5kr1msmjc7rvx329djp0-dotnet-sdk-8.0.300/packs/Microsoft.NETCore.App.Ref/8.0.5/ref/net8.0/System.Drawing.dll
                 Private = 'false'
             /nix/store/8y83na7h81fw5kr1msmjc7rvx329djp0-dotnet-sdk-8.0.300/packs/Microsoft.NETCore.App.Ref/8.0.5/ref/net8.0/System.Dynamic.Runtime.dll
                 Private = 'false'
             /nix/store/8y83na7h81fw5kr1msmjc7rvx329djp0-dotnet-sdk-8.0.300/packs/Microsoft.NETCore.App.Ref/8.0.5/ref/net8.0/System.Formats.Asn1.dll
                 Private = 'false'
             /nix/store/8y83na7h81fw5kr1msmjc7rvx329djp0-dotnet-sdk-8.0.300/packs/Microsoft.NETCore.App.Ref/8.0.5/ref/net8.0/System.Formats.Tar.dll
                 Private = 'false'
             /nix/store/8y83na7h81fw5kr1msmjc7rvx329djp0-dotnet-sdk-8.0.300/packs/Microsoft.NETCore.App.Ref/8.0.5/ref/net8.0/System.Globalization.Calendars.dll
                 Private = 'false'
             /nix/store/8y83na7h81fw5kr1msmjc7rvx329djp0-dotnet-sdk-8.0.300/packs/Microsoft.NETCore.App.Ref/8.0.5/ref/net8.0/System.Globalization.Extensions.dll
                 Private = 'false'
             /nix/store/8y83na7h81fw5kr1msmjc7rvx329djp0-dotnet-sdk-8.0.300/packs/Microsoft.NETCore.App.Ref/8.0.5/ref/net8.0/System.Globalization.dll
                 Private = 'false'
             /nix/store/8y83na7h81fw5kr1msmjc7rvx329djp0-dotnet-sdk-8.0.300/packs/Microsoft.NETCore.App.Ref/8.0.5/ref/net8.0/System.IO.Compression.Brotli.dll
                 Private = 'false'
             /nix/store/8y83na7h81fw5kr1msmjc7rvx329djp0-dotnet-sdk-8.0.300/packs/Microsoft.NETCore.App.Ref/8.0.5/ref/net8.0/System.IO.Compression.FileSystem.dll
                 Private = 'false'
             /nix/store/8y83na7h81fw5kr1msmjc7rvx329djp0-dotnet-sdk-8.0.300/packs/Microsoft.NETCore.App.Ref/8.0.5/ref/net8.0/System.IO.Compression.ZipFile.dll
                 Private = 'false'
             /nix/store/8y83na7h81fw5kr1msmjc7rvx329djp0-dotnet-sdk-8.0.300/packs/Microsoft.NETCore.App.Ref/8.0.5/ref/net8.0/System.IO.Compression.dll
                 Private = 'false'
             /nix/store/8y83na7h81fw5kr1msmjc7rvx329djp0-dotnet-sdk-8.0.300/packs/Microsoft.NETCore.App.Ref/8.0.5/ref/net8.0/System.IO.FileSystem.AccessControl.dll
                 Private = 'false'
             /nix/store/8y83na7h81fw5kr1msmjc7rvx329djp0-dotnet-sdk-8.0.300/packs/Microsoft.NETCore.App.Ref/8.0.5/ref/net8.0/System.IO.FileSystem.DriveInfo.dll
                 Private = 'false'
             /nix/store/8y83na7h81fw5kr1msmjc7rvx329djp0-dotnet-sdk-8.0.300/packs/Microsoft.NETCore.App.Ref/8.0.5/ref/net8.0/System.IO.FileSystem.Primitives.dll
                 Private = 'false'
             /nix/store/8y83na7h81fw5kr1msmjc7rvx329djp0-dotnet-sdk-8.0.300/packs/Microsoft.NETCore.App.Ref/8.0.5/ref/net8.0/System.IO.FileSystem.Watcher.dll
                 Private = 'false'
             /nix/store/8y83na7h81fw5kr1msmjc7rvx329djp0-dotnet-sdk-8.0.300/packs/Microsoft.NETCore.App.Ref/8.0.5/ref/net8.0/System.IO.FileSystem.dll
                 Private = 'false'
             /nix/store/8y83na7h81fw5kr1msmjc7rvx329djp0-dotnet-sdk-8.0.300/packs/Microsoft.NETCore.App.Ref/8.0.5/ref/net8.0/System.IO.IsolatedStorage.dll
                 Private = 'false'
             /nix/store/8y83na7h81fw5kr1msmjc7rvx329djp0-dotnet-sdk-8.0.300/packs/Microsoft.NETCore.App.Ref/8.0.5/ref/net8.0/System.IO.MemoryMappedFiles.dll
                 Private = 'false'
             /nix/store/8y83na7h81fw5kr1msmjc7rvx329djp0-dotnet-sdk-8.0.300/packs/Microsoft.NETCore.App.Ref/8.0.5/ref/net8.0/System.IO.Pipes.AccessControl.dll
                 Private = 'false'
             /nix/store/8y83na7h81fw5kr1msmjc7rvx329djp0-dotnet-sdk-8.0.300/packs/Microsoft.NETCore.App.Ref/8.0.5/ref/net8.0/System.IO.Pipes.dll
                 Private = 'false'
             /nix/store/8y83na7h81fw5kr1msmjc7rvx329djp0-dotnet-sdk-8.0.300/packs/Microsoft.NETCore.App.Ref/8.0.5/ref/net8.0/System.IO.UnmanagedMemoryStream.dll
                 Private = 'false'
             /nix/store/8y83na7h81fw5kr1msmjc7rvx329djp0-dotnet-sdk-8.0.300/packs/Microsoft.NETCore.App.Ref/8.0.5/ref/net8.0/System.IO.dll
                 Private = 'false'
             /nix/store/8y83na7h81fw5kr1msmjc7rvx329djp0-dotnet-sdk-8.0.300/packs/Microsoft.NETCore.App.Ref/8.0.5/ref/net8.0/System.Linq.Expressions.dll
                 Private = 'false'
             /nix/store/8y83na7h81fw5kr1msmjc7rvx329djp0-dotnet-sdk-8.0.300/packs/Microsoft.NETCore.App.Ref/8.0.5/ref/net8.0/System.Linq.Parallel.dll
                 Private = 'false'
             /nix/store/8y83na7h81fw5kr1msmjc7rvx329djp0-dotnet-sdk-8.0.300/packs/Microsoft.NETCore.App.Ref/8.0.5/ref/net8.0/System.Linq.Queryable.dll
                 Private = 'false'
             /nix/store/8y83na7h81fw5kr1msmjc7rvx329djp0-dotnet-sdk-8.0.300/packs/Microsoft.NETCore.App.Ref/8.0.5/ref/net8.0/System.Linq.dll
                 Private = 'false'
             /nix/store/8y83na7h81fw5kr1msmjc7rvx329djp0-dotnet-sdk-8.0.300/packs/Microsoft.NETCore.App.Ref/8.0.5/ref/net8.0/System.Memory.dll
                 Private = 'false'
             /nix/store/8y83na7h81fw5kr1msmjc7rvx329djp0-dotnet-sdk-8.0.300/packs/Microsoft.NETCore.App.Ref/8.0.5/ref/net8.0/System.Net.Http.Json.dll
                 Private = 'false'
             /nix/store/8y83na7h81fw5kr1msmjc7rvx329djp0-dotnet-sdk-8.0.300/packs/Microsoft.NETCore.App.Ref/8.0.5/ref/net8.0/System.Net.Http.dll
                 Private = 'false'
             /nix/store/8y83na7h81fw5kr1msmjc7rvx329djp0-dotnet-sdk-8.0.300/packs/Microsoft.NETCore.App.Ref/8.0.5/ref/net8.0/System.Net.HttpListener.dll
                 Private = 'false'
             /nix/store/8y83na7h81fw5kr1msmjc7rvx329djp0-dotnet-sdk-8.0.300/packs/Microsoft.NETCore.App.Ref/8.0.5/ref/net8.0/System.Net.Mail.dll
                 Private = 'false'
             /nix/store/8y83na7h81fw5kr1msmjc7rvx329djp0-dotnet-sdk-8.0.300/packs/Microsoft.NETCore.App.Ref/8.0.5/ref/net8.0/System.Net.NameResolution.dll
                 Private = 'false'
             /nix/store/8y83na7h81fw5kr1msmjc7rvx329djp0-dotnet-sdk-8.0.300/packs/Microsoft.NETCore.App.Ref/8.0.5/ref/net8.0/System.Net.NetworkInformation.dll
                 Private = 'false'
             /nix/store/8y83na7h81fw5kr1msmjc7rvx329djp0-dotnet-sdk-8.0.300/packs/Microsoft.NETCore.App.Ref/8.0.5/ref/net8.0/System.Net.Ping.dll
                 Private = 'false'
             /nix/store/8y83na7h81fw5kr1msmjc7rvx329djp0-dotnet-sdk-8.0.300/packs/Microsoft.NETCore.App.Ref/8.0.5/ref/net8.0/System.Net.Primitives.dll
                 Private = 'false'
             /nix/store/8y83na7h81fw5kr1msmjc7rvx329djp0-dotnet-sdk-8.0.300/packs/Microsoft.NETCore.App.Ref/8.0.5/ref/net8.0/System.Net.Quic.dll
                 Private = 'false'
             /nix/store/8y83na7h81fw5kr1msmjc7rvx329djp0-dotnet-sdk-8.0.300/packs/Microsoft.NETCore.App.Ref/8.0.5/ref/net8.0/System.Net.Requests.dll
                 Private = 'false'
             /nix/store/8y83na7h81fw5kr1msmjc7rvx329djp0-dotnet-sdk-8.0.300/packs/Microsoft.NETCore.App.Ref/8.0.5/ref/net8.0/System.Net.Security.dll
                 Private = 'false'
             /nix/store/8y83na7h81fw5kr1msmjc7rvx329djp0-dotnet-sdk-8.0.300/packs/Microsoft.NETCore.App.Ref/8.0.5/ref/net8.0/System.Net.ServicePoint.dll
                 Private = 'false'
             /nix/store/8y83na7h81fw5kr1msmjc7rvx329djp0-dotnet-sdk-8.0.300/packs/Microsoft.NETCore.App.Ref/8.0.5/ref/net8.0/System.Net.Sockets.dll
                 Private = 'false'
             /nix/store/8y83na7h81fw5kr1msmjc7rvx329djp0-dotnet-sdk-8.0.300/packs/Microsoft.NETCore.App.Ref/8.0.5/ref/net8.0/System.Net.WebClient.dll
                 Private = 'false'
             /nix/store/8y83na7h81fw5kr1msmjc7rvx329djp0-dotnet-sdk-8.0.300/packs/Microsoft.NETCore.App.Ref/8.0.5/ref/net8.0/System.Net.WebHeaderCollection.dll
                 Private = 'false'
             /nix/store/8y83na7h81fw5kr1msmjc7rvx329djp0-dotnet-sdk-8.0.300/packs/Microsoft.NETCore.App.Ref/8.0.5/ref/net8.0/System.Net.WebProxy.dll
                 Private = 'false'
             /nix/store/8y83na7h81fw5kr1msmjc7rvx329djp0-dotnet-sdk-8.0.300/packs/Microsoft.NETCore.App.Ref/8.0.5/ref/net8.0/System.Net.WebSockets.Client.dll
                 Private = 'false'
             /nix/store/8y83na7h81fw5kr1msmjc7rvx329djp0-dotnet-sdk-8.0.300/packs/Microsoft.NETCore.App.Ref/8.0.5/ref/net8.0/System.Net.WebSockets.dll
                 Private = 'false'
             /nix/store/8y83na7h81fw5kr1msmjc7rvx329djp0-dotnet-sdk-8.0.300/packs/Microsoft.NETCore.App.Ref/8.0.5/ref/net8.0/System.Net.dll
                 Private = 'false'
             /nix/store/8y83na7h81fw5kr1msmjc7rvx329djp0-dotnet-sdk-8.0.300/packs/Microsoft.NETCore.App.Ref/8.0.5/ref/net8.0/System.Numerics.Vectors.dll
                 Private = 'false'
             /nix/store/8y83na7h81fw5kr1msmjc7rvx329djp0-dotnet-sdk-8.0.300/packs/Microsoft.NETCore.App.Ref/8.0.5/ref/net8.0/System.Numerics.dll
                 Private = 'false'
             /nix/store/8y83na7h81fw5kr1msmjc7rvx329djp0-dotnet-sdk-8.0.300/packs/Microsoft.NETCore.App.Ref/8.0.5/ref/net8.0/System.ObjectModel.dll
                 Private = 'false'
             /nix/store/8y83na7h81fw5kr1msmjc7rvx329djp0-dotnet-sdk-8.0.300/packs/Microsoft.NETCore.App.Ref/8.0.5/ref/net8.0/System.Reflection.DispatchProxy.dll
                 Private = 'false'
             /nix/store/8y83na7h81fw5kr1msmjc7rvx329djp0-dotnet-sdk-8.0.300/packs/Microsoft.NETCore.App.Ref/8.0.5/ref/net8.0/System.Reflection.Emit.ILGeneration.dll
                 Private = 'false'
             /nix/store/8y83na7h81fw5kr1msmjc7rvx329djp0-dotnet-sdk-8.0.300/packs/Microsoft.NETCore.App.Ref/8.0.5/ref/net8.0/System.Reflection.Emit.Lightweight.dll
                 Private = 'false'
             /nix/store/8y83na7h81fw5kr1msmjc7rvx329djp0-dotnet-sdk-8.0.300/packs/Microsoft.NETCore.App.Ref/8.0.5/ref/net8.0/System.Reflection.Emit.dll
                 Private = 'false'
             /nix/store/8y83na7h81fw5kr1msmjc7rvx329djp0-dotnet-sdk-8.0.300/packs/Microsoft.NETCore.App.Ref/8.0.5/ref/net8.0/System.Reflection.Extensions.dll
                 Private = 'false'
             /nix/store/8y83na7h81fw5kr1msmjc7rvx329djp0-dotnet-sdk-8.0.300/packs/Microsoft.NETCore.App.Ref/8.0.5/ref/net8.0/System.Reflection.Metadata.dll
                 Private = 'false'
             /nix/store/8y83na7h81fw5kr1msmjc7rvx329djp0-dotnet-sdk-8.0.300/packs/Microsoft.NETCore.App.Ref/8.0.5/ref/net8.0/System.Reflection.Primitives.dll
                 Private = 'false'
             /nix/store/8y83na7h81fw5kr1msmjc7rvx329djp0-dotnet-sdk-8.0.300/packs/Microsoft.NETCore.App.Ref/8.0.5/ref/net8.0/System.Reflection.TypeExtensions.dll
                 Private = 'false'
             /nix/store/8y83na7h81fw5kr1msmjc7rvx329djp0-dotnet-sdk-8.0.300/packs/Microsoft.NETCore.App.Ref/8.0.5/ref/net8.0/System.Reflection.dll
                 Private = 'false'
             /nix/store/8y83na7h81fw5kr1msmjc7rvx329djp0-dotnet-sdk-8.0.300/packs/Microsoft.NETCore.App.Ref/8.0.5/ref/net8.0/System.Resources.Reader.dll
                 Private = 'false'
             /nix/store/8y83na7h81fw5kr1msmjc7rvx329djp0-dotnet-sdk-8.0.300/packs/Microsoft.NETCore.App.Ref/8.0.5/ref/net8.0/System.Resources.ResourceManager.dll
                 Private = 'false'
             /nix/store/8y83na7h81fw5kr1msmjc7rvx329djp0-dotnet-sdk-8.0.300/packs/Microsoft.NETCore.App.Ref/8.0.5/ref/net8.0/System.Resources.Writer.dll
                 Private = 'false'
             /nix/store/8y83na7h81fw5kr1msmjc7rvx329djp0-dotnet-sdk-8.0.300/packs/Microsoft.NETCore.App.Ref/8.0.5/ref/net8.0/System.Runtime.CompilerServices.Unsafe.dll
                 Private = 'false'
             /nix/store/8y83na7h81fw5kr1msmjc7rvx329djp0-dotnet-sdk-8.0.300/packs/Microsoft.NETCore.App.Ref/8.0.5/ref/net8.0/System.Runtime.CompilerServices.VisualC.dll
                 Private = 'false'
             /nix/store/8y83na7h81fw5kr1msmjc7rvx329djp0-dotnet-sdk-8.0.300/packs/Microsoft.NETCore.App.Ref/8.0.5/ref/net8.0/System.Runtime.Extensions.dll
                 Private = 'false'
             /nix/store/8y83na7h81fw5kr1msmjc7rvx329djp0-dotnet-sdk-8.0.300/packs/Microsoft.NETCore.App.Ref/8.0.5/ref/net8.0/System.Runtime.Handles.dll
                 Private = 'false'
             /nix/store/8y83na7h81fw5kr1msmjc7rvx329djp0-dotnet-sdk-8.0.300/packs/Microsoft.NETCore.App.Ref/8.0.5/ref/net8.0/System.Runtime.InteropServices.JavaScript.dll
                 Private = 'false'
             /nix/store/8y83na7h81fw5kr1msmjc7rvx329djp0-dotnet-sdk-8.0.300/packs/Microsoft.NETCore.App.Ref/8.0.5/ref/net8.0/System.Runtime.InteropServices.RuntimeInformation.dll
                 Private = 'false'
             /nix/store/8y83na7h81fw5kr1msmjc7rvx329djp0-dotnet-sdk-8.0.300/packs/Microsoft.NETCore.App.Ref/8.0.5/ref/net8.0/System.Runtime.InteropServices.dll
                 Private = 'false'
             /nix/store/8y83na7h81fw5kr1msmjc7rvx329djp0-dotnet-sdk-8.0.300/packs/Microsoft.NETCore.App.Ref/8.0.5/ref/net8.0/System.Runtime.Intrinsics.dll
                 Private = 'false'
             /nix/store/8y83na7h81fw5kr1msmjc7rvx329djp0-dotnet-sdk-8.0.300/packs/Microsoft.NETCore.App.Ref/8.0.5/ref/net8.0/System.Runtime.Loader.dll
                 Private = 'false'
             /nix/store/8y83na7h81fw5kr1msmjc7rvx329djp0-dotnet-sdk-8.0.300/packs/Microsoft.NETCore.App.Ref/8.0.5/ref/net8.0/System.Runtime.Numerics.dll
                 Private = 'false'
             /nix/store/8y83na7h81fw5kr1msmjc7rvx329djp0-dotnet-sdk-8.0.300/packs/Microsoft.NETCore.App.Ref/8.0.5/ref/net8.0/System.Runtime.Serialization.Formatters.dll
                 Private = 'false'
             /nix/store/8y83na7h81fw5kr1msmjc7rvx329djp0-dotnet-sdk-8.0.300/packs/Microsoft.NETCore.App.Ref/8.0.5/ref/net8.0/System.Runtime.Serialization.Json.dll
                 Private = 'false'
             /nix/store/8y83na7h81fw5kr1msmjc7rvx329djp0-dotnet-sdk-8.0.300/packs/Microsoft.NETCore.App.Ref/8.0.5/ref/net8.0/System.Runtime.Serialization.Primitives.dll
                 Private = 'false'
             /nix/store/8y83na7h81fw5kr1msmjc7rvx329djp0-dotnet-sdk-8.0.300/packs/Microsoft.NETCore.App.Ref/8.0.5/ref/net8.0/System.Runtime.Serialization.Xml.dll
                 Private = 'false'
             /nix/store/8y83na7h81fw5kr1msmjc7rvx329djp0-dotnet-sdk-8.0.300/packs/Microsoft.NETCore.App.Ref/8.0.5/ref/net8.0/System.Runtime.Serialization.dll
                 Private = 'false'
             /nix/store/8y83na7h81fw5kr1msmjc7rvx329djp0-dotnet-sdk-8.0.300/packs/Microsoft.NETCore.App.Ref/8.0.5/ref/net8.0/System.Runtime.dll
                 Private = 'false'
             /nix/store/8y83na7h81fw5kr1msmjc7rvx329djp0-dotnet-sdk-8.0.300/packs/Microsoft.NETCore.App.Ref/8.0.5/ref/net8.0/System.Security.AccessControl.dll
                 Private = 'false'
             /nix/store/8y83na7h81fw5kr1msmjc7rvx329djp0-dotnet-sdk-8.0.300/packs/Microsoft.NETCore.App.Ref/8.0.5/ref/net8.0/System.Security.Claims.dll
                 Private = 'false'
             /nix/store/8y83na7h81fw5kr1msmjc7rvx329djp0-dotnet-sdk-8.0.300/packs/Microsoft.NETCore.App.Ref/8.0.5/ref/net8.0/System.Security.Cryptography.Algorithms.dll
                 Private = 'false'
             /nix/store/8y83na7h81fw5kr1msmjc7rvx329djp0-dotnet-sdk-8.0.300/packs/Microsoft.NETCore.App.Ref/8.0.5/ref/net8.0/System.Security.Cryptography.Cng.dll
                 Private = 'false'
             /nix/store/8y83na7h81fw5kr1msmjc7rvx329djp0-dotnet-sdk-8.0.300/packs/Microsoft.NETCore.App.Ref/8.0.5/ref/net8.0/System.Security.Cryptography.Csp.dll
                 Private = 'false'
             /nix/store/8y83na7h81fw5kr1msmjc7rvx329djp0-dotnet-sdk-8.0.300/packs/Microsoft.NETCore.App.Ref/8.0.5/ref/net8.0/System.Security.Cryptography.Encoding.dll
                 Private = 'false'
             /nix/store/8y83na7h81fw5kr1msmjc7rvx329djp0-dotnet-sdk-8.0.300/packs/Microsoft.NETCore.App.Ref/8.0.5/ref/net8.0/System.Security.Cryptography.OpenSsl.dll
                 Private = 'false'
             /nix/store/8y83na7h81fw5kr1msmjc7rvx329djp0-dotnet-sdk-8.0.300/packs/Microsoft.NETCore.App.Ref/8.0.5/ref/net8.0/System.Security.Cryptography.Primitives.dll
                 Private = 'false'
             /nix/store/8y83na7h81fw5kr1msmjc7rvx329djp0-dotnet-sdk-8.0.300/packs/Microsoft.NETCore.App.Ref/8.0.5/ref/net8.0/System.Security.Cryptography.X509Certificates.dll
                 Private = 'false'
             /nix/store/8y83na7h81fw5kr1msmjc7rvx329djp0-dotnet-sdk-8.0.300/packs/Microsoft.NETCore.App.Ref/8.0.5/ref/net8.0/System.Security.Cryptography.dll
                 Private = 'false'
             /nix/store/8y83na7h81fw5kr1msmjc7rvx329djp0-dotnet-sdk-8.0.300/packs/Microsoft.NETCore.App.Ref/8.0.5/ref/net8.0/System.Security.Principal.Windows.dll
                 Private = 'false'
             /nix/store/8y83na7h81fw5kr1msmjc7rvx329djp0-dotnet-sdk-8.0.300/packs/Microsoft.NETCore.App.Ref/8.0.5/ref/net8.0/System.Security.Principal.dll
                 Private = 'false'
             /nix/store/8y83na7h81fw5kr1msmjc7rvx329djp0-dotnet-sdk-8.0.300/packs/Microsoft.NETCore.App.Ref/8.0.5/ref/net8.0/System.Security.SecureString.dll
                 Private = 'false'
             /nix/store/8y83na7h81fw5kr1msmjc7rvx329djp0-dotnet-sdk-8.0.300/packs/Microsoft.NETCore.App.Ref/8.0.5/ref/net8.0/System.Security.dll
                 Private = 'false'
             /nix/store/8y83na7h81fw5kr1msmjc7rvx329djp0-dotnet-sdk-8.0.300/packs/Microsoft.NETCore.App.Ref/8.0.5/ref/net8.0/System.ServiceModel.Web.dll
                 Private = 'false'
             /nix/store/8y83na7h81fw5kr1msmjc7rvx329djp0-dotnet-sdk-8.0.300/packs/Microsoft.NETCore.App.Ref/8.0.5/ref/net8.0/System.ServiceProcess.dll
                 Private = 'false'
             /nix/store/8y83na7h81fw5kr1msmjc7rvx329djp0-dotnet-sdk-8.0.300/packs/Microsoft.NETCore.App.Ref/8.0.5/ref/net8.0/System.Text.Encoding.CodePages.dll
                 Private = 'false'
             /nix/store/8y83na7h81fw5kr1msmjc7rvx329djp0-dotnet-sdk-8.0.300/packs/Microsoft.NETCore.App.Ref/8.0.5/ref/net8.0/System.Text.Encoding.Extensions.dll
                 Private = 'false'
             /nix/store/8y83na7h81fw5kr1msmjc7rvx329djp0-dotnet-sdk-8.0.300/packs/Microsoft.NETCore.App.Ref/8.0.5/ref/net8.0/System.Text.Encoding.dll
                 Private = 'false'
             /nix/store/8y83na7h81fw5kr1msmjc7rvx329djp0-dotnet-sdk-8.0.300/packs/Microsoft.NETCore.App.Ref/8.0.5/ref/net8.0/System.Text.Encodings.Web.dll
                 Private = 'false'
             /nix/store/8y83na7h81fw5kr1msmjc7rvx329djp0-dotnet-sdk-8.0.300/packs/Microsoft.NETCore.App.Ref/8.0.5/ref/net8.0/System.Text.Json.dll
                 Private = 'false'
             /nix/store/8y83na7h81fw5kr1msmjc7rvx329djp0-dotnet-sdk-8.0.300/packs/Microsoft.NETCore.App.Ref/8.0.5/ref/net8.0/System.Text.RegularExpressions.dll
                 Private = 'false'
             /nix/store/8y83na7h81fw5kr1msmjc7rvx329djp0-dotnet-sdk-8.0.300/packs/Microsoft.NETCore.App.Ref/8.0.5/ref/net8.0/System.Threading.Channels.dll
                 Private = 'false'
             /nix/store/8y83na7h81fw5kr1msmjc7rvx329djp0-dotnet-sdk-8.0.300/packs/Microsoft.NETCore.App.Ref/8.0.5/ref/net8.0/System.Threading.Overlapped.dll
                 Private = 'false'
             /nix/store/8y83na7h81fw5kr1msmjc7rvx329djp0-dotnet-sdk-8.0.300/packs/Microsoft.NETCore.App.Ref/8.0.5/ref/net8.0/System.Threading.Tasks.Dataflow.dll
                 Private = 'false'
             /nix/store/8y83na7h81fw5kr1msmjc7rvx329djp0-dotnet-sdk-8.0.300/packs/Microsoft.NETCore.App.Ref/8.0.5/ref/net8.0/System.Threading.Tasks.Extensions.dll
                 Private = 'false'
             /nix/store/8y83na7h81fw5kr1msmjc7rvx329djp0-dotnet-sdk-8.0.300/packs/Microsoft.NETCore.App.Ref/8.0.5/ref/net8.0/System.Threading.Tasks.Parallel.dll
                 Private = 'false'
             /nix/store/8y83na7h81fw5kr1msmjc7rvx329djp0-dotnet-sdk-8.0.300/packs/Microsoft.NETCore.App.Ref/8.0.5/ref/net8.0/System.Threading.Tasks.dll
                 Private = 'false'
             /nix/store/8y83na7h81fw5kr1msmjc7rvx329djp0-dotnet-sdk-8.0.300/packs/Microsoft.NETCore.App.Ref/8.0.5/ref/net8.0/System.Threading.Thread.dll
                 Private = 'false'
             /nix/store/8y83na7h81fw5kr1msmjc7rvx329djp0-dotnet-sdk-8.0.300/packs/Microsoft.NETCore.App.Ref/8.0.5/ref/net8.0/System.Threading.ThreadPool.dll
                 Private = 'false'
             /nix/store/8y83na7h81fw5kr1msmjc7rvx329djp0-dotnet-sdk-8.0.300/packs/Microsoft.NETCore.App.Ref/8.0.5/ref/net8.0/System.Threading.Timer.dll
                 Private = 'false'
             /nix/store/8y83na7h81fw5kr1msmjc7rvx329djp0-dotnet-sdk-8.0.300/packs/Microsoft.NETCore.App.Ref/8.0.5/ref/net8.0/System.Threading.dll
                 Private = 'false'
             /nix/store/8y83na7h81fw5kr1msmjc7rvx329djp0-dotnet-sdk-8.0.300/packs/Microsoft.NETCore.App.Ref/8.0.5/ref/net8.0/System.Transactions.Local.dll
                 Private = 'false'
             /nix/store/8y83na7h81fw5kr1msmjc7rvx329djp0-dotnet-sdk-8.0.300/packs/Microsoft.NETCore.App.Ref/8.0.5/ref/net8.0/System.Transactions.dll
                 Private = 'false'
             /nix/store/8y83na7h81fw5kr1msmjc7rvx329djp0-dotnet-sdk-8.0.300/packs/Microsoft.NETCore.App.Ref/8.0.5/ref/net8.0/System.ValueTuple.dll
                 Private = 'false'
             /nix/store/8y83na7h81fw5kr1msmjc7rvx329djp0-dotnet-sdk-8.0.300/packs/Microsoft.NETCore.App.Ref/8.0.5/ref/net8.0/System.Web.HttpUtility.dll
                 Private = 'false'
             /nix/store/8y83na7h81fw5kr1msmjc7rvx329djp0-dotnet-sdk-8.0.300/packs/Microsoft.NETCore.App.Ref/8.0.5/ref/net8.0/System.Web.dll
                 Private = 'false'
             /nix/store/8y83na7h81fw5kr1msmjc7rvx329djp0-dotnet-sdk-8.0.300/packs/Microsoft.NETCore.App.Ref/8.0.5/ref/net8.0/System.Windows.dll
                 Private = 'false'
             /nix/store/8y83na7h81fw5kr1msmjc7rvx329djp0-dotnet-sdk-8.0.300/packs/Microsoft.NETCore.App.Ref/8.0.5/ref/net8.0/System.Xml.Linq.dll
                 Private = 'false'
             /nix/store/8y83na7h81fw5kr1msmjc7rvx329djp0-dotnet-sdk-8.0.300/packs/Microsoft.NETCore.App.Ref/8.0.5/ref/net8.0/System.Xml.ReaderWriter.dll
                 Private = 'false'
             /nix/store/8y83na7h81fw5kr1msmjc7rvx329djp0-dotnet-sdk-8.0.300/packs/Microsoft.NETCore.App.Ref/8.0.5/ref/net8.0/System.Xml.Serialization.dll
                 Private = 'false'
             /nix/store/8y83na7h81fw5kr1msmjc7rvx329djp0-dotnet-sdk-8.0.300/packs/Microsoft.NETCore.App.Ref/8.0.5/ref/net8.0/System.Xml.XDocument.dll
                 Private = 'false'
             /nix/store/8y83na7h81fw5kr1msmjc7rvx329djp0-dotnet-sdk-8.0.300/packs/Microsoft.NETCore.App.Ref/8.0.5/ref/net8.0/System.Xml.XPath.XDocument.dll
                 Private = 'false'
             /nix/store/8y83na7h81fw5kr1msmjc7rvx329djp0-dotnet-sdk-8.0.300/packs/Microsoft.NETCore.App.Ref/8.0.5/ref/net8.0/System.Xml.XPath.dll
                 Private = 'false'
             /nix/store/8y83na7h81fw5kr1msmjc7rvx329djp0-dotnet-sdk-8.0.300/packs/Microsoft.NETCore.App.Ref/8.0.5/ref/net8.0/System.Xml.XmlDocument.dll
                 Private = 'false'
             /nix/store/8y83na7h81fw5kr1msmjc7rvx329djp0-dotnet-sdk-8.0.300/packs/Microsoft.NETCore.App.Ref/8.0.5/ref/net8.0/System.Xml.XmlSerializer.dll
                 Private = 'false'
             /nix/store/8y83na7h81fw5kr1msmjc7rvx329djp0-dotnet-sdk-8.0.300/packs/Microsoft.NETCore.App.Ref/8.0.5/ref/net8.0/System.Xml.dll
                 Private = 'false'
             /nix/store/8y83na7h81fw5kr1msmjc7rvx329djp0-dotnet-sdk-8.0.300/packs/Microsoft.NETCore.App.Ref/8.0.5/ref/net8.0/System.dll
                 Private = 'false'
             /nix/store/8y83na7h81fw5kr1msmjc7rvx329djp0-dotnet-sdk-8.0.300/packs/Microsoft.NETCore.App.Ref/8.0.5/ref/net8.0/WindowsBase.dll
                 Private = 'false'
             /nix/store/8y83na7h81fw5kr1msmjc7rvx329djp0-dotnet-sdk-8.0.300/packs/Microsoft.NETCore.App.Ref/8.0.5/ref/net8.0/mscorlib.dll
                 Private = 'false'
             /nix/store/8y83na7h81fw5kr1msmjc7rvx329djp0-dotnet-sdk-8.0.300/packs/Microsoft.NETCore.App.Ref/8.0.5/ref/net8.0/netstandard.dll
                 Private = 'false'
         AssemblyFiles:
             /home/runner/workspace/MSA.Foundation/bin/Debug/net8.0/MSA.Foundation.dll
         CandidateAssemblyFiles:
         TargetFrameworkDirectories:
             
         InstalledAssemblyTables:
         IgnoreInstalledAssemblyTable:
             False
         SearchPaths:
             {CandidateAssemblyFiles}
             {HintPathFromItem}
             {TargetFrameworkDirectory}
             {RawFileName}
         AllowedAssemblyExtensions:
             .winmd
             .dll
             .exe
         AllowedRelatedFileExtensions:
             .pdb
             .xml
             .pri
             .dll.config
             .exe.config
         AppConfigFile:
             
         AutoUnify:
             True
         CopyLocalDependenciesWhenParentReferenceInGac:
             True
         FindDependencies:
             True
         TargetProcessorArchitecture:
             msil
         StateFile:
             obj/Debug/net8.0/PokerGame.Abstractions.csproj.AssemblyReference.cache
         InstalledAssemblySubsetTables:
         IgnoreInstalledAssemblySubsetTable:
             False
         TargetFrameworkSubsets:
         FullTargetFrameworkSubsetNames:
             Full
         ProfileName:
             
         FullFrameworkFolders:
         LatestTargetFrameworkDirectories:
         ProfileTablesLocation:
         Primary reference "MSA.Foundation, Version=1.0.0.0, Culture=neutral, PublicKeyToken=null".
             Resolved file path is "/home/runner/workspace/MSA.Foundation/bin/Debug/net8.0/MSA.Foundation.dll".
             Reference found at search path location "/home/runner/workspace/MSA.Foundation/bin/Debug/net8.0/MSA.Foundation.dll".
             Found related file "/home/runner/workspace/MSA.Foundation/bin/Debug/net8.0/MSA.Foundation.pdb".
             The ImageRuntimeVersion for this reference is "".
         Primary reference "AsyncIO, Version=0.1.69.0, Culture=neutral, PublicKeyToken=44a94435bd6f33f8".
             Resolved file path is "/home/runner/.nuget/packages/asyncio/0.1.69/lib/netstandard2.0/AsyncIO.dll".
             Reference found at search path location "{HintPathFromItem}".
             This reference is not "CopyLocal" because at least one source item had "Private" set to "false" and no source items had "Private" set to "true".
             The ImageRuntimeVersion for this reference is "".
         Primary reference "Microsoft.ApplicationInsights, Version=2.22.0.997, Culture=neutral, PublicKeyToken=31bf3856ad364e35".
             Resolved file path is "/home/runner/.nuget/packages/microsoft.applicationinsights/2.22.0/lib/netstandard2.0/Microsoft.ApplicationInsights.dll".
             Reference found at search path location "{HintPathFromItem}".
             This reference is not "CopyLocal" because at least one source item had "Private" set to "false" and no source items had "Private" set to "true".
             The ImageRuntimeVersion for this reference is "".
         Primary reference "Microsoft.AI.DependencyCollector, Version=2.22.0.997, Culture=neutral, PublicKeyToken=31bf3856ad364e35".
             Resolved file path is "/home/runner/.nuget/packages/microsoft.applicationinsights.dependencycollector/2.22.0/lib/netstandard2.0/Microsoft.AI.DependencyCollector.dll".
             Reference found at search path location "{HintPathFromItem}".
             This reference is not "CopyLocal" because at least one source item had "Private" set to "false" and no source items had "Private" set to "true".
             The ImageRuntimeVersion for this reference is "".
         Primary reference "Microsoft.Bcl.AsyncInterfaces, Version=5.0.0.0, Culture=neutral, PublicKeyToken=cc7b13ffcd2ddd51".
             Resolved file path is "/home/runner/.nuget/packages/microsoft.bcl.asyncinterfaces/5.0.0/lib/netstandard2.1/Microsoft.Bcl.AsyncInterfaces.dll".
             Reference found at search path location "{HintPathFromItem}".
             This reference is not "CopyLocal" because at least one source item had "Private" set to "false" and no source items had "Private" set to "true".
             The ImageRuntimeVersion for this reference is "".
         Primary reference "Microsoft.Extensions.Configuration, Version=8.0.0.0, Culture=neutral, PublicKeyToken=adb9793829ddae60".
             Resolved file path is "/home/runner/.nuget/packages/microsoft.extensions.configuration/8.0.0/lib/net8.0/Microsoft.Extensions.Configuration.dll".
             Reference found at search path location "{HintPathFromItem}".
             This reference is not "CopyLocal" because at least one source item had "Private" set to "false" and no source items had "Private" set to "true".
             The ImageRuntimeVersion for this reference is "".
         Primary reference "Microsoft.Extensions.Configuration.Abstractions, Version=8.0.0.0, Culture=neutral, PublicKeyToken=adb9793829ddae60".
             Resolved file path is "/home/runner/.nuget/packages/microsoft.extensions.configuration.abstractions/8.0.0/lib/net8.0/Microsoft.Extensions.Configuration.Abstractions.dll".
             Reference found at search path location "{HintPathFromItem}".
             This reference is not "CopyLocal" because at least one source item had "Private" set to "false" and no source items had "Private" set to "true".
             The ImageRuntimeVersion for this reference is "".
         Primary reference "Microsoft.Extensions.Configuration.EnvironmentVariables, Version=8.0.0.0, Culture=neutral, PublicKeyToken=adb9793829ddae60".
             Resolved file path is "/home/runner/.nuget/packages/microsoft.extensions.configuration.environmentvariables/8.0.0/lib/net8.0/Microsoft.Extensions.Configuration.EnvironmentVariables.dll".
             Reference found at search path location "{HintPathFromItem}".
             This reference is not "CopyLocal" because at least one source item had "Private" set to "false" and no source items had "Private" set to "true".
             The ImageRuntimeVersion for this reference is "".
         Primary reference "Microsoft.Extensions.Configuration.FileExtensions, Version=8.0.0.0, Culture=neutral, PublicKeyToken=adb9793829ddae60".
             Resolved file path is "/home/runner/.nuget/packages/microsoft.extensions.configuration.fileextensions/8.0.0/lib/net8.0/Microsoft.Extensions.Configuration.FileExtensions.dll".
             Reference found at search path location "{HintPathFromItem}".
             This reference is not "CopyLocal" because at least one source item had "Private" set to "false" and no source items had "Private" set to "true".
             The ImageRuntimeVersion for this reference is "".
         Primary reference "Microsoft.Extensions.Configuration.Json, Version=8.0.0.0, Culture=neutral, PublicKeyToken=adb9793829ddae60".
             Resolved file path is "/home/runner/.nuget/packages/microsoft.extensions.configuration.json/8.0.0/lib/net8.0/Microsoft.Extensions.Configuration.Json.dll".
             Reference found at search path location "{HintPathFromItem}".
             This reference is not "CopyLocal" because at least one source item had "Private" set to "false" and no source items had "Private" set to "true".
             The ImageRuntimeVersion for this reference is "".
         Primary reference "Microsoft.Extensions.FileProviders.Abstractions, Version=8.0.0.0, Culture=neutral, PublicKeyToken=adb9793829ddae60".
             Resolved file path is "/home/runner/.nuget/packages/microsoft.extensions.fileproviders.abstractions/8.0.0/lib/net8.0/Microsoft.Extensions.FileProviders.Abstractions.dll".
             Reference found at search path location "{HintPathFromItem}".
             This reference is not "CopyLocal" because at least one source item had "Private" set to "false" and no source items had "Private" set to "true".
             The ImageRuntimeVersion for this reference is "".
         Primary reference "Microsoft.Extensions.FileProviders.Physical, Version=8.0.0.0, Culture=neutral, PublicKeyToken=adb9793829ddae60".
             Resolved file path is "/home/runner/.nuget/packages/microsoft.extensions.fileproviders.physical/8.0.0/lib/net8.0/Microsoft.Extensions.FileProviders.Physical.dll".
             Reference found at search path location "{HintPathFromItem}".
             This reference is not "CopyLocal" because at least one source item had "Private" set to "false" and no source items had "Private" set to "true".
             The ImageRuntimeVersion for this reference is "".
         Primary reference "Microsoft.Extensions.FileSystemGlobbing, Version=8.0.0.0, Culture=neutral, PublicKeyToken=adb9793829ddae60".
             Resolved file path is "/home/runner/.nuget/packages/microsoft.extensions.filesystemglobbing/8.0.0/lib/net8.0/Microsoft.Extensions.FileSystemGlobbing.dll".
             Reference found at search path location "{HintPathFromItem}".
             This reference is not "CopyLocal" because at least one source item had "Private" set to "false" and no source items had "Private" set to "true".
             The ImageRuntimeVersion for this reference is "".
         Primary reference "Microsoft.Extensions.ObjectPool, Version=5.0.0.0, Culture=neutral, PublicKeyToken=adb9793829ddae60".
             Resolved file path is "/home/runner/.nuget/packages/microsoft.extensions.objectpool/5.0.10/lib/net5.0/Microsoft.Extensions.ObjectPool.dll".
             Reference found at search path location "{HintPathFromItem}".
             This reference is not "CopyLocal" because at least one source item had "Private" set to "false" and no source items had "Private" set to "true".
             The ImageRuntimeVersion for this reference is "".
         Primary reference "Microsoft.Extensions.Primitives, Version=8.0.0.0, Culture=neutral, PublicKeyToken=adb9793829ddae60".
             Resolved file path is "/home/runner/.nuget/packages/microsoft.extensions.primitives/8.0.0/lib/net8.0/Microsoft.Extensions.Primitives.dll".
             Reference found at search path location "{HintPathFromItem}".
             This reference is not "CopyLocal" because at least one source item had "Private" set to "false" and no source items had "Private" set to "true".
             The ImageRuntimeVersion for this reference is "".
         Primary reference "NaCl, Version=0.1.13.0, Culture=neutral, PublicKeyToken=827c20e50a9775fa".
             Resolved file path is "/home/runner/.nuget/packages/nacl.net/0.1.13/lib/netstandard2.1/NaCl.dll".
             Reference found at search path location "{HintPathFromItem}".
             This reference is not "CopyLocal" because at least one source item had "Private" set to "false" and no source items had "Private" set to "true".
             The ImageRuntimeVersion for this reference is "".
         Primary reference "NetMQ, Version=4.0.1.13, Culture=neutral, PublicKeyToken=a6decef4ddc58b3a".
             Resolved file path is "/home/runner/.nuget/packages/netmq/4.0.1.13/lib/netstandard2.1/NetMQ.dll".
             Reference found at search path location "{HintPathFromItem}".
             This reference is not "CopyLocal" because at least one source item had "Private" set to "false" and no source items had "Private" set to "true".
             The ImageRuntimeVersion for this reference is "".
         Primary reference "System.CommandLine, Version=2.0.0.0, Culture=neutral, PublicKeyToken=31bf3856ad364e35".
             Resolved file path is "/home/runner/.nuget/packages/system.commandline/2.0.0-beta4.22272.1/lib/net6.0/System.CommandLine.dll".
             Reference found at search path location "{HintPathFromItem}".
             This reference is not "CopyLocal" because at least one source item had "Private" set to "false" and no source items had "Private" set to "true".
             The ImageRuntimeVersion for this reference is "".
         Primary reference "System.Drawing.Common, Version=5.0.0.0, Culture=neutral, PublicKeyToken=cc7b13ffcd2ddd51".
             Resolved file path is "/home/runner/.nuget/packages/system.drawing.common/5.0.0/ref/netcoreapp3.0/System.Drawing.Common.dll".
             Reference found at search path location "{HintPathFromItem}".
             This reference is not "CopyLocal" because at least one source item had "Private" set to "false" and no source items had "Private" set to "true".
             The ImageRuntimeVersion for this reference is "".
         Primary reference "System.Security.Cryptography.Xml, Version=5.0.0.0, Culture=neutral, PublicKeyToken=cc7b13ffcd2ddd51".
             Resolved file path is "/home/runner/.nuget/packages/system.security.cryptography.xml/5.0.0/ref/netstandard2.0/System.Security.Cryptography.Xml.dll".
             Reference found at search path location "{HintPathFromItem}".
             This reference is not "CopyLocal" because at least one source item had "Private" set to "false" and no source items had "Private" set to "true".
             The ImageRuntimeVersion for this reference is "".
         Primary reference "System.Security.Permissions, Version=5.0.0.0, Culture=neutral, PublicKeyToken=cc7b13ffcd2ddd51".
             Resolved file path is "/home/runner/.nuget/packages/system.security.permissions/5.0.0/ref/net5.0/System.Security.Permissions.dll".
             Reference found at search path location "{HintPathFromItem}".
             This reference is not "CopyLocal" because at least one source item had "Private" set to "false" and no source items had "Private" set to "true".
             The ImageRuntimeVersion for this reference is "".
         Primary reference "System.ServiceModel.Primitives, Version=4.9.0.0, Culture=neutral, PublicKeyToken=b03f5f7f11d50a3a".
             Resolved file path is "/home/runner/.nuget/packages/system.servicemodel.primitives/4.9.0/ref/net6.0/System.ServiceModel.Primitives.dll".
             Reference found at search path location "{HintPathFromItem}".
             This reference is not "CopyLocal" because at least one source item had "Private" set to "false" and no source items had "Private" set to "true".
             The ImageRuntimeVersion for this reference is "".
         Primary reference "System.ServiceModel, Version=4.0.0.0, Culture=neutral, PublicKeyToken=b77a5c561934e089".
             Resolved file path is "/home/runner/.nuget/packages/system.servicemodel.primitives/4.9.0/ref/net6.0/System.ServiceModel.dll".
             Reference found at search path location "{HintPathFromItem}".
             This reference is not "CopyLocal" because at least one source item had "Private" set to "false" and no source items had "Private" set to "true".
             The ImageRuntimeVersion for this reference is "".
         Primary reference "System.Windows.Extensions, Version=5.0.0.0, Culture=neutral, PublicKeyToken=cc7b13ffcd2ddd51".
             Resolved file path is "/home/runner/.nuget/packages/system.windows.extensions/5.0.0/ref/netcoreapp3.0/System.Windows.Extensions.dll".
             Reference found at search path location "{HintPathFromItem}".
             This reference is not "CopyLocal" because at least one source item had "Private" set to "false" and no source items had "Private" set to "true".
             The ImageRuntimeVersion for this reference is "".
         Primary reference "Microsoft.CSharp, Version=8.0.0.0, Culture=neutral, PublicKeyToken=b03f5f7f11d50a3a".
             Resolved file path is "/nix/store/8y83na7h81fw5kr1msmjc7rvx329djp0-dotnet-sdk-8.0.300/packs/Microsoft.NETCore.App.Ref/8.0.5/ref/net8.0/Microsoft.CSharp.dll".
             Reference found at search path location "{RawFileName}".
             This reference is not "CopyLocal" because at least one source item had "Private" set to "false" and no source items had "Private" set to "true".
             The ImageRuntimeVersion for this reference is "".
         Primary reference "Microsoft.VisualBasic.Core, Version=13.0.0.0, Culture=neutral, PublicKeyToken=b03f5f7f11d50a3a".
             Resolved file path is "/nix/store/8y83na7h81fw5kr1msmjc7rvx329djp0-dotnet-sdk-8.0.300/packs/Microsoft.NETCore.App.Ref/8.0.5/ref/net8.0/Microsoft.VisualBasic.Core.dll".
             Reference found at search path location "{RawFileName}".
             This reference is not "CopyLocal" because at least one source item had "Private" set to "false" and no source items had "Private" set to "true".
             The ImageRuntimeVersion for this reference is "".
         Primary reference "Microsoft.VisualBasic, Version=10.0.0.0, Culture=neutral, PublicKeyToken=b03f5f7f11d50a3a".
             Resolved file path is "/nix/store/8y83na7h81fw5kr1msmjc7rvx329djp0-dotnet-sdk-8.0.300/packs/Microsoft.NETCore.App.Ref/8.0.5/ref/net8.0/Microsoft.VisualBasic.dll".
             Reference found at search path location "{RawFileName}".
             This reference is not "CopyLocal" because at least one source item had "Private" set to "false" and no source items had "Private" set to "true".
             The ImageRuntimeVersion for this reference is "".
         Primary reference "Microsoft.Win32.Primitives, Version=8.0.0.0, Culture=neutral, PublicKeyToken=b03f5f7f11d50a3a".
             Resolved file path is "/nix/store/8y83na7h81fw5kr1msmjc7rvx329djp0-dotnet-sdk-8.0.300/packs/Microsoft.NETCore.App.Ref/8.0.5/ref/net8.0/Microsoft.Win32.Primitives.dll".
             Reference found at search path location "{RawFileName}".
             This reference is not "CopyLocal" because at least one source item had "Private" set to "false" and no source items had "Private" set to "true".
             The ImageRuntimeVersion for this reference is "".
         Primary reference "Microsoft.Win32.Registry, Version=8.0.0.0, Culture=neutral, PublicKeyToken=b03f5f7f11d50a3a".
             Resolved file path is "/nix/store/8y83na7h81fw5kr1msmjc7rvx329djp0-dotnet-sdk-8.0.300/packs/Microsoft.NETCore.App.Ref/8.0.5/ref/net8.0/Microsoft.Win32.Registry.dll".
             Reference found at search path location "{RawFileName}".
             This reference is not "CopyLocal" because at least one source item had "Private" set to "false" and no source items had "Private" set to "true".
             The ImageRuntimeVersion for this reference is "".
         Primary reference "System.AppContext, Version=8.0.0.0, Culture=neutral, PublicKeyToken=b03f5f7f11d50a3a".
             Resolved file path is "/nix/store/8y83na7h81fw5kr1msmjc7rvx329djp0-dotnet-sdk-8.0.300/packs/Microsoft.NETCore.App.Ref/8.0.5/ref/net8.0/System.AppContext.dll".
             Reference found at search path location "{RawFileName}".
             This reference is not "CopyLocal" because at least one source item had "Private" set to "false" and no source items had "Private" set to "true".
             The ImageRuntimeVersion for this reference is "".
         Primary reference "System.Buffers, Version=8.0.0.0, Culture=neutral, PublicKeyToken=cc7b13ffcd2ddd51".
             Resolved file path is "/nix/store/8y83na7h81fw5kr1msmjc7rvx329djp0-dotnet-sdk-8.0.300/packs/Microsoft.NETCore.App.Ref/8.0.5/ref/net8.0/System.Buffers.dll".
             Reference found at search path location "{RawFileName}".
             This reference is not "CopyLocal" because at least one source item had "Private" set to "false" and no source items had "Private" set to "true".
             The ImageRuntimeVersion for this reference is "".
         Primary reference "System.Collections.Concurrent, Version=8.0.0.0, Culture=neutral, PublicKeyToken=b03f5f7f11d50a3a".
             Resolved file path is "/nix/store/8y83na7h81fw5kr1msmjc7rvx329djp0-dotnet-sdk-8.0.300/packs/Microsoft.NETCore.App.Ref/8.0.5/ref/net8.0/System.Collections.Concurrent.dll".
             Reference found at search path location "{RawFileName}".
             This reference is not "CopyLocal" because at least one source item had "Private" set to "false" and no source items had "Private" set to "true".
             The ImageRuntimeVersion for this reference is "".
         Primary reference "System.Collections.Immutable, Version=8.0.0.0, Culture=neutral, PublicKeyToken=b03f5f7f11d50a3a".
             Resolved file path is "/nix/store/8y83na7h81fw5kr1msmjc7rvx329djp0-dotnet-sdk-8.0.300/packs/Microsoft.NETCore.App.Ref/8.0.5/ref/net8.0/System.Collections.Immutable.dll".
             Reference found at search path location "{RawFileName}".
             This reference is not "CopyLocal" because at least one source item had "Private" set to "false" and no source items had "Private" set to "true".
             The ImageRuntimeVersion for this reference is "".
         Primary reference "System.Collections.NonGeneric, Version=8.0.0.0, Culture=neutral, PublicKeyToken=b03f5f7f11d50a3a".
             Resolved file path is "/nix/store/8y83na7h81fw5kr1msmjc7rvx329djp0-dotnet-sdk-8.0.300/packs/Microsoft.NETCore.App.Ref/8.0.5/ref/net8.0/System.Collections.NonGeneric.dll".
             Reference found at search path location "{RawFileName}".
             This reference is not "CopyLocal" because at least one source item had "Private" set to "false" and no source items had "Private" set to "true".
             The ImageRuntimeVersion for this reference is "".
         Primary reference "System.Collections.Specialized, Version=8.0.0.0, Culture=neutral, PublicKeyToken=b03f5f7f11d50a3a".
             Resolved file path is "/nix/store/8y83na7h81fw5kr1msmjc7rvx329djp0-dotnet-sdk-8.0.300/packs/Microsoft.NETCore.App.Ref/8.0.5/ref/net8.0/System.Collections.Specialized.dll".
             Reference found at search path location "{RawFileName}".
             This reference is not "CopyLocal" because at least one source item had "Private" set to "false" and no source items had "Private" set to "true".
             The ImageRuntimeVersion for this reference is "".
         Primary reference "System.Collections, Version=8.0.0.0, Culture=neutral, PublicKeyToken=b03f5f7f11d50a3a".
             Resolved file path is "/nix/store/8y83na7h81fw5kr1msmjc7rvx329djp0-dotnet-sdk-8.0.300/packs/Microsoft.NETCore.App.Ref/8.0.5/ref/net8.0/System.Collections.dll".
             Reference found at search path location "{RawFileName}".
             This reference is not "CopyLocal" because at least one source item had "Private" set to "false" and no source items had "Private" set to "true".
             The ImageRuntimeVersion for this reference is "".
         Primary reference "System.ComponentModel.Annotations, Version=8.0.0.0, Culture=neutral, PublicKeyToken=b03f5f7f11d50a3a".
             Resolved file path is "/nix/store/8y83na7h81fw5kr1msmjc7rvx329djp0-dotnet-sdk-8.0.300/packs/Microsoft.NETCore.App.Ref/8.0.5/ref/net8.0/System.ComponentModel.Annotations.dll".
             Reference found at search path location "{RawFileName}".
             This reference is not "CopyLocal" because at least one source item had "Private" set to "false" and no source items had "Private" set to "true".
             The ImageRuntimeVersion for this reference is "".
         Primary reference "System.ComponentModel.DataAnnotations, Version=4.0.0.0, Culture=neutral, PublicKeyToken=31bf3856ad364e35".
             Resolved file path is "/nix/store/8y83na7h81fw5kr1msmjc7rvx329djp0-dotnet-sdk-8.0.300/packs/Microsoft.NETCore.App.Ref/8.0.5/ref/net8.0/System.ComponentModel.DataAnnotations.dll".
             Reference found at search path location "{RawFileName}".
             This reference is not "CopyLocal" because at least one source item had "Private" set to "false" and no source items had "Private" set to "true".
             The ImageRuntimeVersion for this reference is "".
         Primary reference "System.ComponentModel.EventBasedAsync, Version=8.0.0.0, Culture=neutral, PublicKeyToken=b03f5f7f11d50a3a".
             Resolved file path is "/nix/store/8y83na7h81fw5kr1msmjc7rvx329djp0-dotnet-sdk-8.0.300/packs/Microsoft.NETCore.App.Ref/8.0.5/ref/net8.0/System.ComponentModel.EventBasedAsync.dll".
             Reference found at search path location "{RawFileName}".
             This reference is not "CopyLocal" because at least one source item had "Private" set to "false" and no source items had "Private" set to "true".
             The ImageRuntimeVersion for this reference is "".
         Primary reference "System.ComponentModel.Primitives, Version=8.0.0.0, Culture=neutral, PublicKeyToken=b03f5f7f11d50a3a".
             Resolved file path is "/nix/store/8y83na7h81fw5kr1msmjc7rvx329djp0-dotnet-sdk-8.0.300/packs/Microsoft.NETCore.App.Ref/8.0.5/ref/net8.0/System.ComponentModel.Primitives.dll".
             Reference found at search path location "{RawFileName}".
             This reference is not "CopyLocal" because at least one source item had "Private" set to "false" and no source items had "Private" set to "true".
             The ImageRuntimeVersion for this reference is "".
         Primary reference "System.ComponentModel.TypeConverter, Version=8.0.0.0, Culture=neutral, PublicKeyToken=b03f5f7f11d50a3a".
             Resolved file path is "/nix/store/8y83na7h81fw5kr1msmjc7rvx329djp0-dotnet-sdk-8.0.300/packs/Microsoft.NETCore.App.Ref/8.0.5/ref/net8.0/System.ComponentModel.TypeConverter.dll".
             Reference found at search path location "{RawFileName}".
             This reference is not "CopyLocal" because at least one source item had "Private" set to "false" and no source items had "Private" set to "true".
             The ImageRuntimeVersion for this reference is "".
         Primary reference "System.ComponentModel, Version=8.0.0.0, Culture=neutral, PublicKeyToken=b03f5f7f11d50a3a".
             Resolved file path is "/nix/store/8y83na7h81fw5kr1msmjc7rvx329djp0-dotnet-sdk-8.0.300/packs/Microsoft.NETCore.App.Ref/8.0.5/ref/net8.0/System.ComponentModel.dll".
             Reference found at search path location "{RawFileName}".
             This reference is not "CopyLocal" because at least one source item had "Private" set to "false" and no source items had "Private" set to "true".
             The ImageRuntimeVersion for this reference is "".
         Primary reference "System.Configuration, Version=4.0.0.0, Culture=neutral, PublicKeyToken=b03f5f7f11d50a3a".
             Resolved file path is "/nix/store/8y83na7h81fw5kr1msmjc7rvx329djp0-dotnet-sdk-8.0.300/packs/Microsoft.NETCore.App.Ref/8.0.5/ref/net8.0/System.Configuration.dll".
             Reference found at search path location "{RawFileName}".
             This reference is not "CopyLocal" because at least one source item had "Private" set to "false" and no source items had "Private" set to "true".
             The ImageRuntimeVersion for this reference is "".
         Primary reference "System.Console, Version=8.0.0.0, Culture=neutral, PublicKeyToken=b03f5f7f11d50a3a".
             Resolved file path is "/nix/store/8y83na7h81fw5kr1msmjc7rvx329djp0-dotnet-sdk-8.0.300/packs/Microsoft.NETCore.App.Ref/8.0.5/ref/net8.0/System.Console.dll".
             Reference found at search path location "{RawFileName}".
             This reference is not "CopyLocal" because at least one source item had "Private" set to "false" and no source items had "Private" set to "true".
             The ImageRuntimeVersion for this reference is "".
         Primary reference "System.Core, Version=4.0.0.0, Culture=neutral, PublicKeyToken=b77a5c561934e089".
             Resolved file path is "/nix/store/8y83na7h81fw5kr1msmjc7rvx329djp0-dotnet-sdk-8.0.300/packs/Microsoft.NETCore.App.Ref/8.0.5/ref/net8.0/System.Core.dll".
             Reference found at search path location "{RawFileName}".
             This reference is not "CopyLocal" because at least one source item had "Private" set to "false" and no source items had "Private" set to "true".
             The ImageRuntimeVersion for this reference is "".
         Primary reference "System.Data.Common, Version=8.0.0.0, Culture=neutral, PublicKeyToken=b03f5f7f11d50a3a".
             Resolved file path is "/nix/store/8y83na7h81fw5kr1msmjc7rvx329djp0-dotnet-sdk-8.0.300/packs/Microsoft.NETCore.App.Ref/8.0.5/ref/net8.0/System.Data.Common.dll".
             Reference found at search path location "{RawFileName}".
             This reference is not "CopyLocal" because at least one source item had "Private" set to "false" and no source items had "Private" set to "true".
             The ImageRuntimeVersion for this reference is "".
         Primary reference "System.Data.DataSetExtensions, Version=8.0.0.0, Culture=neutral, PublicKeyToken=b77a5c561934e089".
             Resolved file path is "/nix/store/8y83na7h81fw5kr1msmjc7rvx329djp0-dotnet-sdk-8.0.300/packs/Microsoft.NETCore.App.Ref/8.0.5/ref/net8.0/System.Data.DataSetExtensions.dll".
             Reference found at search path location "{RawFileName}".
             This reference is not "CopyLocal" because at least one source item had "Private" set to "false" and no source items had "Private" set to "true".
             The ImageRuntimeVersion for this reference is "".
         Primary reference "System.Data, Version=4.0.0.0, Culture=neutral, PublicKeyToken=b77a5c561934e089".
             Resolved file path is "/nix/store/8y83na7h81fw5kr1msmjc7rvx329djp0-dotnet-sdk-8.0.300/packs/Microsoft.NETCore.App.Ref/8.0.5/ref/net8.0/System.Data.dll".
             Reference found at search path location "{RawFileName}".
             This reference is not "CopyLocal" because at least one source item had "Private" set to "false" and no source items had "Private" set to "true".
             The ImageRuntimeVersion for this reference is "".
         Primary reference "System.Diagnostics.Contracts, Version=8.0.0.0, Culture=neutral, PublicKeyToken=b03f5f7f11d50a3a".
             Resolved file path is "/nix/store/8y83na7h81fw5kr1msmjc7rvx329djp0-dotnet-sdk-8.0.300/packs/Microsoft.NETCore.App.Ref/8.0.5/ref/net8.0/System.Diagnostics.Contracts.dll".
             Reference found at search path location "{RawFileName}".
             This reference is not "CopyLocal" because at least one source item had "Private" set to "false" and no source items had "Private" set to "true".
             The ImageRuntimeVersion for this reference is "".
         Primary reference "System.Diagnostics.Debug, Version=8.0.0.0, Culture=neutral, PublicKeyToken=b03f5f7f11d50a3a".
             Resolved file path is "/nix/store/8y83na7h81fw5kr1msmjc7rvx329djp0-dotnet-sdk-8.0.300/packs/Microsoft.NETCore.App.Ref/8.0.5/ref/net8.0/System.Diagnostics.Debug.dll".
             Reference found at search path location "{RawFileName}".
             This reference is not "CopyLocal" because at least one source item had "Private" set to "false" and no source items had "Private" set to "true".
             The ImageRuntimeVersion for this reference is "".
         Primary reference "System.Diagnostics.DiagnosticSource, Version=8.0.0.0, Culture=neutral, PublicKeyToken=cc7b13ffcd2ddd51".
             Resolved file path is "/nix/store/8y83na7h81fw5kr1msmjc7rvx329djp0-dotnet-sdk-8.0.300/packs/Microsoft.NETCore.App.Ref/8.0.5/ref/net8.0/System.Diagnostics.DiagnosticSource.dll".
             Reference found at search path location "{RawFileName}".
             This reference is not "CopyLocal" because at least one source item had "Private" set to "false" and no source items had "Private" set to "true".
             The ImageRuntimeVersion for this reference is "".
         Primary reference "System.Diagnostics.FileVersionInfo, Version=8.0.0.0, Culture=neutral, PublicKeyToken=b03f5f7f11d50a3a".
             Resolved file path is "/nix/store/8y83na7h81fw5kr1msmjc7rvx329djp0-dotnet-sdk-8.0.300/packs/Microsoft.NETCore.App.Ref/8.0.5/ref/net8.0/System.Diagnostics.FileVersionInfo.dll".
             Reference found at search path location "{RawFileName}".
             This reference is not "CopyLocal" because at least one source item had "Private" set to "false" and no source items had "Private" set to "true".
             The ImageRuntimeVersion for this reference is "".
         Primary reference "System.Diagnostics.Process, Version=8.0.0.0, Culture=neutral, PublicKeyToken=b03f5f7f11d50a3a".
             Resolved file path is "/nix/store/8y83na7h81fw5kr1msmjc7rvx329djp0-dotnet-sdk-8.0.300/packs/Microsoft.NETCore.App.Ref/8.0.5/ref/net8.0/System.Diagnostics.Process.dll".
             Reference found at search path location "{RawFileName}".
             This reference is not "CopyLocal" because at least one source item had "Private" set to "false" and no source items had "Private" set to "true".
             The ImageRuntimeVersion for this reference is "".
         Primary reference "System.Diagnostics.StackTrace, Version=8.0.0.0, Culture=neutral, PublicKeyToken=b03f5f7f11d50a3a".
             Resolved file path is "/nix/store/8y83na7h81fw5kr1msmjc7rvx329djp0-dotnet-sdk-8.0.300/packs/Microsoft.NETCore.App.Ref/8.0.5/ref/net8.0/System.Diagnostics.StackTrace.dll".
             Reference found at search path location "{RawFileName}".
             This reference is not "CopyLocal" because at least one source item had "Private" set to "false" and no source items had "Private" set to "true".
             The ImageRuntimeVersion for this reference is "".
         Primary reference "System.Diagnostics.TextWriterTraceListener, Version=8.0.0.0, Culture=neutral, PublicKeyToken=b03f5f7f11d50a3a".
             Resolved file path is "/nix/store/8y83na7h81fw5kr1msmjc7rvx329djp0-dotnet-sdk-8.0.300/packs/Microsoft.NETCore.App.Ref/8.0.5/ref/net8.0/System.Diagnostics.TextWriterTraceListener.dll".
             Reference found at search path location "{RawFileName}".
             This reference is not "CopyLocal" because at least one source item had "Private" set to "false" and no source items had "Private" set to "true".
             The ImageRuntimeVersion for this reference is "".
         Primary reference "System.Diagnostics.Tools, Version=8.0.0.0, Culture=neutral, PublicKeyToken=b03f5f7f11d50a3a".
             Resolved file path is "/nix/store/8y83na7h81fw5kr1msmjc7rvx329djp0-dotnet-sdk-8.0.300/packs/Microsoft.NETCore.App.Ref/8.0.5/ref/net8.0/System.Diagnostics.Tools.dll".
             Reference found at search path location "{RawFileName}".
             This reference is not "CopyLocal" because at least one source item had "Private" set to "false" and no source items had "Private" set to "true".
             The ImageRuntimeVersion for this reference is "".
         Primary reference "System.Diagnostics.TraceSource, Version=8.0.0.0, Culture=neutral, PublicKeyToken=b03f5f7f11d50a3a".
             Resolved file path is "/nix/store/8y83na7h81fw5kr1msmjc7rvx329djp0-dotnet-sdk-8.0.300/packs/Microsoft.NETCore.App.Ref/8.0.5/ref/net8.0/System.Diagnostics.TraceSource.dll".
             Reference found at search path location "{RawFileName}".
             This reference is not "CopyLocal" because at least one source item had "Private" set to "false" and no source items had "Private" set to "true".
             The ImageRuntimeVersion for this reference is "".
         Primary reference "System.Diagnostics.Tracing, Version=8.0.0.0, Culture=neutral, PublicKeyToken=b03f5f7f11d50a3a".
             Resolved file path is "/nix/store/8y83na7h81fw5kr1msmjc7rvx329djp0-dotnet-sdk-8.0.300/packs/Microsoft.NETCore.App.Ref/8.0.5/ref/net8.0/System.Diagnostics.Tracing.dll".
             Reference found at search path location "{RawFileName}".
             This reference is not "CopyLocal" because at least one source item had "Private" set to "false" and no source items had "Private" set to "true".
             The ImageRuntimeVersion for this reference is "".
         Primary reference "System.Drawing.Primitives, Version=8.0.0.0, Culture=neutral, PublicKeyToken=b03f5f7f11d50a3a".
             Resolved file path is "/nix/store/8y83na7h81fw5kr1msmjc7rvx329djp0-dotnet-sdk-8.0.300/packs/Microsoft.NETCore.App.Ref/8.0.5/ref/net8.0/System.Drawing.Primitives.dll".
             Reference found at search path location "{RawFileName}".
             This reference is not "CopyLocal" because at least one source item had "Private" set to "false" and no source items had "Private" set to "true".
             The ImageRuntimeVersion for this reference is "".
         Primary reference "System.Drawing, Version=4.0.0.0, Culture=neutral, PublicKeyToken=b03f5f7f11d50a3a".
             Resolved file path is "/nix/store/8y83na7h81fw5kr1msmjc7rvx329djp0-dotnet-sdk-8.0.300/packs/Microsoft.NETCore.App.Ref/8.0.5/ref/net8.0/System.Drawing.dll".
             Reference found at search path location "{RawFileName}".
             This reference is not "CopyLocal" because at least one source item had "Private" set to "false" and no source items had "Private" set to "true".
             The ImageRuntimeVersion for this reference is "".
         Primary reference "System.Dynamic.Runtime, Version=8.0.0.0, Culture=neutral, PublicKeyToken=b03f5f7f11d50a3a".
             Resolved file path is "/nix/store/8y83na7h81fw5kr1msmjc7rvx329djp0-dotnet-sdk-8.0.300/packs/Microsoft.NETCore.App.Ref/8.0.5/ref/net8.0/System.Dynamic.Runtime.dll".
             Reference found at search path location "{RawFileName}".
             This reference is not "CopyLocal" because at least one source item had "Private" set to "false" and no source items had "Private" set to "true".
             The ImageRuntimeVersion for this reference is "".
         Primary reference "System.Formats.Asn1, Version=8.0.0.0, Culture=neutral, PublicKeyToken=cc7b13ffcd2ddd51".
             Resolved file path is "/nix/store/8y83na7h81fw5kr1msmjc7rvx329djp0-dotnet-sdk-8.0.300/packs/Microsoft.NETCore.App.Ref/8.0.5/ref/net8.0/System.Formats.Asn1.dll".
             Reference found at search path location "{RawFileName}".
             This reference is not "CopyLocal" because at least one source item had "Private" set to "false" and no source items had "Private" set to "true".
             The ImageRuntimeVersion for this reference is "".
         Primary reference "System.Formats.Tar, Version=8.0.0.0, Culture=neutral, PublicKeyToken=cc7b13ffcd2ddd51".
             Resolved file path is "/nix/store/8y83na7h81fw5kr1msmjc7rvx329djp0-dotnet-sdk-8.0.300/packs/Microsoft.NETCore.App.Ref/8.0.5/ref/net8.0/System.Formats.Tar.dll".
             Reference found at search path location "{RawFileName}".
             This reference is not "CopyLocal" because at least one source item had "Private" set to "false" and no source items had "Private" set to "true".
             The ImageRuntimeVersion for this reference is "".
         Primary reference "System.Globalization.Calendars, Version=8.0.0.0, Culture=neutral, PublicKeyToken=b03f5f7f11d50a3a".
             Resolved file path is "/nix/store/8y83na7h81fw5kr1msmjc7rvx329djp0-dotnet-sdk-8.0.300/packs/Microsoft.NETCore.App.Ref/8.0.5/ref/net8.0/System.Globalization.Calendars.dll".
             Reference found at search path location "{RawFileName}".
             This reference is not "CopyLocal" because at least one source item had "Private" set to "false" and no source items had "Private" set to "true".
             The ImageRuntimeVersion for this reference is "".
         Primary reference "System.Globalization.Extensions, Version=8.0.0.0, Culture=neutral, PublicKeyToken=b03f5f7f11d50a3a".
             Resolved file path is "/nix/store/8y83na7h81fw5kr1msmjc7rvx329djp0-dotnet-sdk-8.0.300/packs/Microsoft.NETCore.App.Ref/8.0.5/ref/net8.0/System.Globalization.Extensions.dll".
             Reference found at search path location "{RawFileName}".
             This reference is not "CopyLocal" because at least one source item had "Private" set to "false" and no source items had "Private" set to "true".
             The ImageRuntimeVersion for this reference is "".
         Primary reference "System.Globalization, Version=8.0.0.0, Culture=neutral, PublicKeyToken=b03f5f7f11d50a3a".
             Resolved file path is "/nix/store/8y83na7h81fw5kr1msmjc7rvx329djp0-dotnet-sdk-8.0.300/packs/Microsoft.NETCore.App.Ref/8.0.5/ref/net8.0/System.Globalization.dll".
             Reference found at search path location "{RawFileName}".
             This reference is not "CopyLocal" because at least one source item had "Private" set to "false" and no source items had "Private" set to "true".
             The ImageRuntimeVersion for this reference is "".
         Primary reference "System.IO.Compression.Brotli, Version=8.0.0.0, Culture=neutral, PublicKeyToken=b77a5c561934e089".
             Resolved file path is "/nix/store/8y83na7h81fw5kr1msmjc7rvx329djp0-dotnet-sdk-8.0.300/packs/Microsoft.NETCore.App.Ref/8.0.5/ref/net8.0/System.IO.Compression.Brotli.dll".
             Reference found at search path location "{RawFileName}".
             This reference is not "CopyLocal" because at least one source item had "Private" set to "false" and no source items had "Private" set to "true".
             The ImageRuntimeVersion for this reference is "".
         Primary reference "System.IO.Compression.FileSystem, Version=4.0.0.0, Culture=neutral, PublicKeyToken=b77a5c561934e089".
             Resolved file path is "/nix/store/8y83na7h81fw5kr1msmjc7rvx329djp0-dotnet-sdk-8.0.300/packs/Microsoft.NETCore.App.Ref/8.0.5/ref/net8.0/System.IO.Compression.FileSystem.dll".
             Reference found at search path location "{RawFileName}".
             This reference is not "CopyLocal" because at least one source item had "Private" set to "false" and no source items had "Private" set to "true".
             The ImageRuntimeVersion for this reference is "".
         Primary reference "System.IO.Compression.ZipFile, Version=8.0.0.0, Culture=neutral, PublicKeyToken=b77a5c561934e089".
             Resolved file path is "/nix/store/8y83na7h81fw5kr1msmjc7rvx329djp0-dotnet-sdk-8.0.300/packs/Microsoft.NETCore.App.Ref/8.0.5/ref/net8.0/System.IO.Compression.ZipFile.dll".
             Reference found at search path location "{RawFileName}".
             This reference is not "CopyLocal" because at least one source item had "Private" set to "false" and no source items had "Private" set to "true".
             The ImageRuntimeVersion for this reference is "".
         Primary reference "System.IO.Compression, Version=8.0.0.0, Culture=neutral, PublicKeyToken=b77a5c561934e089".
             Resolved file path is "/nix/store/8y83na7h81fw5kr1msmjc7rvx329djp0-dotnet-sdk-8.0.300/packs/Microsoft.NETCore.App.Ref/8.0.5/ref/net8.0/System.IO.Compression.dll".
             Reference found at search path location "{RawFileName}".
             This reference is not "CopyLocal" because at least one source item had "Private" set to "false" and no source items had "Private" set to "true".
             The ImageRuntimeVersion for this reference is "".
         Primary reference "System.IO.FileSystem.AccessControl, Version=8.0.0.0, Culture=neutral, PublicKeyToken=b03f5f7f11d50a3a".
             Resolved file path is "/nix/store/8y83na7h81fw5kr1msmjc7rvx329djp0-dotnet-sdk-8.0.300/packs/Microsoft.NETCore.App.Ref/8.0.5/ref/net8.0/System.IO.FileSystem.AccessControl.dll".
             Reference found at search path location "{RawFileName}".
             This reference is not "CopyLocal" because at least one source item had "Private" set to "false" and no source items had "Private" set to "true".
             The ImageRuntimeVersion for this reference is "".
         Primary reference "System.IO.FileSystem.DriveInfo, Version=8.0.0.0, Culture=neutral, PublicKeyToken=b03f5f7f11d50a3a".
             Resolved file path is "/nix/store/8y83na7h81fw5kr1msmjc7rvx329djp0-dotnet-sdk-8.0.300/packs/Microsoft.NETCore.App.Ref/8.0.5/ref/net8.0/System.IO.FileSystem.DriveInfo.dll".
             Reference found at search path location "{RawFileName}".
             This reference is not "CopyLocal" because at least one source item had "Private" set to "false" and no source items had "Private" set to "true".
             The ImageRuntimeVersion for this reference is "".
         Primary reference "System.IO.FileSystem.Primitives, Version=8.0.0.0, Culture=neutral, PublicKeyToken=b03f5f7f11d50a3a".
             Resolved file path is "/nix/store/8y83na7h81fw5kr1msmjc7rvx329djp0-dotnet-sdk-8.0.300/packs/Microsoft.NETCore.App.Ref/8.0.5/ref/net8.0/System.IO.FileSystem.Primitives.dll".
             Reference found at search path location "{RawFileName}".
             This reference is not "CopyLocal" because at least one source item had "Private" set to "false" and no source items had "Private" set to "true".
             The ImageRuntimeVersion for this reference is "".
         Primary reference "System.IO.FileSystem.Watcher, Version=8.0.0.0, Culture=neutral, PublicKeyToken=b03f5f7f11d50a3a".
             Resolved file path is "/nix/store/8y83na7h81fw5kr1msmjc7rvx329djp0-dotnet-sdk-8.0.300/packs/Microsoft.NETCore.App.Ref/8.0.5/ref/net8.0/System.IO.FileSystem.Watcher.dll".
             Reference found at search path location "{RawFileName}".
             This reference is not "CopyLocal" because at least one source item had "Private" set to "false" and no source items had "Private" set to "true".
             The ImageRuntimeVersion for this reference is "".
         Primary reference "System.IO.FileSystem, Version=8.0.0.0, Culture=neutral, PublicKeyToken=b03f5f7f11d50a3a".
             Resolved file path is "/nix/store/8y83na7h81fw5kr1msmjc7rvx329djp0-dotnet-sdk-8.0.300/packs/Microsoft.NETCore.App.Ref/8.0.5/ref/net8.0/System.IO.FileSystem.dll".
             Reference found at search path location "{RawFileName}".
             This reference is not "CopyLocal" because at least one source item had "Private" set to "false" and no source items had "Private" set to "true".
             The ImageRuntimeVersion for this reference is "".
         Primary reference "System.IO.IsolatedStorage, Version=8.0.0.0, Culture=neutral, PublicKeyToken=b03f5f7f11d50a3a".
             Resolved file path is "/nix/store/8y83na7h81fw5kr1msmjc7rvx329djp0-dotnet-sdk-8.0.300/packs/Microsoft.NETCore.App.Ref/8.0.5/ref/net8.0/System.IO.IsolatedStorage.dll".
             Reference found at search path location "{RawFileName}".
             This reference is not "CopyLocal" because at least one source item had "Private" set to "false" and no source items had "Private" set to "true".
             The ImageRuntimeVersion for this reference is "".
         Primary reference "System.IO.MemoryMappedFiles, Version=8.0.0.0, Culture=neutral, PublicKeyToken=b03f5f7f11d50a3a".
             Resolved file path is "/nix/store/8y83na7h81fw5kr1msmjc7rvx329djp0-dotnet-sdk-8.0.300/packs/Microsoft.NETCore.App.Ref/8.0.5/ref/net8.0/System.IO.MemoryMappedFiles.dll".
             Reference found at search path location "{RawFileName}".
             This reference is not "CopyLocal" because at least one source item had "Private" set to "false" and no source items had "Private" set to "true".
             The ImageRuntimeVersion for this reference is "".
         Primary reference "System.IO.Pipes.AccessControl, Version=8.0.0.0, Culture=neutral, PublicKeyToken=b03f5f7f11d50a3a".
             Resolved file path is "/nix/store/8y83na7h81fw5kr1msmjc7rvx329djp0-dotnet-sdk-8.0.300/packs/Microsoft.NETCore.App.Ref/8.0.5/ref/net8.0/System.IO.Pipes.AccessControl.dll".
             Reference found at search path location "{RawFileName}".
             This reference is not "CopyLocal" because at least one source item had "Private" set to "false" and no source items had "Private" set to "true".
             The ImageRuntimeVersion for this reference is "".
         Primary reference "System.IO.Pipes, Version=8.0.0.0, Culture=neutral, PublicKeyToken=b03f5f7f11d50a3a".
             Resolved file path is "/nix/store/8y83na7h81fw5kr1msmjc7rvx329djp0-dotnet-sdk-8.0.300/packs/Microsoft.NETCore.App.Ref/8.0.5/ref/net8.0/System.IO.Pipes.dll".
             Reference found at search path location "{RawFileName}".
             This reference is not "CopyLocal" because at least one source item had "Private" set to "false" and no source items had "Private" set to "true".
             The ImageRuntimeVersion for this reference is "".
         Primary reference "System.IO.UnmanagedMemoryStream, Version=8.0.0.0, Culture=neutral, PublicKeyToken=b03f5f7f11d50a3a".
             Resolved file path is "/nix/store/8y83na7h81fw5kr1msmjc7rvx329djp0-dotnet-sdk-8.0.300/packs/Microsoft.NETCore.App.Ref/8.0.5/ref/net8.0/System.IO.UnmanagedMemoryStream.dll".
             Reference found at search path location "{RawFileName}".
             This reference is not "CopyLocal" because at least one source item had "Private" set to "false" and no source items had "Private" set to "true".
             The ImageRuntimeVersion for this reference is "".
         Primary reference "System.IO, Version=8.0.0.0, Culture=neutral, PublicKeyToken=b03f5f7f11d50a3a".
             Resolved file path is "/nix/store/8y83na7h81fw5kr1msmjc7rvx329djp0-dotnet-sdk-8.0.300/packs/Microsoft.NETCore.App.Ref/8.0.5/ref/net8.0/System.IO.dll".
             Reference found at search path location "{RawFileName}".
             This reference is not "CopyLocal" because at least one source item had "Private" set to "false" and no source items had "Private" set to "true".
             The ImageRuntimeVersion for this reference is "".
         Primary reference "System.Linq.Expressions, Version=8.0.0.0, Culture=neutral, PublicKeyToken=b03f5f7f11d50a3a".
             Resolved file path is "/nix/store/8y83na7h81fw5kr1msmjc7rvx329djp0-dotnet-sdk-8.0.300/packs/Microsoft.NETCore.App.Ref/8.0.5/ref/net8.0/System.Linq.Expressions.dll".
             Reference found at search path location "{RawFileName}".
             This reference is not "CopyLocal" because at least one source item had "Private" set to "false" and no source items had "Private" set to "true".
             The ImageRuntimeVersion for this reference is "".
         Primary reference "System.Linq.Parallel, Version=8.0.0.0, Culture=neutral, PublicKeyToken=b03f5f7f11d50a3a".
             Resolved file path is "/nix/store/8y83na7h81fw5kr1msmjc7rvx329djp0-dotnet-sdk-8.0.300/packs/Microsoft.NETCore.App.Ref/8.0.5/ref/net8.0/System.Linq.Parallel.dll".
             Reference found at search path location "{RawFileName}".
             This reference is not "CopyLocal" because at least one source item had "Private" set to "false" and no source items had "Private" set to "true".
             The ImageRuntimeVersion for this reference is "".
         Primary reference "System.Linq.Queryable, Version=8.0.0.0, Culture=neutral, PublicKeyToken=b03f5f7f11d50a3a".
             Resolved file path is "/nix/store/8y83na7h81fw5kr1msmjc7rvx329djp0-dotnet-sdk-8.0.300/packs/Microsoft.NETCore.App.Ref/8.0.5/ref/net8.0/System.Linq.Queryable.dll".
             Reference found at search path location "{RawFileName}".
             This reference is not "CopyLocal" because at least one source item had "Private" set to "false" and no source items had "Private" set to "true".
             The ImageRuntimeVersion for this reference is "".
         Primary reference "System.Linq, Version=8.0.0.0, Culture=neutral, PublicKeyToken=b03f5f7f11d50a3a".
             Resolved file path is "/nix/store/8y83na7h81fw5kr1msmjc7rvx329djp0-dotnet-sdk-8.0.300/packs/Microsoft.NETCore.App.Ref/8.0.5/ref/net8.0/System.Linq.dll".
             Reference found at search path location "{RawFileName}".
             This reference is not "CopyLocal" because at least one source item had "Private" set to "false" and no source items had "Private" set to "true".
             The ImageRuntimeVersion for this reference is "".
         Primary reference "System.Memory, Version=8.0.0.0, Culture=neutral, PublicKeyToken=cc7b13ffcd2ddd51".
             Resolved file path is "/nix/store/8y83na7h81fw5kr1msmjc7rvx329djp0-dotnet-sdk-8.0.300/packs/Microsoft.NETCore.App.Ref/8.0.5/ref/net8.0/System.Memory.dll".
             Reference found at search path location "{RawFileName}".
             This reference is not "CopyLocal" because at least one source item had "Private" set to "false" and no source items had "Private" set to "true".
             The ImageRuntimeVersion for this reference is "".
         Primary reference "System.Net.Http.Json, Version=8.0.0.0, Culture=neutral, PublicKeyToken=cc7b13ffcd2ddd51".
             Resolved file path is "/nix/store/8y83na7h81fw5kr1msmjc7rvx329djp0-dotnet-sdk-8.0.300/packs/Microsoft.NETCore.App.Ref/8.0.5/ref/net8.0/System.Net.Http.Json.dll".
             Reference found at search path location "{RawFileName}".
             This reference is not "CopyLocal" because at least one source item had "Private" set to "false" and no source items had "Private" set to "true".
             The ImageRuntimeVersion for this reference is "".
         Primary reference "System.Net.Http, Version=8.0.0.0, Culture=neutral, PublicKeyToken=b03f5f7f11d50a3a".
             Resolved file path is "/nix/store/8y83na7h81fw5kr1msmjc7rvx329djp0-dotnet-sdk-8.0.300/packs/Microsoft.NETCore.App.Ref/8.0.5/ref/net8.0/System.Net.Http.dll".
             Reference found at search path location "{RawFileName}".
             This reference is not "CopyLocal" because at least one source item had "Private" set to "false" and no source items had "Private" set to "true".
             The ImageRuntimeVersion for this reference is "".
         Primary reference "System.Net.HttpListener, Version=8.0.0.0, Culture=neutral, PublicKeyToken=cc7b13ffcd2ddd51".
             Resolved file path is "/nix/store/8y83na7h81fw5kr1msmjc7rvx329djp0-dotnet-sdk-8.0.300/packs/Microsoft.NETCore.App.Ref/8.0.5/ref/net8.0/System.Net.HttpListener.dll".
             Reference found at search path location "{RawFileName}".
             This reference is not "CopyLocal" because at least one source item had "Private" set to "false" and no source items had "Private" set to "true".
             The ImageRuntimeVersion for this reference is "".
         Primary reference "System.Net.Mail, Version=8.0.0.0, Culture=neutral, PublicKeyToken=cc7b13ffcd2ddd51".
             Resolved file path is "/nix/store/8y83na7h81fw5kr1msmjc7rvx329djp0-dotnet-sdk-8.0.300/packs/Microsoft.NETCore.App.Ref/8.0.5/ref/net8.0/System.Net.Mail.dll".
             Reference found at search path location "{RawFileName}".
             This reference is not "CopyLocal" because at least one source item had "Private" set to "false" and no source items had "Private" set to "true".
             The ImageRuntimeVersion for this reference is "".
         Primary reference "System.Net.NameResolution, Version=8.0.0.0, Culture=neutral, PublicKeyToken=b03f5f7f11d50a3a".
             Resolved file path is "/nix/store/8y83na7h81fw5kr1msmjc7rvx329djp0-dotnet-sdk-8.0.300/packs/Microsoft.NETCore.App.Ref/8.0.5/ref/net8.0/System.Net.NameResolution.dll".
             Reference found at search path location "{RawFileName}".
             This reference is not "CopyLocal" because at least one source item had "Private" set to "false" and no source items had "Private" set to "true".
             The ImageRuntimeVersion for this reference is "".
         Primary reference "System.Net.NetworkInformation, Version=8.0.0.0, Culture=neutral, PublicKeyToken=b03f5f7f11d50a3a".
             Resolved file path is "/nix/store/8y83na7h81fw5kr1msmjc7rvx329djp0-dotnet-sdk-8.0.300/packs/Microsoft.NETCore.App.Ref/8.0.5/ref/net8.0/System.Net.NetworkInformation.dll".
             Reference found at search path location "{RawFileName}".
             This reference is not "CopyLocal" because at least one source item had "Private" set to "false" and no source items had "Private" set to "true".
             The ImageRuntimeVersion for this reference is "".
         Primary reference "System.Net.Ping, Version=8.0.0.0, Culture=neutral, PublicKeyToken=b03f5f7f11d50a3a".
             Resolved file path is "/nix/store/8y83na7h81fw5kr1msmjc7rvx329djp0-dotnet-sdk-8.0.300/packs/Microsoft.NETCore.App.Ref/8.0.5/ref/net8.0/System.Net.Ping.dll".
             Reference found at search path location "{RawFileName}".
             This reference is not "CopyLocal" because at least one source item had "Private" set to "false" and no source items had "Private" set to "true".
             The ImageRuntimeVersion for this reference is "".
         Primary reference "System.Net.Primitives, Version=8.0.0.0, Culture=neutral, PublicKeyToken=b03f5f7f11d50a3a".
             Resolved file path is "/nix/store/8y83na7h81fw5kr1msmjc7rvx329djp0-dotnet-sdk-8.0.300/packs/Microsoft.NETCore.App.Ref/8.0.5/ref/net8.0/System.Net.Primitives.dll".
             Reference found at search path location "{RawFileName}".
             This reference is not "CopyLocal" because at least one source item had "Private" set to "false" and no source items had "Private" set to "true".
             The ImageRuntimeVersion for this reference is "".
         Primary reference "System.Net.Quic, Version=8.0.0.0, Culture=neutral, PublicKeyToken=b03f5f7f11d50a3a".
             Resolved file path is "/nix/store/8y83na7h81fw5kr1msmjc7rvx329djp0-dotnet-sdk-8.0.300/packs/Microsoft.NETCore.App.Ref/8.0.5/ref/net8.0/System.Net.Quic.dll".
             Reference found at search path location "{RawFileName}".
             This reference is not "CopyLocal" because at least one source item had "Private" set to "false" and no source items had "Private" set to "true".
             The ImageRuntimeVersion for this reference is "".
         Primary reference "System.Net.Requests, Version=8.0.0.0, Culture=neutral, PublicKeyToken=b03f5f7f11d50a3a".
             Resolved file path is "/nix/store/8y83na7h81fw5kr1msmjc7rvx329djp0-dotnet-sdk-8.0.300/packs/Microsoft.NETCore.App.Ref/8.0.5/ref/net8.0/System.Net.Requests.dll".
             Reference found at search path location "{RawFileName}".
             This reference is not "CopyLocal" because at least one source item had "Private" set to "false" and no source items had "Private" set to "true".
             The ImageRuntimeVersion for this reference is "".
         Primary reference "System.Net.Security, Version=8.0.0.0, Culture=neutral, PublicKeyToken=b03f5f7f11d50a3a".
             Resolved file path is "/nix/store/8y83na7h81fw5kr1msmjc7rvx329djp0-dotnet-sdk-8.0.300/packs/Microsoft.NETCore.App.Ref/8.0.5/ref/net8.0/System.Net.Security.dll".
             Reference found at search path location "{RawFileName}".
             This reference is not "CopyLocal" because at least one source item had "Private" set to "false" and no source items had "Private" set to "true".
             The ImageRuntimeVersion for this reference is "".
         Primary reference "System.Net.ServicePoint, Version=8.0.0.0, Culture=neutral, PublicKeyToken=cc7b13ffcd2ddd51".
             Resolved file path is "/nix/store/8y83na7h81fw5kr1msmjc7rvx329djp0-dotnet-sdk-8.0.300/packs/Microsoft.NETCore.App.Ref/8.0.5/ref/net8.0/System.Net.ServicePoint.dll".
             Reference found at search path location "{RawFileName}".
             This reference is not "CopyLocal" because at least one source item had "Private" set to "false" and no source items had "Private" set to "true".
             The ImageRuntimeVersion for this reference is "".
         Primary reference "System.Net.Sockets, Version=8.0.0.0, Culture=neutral, PublicKeyToken=b03f5f7f11d50a3a".
             Resolved file path is "/nix/store/8y83na7h81fw5kr1msmjc7rvx329djp0-dotnet-sdk-8.0.300/packs/Microsoft.NETCore.App.Ref/8.0.5/ref/net8.0/System.Net.Sockets.dll".
             Reference found at search path location "{RawFileName}".
             This reference is not "CopyLocal" because at least one source item had "Private" set to "false" and no source items had "Private" set to "true".
             The ImageRuntimeVersion for this reference is "".
         Primary reference "System.Net.WebClient, Version=8.0.0.0, Culture=neutral, PublicKeyToken=cc7b13ffcd2ddd51".
             Resolved file path is "/nix/store/8y83na7h81fw5kr1msmjc7rvx329djp0-dotnet-sdk-8.0.300/packs/Microsoft.NETCore.App.Ref/8.0.5/ref/net8.0/System.Net.WebClient.dll".
             Reference found at search path location "{RawFileName}".
             This reference is not "CopyLocal" because at least one source item had "Private" set to "false" and no source items had "Private" set to "true".
             The ImageRuntimeVersion for this reference is "".
         Primary reference "System.Net.WebHeaderCollection, Version=8.0.0.0, Culture=neutral, PublicKeyToken=b03f5f7f11d50a3a".
             Resolved file path is "/nix/store/8y83na7h81fw5kr1msmjc7rvx329djp0-dotnet-sdk-8.0.300/packs/Microsoft.NETCore.App.Ref/8.0.5/ref/net8.0/System.Net.WebHeaderCollection.dll".
             Reference found at search path location "{RawFileName}".
             This reference is not "CopyLocal" because at least one source item had "Private" set to "false" and no source items had "Private" set to "true".
             The ImageRuntimeVersion for this reference is "".
         Primary reference "System.Net.WebProxy, Version=8.0.0.0, Culture=neutral, PublicKeyToken=cc7b13ffcd2ddd51".
             Resolved file path is "/nix/store/8y83na7h81fw5kr1msmjc7rvx329djp0-dotnet-sdk-8.0.300/packs/Microsoft.NETCore.App.Ref/8.0.5/ref/net8.0/System.Net.WebProxy.dll".
             Reference found at search path location "{RawFileName}".
             This reference is not "CopyLocal" because at least one source item had "Private" set to "false" and no source items had "Private" set to "true".
             The ImageRuntimeVersion for this reference is "".
         Primary reference "System.Net.WebSockets.Client, Version=8.0.0.0, Culture=neutral, PublicKeyToken=b03f5f7f11d50a3a".
             Resolved file path is "/nix/store/8y83na7h81fw5kr1msmjc7rvx329djp0-dotnet-sdk-8.0.300/packs/Microsoft.NETCore.App.Ref/8.0.5/ref/net8.0/System.Net.WebSockets.Client.dll".
             Reference found at search path location "{RawFileName}".
             This reference is not "CopyLocal" because at least one source item had "Private" set to "false" and no source items had "Private" set to "true".
             The ImageRuntimeVersion for this reference is "".
         Primary reference "System.Net.WebSockets, Version=8.0.0.0, Culture=neutral, PublicKeyToken=b03f5f7f11d50a3a".
             Resolved file path is "/nix/store/8y83na7h81fw5kr1msmjc7rvx329djp0-dotnet-sdk-8.0.300/packs/Microsoft.NETCore.App.Ref/8.0.5/ref/net8.0/System.Net.WebSockets.dll".
             Reference found at search path location "{RawFileName}".
             This reference is not "CopyLocal" because at least one source item had "Private" set to "false" and no source items had "Private" set to "true".
             The ImageRuntimeVersion for this reference is "".
         Primary reference "System.Net, Version=4.0.0.0, Culture=neutral, PublicKeyToken=b03f5f7f11d50a3a".
             Resolved file path is "/nix/store/8y83na7h81fw5kr1msmjc7rvx329djp0-dotnet-sdk-8.0.300/packs/Microsoft.NETCore.App.Ref/8.0.5/ref/net8.0/System.Net.dll".
             Reference found at search path location "{RawFileName}".
             This reference is not "CopyLocal" because at least one source item had "Private" set to "false" and no source items had "Private" set to "true".
             The ImageRuntimeVersion for this reference is "".
         Primary reference "System.Numerics.Vectors, Version=8.0.0.0, Culture=neutral, PublicKeyToken=b03f5f7f11d50a3a".
             Resolved file path is "/nix/store/8y83na7h81fw5kr1msmjc7rvx329djp0-dotnet-sdk-8.0.300/packs/Microsoft.NETCore.App.Ref/8.0.5/ref/net8.0/System.Numerics.Vectors.dll".
             Reference found at search path location "{RawFileName}".
             This reference is not "CopyLocal" because at least one source item had "Private" set to "false" and no source items had "Private" set to "true".
             The ImageRuntimeVersion for this reference is "".
         Primary reference "System.Numerics, Version=4.0.0.0, Culture=neutral, PublicKeyToken=b77a5c561934e089".
             Resolved file path is "/nix/store/8y83na7h81fw5kr1msmjc7rvx329djp0-dotnet-sdk-8.0.300/packs/Microsoft.NETCore.App.Ref/8.0.5/ref/net8.0/System.Numerics.dll".
             Reference found at search path location "{RawFileName}".
             This reference is not "CopyLocal" because at least one source item had "Private" set to "false" and no source items had "Private" set to "true".
             The ImageRuntimeVersion for this reference is "".
         Primary reference "System.ObjectModel, Version=8.0.0.0, Culture=neutral, PublicKeyToken=b03f5f7f11d50a3a".
             Resolved file path is "/nix/store/8y83na7h81fw5kr1msmjc7rvx329djp0-dotnet-sdk-8.0.300/packs/Microsoft.NETCore.App.Ref/8.0.5/ref/net8.0/System.ObjectModel.dll".
             Reference found at search path location "{RawFileName}".
             This reference is not "CopyLocal" because at least one source item had "Private" set to "false" and no source items had "Private" set to "true".
             The ImageRuntimeVersion for this reference is "".
         Primary reference "System.Reflection.DispatchProxy, Version=8.0.0.0, Culture=neutral, PublicKeyToken=b03f5f7f11d50a3a".
             Resolved file path is "/nix/store/8y83na7h81fw5kr1msmjc7rvx329djp0-dotnet-sdk-8.0.300/packs/Microsoft.NETCore.App.Ref/8.0.5/ref/net8.0/System.Reflection.DispatchProxy.dll".
             Reference found at search path location "{RawFileName}".
             This reference is not "CopyLocal" because at least one source item had "Private" set to "false" and no source items had "Private" set to "true".
             The ImageRuntimeVersion for this reference is "".
         Primary reference "System.Reflection.Emit.ILGeneration, Version=8.0.0.0, Culture=neutral, PublicKeyToken=b03f5f7f11d50a3a".
             Resolved file path is "/nix/store/8y83na7h81fw5kr1msmjc7rvx329djp0-dotnet-sdk-8.0.300/packs/Microsoft.NETCore.App.Ref/8.0.5/ref/net8.0/System.Reflection.Emit.ILGeneration.dll".
             Reference found at search path location "{RawFileName}".
             This reference is not "CopyLocal" because at least one source item had "Private" set to "false" and no source items had "Private" set to "true".
             The ImageRuntimeVersion for this reference is "".
         Primary reference "System.Reflection.Emit.Lightweight, Version=8.0.0.0, Culture=neutral, PublicKeyToken=b03f5f7f11d50a3a".
             Resolved file path is "/nix/store/8y83na7h81fw5kr1msmjc7rvx329djp0-dotnet-sdk-8.0.300/packs/Microsoft.NETCore.App.Ref/8.0.5/ref/net8.0/System.Reflection.Emit.Lightweight.dll".
             Reference found at search path location "{RawFileName}".
             This reference is not "CopyLocal" because at least one source item had "Private" set to "false" and no source items had "Private" set to "true".
             The ImageRuntimeVersion for this reference is "".
         Primary reference "System.Reflection.Emit, Version=8.0.0.0, Culture=neutral, PublicKeyToken=b03f5f7f11d50a3a".
             Resolved file path is "/nix/store/8y83na7h81fw5kr1msmjc7rvx329djp0-dotnet-sdk-8.0.300/packs/Microsoft.NETCore.App.Ref/8.0.5/ref/net8.0/System.Reflection.Emit.dll".
             Reference found at search path location "{RawFileName}".
             This reference is not "CopyLocal" because at least one source item had "Private" set to "false" and no source items had "Private" set to "true".
             The ImageRuntimeVersion for this reference is "".
         Primary reference "System.Reflection.Extensions, Version=8.0.0.0, Culture=neutral, PublicKeyToken=b03f5f7f11d50a3a".
             Resolved file path is "/nix/store/8y83na7h81fw5kr1msmjc7rvx329djp0-dotnet-sdk-8.0.300/packs/Microsoft.NETCore.App.Ref/8.0.5/ref/net8.0/System.Reflection.Extensions.dll".
             Reference found at search path location "{RawFileName}".
             This reference is not "CopyLocal" because at least one source item had "Private" set to "false" and no source items had "Private" set to "true".
             The ImageRuntimeVersion for this reference is "".
         Primary reference "System.Reflection.Metadata, Version=8.0.0.0, Culture=neutral, PublicKeyToken=b03f5f7f11d50a3a".
             Resolved file path is "/nix/store/8y83na7h81fw5kr1msmjc7rvx329djp0-dotnet-sdk-8.0.300/packs/Microsoft.NETCore.App.Ref/8.0.5/ref/net8.0/System.Reflection.Metadata.dll".
             Reference found at search path location "{RawFileName}".
             This reference is not "CopyLocal" because at least one source item had "Private" set to "false" and no source items had "Private" set to "true".
             The ImageRuntimeVersion for this reference is "".
         Primary reference "System.Reflection.Primitives, Version=8.0.0.0, Culture=neutral, PublicKeyToken=b03f5f7f11d50a3a".
             Resolved file path is "/nix/store/8y83na7h81fw5kr1msmjc7rvx329djp0-dotnet-sdk-8.0.300/packs/Microsoft.NETCore.App.Ref/8.0.5/ref/net8.0/System.Reflection.Primitives.dll".
             Reference found at search path location "{RawFileName}".
             This reference is not "CopyLocal" because at least one source item had "Private" set to "false" and no source items had "Private" set to "true".
             The ImageRuntimeVersion for this reference is "".
         Primary reference "System.Reflection.TypeExtensions, Version=8.0.0.0, Culture=neutral, PublicKeyToken=b03f5f7f11d50a3a".
             Resolved file path is "/nix/store/8y83na7h81fw5kr1msmjc7rvx329djp0-dotnet-sdk-8.0.300/packs/Microsoft.NETCore.App.Ref/8.0.5/ref/net8.0/System.Reflection.TypeExtensions.dll".
             Reference found at search path location "{RawFileName}".
             This reference is not "CopyLocal" because at least one source item had "Private" set to "false" and no source items had "Private" set to "true".
             The ImageRuntimeVersion for this reference is "".
         Primary reference "System.Reflection, Version=8.0.0.0, Culture=neutral, PublicKeyToken=b03f5f7f11d50a3a".
             Resolved file path is "/nix/store/8y83na7h81fw5kr1msmjc7rvx329djp0-dotnet-sdk-8.0.300/packs/Microsoft.NETCore.App.Ref/8.0.5/ref/net8.0/System.Reflection.dll".
             Reference found at search path location "{RawFileName}".
             This reference is not "CopyLocal" because at least one source item had "Private" set to "false" and no source items had "Private" set to "true".
             The ImageRuntimeVersion for this reference is "".
         Primary reference "System.Resources.Reader, Version=8.0.0.0, Culture=neutral, PublicKeyToken=b03f5f7f11d50a3a".
             Resolved file path is "/nix/store/8y83na7h81fw5kr1msmjc7rvx329djp0-dotnet-sdk-8.0.300/packs/Microsoft.NETCore.App.Ref/8.0.5/ref/net8.0/System.Resources.Reader.dll".
             Reference found at search path location "{RawFileName}".
             This reference is not "CopyLocal" because at least one source item had "Private" set to "false" and no source items had "Private" set to "true".
             The ImageRuntimeVersion for this reference is "".
         Primary reference "System.Resources.ResourceManager, Version=8.0.0.0, Culture=neutral, PublicKeyToken=b03f5f7f11d50a3a".
             Resolved file path is "/nix/store/8y83na7h81fw5kr1msmjc7rvx329djp0-dotnet-sdk-8.0.300/packs/Microsoft.NETCore.App.Ref/8.0.5/ref/net8.0/System.Resources.ResourceManager.dll".
             Reference found at search path location "{RawFileName}".
             This reference is not "CopyLocal" because at least one source item had "Private" set to "false" and no source items had "Private" set to "true".
             The ImageRuntimeVersion for this reference is "".
         Primary reference "System.Resources.Writer, Version=8.0.0.0, Culture=neutral, PublicKeyToken=b03f5f7f11d50a3a".
             Resolved file path is "/nix/store/8y83na7h81fw5kr1msmjc7rvx329djp0-dotnet-sdk-8.0.300/packs/Microsoft.NETCore.App.Ref/8.0.5/ref/net8.0/System.Resources.Writer.dll".
             Reference found at search path location "{RawFileName}".
             This reference is not "CopyLocal" because at least one source item had "Private" set to "false" and no source items had "Private" set to "true".
             The ImageRuntimeVersion for this reference is "".
         Primary reference "System.Runtime.CompilerServices.Unsafe, Version=8.0.0.0, Culture=neutral, PublicKeyToken=b03f5f7f11d50a3a".
             Resolved file path is "/nix/store/8y83na7h81fw5kr1msmjc7rvx329djp0-dotnet-sdk-8.0.300/packs/Microsoft.NETCore.App.Ref/8.0.5/ref/net8.0/System.Runtime.CompilerServices.Unsafe.dll".
             Reference found at search path location "{RawFileName}".
             This reference is not "CopyLocal" because at least one source item had "Private" set to "false" and no source items had "Private" set to "true".
             The ImageRuntimeVersion for this reference is "".
         Primary reference "System.Runtime.CompilerServices.VisualC, Version=8.0.0.0, Culture=neutral, PublicKeyToken=b03f5f7f11d50a3a".
             Resolved file path is "/nix/store/8y83na7h81fw5kr1msmjc7rvx329djp0-dotnet-sdk-8.0.300/packs/Microsoft.NETCore.App.Ref/8.0.5/ref/net8.0/System.Runtime.CompilerServices.VisualC.dll".
             Reference found at search path location "{RawFileName}".
             This reference is not "CopyLocal" because at least one source item had "Private" set to "false" and no source items had "Private" set to "true".
             The ImageRuntimeVersion for this reference is "".
         Primary reference "System.Runtime.Extensions, Version=8.0.0.0, Culture=neutral, PublicKeyToken=b03f5f7f11d50a3a".
             Resolved file path is "/nix/store/8y83na7h81fw5kr1msmjc7rvx329djp0-dotnet-sdk-8.0.300/packs/Microsoft.NETCore.App.Ref/8.0.5/ref/net8.0/System.Runtime.Extensions.dll".
             Reference found at search path location "{RawFileName}".
             This reference is not "CopyLocal" because at least one source item had "Private" set to "false" and no source items had "Private" set to "true".
             The ImageRuntimeVersion for this reference is "".
         Primary reference "System.Runtime.Handles, Version=8.0.0.0, Culture=neutral, PublicKeyToken=b03f5f7f11d50a3a".
             Resolved file path is "/nix/store/8y83na7h81fw5kr1msmjc7rvx329djp0-dotnet-sdk-8.0.300/packs/Microsoft.NETCore.App.Ref/8.0.5/ref/net8.0/System.Runtime.Handles.dll".
             Reference found at search path location "{RawFileName}".
             This reference is not "CopyLocal" because at least one source item had "Private" set to "false" and no source items had "Private" set to "true".
             The ImageRuntimeVersion for this reference is "".
         Primary reference "System.Runtime.InteropServices.JavaScript, Version=8.0.0.0, Culture=neutral, PublicKeyToken=b03f5f7f11d50a3a".
             Resolved file path is "/nix/store/8y83na7h81fw5kr1msmjc7rvx329djp0-dotnet-sdk-8.0.300/packs/Microsoft.NETCore.App.Ref/8.0.5/ref/net8.0/System.Runtime.InteropServices.JavaScript.dll".
             Reference found at search path location "{RawFileName}".
             This reference is not "CopyLocal" because at least one source item had "Private" set to "false" and no source items had "Private" set to "true".
             The ImageRuntimeVersion for this reference is "".
         Primary reference "System.Runtime.InteropServices.RuntimeInformation, Version=8.0.0.0, Culture=neutral, PublicKeyToken=b03f5f7f11d50a3a".
             Resolved file path is "/nix/store/8y83na7h81fw5kr1msmjc7rvx329djp0-dotnet-sdk-8.0.300/packs/Microsoft.NETCore.App.Ref/8.0.5/ref/net8.0/System.Runtime.InteropServices.RuntimeInformation.dll".
             Reference found at search path location "{RawFileName}".
             This reference is not "CopyLocal" because at least one source item had "Private" set to "false" and no source items had "Private" set to "true".
             The ImageRuntimeVersion for this reference is "".
         Primary reference "System.Runtime.InteropServices, Version=8.0.0.0, Culture=neutral, PublicKeyToken=b03f5f7f11d50a3a".
             Resolved file path is "/nix/store/8y83na7h81fw5kr1msmjc7rvx329djp0-dotnet-sdk-8.0.300/packs/Microsoft.NETCore.App.Ref/8.0.5/ref/net8.0/System.Runtime.InteropServices.dll".
             Reference found at search path location "{RawFileName}".
             This reference is not "CopyLocal" because at least one source item had "Private" set to "false" and no source items had "Private" set to "true".
             The ImageRuntimeVersion for this reference is "".
         Primary reference "System.Runtime.Intrinsics, Version=8.0.0.0, Culture=neutral, PublicKeyToken=cc7b13ffcd2ddd51".
             Resolved file path is "/nix/store/8y83na7h81fw5kr1msmjc7rvx329djp0-dotnet-sdk-8.0.300/packs/Microsoft.NETCore.App.Ref/8.0.5/ref/net8.0/System.Runtime.Intrinsics.dll".
             Reference found at search path location "{RawFileName}".
             This reference is not "CopyLocal" because at least one source item had "Private" set to "false" and no source items had "Private" set to "true".
             The ImageRuntimeVersion for this reference is "".
         Primary reference "System.Runtime.Loader, Version=8.0.0.0, Culture=neutral, PublicKeyToken=b03f5f7f11d50a3a".
             Resolved file path is "/nix/store/8y83na7h81fw5kr1msmjc7rvx329djp0-dotnet-sdk-8.0.300/packs/Microsoft.NETCore.App.Ref/8.0.5/ref/net8.0/System.Runtime.Loader.dll".
             Reference found at search path location "{RawFileName}".
             This reference is not "CopyLocal" because at least one source item had "Private" set to "false" and no source items had "Private" set to "true".
             The ImageRuntimeVersion for this reference is "".
         Primary reference "System.Runtime.Numerics, Version=8.0.0.0, Culture=neutral, PublicKeyToken=b03f5f7f11d50a3a".
             Resolved file path is "/nix/store/8y83na7h81fw5kr1msmjc7rvx329djp0-dotnet-sdk-8.0.300/packs/Microsoft.NETCore.App.Ref/8.0.5/ref/net8.0/System.Runtime.Numerics.dll".
             Reference found at search path location "{RawFileName}".
             This reference is not "CopyLocal" because at least one source item had "Private" set to "false" and no source items had "Private" set to "true".
             The ImageRuntimeVersion for this reference is "".
         Primary reference "System.Runtime.Serialization.Formatters, Version=8.0.0.0, Culture=neutral, PublicKeyToken=b03f5f7f11d50a3a".
             Resolved file path is "/nix/store/8y83na7h81fw5kr1msmjc7rvx329djp0-dotnet-sdk-8.0.300/packs/Microsoft.NETCore.App.Ref/8.0.5/ref/net8.0/System.Runtime.Serialization.Formatters.dll".
             Reference found at search path location "{RawFileName}".
             This reference is not "CopyLocal" because at least one source item had "Private" set to "false" and no source items had "Private" set to "true".
             The ImageRuntimeVersion for this reference is "".
         Primary reference "System.Runtime.Serialization.Json, Version=8.0.0.0, Culture=neutral, PublicKeyToken=b03f5f7f11d50a3a".
             Resolved file path is "/nix/store/8y83na7h81fw5kr1msmjc7rvx329djp0-dotnet-sdk-8.0.300/packs/Microsoft.NETCore.App.Ref/8.0.5/ref/net8.0/System.Runtime.Serialization.Json.dll".
             Reference found at search path location "{RawFileName}".
             This reference is not "CopyLocal" because at least one source item had "Private" set to "false" and no source items had "Private" set to "true".
             The ImageRuntimeVersion for this reference is "".
         Primary reference "System.Runtime.Serialization.Primitives, Version=8.0.0.0, Culture=neutral, PublicKeyToken=b03f5f7f11d50a3a".
             Resolved file path is "/nix/store/8y83na7h81fw5kr1msmjc7rvx329djp0-dotnet-sdk-8.0.300/packs/Microsoft.NETCore.App.Ref/8.0.5/ref/net8.0/System.Runtime.Serialization.Primitives.dll".
             Reference found at search path location "{RawFileName}".
             This reference is not "CopyLocal" because at least one source item had "Private" set to "false" and no source items had "Private" set to "true".
             The ImageRuntimeVersion for this reference is "".
         Primary reference "System.Runtime.Serialization.Xml, Version=8.0.0.0, Culture=neutral, PublicKeyToken=b03f5f7f11d50a3a".
             Resolved file path is "/nix/store/8y83na7h81fw5kr1msmjc7rvx329djp0-dotnet-sdk-8.0.300/packs/Microsoft.NETCore.App.Ref/8.0.5/ref/net8.0/System.Runtime.Serialization.Xml.dll".
             Reference found at search path location "{RawFileName}".
             This reference is not "CopyLocal" because at least one source item had "Private" set to "false" and no source items had "Private" set to "true".
             The ImageRuntimeVersion for this reference is "".
         Primary reference "System.Runtime.Serialization, Version=4.0.0.0, Culture=neutral, PublicKeyToken=b77a5c561934e089".
             Resolved file path is "/nix/store/8y83na7h81fw5kr1msmjc7rvx329djp0-dotnet-sdk-8.0.300/packs/Microsoft.NETCore.App.Ref/8.0.5/ref/net8.0/System.Runtime.Serialization.dll".
             Reference found at search path location "{RawFileName}".
             This reference is not "CopyLocal" because at least one source item had "Private" set to "false" and no source items had "Private" set to "true".
             The ImageRuntimeVersion for this reference is "".
         Primary reference "System.Runtime, Version=8.0.0.0, Culture=neutral, PublicKeyToken=b03f5f7f11d50a3a".
             Resolved file path is "/nix/store/8y83na7h81fw5kr1msmjc7rvx329djp0-dotnet-sdk-8.0.300/packs/Microsoft.NETCore.App.Ref/8.0.5/ref/net8.0/System.Runtime.dll".
             Reference found at search path location "{RawFileName}".
             This reference is not "CopyLocal" because at least one source item had "Private" set to "false" and no source items had "Private" set to "true".
             The ImageRuntimeVersion for this reference is "".
         Primary reference "System.Security.AccessControl, Version=8.0.0.0, Culture=neutral, PublicKeyToken=b03f5f7f11d50a3a".
             Resolved file path is "/nix/store/8y83na7h81fw5kr1msmjc7rvx329djp0-dotnet-sdk-8.0.300/packs/Microsoft.NETCore.App.Ref/8.0.5/ref/net8.0/System.Security.AccessControl.dll".
             Reference found at search path location "{RawFileName}".
             This reference is not "CopyLocal" because at least one source item had "Private" set to "false" and no source items had "Private" set to "true".
             The ImageRuntimeVersion for this reference is "".
         Primary reference "System.Security.Claims, Version=8.0.0.0, Culture=neutral, PublicKeyToken=b03f5f7f11d50a3a".
             Resolved file path is "/nix/store/8y83na7h81fw5kr1msmjc7rvx329djp0-dotnet-sdk-8.0.300/packs/Microsoft.NETCore.App.Ref/8.0.5/ref/net8.0/System.Security.Claims.dll".
             Reference found at search path location "{RawFileName}".
             This reference is not "CopyLocal" because at least one source item had "Private" set to "false" and no source items had "Private" set to "true".
             The ImageRuntimeVersion for this reference is "".
         Primary reference "System.Security.Cryptography.Algorithms, Version=8.0.0.0, Culture=neutral, PublicKeyToken=b03f5f7f11d50a3a".
             Resolved file path is "/nix/store/8y83na7h81fw5kr1msmjc7rvx329djp0-dotnet-sdk-8.0.300/packs/Microsoft.NETCore.App.Ref/8.0.5/ref/net8.0/System.Security.Cryptography.Algorithms.dll".
             Reference found at search path location "{RawFileName}".
             This reference is not "CopyLocal" because at least one source item had "Private" set to "false" and no source items had "Private" set to "true".
             The ImageRuntimeVersion for this reference is "".
         Primary reference "System.Security.Cryptography.Cng, Version=8.0.0.0, Culture=neutral, PublicKeyToken=b03f5f7f11d50a3a".
             Resolved file path is "/nix/store/8y83na7h81fw5kr1msmjc7rvx329djp0-dotnet-sdk-8.0.300/packs/Microsoft.NETCore.App.Ref/8.0.5/ref/net8.0/System.Security.Cryptography.Cng.dll".
             Reference found at search path location "{RawFileName}".
             This reference is not "CopyLocal" because at least one source item had "Private" set to "false" and no source items had "Private" set to "true".
             The ImageRuntimeVersion for this reference is "".
         Primary reference "System.Security.Cryptography.Csp, Version=8.0.0.0, Culture=neutral, PublicKeyToken=b03f5f7f11d50a3a".
             Resolved file path is "/nix/store/8y83na7h81fw5kr1msmjc7rvx329djp0-dotnet-sdk-8.0.300/packs/Microsoft.NETCore.App.Ref/8.0.5/ref/net8.0/System.Security.Cryptography.Csp.dll".
             Reference found at search path location "{RawFileName}".
             This reference is not "CopyLocal" because at least one source item had "Private" set to "false" and no source items had "Private" set to "true".
             The ImageRuntimeVersion for this reference is "".
         Primary reference "System.Security.Cryptography.Encoding, Version=8.0.0.0, Culture=neutral, PublicKeyToken=b03f5f7f11d50a3a".
             Resolved file path is "/nix/store/8y83na7h81fw5kr1msmjc7rvx329djp0-dotnet-sdk-8.0.300/packs/Microsoft.NETCore.App.Ref/8.0.5/ref/net8.0/System.Security.Cryptography.Encoding.dll".
             Reference found at search path location "{RawFileName}".
             This reference is not "CopyLocal" because at least one source item had "Private" set to "false" and no source items had "Private" set to "true".
             The ImageRuntimeVersion for this reference is "".
         Primary reference "System.Security.Cryptography.OpenSsl, Version=8.0.0.0, Culture=neutral, PublicKeyToken=b03f5f7f11d50a3a".
             Resolved file path is "/nix/store/8y83na7h81fw5kr1msmjc7rvx329djp0-dotnet-sdk-8.0.300/packs/Microsoft.NETCore.App.Ref/8.0.5/ref/net8.0/System.Security.Cryptography.OpenSsl.dll".
             Reference found at search path location "{RawFileName}".
             This reference is not "CopyLocal" because at least one source item had "Private" set to "false" and no source items had "Private" set to "true".
             The ImageRuntimeVersion for this reference is "".
         Primary reference "System.Security.Cryptography.Primitives, Version=8.0.0.0, Culture=neutral, PublicKeyToken=b03f5f7f11d50a3a".
             Resolved file path is "/nix/store/8y83na7h81fw5kr1msmjc7rvx329djp0-dotnet-sdk-8.0.300/packs/Microsoft.NETCore.App.Ref/8.0.5/ref/net8.0/System.Security.Cryptography.Primitives.dll".
             Reference found at search path location "{RawFileName}".
             This reference is not "CopyLocal" because at least one source item had "Private" set to "false" and no source items had "Private" set to "true".
             The ImageRuntimeVersion for this reference is "".
         Primary reference "System.Security.Cryptography.X509Certificates, Version=8.0.0.0, Culture=neutral, PublicKeyToken=b03f5f7f11d50a3a".
             Resolved file path is "/nix/store/8y83na7h81fw5kr1msmjc7rvx329djp0-dotnet-sdk-8.0.300/packs/Microsoft.NETCore.App.Ref/8.0.5/ref/net8.0/System.Security.Cryptography.X509Certificates.dll".
             Reference found at search path location "{RawFileName}".
             This reference is not "CopyLocal" because at least one source item had "Private" set to "false" and no source items had "Private" set to "true".
             The ImageRuntimeVersion for this reference is "".
         Primary reference "System.Security.Cryptography, Version=8.0.0.0, Culture=neutral, PublicKeyToken=b03f5f7f11d50a3a".
             Resolved file path is "/nix/store/8y83na7h81fw5kr1msmjc7rvx329djp0-dotnet-sdk-8.0.300/packs/Microsoft.NETCore.App.Ref/8.0.5/ref/net8.0/System.Security.Cryptography.dll".
             Reference found at search path location "{RawFileName}".
             This reference is not "CopyLocal" because at least one source item had "Private" set to "false" and no source items had "Private" set to "true".
             The ImageRuntimeVersion for this reference is "".
         Primary reference "System.Security.Principal.Windows, Version=8.0.0.0, Culture=neutral, PublicKeyToken=b03f5f7f11d50a3a".
             Resolved file path is "/nix/store/8y83na7h81fw5kr1msmjc7rvx329djp0-dotnet-sdk-8.0.300/packs/Microsoft.NETCore.App.Ref/8.0.5/ref/net8.0/System.Security.Principal.Windows.dll".
             Reference found at search path location "{RawFileName}".
             This reference is not "CopyLocal" because at least one source item had "Private" set to "false" and no source items had "Private" set to "true".
             The ImageRuntimeVersion for this reference is "".
         Primary reference "System.Security.Principal, Version=8.0.0.0, Culture=neutral, PublicKeyToken=b03f5f7f11d50a3a".
             Resolved file path is "/nix/store/8y83na7h81fw5kr1msmjc7rvx329djp0-dotnet-sdk-8.0.300/packs/Microsoft.NETCore.App.Ref/8.0.5/ref/net8.0/System.Security.Principal.dll".
             Reference found at search path location "{RawFileName}".
             This reference is not "CopyLocal" because at least one source item had "Private" set to "false" and no source items had "Private" set to "true".
             The ImageRuntimeVersion for this reference is "".
         Primary reference "System.Security.SecureString, Version=8.0.0.0, Culture=neutral, PublicKeyToken=b03f5f7f11d50a3a".
             Resolved file path is "/nix/store/8y83na7h81fw5kr1msmjc7rvx329djp0-dotnet-sdk-8.0.300/packs/Microsoft.NETCore.App.Ref/8.0.5/ref/net8.0/System.Security.SecureString.dll".
             Reference found at search path location "{RawFileName}".
             This reference is not "CopyLocal" because at least one source item had "Private" set to "false" and no source items had "Private" set to "true".
             The ImageRuntimeVersion for this reference is "".
         Primary reference "System.Security, Version=4.0.0.0, Culture=neutral, PublicKeyToken=b03f5f7f11d50a3a".
             Resolved file path is "/nix/store/8y83na7h81fw5kr1msmjc7rvx329djp0-dotnet-sdk-8.0.300/packs/Microsoft.NETCore.App.Ref/8.0.5/ref/net8.0/System.Security.dll".
             Reference found at search path location "{RawFileName}".
             This reference is not "CopyLocal" because at least one source item had "Private" set to "false" and no source items had "Private" set to "true".
             The ImageRuntimeVersion for this reference is "".
         Primary reference "System.ServiceModel.Web, Version=4.0.0.0, Culture=neutral, PublicKeyToken=31bf3856ad364e35".
             Resolved file path is "/nix/store/8y83na7h81fw5kr1msmjc7rvx329djp0-dotnet-sdk-8.0.300/packs/Microsoft.NETCore.App.Ref/8.0.5/ref/net8.0/System.ServiceModel.Web.dll".
             Reference found at search path location "{RawFileName}".
             This reference is not "CopyLocal" because at least one source item had "Private" set to "false" and no source items had "Private" set to "true".
             The ImageRuntimeVersion for this reference is "".
         Primary reference "System.ServiceProcess, Version=4.0.0.0, Culture=neutral, PublicKeyToken=b03f5f7f11d50a3a".
             Resolved file path is "/nix/store/8y83na7h81fw5kr1msmjc7rvx329djp0-dotnet-sdk-8.0.300/packs/Microsoft.NETCore.App.Ref/8.0.5/ref/net8.0/System.ServiceProcess.dll".
             Reference found at search path location "{RawFileName}".
             This reference is not "CopyLocal" because at least one source item had "Private" set to "false" and no source items had "Private" set to "true".
             The ImageRuntimeVersion for this reference is "".
         Primary reference "System.Text.Encoding.CodePages, Version=8.0.0.0, Culture=neutral, PublicKeyToken=b03f5f7f11d50a3a".
             Resolved file path is "/nix/store/8y83na7h81fw5kr1msmjc7rvx329djp0-dotnet-sdk-8.0.300/packs/Microsoft.NETCore.App.Ref/8.0.5/ref/net8.0/System.Text.Encoding.CodePages.dll".
             Reference found at search path location "{RawFileName}".
             This reference is not "CopyLocal" because at least one source item had "Private" set to "false" and no source items had "Private" set to "true".
             The ImageRuntimeVersion for this reference is "".
         Primary reference "System.Text.Encoding.Extensions, Version=8.0.0.0, Culture=neutral, PublicKeyToken=b03f5f7f11d50a3a".
             Resolved file path is "/nix/store/8y83na7h81fw5kr1msmjc7rvx329djp0-dotnet-sdk-8.0.300/packs/Microsoft.NETCore.App.Ref/8.0.5/ref/net8.0/System.Text.Encoding.Extensions.dll".
             Reference found at search path location "{RawFileName}".
             This reference is not "CopyLocal" because at least one source item had "Private" set to "false" and no source items had "Private" set to "true".
             The ImageRuntimeVersion for this reference is "".
         Primary reference "System.Text.Encoding, Version=8.0.0.0, Culture=neutral, PublicKeyToken=b03f5f7f11d50a3a".
             Resolved file path is "/nix/store/8y83na7h81fw5kr1msmjc7rvx329djp0-dotnet-sdk-8.0.300/packs/Microsoft.NETCore.App.Ref/8.0.5/ref/net8.0/System.Text.Encoding.dll".
             Reference found at search path location "{RawFileName}".
             This reference is not "CopyLocal" because at least one source item had "Private" set to "false" and no source items had "Private" set to "true".
             The ImageRuntimeVersion for this reference is "".
         Primary reference "System.Text.Encodings.Web, Version=8.0.0.0, Culture=neutral, PublicKeyToken=cc7b13ffcd2ddd51".
             Resolved file path is "/nix/store/8y83na7h81fw5kr1msmjc7rvx329djp0-dotnet-sdk-8.0.300/packs/Microsoft.NETCore.App.Ref/8.0.5/ref/net8.0/System.Text.Encodings.Web.dll".
             Reference found at search path location "{RawFileName}".
             This reference is not "CopyLocal" because at least one source item had "Private" set to "false" and no source items had "Private" set to "true".
             The ImageRuntimeVersion for this reference is "".
         Primary reference "System.Text.Json, Version=8.0.0.0, Culture=neutral, PublicKeyToken=cc7b13ffcd2ddd51".
             Resolved file path is "/nix/store/8y83na7h81fw5kr1msmjc7rvx329djp0-dotnet-sdk-8.0.300/packs/Microsoft.NETCore.App.Ref/8.0.5/ref/net8.0/System.Text.Json.dll".
             Reference found at search path location "{RawFileName}".
             This reference is not "CopyLocal" because at least one source item had "Private" set to "false" and no source items had "Private" set to "true".
             The ImageRuntimeVersion for this reference is "".
         Primary reference "System.Text.RegularExpressions, Version=8.0.0.0, Culture=neutral, PublicKeyToken=b03f5f7f11d50a3a".
             Resolved file path is "/nix/store/8y83na7h81fw5kr1msmjc7rvx329djp0-dotnet-sdk-8.0.300/packs/Microsoft.NETCore.App.Ref/8.0.5/ref/net8.0/System.Text.RegularExpressions.dll".
             Reference found at search path location "{RawFileName}".
             This reference is not "CopyLocal" because at least one source item had "Private" set to "false" and no source items had "Private" set to "true".
             The ImageRuntimeVersion for this reference is "".
         Primary reference "System.Threading.Channels, Version=8.0.0.0, Culture=neutral, PublicKeyToken=cc7b13ffcd2ddd51".
             Resolved file path is "/nix/store/8y83na7h81fw5kr1msmjc7rvx329djp0-dotnet-sdk-8.0.300/packs/Microsoft.NETCore.App.Ref/8.0.5/ref/net8.0/System.Threading.Channels.dll".
             Reference found at search path location "{RawFileName}".
             This reference is not "CopyLocal" because at least one source item had "Private" set to "false" and no source items had "Private" set to "true".
             The ImageRuntimeVersion for this reference is "".
         Primary reference "System.Threading.Overlapped, Version=8.0.0.0, Culture=neutral, PublicKeyToken=b03f5f7f11d50a3a".
             Resolved file path is "/nix/store/8y83na7h81fw5kr1msmjc7rvx329djp0-dotnet-sdk-8.0.300/packs/Microsoft.NETCore.App.Ref/8.0.5/ref/net8.0/System.Threading.Overlapped.dll".
             Reference found at search path location "{RawFileName}".
             This reference is not "CopyLocal" because at least one source item had "Private" set to "false" and no source items had "Private" set to "true".
             The ImageRuntimeVersion for this reference is "".
         Primary reference "System.Threading.Tasks.Dataflow, Version=8.0.0.0, Culture=neutral, PublicKeyToken=b03f5f7f11d50a3a".
             Resolved file path is "/nix/store/8y83na7h81fw5kr1msmjc7rvx329djp0-dotnet-sdk-8.0.300/packs/Microsoft.NETCore.App.Ref/8.0.5/ref/net8.0/System.Threading.Tasks.Dataflow.dll".
             Reference found at search path location "{RawFileName}".
             This reference is not "CopyLocal" because at least one source item had "Private" set to "false" and no source items had "Private" set to "true".
             The ImageRuntimeVersion for this reference is "".
         Primary reference "System.Threading.Tasks.Extensions, Version=8.0.0.0, Culture=neutral, PublicKeyToken=cc7b13ffcd2ddd51".
             Resolved file path is "/nix/store/8y83na7h81fw5kr1msmjc7rvx329djp0-dotnet-sdk-8.0.300/packs/Microsoft.NETCore.App.Ref/8.0.5/ref/net8.0/System.Threading.Tasks.Extensions.dll".
             Reference found at search path location "{RawFileName}".
             This reference is not "CopyLocal" because at least one source item had "Private" set to "false" and no source items had "Private" set to "true".
             The ImageRuntimeVersion for this reference is "".
         Primary reference "System.Threading.Tasks.Parallel, Version=8.0.0.0, Culture=neutral, PublicKeyToken=b03f5f7f11d50a3a".
             Resolved file path is "/nix/store/8y83na7h81fw5kr1msmjc7rvx329djp0-dotnet-sdk-8.0.300/packs/Microsoft.NETCore.App.Ref/8.0.5/ref/net8.0/System.Threading.Tasks.Parallel.dll".
             Reference found at search path location "{RawFileName}".
             This reference is not "CopyLocal" because at least one source item had "Private" set to "false" and no source items had "Private" set to "true".
             The ImageRuntimeVersion for this reference is "".
         Primary reference "System.Threading.Tasks, Version=8.0.0.0, Culture=neutral, PublicKeyToken=b03f5f7f11d50a3a".
             Resolved file path is "/nix/store/8y83na7h81fw5kr1msmjc7rvx329djp0-dotnet-sdk-8.0.300/packs/Microsoft.NETCore.App.Ref/8.0.5/ref/net8.0/System.Threading.Tasks.dll".
             Reference found at search path location "{RawFileName}".
             This reference is not "CopyLocal" because at least one source item had "Private" set to "false" and no source items had "Private" set to "true".
             The ImageRuntimeVersion for this reference is "".
         Primary reference "System.Threading.Thread, Version=8.0.0.0, Culture=neutral, PublicKeyToken=b03f5f7f11d50a3a".
             Resolved file path is "/nix/store/8y83na7h81fw5kr1msmjc7rvx329djp0-dotnet-sdk-8.0.300/packs/Microsoft.NETCore.App.Ref/8.0.5/ref/net8.0/System.Threading.Thread.dll".
             Reference found at search path location "{RawFileName}".
             This reference is not "CopyLocal" because at least one source item had "Private" set to "false" and no source items had "Private" set to "true".
             The ImageRuntimeVersion for this reference is "".
         Primary reference "System.Threading.ThreadPool, Version=8.0.0.0, Culture=neutral, PublicKeyToken=b03f5f7f11d50a3a".
             Resolved file path is "/nix/store/8y83na7h81fw5kr1msmjc7rvx329djp0-dotnet-sdk-8.0.300/packs/Microsoft.NETCore.App.Ref/8.0.5/ref/net8.0/System.Threading.ThreadPool.dll".
             Reference found at search path location "{RawFileName}".
             This reference is not "CopyLocal" because at least one source item had "Private" set to "false" and no source items had "Private" set to "true".
             The ImageRuntimeVersion for this reference is "".
         Primary reference "System.Threading.Timer, Version=8.0.0.0, Culture=neutral, PublicKeyToken=b03f5f7f11d50a3a".
             Resolved file path is "/nix/store/8y83na7h81fw5kr1msmjc7rvx329djp0-dotnet-sdk-8.0.300/packs/Microsoft.NETCore.App.Ref/8.0.5/ref/net8.0/System.Threading.Timer.dll".
             Reference found at search path location "{RawFileName}".
             This reference is not "CopyLocal" because at least one source item had "Private" set to "false" and no source items had "Private" set to "true".
             The ImageRuntimeVersion for this reference is "".
         Primary reference "System.Threading, Version=8.0.0.0, Culture=neutral, PublicKeyToken=b03f5f7f11d50a3a".
             Resolved file path is "/nix/store/8y83na7h81fw5kr1msmjc7rvx329djp0-dotnet-sdk-8.0.300/packs/Microsoft.NETCore.App.Ref/8.0.5/ref/net8.0/System.Threading.dll".
             Reference found at search path location "{RawFileName}".
             This reference is not "CopyLocal" because at least one source item had "Private" set to "false" and no source items had "Private" set to "true".
             The ImageRuntimeVersion for this reference is "".
         Primary reference "System.Transactions.Local, Version=8.0.0.0, Culture=neutral, PublicKeyToken=cc7b13ffcd2ddd51".
             Resolved file path is "/nix/store/8y83na7h81fw5kr1msmjc7rvx329djp0-dotnet-sdk-8.0.300/packs/Microsoft.NETCore.App.Ref/8.0.5/ref/net8.0/System.Transactions.Local.dll".
             Reference found at search path location "{RawFileName}".
             This reference is not "CopyLocal" because at least one source item had "Private" set to "false" and no source items had "Private" set to "true".
             The ImageRuntimeVersion for this reference is "".
         Primary reference "System.Transactions, Version=4.0.0.0, Culture=neutral, PublicKeyToken=b77a5c561934e089".
             Resolved file path is "/nix/store/8y83na7h81fw5kr1msmjc7rvx329djp0-dotnet-sdk-8.0.300/packs/Microsoft.NETCore.App.Ref/8.0.5/ref/net8.0/System.Transactions.dll".
             Reference found at search path location "{RawFileName}".
             This reference is not "CopyLocal" because at least one source item had "Private" set to "false" and no source items had "Private" set to "true".
             The ImageRuntimeVersion for this reference is "".
         Primary reference "System.ValueTuple, Version=8.0.0.0, Culture=neutral, PublicKeyToken=cc7b13ffcd2ddd51".
             Resolved file path is "/nix/store/8y83na7h81fw5kr1msmjc7rvx329djp0-dotnet-sdk-8.0.300/packs/Microsoft.NETCore.App.Ref/8.0.5/ref/net8.0/System.ValueTuple.dll".
             Reference found at search path location "{RawFileName}".
             This reference is not "CopyLocal" because at least one source item had "Private" set to "false" and no source items had "Private" set to "true".
             The ImageRuntimeVersion for this reference is "".
         Primary reference "System.Web.HttpUtility, Version=8.0.0.0, Culture=neutral, PublicKeyToken=cc7b13ffcd2ddd51".
             Resolved file path is "/nix/store/8y83na7h81fw5kr1msmjc7rvx329djp0-dotnet-sdk-8.0.300/packs/Microsoft.NETCore.App.Ref/8.0.5/ref/net8.0/System.Web.HttpUtility.dll".
             Reference found at search path location "{RawFileName}".
             This reference is not "CopyLocal" because at least one source item had "Private" set to "false" and no source items had "Private" set to "true".
             The ImageRuntimeVersion for this reference is "".
         Primary reference "System.Web, Version=4.0.0.0, Culture=neutral, PublicKeyToken=b03f5f7f11d50a3a".
             Resolved file path is "/nix/store/8y83na7h81fw5kr1msmjc7rvx329djp0-dotnet-sdk-8.0.300/packs/Microsoft.NETCore.App.Ref/8.0.5/ref/net8.0/System.Web.dll".
             Reference found at search path location "{RawFileName}".
             This reference is not "CopyLocal" because at least one source item had "Private" set to "false" and no source items had "Private" set to "true".
             The ImageRuntimeVersion for this reference is "".
         Primary reference "System.Windows, Version=4.0.0.0, Culture=neutral, PublicKeyToken=b03f5f7f11d50a3a".
             Resolved file path is "/nix/store/8y83na7h81fw5kr1msmjc7rvx329djp0-dotnet-sdk-8.0.300/packs/Microsoft.NETCore.App.Ref/8.0.5/ref/net8.0/System.Windows.dll".
             Reference found at search path location "{RawFileName}".
             This reference is not "CopyLocal" because at least one source item had "Private" set to "false" and no source items had "Private" set to "true".
             The ImageRuntimeVersion for this reference is "".
         Primary reference "System.Xml.Linq, Version=4.0.0.0, Culture=neutral, PublicKeyToken=b77a5c561934e089".
             Resolved file path is "/nix/store/8y83na7h81fw5kr1msmjc7rvx329djp0-dotnet-sdk-8.0.300/packs/Microsoft.NETCore.App.Ref/8.0.5/ref/net8.0/System.Xml.Linq.dll".
             Reference found at search path location "{RawFileName}".
             This reference is not "CopyLocal" because at least one source item had "Private" set to "false" and no source items had "Private" set to "true".
             The ImageRuntimeVersion for this reference is "".
         Primary reference "System.Xml.ReaderWriter, Version=8.0.0.0, Culture=neutral, PublicKeyToken=b03f5f7f11d50a3a".
             Resolved file path is "/nix/store/8y83na7h81fw5kr1msmjc7rvx329djp0-dotnet-sdk-8.0.300/packs/Microsoft.NETCore.App.Ref/8.0.5/ref/net8.0/System.Xml.ReaderWriter.dll".
             Reference found at search path location "{RawFileName}".
             This reference is not "CopyLocal" because at least one source item had "Private" set to "false" and no source items had "Private" set to "true".
             The ImageRuntimeVersion for this reference is "".
         Primary reference "System.Xml.Serialization, Version=4.0.0.0, Culture=neutral, PublicKeyToken=b77a5c561934e089".
             Resolved file path is "/nix/store/8y83na7h81fw5kr1msmjc7rvx329djp0-dotnet-sdk-8.0.300/packs/Microsoft.NETCore.App.Ref/8.0.5/ref/net8.0/System.Xml.Serialization.dll".
             Reference found at search path location "{RawFileName}".
             This reference is not "CopyLocal" because at least one source item had "Private" set to "false" and no source items had "Private" set to "true".
             The ImageRuntimeVersion for this reference is "".
         Primary reference "System.Xml.XDocument, Version=8.0.0.0, Culture=neutral, PublicKeyToken=b03f5f7f11d50a3a".
             Resolved file path is "/nix/store/8y83na7h81fw5kr1msmjc7rvx329djp0-dotnet-sdk-8.0.300/packs/Microsoft.NETCore.App.Ref/8.0.5/ref/net8.0/System.Xml.XDocument.dll".
             Reference found at search path location "{RawFileName}".
             This reference is not "CopyLocal" because at least one source item had "Private" set to "false" and no source items had "Private" set to "true".
             The ImageRuntimeVersion for this reference is "".
         Primary reference "System.Xml.XPath.XDocument, Version=8.0.0.0, Culture=neutral, PublicKeyToken=b03f5f7f11d50a3a".
             Resolved file path is "/nix/store/8y83na7h81fw5kr1msmjc7rvx329djp0-dotnet-sdk-8.0.300/packs/Microsoft.NETCore.App.Ref/8.0.5/ref/net8.0/System.Xml.XPath.XDocument.dll".
             Reference found at search path location "{RawFileName}".
             This reference is not "CopyLocal" because at least one source item had "Private" set to "false" and no source items had "Private" set to "true".
             The ImageRuntimeVersion for this reference is "".
         Primary reference "System.Xml.XPath, Version=8.0.0.0, Culture=neutral, PublicKeyToken=b03f5f7f11d50a3a".
             Resolved file path is "/nix/store/8y83na7h81fw5kr1msmjc7rvx329djp0-dotnet-sdk-8.0.300/packs/Microsoft.NETCore.App.Ref/8.0.5/ref/net8.0/System.Xml.XPath.dll".
             Reference found at search path location "{RawFileName}".
             This reference is not "CopyLocal" because at least one source item had "Private" set to "false" and no source items had "Private" set to "true".
             The ImageRuntimeVersion for this reference is "".
         Primary reference "System.Xml.XmlDocument, Version=8.0.0.0, Culture=neutral, PublicKeyToken=b03f5f7f11d50a3a".
             Resolved file path is "/nix/store/8y83na7h81fw5kr1msmjc7rvx329djp0-dotnet-sdk-8.0.300/packs/Microsoft.NETCore.App.Ref/8.0.5/ref/net8.0/System.Xml.XmlDocument.dll".
             Reference found at search path location "{RawFileName}".
             This reference is not "CopyLocal" because at least one source item had "Private" set to "false" and no source items had "Private" set to "true".
             The ImageRuntimeVersion for this reference is "".
         Primary reference "System.Xml.XmlSerializer, Version=8.0.0.0, Culture=neutral, PublicKeyToken=b03f5f7f11d50a3a".
             Resolved file path is "/nix/store/8y83na7h81fw5kr1msmjc7rvx329djp0-dotnet-sdk-8.0.300/packs/Microsoft.NETCore.App.Ref/8.0.5/ref/net8.0/System.Xml.XmlSerializer.dll".
             Reference found at search path location "{RawFileName}".
             This reference is not "CopyLocal" because at least one source item had "Private" set to "false" and no source items had "Private" set to "true".
             The ImageRuntimeVersion for this reference is "".
         Primary reference "System.Xml, Version=4.0.0.0, Culture=neutral, PublicKeyToken=b77a5c561934e089".
             Resolved file path is "/nix/store/8y83na7h81fw5kr1msmjc7rvx329djp0-dotnet-sdk-8.0.300/packs/Microsoft.NETCore.App.Ref/8.0.5/ref/net8.0/System.Xml.dll".
             Reference found at search path location "{RawFileName}".
             This reference is not "CopyLocal" because at least one source item had "Private" set to "false" and no source items had "Private" set to "true".
             The ImageRuntimeVersion for this reference is "".
         Primary reference "System, Version=4.0.0.0, Culture=neutral, PublicKeyToken=b77a5c561934e089".
             Resolved file path is "/nix/store/8y83na7h81fw5kr1msmjc7rvx329djp0-dotnet-sdk-8.0.300/packs/Microsoft.NETCore.App.Ref/8.0.5/ref/net8.0/System.dll".
             Reference found at search path location "{RawFileName}".
             This reference is not "CopyLocal" because at least one source item had "Private" set to "false" and no source items had "Private" set to "true".
             The ImageRuntimeVersion for this reference is "".
         Primary reference "WindowsBase, Version=4.0.0.0, Culture=neutral, PublicKeyToken=31bf3856ad364e35".
             Resolved file path is "/nix/store/8y83na7h81fw5kr1msmjc7rvx329djp0-dotnet-sdk-8.0.300/packs/Microsoft.NETCore.App.Ref/8.0.5/ref/net8.0/WindowsBase.dll".
             Reference found at search path location "{RawFileName}".
             This reference is not "CopyLocal" because at least one source item had "Private" set to "false" and no source items had "Private" set to "true".
             The ImageRuntimeVersion for this reference is "".
         Primary reference "mscorlib, Version=4.0.0.0, Culture=neutral, PublicKeyToken=b77a5c561934e089".
             Resolved file path is "/nix/store/8y83na7h81fw5kr1msmjc7rvx329djp0-dotnet-sdk-8.0.300/packs/Microsoft.NETCore.App.Ref/8.0.5/ref/net8.0/mscorlib.dll".
             Reference found at search path location "{RawFileName}".
             This reference is not "CopyLocal" because at least one source item had "Private" set to "false" and no source items had "Private" set to "true".
             The ImageRuntimeVersion for this reference is "".
         Primary reference "netstandard, Version=2.1.0.0, Culture=neutral, PublicKeyToken=cc7b13ffcd2ddd51".
             Resolved file path is "/nix/store/8y83na7h81fw5kr1msmjc7rvx329djp0-dotnet-sdk-8.0.300/packs/Microsoft.NETCore.App.Ref/8.0.5/ref/net8.0/netstandard.dll".
             Reference found at search path location "{RawFileName}".
             This reference is not "CopyLocal" because at least one source item had "Private" set to "false" and no source items had "Private" set to "true".
             The ImageRuntimeVersion for this reference is "".
       Done executing task "ResolveAssemblyReference".
   3:7>Done building target "ResolveAssemblyReferences" in project "PokerGame.Abstractions.csproj".
       Target "GenerateBindingRedirects" skipped, due to false condition; ('$(AutoGenerateBindingRedirects)' == 'true' and '$(GenerateBindingRedirectsOutputType)' == 'true' and '@(SuggestedBindingRedirects)' != '' and '$(DesignTimeBuild)' != 'true' and '$(BuildingProject)' == 'true') was evaluated as ('' == 'true' and '' == 'true' and '' != '' and '' != 'true' and 'true' == 'true').
       Target "GenerateSupportedRuntime" skipped, due to false condition; ('$(GenerateSupportedRuntime)' != 'false' and '$(TargetFrameworkIdentifier)' == '.NETFramework' and '$(HasRuntimeOutput)' == 'true') was evaluated as ('' != 'false' and '.NETCoreApp' == '.NETFramework' and '' == 'true').
       Target "GenerateBindingRedirectsUpdateAppConfig" skipped, due to false condition; ('$(AutoGenerateBindingRedirects)' == 'true' and '$(GenerateBindingRedirectsOutputType)' == 'true') was evaluated as ('' == 'true' and '' == 'true').
       Target "ResolveComReferences" skipped, due to false condition; ('@(COMReference)'!='' or '@(COMFileReference)'!='') was evaluated as (''!='' or ''!='').
   3:7>Target "AfterResolveReferences" in file "/nix/store/8y83na7h81fw5kr1msmjc7rvx329djp0-dotnet-sdk-8.0.300/sdk/8.0.300/Microsoft.Common.CurrentVersion.targets" from project "/home/runner/workspace/PokerGame.Abstractions/PokerGame.Abstractions.csproj" (target "ResolveReferences" depends on it):
   3:7>Done building target "AfterResolveReferences" in project "PokerGame.Abstractions.csproj".
   3:7>Target "ResolveReferences" in file "/nix/store/8y83na7h81fw5kr1msmjc7rvx329djp0-dotnet-sdk-8.0.300/sdk/8.0.300/Microsoft.Common.CurrentVersion.targets" from project "/home/runner/workspace/PokerGame.Abstractions/PokerGame.Abstractions.csproj" (target "_BlockWinMDsOnUnsupportedTFMs" depends on it):
   3:7>Done building target "ResolveReferences" in project "PokerGame.Abstractions.csproj".
   3:7>Target "_BlockWinMDsOnUnsupportedTFMs" in file "/nix/store/8y83na7h81fw5kr1msmjc7rvx329djp0-dotnet-sdk-8.0.300/sdk/8.0.300/Sdks/Microsoft.NET.Sdk/targets/Microsoft.NET.Sdk.targets" from project "/home/runner/workspace/PokerGame.Abstractions/PokerGame.Abstractions.csproj" (target "CoreBuild" depends on it):
       Using "CheckForUnsupportedWinMDReferences" task from assembly "/nix/store/8y83na7h81fw5kr1msmjc7rvx329djp0-dotnet-sdk-8.0.300/sdk/8.0.300/Sdks/Microsoft.NET.Sdk/targets/../tools/net8.0/Microsoft.NET.Build.Tasks.dll".
       Task "CheckForUnsupportedWinMDReferences"
       Done executing task "CheckForUnsupportedWinMDReferences".
       Task "NETSdkError" skipped, due to false condition; ('$(OutputType)' == 'winmdobj') was evaluated as ('Library' == 'winmdobj').
   3:7>Done building target "_BlockWinMDsOnUnsupportedTFMs" in project "PokerGame.Abstractions.csproj".
       Target "ResolveReferences" skipped. Previously built successfully.
       Target "ResolvePackageDependenciesForBuild" skipped. Previously built successfully.
       Target "_HandlePackageFileConflicts" skipped. Previously built successfully.
   3:7>Target "CopyAdditionalFiles" in file "/nix/store/8y83na7h81fw5kr1msmjc7rvx329djp0-dotnet-sdk-8.0.300/sdk/8.0.300/Roslyn/Microsoft.Managed.Core.targets" from project "/home/runner/workspace/PokerGame.Abstractions/PokerGame.Abstractions.csproj" (target "AssignTargetPaths" depends on it):
   3:7>Done building target "CopyAdditionalFiles" in project "PokerGame.Abstractions.csproj".
       Target "_ChooseAppHost" skipped, due to false condition; ('$(UseAppHost)' == 'true' and '$(_IsExecutable)' == 'true') was evaluated as ('' == 'true' and '' == 'true').
       Target "_GetComHostPaths" skipped, due to false condition; ('$(EnableComHosting)' == 'true' and '$(_IsExecutable)' != 'true') was evaluated as ('' == 'true' and '' != 'true').
       Target "_GetIjwHostPaths" skipped, due to false condition; ('$(UseIJWHost)' == 'true') was evaluated as ('' == 'true').
   3:7>Target "_ComputeNETCoreBuildOutputFiles" in file "/nix/store/8y83na7h81fw5kr1msmjc7rvx329djp0-dotnet-sdk-8.0.300/sdk/8.0.300/Sdks/Microsoft.NET.Sdk/targets/Microsoft.NET.Sdk.targets" from project "/home/runner/workspace/PokerGame.Abstractions/PokerGame.Abstractions.csproj" (target "AssignTargetPaths" depends on it):
   3:7>Done building target "_ComputeNETCoreBuildOutputFiles" in project "PokerGame.Abstractions.csproj".
   3:7>Target "AssignTargetPaths" in file "/nix/store/8y83na7h81fw5kr1msmjc7rvx329djp0-dotnet-sdk-8.0.300/sdk/8.0.300/Microsoft.Common.CurrentVersion.targets" from project "/home/runner/workspace/PokerGame.Abstractions/PokerGame.Abstractions.csproj" (target "PrepareResourceNames" depends on it):
       Using "AssignTargetPath" task from assembly "Microsoft.Build.Tasks.Core, Version=15.1.0.0, Culture=neutral, PublicKeyToken=b03f5f7f11d50a3a".
       Task "AssignTargetPath"
       Done executing task "AssignTargetPath".
       Task "AssignTargetPath"
       Done executing task "AssignTargetPath".
       Task "AssignTargetPath"
       Done executing task "AssignTargetPath".
       Task "AssignTargetPath"
       Done executing task "AssignTargetPath".
       Task "AssignTargetPath" skipped, due to false condition; ('@(_DeploymentBaseManifestWithTargetPath)'=='' and '%(None.Extension)'=='.manifest') was evaluated as (''=='' and ''=='.manifest').
   3:7>Done building target "AssignTargetPaths" in project "PokerGame.Abstractions.csproj".
       Target "AssignTargetPaths" skipped. Previously built successfully.
   3:7>Target "SplitResourcesByCulture" in file "/nix/store/8y83na7h81fw5kr1msmjc7rvx329djp0-dotnet-sdk-8.0.300/sdk/8.0.300/Microsoft.Common.CurrentVersion.targets" from project "/home/runner/workspace/PokerGame.Abstractions/PokerGame.Abstractions.csproj" (target "PrepareResourceNames" depends on it):
       Task "Warning" skipped, due to false condition; ('@(ResxWithNoCulture)'!='') was evaluated as (''!='').
       Task "Warning" skipped, due to false condition; ('@(ResxWithCulture)'!='') was evaluated as (''!='').
       Task "Warning" skipped, due to false condition; ('@(NonResxWithCulture)'!='') was evaluated as (''!='').
       Task "Warning" skipped, due to false condition; ('@(NonResxWithNoCulture)'!='') was evaluated as (''!='').
       Using "AssignCulture" task from assembly "Microsoft.Build.Tasks.Core, Version=15.1.0.0, Culture=neutral, PublicKeyToken=b03f5f7f11d50a3a".
       Task "AssignCulture"
       Done executing task "AssignCulture".
   3:7>Done building target "SplitResourcesByCulture" in project "PokerGame.Abstractions.csproj".
       Target "CreateManifestResourceNames" skipped, due to false condition; ('@(EmbeddedResource)' != '') was evaluated as ('' != '').
   3:7>Target "CreateCustomManifestResourceNames" in file "/nix/store/8y83na7h81fw5kr1msmjc7rvx329djp0-dotnet-sdk-8.0.300/sdk/8.0.300/Microsoft.Common.CurrentVersion.targets" from project "/home/runner/workspace/PokerGame.Abstractions/PokerGame.Abstractions.csproj" (target "PrepareResourceNames" depends on it):
   3:7>Done building target "CreateCustomManifestResourceNames" in project "PokerGame.Abstractions.csproj".
   3:7>Target "PrepareResourceNames" in file "/nix/store/8y83na7h81fw5kr1msmjc7rvx329djp0-dotnet-sdk-8.0.300/sdk/8.0.300/Microsoft.Common.CurrentVersion.targets" from project "/home/runner/workspace/PokerGame.Abstractions/PokerGame.Abstractions.csproj" (target "PrepareResources" depends on it):
   3:7>Done building target "PrepareResourceNames" in project "PokerGame.Abstractions.csproj".
       Target "ResolveAssemblyReferences" skipped. Previously built successfully.
       Target "SplitResourcesByCulture" skipped. Previously built successfully.
   3:7>Target "BeforeResGen" in file "/nix/store/8y83na7h81fw5kr1msmjc7rvx329djp0-dotnet-sdk-8.0.300/sdk/8.0.300/Microsoft.Common.CurrentVersion.targets" from project "/home/runner/workspace/PokerGame.Abstractions/PokerGame.Abstractions.csproj" (target "ResGen" depends on it):
   3:7>Done building target "BeforeResGen" in project "PokerGame.Abstractions.csproj".
       Target "ResolveReferences" skipped. Previously built successfully.
   3:7>Target "FindReferenceAssembliesForReferences" in file "/nix/store/8y83na7h81fw5kr1msmjc7rvx329djp0-dotnet-sdk-8.0.300/sdk/8.0.300/Microsoft.Common.CurrentVersion.targets" from project "/home/runner/workspace/PokerGame.Abstractions/PokerGame.Abstractions.csproj" (target "CoreResGen" depends on it):
   3:7>Done building target "FindReferenceAssembliesForReferences" in project "PokerGame.Abstractions.csproj".
   3:7>Target "CoreResGen" in file "/nix/store/8y83na7h81fw5kr1msmjc7rvx329djp0-dotnet-sdk-8.0.300/sdk/8.0.300/Microsoft.Common.CurrentVersion.targets" from project "/home/runner/workspace/PokerGame.Abstractions/PokerGame.Abstractions.csproj" (target "ResGen" depends on it):
       Task "GenerateResource" skipped, due to false condition; ('%(EmbeddedResource.Type)' == 'Resx' and '%(EmbeddedResource.GenerateResource)' != 'false' and '$(GenerateResourceMSBuildRuntime)' != 'CLR2') was evaluated as ('' == 'Resx' and '' != 'false' and 'CurrentRuntime' != 'CLR2').
       Task "GenerateResource" skipped, due to false condition; ('%(EmbeddedResource.Type)' == 'Resx' and '%(EmbeddedResource.GenerateResource)' != 'false' and '$(GenerateResourceMSBuildRuntime)' == 'CLR2') was evaluated as ('' == 'Resx' and '' != 'false' and 'CurrentRuntime' == 'CLR2').
   3:7>Done building target "CoreResGen" in project "PokerGame.Abstractions.csproj".
   3:7>Target "AfterResGen" in file "/nix/store/8y83na7h81fw5kr1msmjc7rvx329djp0-dotnet-sdk-8.0.300/sdk/8.0.300/Microsoft.Common.CurrentVersion.targets" from project "/home/runner/workspace/PokerGame.Abstractions/PokerGame.Abstractions.csproj" (target "ResGen" depends on it):
   3:7>Done building target "AfterResGen" in project "PokerGame.Abstractions.csproj".
   3:7>Target "ResGen" in file "/nix/store/8y83na7h81fw5kr1msmjc7rvx329djp0-dotnet-sdk-8.0.300/sdk/8.0.300/Microsoft.Common.CurrentVersion.targets" from project "/home/runner/workspace/PokerGame.Abstractions/PokerGame.Abstractions.csproj" (target "PrepareResources" depends on it):
   3:7>Done building target "ResGen" in project "PokerGame.Abstractions.csproj".
       Target "CompileLicxFiles" skipped, due to false condition; ('@(_LicxFile)'!='') was evaluated as (''!='').
   3:7>Target "PrepareResources" in file "/nix/store/8y83na7h81fw5kr1msmjc7rvx329djp0-dotnet-sdk-8.0.300/sdk/8.0.300/Microsoft.Common.CurrentVersion.targets" from project "/home/runner/workspace/PokerGame.Abstractions/PokerGame.Abstractions.csproj" (target "CoreBuild" depends on it):
   3:7>Done building target "PrepareResources" in project "PokerGame.Abstractions.csproj".
       Target "ResolveKeySource" skipped, due to false condition; ($(SignManifests) == 'true' or $(SignAssembly) == 'true') was evaluated as ( == 'true' or false == 'true').
       Target "ResolveReferences" skipped. Previously built successfully.
       Target "ResolveKeySource" skipped, due to false condition; ($(SignManifests) == 'true' or $(SignAssembly) == 'true') was evaluated as ( == 'true' or false == 'true').
       Target "ResolveComReferences" skipped, due to false condition; ('@(COMReference)'!='' or '@(COMFileReference)'!='') was evaluated as (''!='' or ''!='').
       Target "ResolveNativeReferences" skipped, due to false condition; ('@(NativeReference)'!='') was evaluated as (''!='').
       Target "_SetExternalWin32ManifestProperties" skipped, due to false condition; ('$(GenerateClickOnceManifests)'=='true' or '@(NativeReference)'!='' or '@(ResolvedIsolatedComModules)'!='') was evaluated as (''=='true' or ''!='' or ''!='').
   3:7>Target "_SetEmbeddedWin32ManifestProperties" in file "/nix/store/8y83na7h81fw5kr1msmjc7rvx329djp0-dotnet-sdk-8.0.300/sdk/8.0.300/Microsoft.Common.CurrentVersion.targets" from project "/home/runner/workspace/PokerGame.Abstractions/PokerGame.Abstractions.csproj" (target "SetWin32ManifestProperties" depends on it):
       Using "GetFrameworkPath" task from assembly "Microsoft.Build.Tasks.Core, Version=15.1.0.0, Culture=neutral, PublicKeyToken=b03f5f7f11d50a3a".
       Task "GetFrameworkPath"
       Done executing task "GetFrameworkPath".
   3:7>Done building target "_SetEmbeddedWin32ManifestProperties" in project "PokerGame.Abstractions.csproj".
   3:7>Target "SetWin32ManifestProperties" in file "/nix/store/8y83na7h81fw5kr1msmjc7rvx329djp0-dotnet-sdk-8.0.300/sdk/8.0.300/Microsoft.Common.CurrentVersion.targets" from project "/home/runner/workspace/PokerGame.Abstractions/PokerGame.Abstractions.csproj" (target "Compile" depends on it):
   3:7>Done building target "SetWin32ManifestProperties" in project "PokerGame.Abstractions.csproj".
       Target "FindReferenceAssembliesForReferences" skipped. Previously built successfully.
   3:7>Target "_GenerateCompileInputs" in file "/nix/store/8y83na7h81fw5kr1msmjc7rvx329djp0-dotnet-sdk-8.0.300/sdk/8.0.300/Microsoft.Common.CurrentVersion.targets" from project "/home/runner/workspace/PokerGame.Abstractions/PokerGame.Abstractions.csproj" (target "Compile" depends on it):
       Task "Warning" skipped, due to false condition; ('@(ManifestResourceWithNoCulture)'!='' and '%(ManifestResourceWithNoCulture.EmittedForCompatibilityOnly)'=='') was evaluated as (''!='' and ''=='').
       Task "Warning" skipped, due to false condition; ('@(ManifestNonResxWithNoCultureOnDisk)'!='' and '%(ManifestNonResxWithNoCultureOnDisk.EmittedForCompatibilityOnly)'=='') was evaluated as (''!='' and ''=='').
   3:7>Done building target "_GenerateCompileInputs" in project "PokerGame.Abstractions.csproj".
       Target "PrepareForBuild" skipped. Previously built successfully.
   3:7>Target "GenerateMSBuildEditorConfigFileShouldRun" in file "/nix/store/8y83na7h81fw5kr1msmjc7rvx329djp0-dotnet-sdk-8.0.300/sdk/8.0.300/Roslyn/Microsoft.Managed.Core.targets" from project "/home/runner/workspace/PokerGame.Abstractions/PokerGame.Abstractions.csproj" (target "GenerateMSBuildEditorConfigFile" depends on it):
   3:7>Done building target "GenerateMSBuildEditorConfigFileShouldRun" in project "PokerGame.Abstractions.csproj".
   3:7>Target "GenerateMSBuildEditorConfigFileCore" in file "/nix/store/8y83na7h81fw5kr1msmjc7rvx329djp0-dotnet-sdk-8.0.300/sdk/8.0.300/Roslyn/Microsoft.Managed.Core.targets" from project "/home/runner/workspace/PokerGame.Abstractions/PokerGame.Abstractions.csproj" (target "GenerateMSBuildEditorConfigFile" depends on it):
       Building target "GenerateMSBuildEditorConfigFileCore" completely.
       No input files were specified.
       Using "GenerateMSBuildEditorConfig" task from assembly "/nix/store/8y83na7h81fw5kr1msmjc7rvx329djp0-dotnet-sdk-8.0.300/sdk/8.0.300/Roslyn/Microsoft.Build.Tasks.CodeAnalysis.dll".
       Task "GenerateMSBuildEditorConfig"
       Done executing task "GenerateMSBuildEditorConfig".
   3:7>Done building target "GenerateMSBuildEditorConfigFileCore" in project "PokerGame.Abstractions.csproj".
   3:7>Target "GenerateMSBuildEditorConfigFile" in file "/nix/store/8y83na7h81fw5kr1msmjc7rvx329djp0-dotnet-sdk-8.0.300/sdk/8.0.300/Roslyn/Microsoft.Managed.Core.targets" from project "/home/runner/workspace/PokerGame.Abstractions/PokerGame.Abstractions.csproj" (target "BeforeCompile" depends on it):
   3:7>Done building target "GenerateMSBuildEditorConfigFile" in project "PokerGame.Abstractions.csproj".
       Target "PrepareForBuild" skipped. Previously built successfully.
       Target "GetReferenceAssemblyPaths" skipped. Previously built successfully.
   3:7>Target "_SetTargetFrameworkMonikerAttribute" in file "/nix/store/8y83na7h81fw5kr1msmjc7rvx329djp0-dotnet-sdk-8.0.300/sdk/8.0.300/Microsoft.CSharp.CurrentVersion.targets" from project "/home/runner/workspace/PokerGame.Abstractions/PokerGame.Abstractions.csproj" (target "GenerateTargetFrameworkMonikerAttribute" depends on it):
   3:7>Done building target "_SetTargetFrameworkMonikerAttribute" in project "PokerGame.Abstractions.csproj".
   3:7>Target "GenerateTargetFrameworkMonikerAttribute" in file "/nix/store/8y83na7h81fw5kr1msmjc7rvx329djp0-dotnet-sdk-8.0.300/sdk/8.0.300/Microsoft.Common.CurrentVersion.targets" from project "/home/runner/workspace/PokerGame.Abstractions/PokerGame.Abstractions.csproj" (target "BeforeCompile" depends on it):
       Skipping target "GenerateTargetFrameworkMonikerAttribute" because all output files are up-to-date with respect to the input files.
       Input files: /nix/store/8y83na7h81fw5kr1msmjc7rvx329djp0-dotnet-sdk-8.0.300/sdk/8.0.300/Microsoft.Common.targets
       Output files: obj/Debug/net8.0/.NETCoreApp,Version=v8.0.AssemblyAttributes.cs
   3:7>Done building target "GenerateTargetFrameworkMonikerAttribute" in project "PokerGame.Abstractions.csproj".
       Target "GenerateAdditionalSources" skipped, due to false condition; ('@(AssemblyAttributes)' != '' and '$(GenerateAdditionalSources)' == 'true') was evaluated as ('' != '' and '' == 'true').
       Target "PrepareForBuild" skipped. Previously built successfully.
   3:7>Target "GetAssemblyVersion" in file "/nix/store/8y83na7h81fw5kr1msmjc7rvx329djp0-dotnet-sdk-8.0.300/sdk/8.0.300/Sdks/Microsoft.NET.Sdk/targets/Microsoft.NET.GenerateAssemblyInfo.targets" from project "/home/runner/workspace/PokerGame.Abstractions/PokerGame.Abstractions.csproj" (target "GetAssemblyAttributes" depends on it):
       Using "GetAssemblyVersion" task from assembly "/nix/store/8y83na7h81fw5kr1msmjc7rvx329djp0-dotnet-sdk-8.0.300/sdk/8.0.300/Sdks/Microsoft.NET.Sdk/targets/../tools/net8.0/Microsoft.NET.Build.Tasks.dll".
       Task "GetAssemblyVersion"
       Done executing task "GetAssemblyVersion".
   3:7>Done building target "GetAssemblyVersion" in project "PokerGame.Abstractions.csproj".
       Target "GetAssemblyVersion" skipped. Previously built successfully.
   3:7>Target "InitializeSourceControlInformationFromSourceControlManager" in file "/nix/store/8y83na7h81fw5kr1msmjc7rvx329djp0-dotnet-sdk-8.0.300/sdk/8.0.300/Sdks/Microsoft.Build.Tasks.Git/build/Microsoft.Build.Tasks.Git.targets" from project "/home/runner/workspace/PokerGame.Abstractions/PokerGame.Abstractions.csproj" (target "_InitializeSourceControlInformationFromSourceControlManager" depends on it):
       Using "Microsoft.Build.Tasks.Git.LocateRepository" task from assembly "/nix/store/8y83na7h81fw5kr1msmjc7rvx329djp0-dotnet-sdk-8.0.300/sdk/8.0.300/Sdks/Microsoft.Build.Tasks.Git/build/../tools/core/Microsoft.Build.Tasks.Git.dll".
       Task "Microsoft.Build.Tasks.Git.LocateRepository"
         SourceLink: Repository instance not found in cache: '*:/home/runner/workspace/.git'
       Done executing task "Microsoft.Build.Tasks.Git.LocateRepository".
   3:7>Done building target "InitializeSourceControlInformationFromSourceControlManager" in project "PokerGame.Abstractions.csproj".
   3:7>Target "_SourceLinkHasSingleProvider" in file "/nix/store/8y83na7h81fw5kr1msmjc7rvx329djp0-dotnet-sdk-8.0.300/sdk/8.0.300/Sdks/Microsoft.SourceLink.Common/build/InitializeSourceControlInformation.targets" from project "/home/runner/workspace/PokerGame.Abstractions/PokerGame.Abstractions.csproj" (target "_InitializeSourceControlInformationFromSourceControlManager" depends on it):
       Assembly loaded during TaskRun: Microsoft.SourceLink.Common, Version=8.0.9.11501, Culture=neutral, PublicKeyToken=31bf3856ad364e35 (location: /nix/store/8y83na7h81fw5kr1msmjc7rvx329djp0-dotnet-sdk-8.0.300/sdk/8.0.300/Sdks/Microsoft.SourceLink.Common/tools/core/Microsoft.SourceLink.Common.dll, MVID: d5b96578-81ec-438f-8487-2f5405206516, AssemblyLoadContext: MSBuild plugin /nix/store/8y83na7h81fw5kr1msmjc7rvx329djp0-dotnet-sdk-8.0.300/sdk/8.0.300/Sdks/Microsoft.SourceLink.Common/tools/core/Microsoft.SourceLink.Common.dll)
       Using "Microsoft.SourceLink.Common.SourceLinkHasSingleProvider" task from assembly "/nix/store/8y83na7h81fw5kr1msmjc7rvx329djp0-dotnet-sdk-8.0.300/sdk/8.0.300/Sdks/Microsoft.SourceLink.Common/build/../tools/core/Microsoft.SourceLink.Common.dll".
       Task "Microsoft.SourceLink.Common.SourceLinkHasSingleProvider"
       Done executing task "Microsoft.SourceLink.Common.SourceLinkHasSingleProvider".
   3:7>Done building target "_SourceLinkHasSingleProvider" in project "PokerGame.Abstractions.csproj".
   3:7>Target "TranslateGitHubUrlsInSourceControlInformation" in file "/nix/store/8y83na7h81fw5kr1msmjc7rvx329djp0-dotnet-sdk-8.0.300/sdk/8.0.300/Sdks/Microsoft.SourceLink.GitHub/build/Microsoft.SourceLink.GitHub.targets" from project "/home/runner/workspace/PokerGame.Abstractions/PokerGame.Abstractions.csproj" (target "_InitializeSourceControlInformationFromSourceControlManager" depends on it):
       Assembly loaded during TaskRun: Microsoft.SourceLink.GitHub, Version=8.0.9.11501, Culture=neutral, PublicKeyToken=31bf3856ad364e35 (location: /nix/store/8y83na7h81fw5kr1msmjc7rvx329djp0-dotnet-sdk-8.0.300/sdk/8.0.300/Sdks/Microsoft.SourceLink.GitHub/tools/core/Microsoft.SourceLink.GitHub.dll, MVID: 1fbac130-3a2a-4cf4-9c60-b0ae73333681, AssemblyLoadContext: MSBuild plugin /nix/store/8y83na7h81fw5kr1msmjc7rvx329djp0-dotnet-sdk-8.0.300/sdk/8.0.300/Sdks/Microsoft.SourceLink.GitHub/tools/core/Microsoft.SourceLink.GitHub.dll)
       Using "Microsoft.SourceLink.GitHub.TranslateRepositoryUrls" task from assembly "/nix/store/8y83na7h81fw5kr1msmjc7rvx329djp0-dotnet-sdk-8.0.300/sdk/8.0.300/Sdks/Microsoft.SourceLink.GitHub/build/../tools/core/Microsoft.SourceLink.GitHub.dll".
       Task "Microsoft.SourceLink.GitHub.TranslateRepositoryUrls"
       Done executing task "Microsoft.SourceLink.GitHub.TranslateRepositoryUrls".
   3:7>Done building target "TranslateGitHubUrlsInSourceControlInformation" in project "PokerGame.Abstractions.csproj".
   3:7>Target "TranslateGitLabUrlsInSourceControlInformation" in file "/nix/store/8y83na7h81fw5kr1msmjc7rvx329djp0-dotnet-sdk-8.0.300/sdk/8.0.300/Sdks/Microsoft.SourceLink.GitLab/build/Microsoft.SourceLink.GitLab.targets" from project "/home/runner/workspace/PokerGame.Abstractions/PokerGame.Abstractions.csproj" (target "_InitializeSourceControlInformationFromSourceControlManager" depends on it):
       Assembly loaded during TaskRun: Microsoft.SourceLink.GitLab, Version=8.0.9.11501, Culture=neutral, PublicKeyToken=31bf3856ad364e35 (location: /nix/store/8y83na7h81fw5kr1msmjc7rvx329djp0-dotnet-sdk-8.0.300/sdk/8.0.300/Sdks/Microsoft.SourceLink.GitLab/tools/core/Microsoft.SourceLink.GitLab.dll, MVID: 6b003cb9-36ef-4a5a-83ae-cc8fa7fbcb67, AssemblyLoadContext: MSBuild plugin /nix/store/8y83na7h81fw5kr1msmjc7rvx329djp0-dotnet-sdk-8.0.300/sdk/8.0.300/Sdks/Microsoft.SourceLink.GitLab/tools/core/Microsoft.SourceLink.GitLab.dll)
       Using "Microsoft.SourceLink.GitLab.TranslateRepositoryUrls" task from assembly "/nix/store/8y83na7h81fw5kr1msmjc7rvx329djp0-dotnet-sdk-8.0.300/sdk/8.0.300/Sdks/Microsoft.SourceLink.GitLab/build/../tools/core/Microsoft.SourceLink.GitLab.dll".
       Task "Microsoft.SourceLink.GitLab.TranslateRepositoryUrls"
       Done executing task "Microsoft.SourceLink.GitLab.TranslateRepositoryUrls".
   3:7>Done building target "TranslateGitLabUrlsInSourceControlInformation" in project "PokerGame.Abstractions.csproj".
   3:7>Target "TranslateAzureReposGitUrlsInSourceControlInformation" in file "/nix/store/8y83na7h81fw5kr1msmjc7rvx329djp0-dotnet-sdk-8.0.300/sdk/8.0.300/Sdks/Microsoft.SourceLink.AzureRepos.Git/build/Microsoft.SourceLink.AzureRepos.Git.targets" from project "/home/runner/workspace/PokerGame.Abstractions/PokerGame.Abstractions.csproj" (target "_InitializeSourceControlInformationFromSourceControlManager" depends on it):
       Assembly loaded during TaskRun: Microsoft.SourceLink.AzureRepos.Git, Version=8.0.9.11501, Culture=neutral, PublicKeyToken=31bf3856ad364e35 (location: /nix/store/8y83na7h81fw5kr1msmjc7rvx329djp0-dotnet-sdk-8.0.300/sdk/8.0.300/Sdks/Microsoft.SourceLink.AzureRepos.Git/tools/core/Microsoft.SourceLink.AzureRepos.Git.dll, MVID: 3a082d27-0e6b-4d51-92ea-8eaf3fc3120f, AssemblyLoadContext: MSBuild plugin /nix/store/8y83na7h81fw5kr1msmjc7rvx329djp0-dotnet-sdk-8.0.300/sdk/8.0.300/Sdks/Microsoft.SourceLink.AzureRepos.Git/tools/core/Microsoft.SourceLink.AzureRepos.Git.dll)
       Using "Microsoft.SourceLink.AzureRepos.Git.TranslateRepositoryUrls" task from assembly "/nix/store/8y83na7h81fw5kr1msmjc7rvx329djp0-dotnet-sdk-8.0.300/sdk/8.0.300/Sdks/Microsoft.SourceLink.AzureRepos.Git/build/../tools/core/Microsoft.SourceLink.AzureRepos.Git.dll".
       Task "Microsoft.SourceLink.AzureRepos.Git.TranslateRepositoryUrls"
       Done executing task "Microsoft.SourceLink.AzureRepos.Git.TranslateRepositoryUrls".
   3:7>Done building target "TranslateAzureReposGitUrlsInSourceControlInformation" in project "PokerGame.Abstractions.csproj".
   3:7>Target "TranslateBitbucketGitUrlsInSourceControlInformation" in file "/nix/store/8y83na7h81fw5kr1msmjc7rvx329djp0-dotnet-sdk-8.0.300/sdk/8.0.300/Sdks/Microsoft.SourceLink.Bitbucket.Git/build/Microsoft.SourceLink.Bitbucket.Git.targets" from project "/home/runner/workspace/PokerGame.Abstractions/PokerGame.Abstractions.csproj" (target "_InitializeSourceControlInformationFromSourceControlManager" depends on it):
       Assembly loaded during TaskRun: Microsoft.SourceLink.Bitbucket.Git, Version=8.0.9.11501, Culture=neutral, PublicKeyToken=31bf3856ad364e35 (location: /nix/store/8y83na7h81fw5kr1msmjc7rvx329djp0-dotnet-sdk-8.0.300/sdk/8.0.300/Sdks/Microsoft.SourceLink.Bitbucket.Git/tools/core/Microsoft.SourceLink.Bitbucket.Git.dll, MVID: 3994e8b0-7ae9-409e-bc2b-53baef289161, AssemblyLoadContext: MSBuild plugin /nix/store/8y83na7h81fw5kr1msmjc7rvx329djp0-dotnet-sdk-8.0.300/sdk/8.0.300/Sdks/Microsoft.SourceLink.Bitbucket.Git/tools/core/Microsoft.SourceLink.Bitbucket.Git.dll)
       Using "Microsoft.SourceLink.Bitbucket.Git.TranslateRepositoryUrls" task from assembly "/nix/store/8y83na7h81fw5kr1msmjc7rvx329djp0-dotnet-sdk-8.0.300/sdk/8.0.300/Sdks/Microsoft.SourceLink.Bitbucket.Git/build/../tools/core/Microsoft.SourceLink.Bitbucket.Git.dll".
       Task "Microsoft.SourceLink.Bitbucket.Git.TranslateRepositoryUrls"
       Done executing task "Microsoft.SourceLink.Bitbucket.Git.TranslateRepositoryUrls".
   3:7>Done building target "TranslateBitbucketGitUrlsInSourceControlInformation" in project "PokerGame.Abstractions.csproj".
   3:7>Target "SourceControlManagerPublishTranslatedUrls" in file "/nix/store/8y83na7h81fw5kr1msmjc7rvx329djp0-dotnet-sdk-8.0.300/sdk/8.0.300/Sdks/Microsoft.SourceLink.Common/build/InitializeSourceControlInformation.targets" from project "/home/runner/workspace/PokerGame.Abstractions/PokerGame.Abstractions.csproj" (target "_InitializeSourceControlInformationFromSourceControlManager" depends on it):
   3:7>Done building target "SourceControlManagerPublishTranslatedUrls" in project "PokerGame.Abstractions.csproj".
   3:7>Target "_InitializeSourceControlInformationFromSourceControlManager" in file "/nix/store/8y83na7h81fw5kr1msmjc7rvx329djp0-dotnet-sdk-8.0.300/sdk/8.0.300/Sdks/Microsoft.SourceLink.Common/build/InitializeSourceControlInformation.targets" from project "/home/runner/workspace/PokerGame.Abstractions/PokerGame.Abstractions.csproj" (target "InitializeSourceControlInformation" depends on it):
   3:7>Done building target "_InitializeSourceControlInformationFromSourceControlManager" in project "PokerGame.Abstractions.csproj".
   3:7>Target "InitializeSourceControlInformation" in file "/nix/store/8y83na7h81fw5kr1msmjc7rvx329djp0-dotnet-sdk-8.0.300/sdk/8.0.300/Microsoft.Common.CurrentVersion.targets" from project "/home/runner/workspace/PokerGame.Abstractions/PokerGame.Abstractions.csproj" (target "AddSourceRevisionToInformationalVersion" depends on it):
   3:7>Done building target "InitializeSourceControlInformation" in project "PokerGame.Abstractions.csproj".
   3:7>Target "AddSourceRevisionToInformationalVersion" in file "/nix/store/8y83na7h81fw5kr1msmjc7rvx329djp0-dotnet-sdk-8.0.300/sdk/8.0.300/Sdks/Microsoft.NET.Sdk/targets/Microsoft.NET.GenerateAssemblyInfo.targets" from project "/home/runner/workspace/PokerGame.Abstractions/PokerGame.Abstractions.csproj" (target "GetAssemblyAttributes" depends on it):
   3:7>Done building target "AddSourceRevisionToInformationalVersion" in project "PokerGame.Abstractions.csproj".
       Target "_GetUserSecretsAssemblyAttribute" skipped, due to false condition; ( '$(UserSecretsId)' != '' AND '$(GenerateUserSecretsAttribute)' != 'false' AND '$(GeneratedUserSecretsAttributeFile)' == '' ) was evaluated as ( '' != '' AND '' != 'false' AND '' == '' ).
   3:7>Target "GetAssemblyAttributes" in file "/nix/store/8y83na7h81fw5kr1msmjc7rvx329djp0-dotnet-sdk-8.0.300/sdk/8.0.300/Sdks/Microsoft.NET.Sdk/targets/Microsoft.NET.GenerateAssemblyInfo.targets" from project "/home/runner/workspace/PokerGame.Abstractions/PokerGame.Abstractions.csproj" (target "CreateGeneratedAssemblyInfoInputsCacheFile" depends on it):
   3:7>Done building target "GetAssemblyAttributes" in project "PokerGame.Abstractions.csproj".
   3:7>Target "CreateGeneratedAssemblyInfoInputsCacheFile" in file "/nix/store/8y83na7h81fw5kr1msmjc7rvx329djp0-dotnet-sdk-8.0.300/sdk/8.0.300/Sdks/Microsoft.NET.Sdk/targets/Microsoft.NET.GenerateAssemblyInfo.targets" from project "/home/runner/workspace/PokerGame.Abstractions/PokerGame.Abstractions.csproj" (target "CoreGenerateAssemblyInfo" depends on it):
       Using "Hash" task from assembly "Microsoft.Build.Tasks.Core, Version=15.1.0.0, Culture=neutral, PublicKeyToken=b03f5f7f11d50a3a".
       Task "Hash"
       Done executing task "Hash".
       Task "WriteLinesToFile"
         Skipping write to file "obj/Debug/net8.0/PokerGame.Abstractions.AssemblyInfoInputs.cache" because content would not change.
       Done executing task "WriteLinesToFile".
   3:7>Done building target "CreateGeneratedAssemblyInfoInputsCacheFile" in project "PokerGame.Abstractions.csproj".
   3:7>Target "CoreGenerateAssemblyInfo" in file "/nix/store/8y83na7h81fw5kr1msmjc7rvx329djp0-dotnet-sdk-8.0.300/sdk/8.0.300/Sdks/Microsoft.NET.Sdk/targets/Microsoft.NET.GenerateAssemblyInfo.targets" from project "/home/runner/workspace/PokerGame.Abstractions/PokerGame.Abstractions.csproj" (target "GenerateAssemblyInfo" depends on it):
       Skipping target "CoreGenerateAssemblyInfo" because all output files are up-to-date with respect to the input files.
       Input files: obj/Debug/net8.0/PokerGame.Abstractions.AssemblyInfoInputs.cache
       Output files: obj/Debug/net8.0/PokerGame.Abstractions.AssemblyInfo.cs
   3:7>Done building target "CoreGenerateAssemblyInfo" in project "PokerGame.Abstractions.csproj".
   3:7>Target "GenerateAssemblyInfo" in file "/nix/store/8y83na7h81fw5kr1msmjc7rvx329djp0-dotnet-sdk-8.0.300/sdk/8.0.300/Sdks/Microsoft.NET.Sdk/targets/Microsoft.NET.GenerateAssemblyInfo.targets" from project "/home/runner/workspace/PokerGame.Abstractions/PokerGame.Abstractions.csproj" (target "BeforeCompile" depends on it):
   3:7>Done building target "GenerateAssemblyInfo" in project "PokerGame.Abstractions.csproj".
   3:7>Target "BeforeCompile" in file "/nix/store/8y83na7h81fw5kr1msmjc7rvx329djp0-dotnet-sdk-8.0.300/sdk/8.0.300/Microsoft.Common.CurrentVersion.targets" from project "/home/runner/workspace/PokerGame.Abstractions/PokerGame.Abstractions.csproj" (target "Compile" depends on it):
   3:7>Done building target "BeforeCompile" in project "PokerGame.Abstractions.csproj".
       Target "_TimeStampBeforeCompile" skipped, due to false condition; ('$(RunPostBuildEvent)'=='OnOutputUpdated' or ('$(RegisterForComInterop)'=='true' and '$(OutputType)'=='library')) was evaluated as (''=='OnOutputUpdated' or (''=='true' and 'Library'=='library')).
       Target "ResolveAssemblyReferences" skipped. Previously built successfully.
   3:7>Target "_GenerateCompileDependencyCache" in file "/nix/store/8y83na7h81fw5kr1msmjc7rvx329djp0-dotnet-sdk-8.0.300/sdk/8.0.300/Microsoft.Common.CurrentVersion.targets" from project "/home/runner/workspace/PokerGame.Abstractions/PokerGame.Abstractions.csproj" (target "Compile" depends on it):
       Task "Hash"
       Done executing task "Hash".
       Task "WriteLinesToFile"
         Skipping write to file "obj/Debug/net8.0/PokerGame.Abstractions.csproj.CoreCompileInputs.cache" because content would not change.
       Done executing task "WriteLinesToFile".
   3:7>Done building target "_GenerateCompileDependencyCache" in project "PokerGame.Abstractions.csproj".
       Target "_ComputeNonExistentFileProperty" skipped, due to false condition; (('$(BuildingInsideVisualStudio)' == 'true') and ('$(BuildingOutOfProcess)' != 'true') and (('$(BuildingProject)' == 'false') or ('$(UseHostCompilerIfAvailable)' == 'true'))) was evaluated as (('' == 'true') and ('' != 'true') and (('true' == 'false') or ('true' == 'true'))).
       Target "ResolveCodeAnalysisRuleSet" skipped, due to false condition; ('$(CodeAnalysisRuleSet)' != '') was evaluated as ('' != '').
       Target "ShimReferencePathsWhenCommonTargetsDoesNotUnderstandReferenceAssemblies" skipped, due to false condition; ('@(ReferencePathWithRefAssemblies)' == '') was evaluated as ('/home/runner/.nuget/packages/asyncio/0.1.69/lib/netstandard2.0/AsyncIO.dll;/home/runner/.nuget/packages/microsoft.applicationinsights.dependencycollector/2.22.0/lib/netstandard2.0/Microsoft.AI.DependencyCollector.dll;/home/runner/.nuget/packages/microsoft.applicationinsights/2.22.0/lib/netstandard2.0/Microsoft.ApplicationInsights.dll;...' == '').
   3:7>Target "_BeforeVBCSCoreCompile" in file "/nix/store/8y83na7h81fw5kr1msmjc7rvx329djp0-dotnet-sdk-8.0.300/sdk/8.0.300/Roslyn/Microsoft.Managed.Core.targets" from project "/home/runner/workspace/PokerGame.Abstractions/PokerGame.Abstractions.csproj" (target "CoreCompile" depends on it):
   3:7>Done building target "_BeforeVBCSCoreCompile" in project "PokerGame.Abstractions.csproj".
       Target "AdjustDefaultPlatformTargetForNetFrameworkExeWithNoNativeCopyLocalItems" skipped, due to false condition; ('$(_UsingDefaultPlatformTarget)' == 'true' and
                            '$(_UsingDefaultRuntimeIdentifier)' == 'true') was evaluated as ('true' == 'true' and
                            '' == 'true').
       Target "_DisableDiagnosticTracing" skipped, due to false condition; ('$(DisableDiagnosticTracing)' == 'true') was evaluated as ('' == 'true').
       Target "GenerateTargetPlatformDefineConstants" skipped, due to false condition; ( '$(DisableImplicitFrameworkDefines)' != 'true' and '$(TargetPlatformIdentifier)' != '' and '$(TargetFrameworkIdentifier)' == '.NETCoreApp' and $([MSBuild]::VersionGreaterThanOrEquals($(TargetFrameworkVersion), 5.0)) ) was evaluated as ( '' != 'true' and '' != '' and '.NETCoreApp' == '.NETCoreApp' and True ).
   3:7>Target "GenerateNETCompatibleDefineConstants" in file "/nix/store/8y83na7h81fw5kr1msmjc7rvx329djp0-dotnet-sdk-8.0.300/sdk/8.0.300/Sdks/Microsoft.NET.Sdk/targets/Microsoft.NET.Sdk.BeforeCommon.targets" from project "/home/runner/workspace/PokerGame.Abstractions/PokerGame.Abstractions.csproj" (target "AddImplicitDefineConstants" depends on it):
   3:7>Done building target "GenerateNETCompatibleDefineConstants" in project "PokerGame.Abstractions.csproj".
       Target "GeneratePlatformCompatibleDefineConstants" skipped, due to false condition; ( '$(DisableImplicitFrameworkDefines)' != 'true' and '$(TargetPlatformIdentifier)' != '' and '$(TargetFrameworkIdentifier)' == '.NETCoreApp' and $([MSBuild]::VersionGreaterThanOrEquals($(TargetFrameworkVersion), 5.0)) ) was evaluated as ( '' != 'true' and '' != '' and '.NETCoreApp' == '.NETCoreApp' and True ).
       Target "_DisableDiagnosticTracing" skipped, due to false condition; ('$(DisableDiagnosticTracing)' == 'true') was evaluated as ('' == 'true').
   3:7>Target "AddImplicitDefineConstants" in file "/nix/store/8y83na7h81fw5kr1msmjc7rvx329djp0-dotnet-sdk-8.0.300/sdk/8.0.300/Sdks/Microsoft.NET.Sdk/targets/Microsoft.NET.Sdk.BeforeCommon.targets" from project "/home/runner/workspace/PokerGame.Abstractions/PokerGame.Abstractions.csproj" (target "CoreCompile" depends on it):
   3:7>Done building target "AddImplicitDefineConstants" in project "PokerGame.Abstractions.csproj".
       Target "ShimReferencePathsWhenCommonTargetsDoesNotUnderstandReferenceAssemblies" skipped, due to false condition; ('@(ReferencePathWithRefAssemblies)' == '') was evaluated as ('/home/runner/.nuget/packages/asyncio/0.1.69/lib/netstandard2.0/AsyncIO.dll;/home/runner/.nuget/packages/microsoft.applicationinsights.dependencycollector/2.22.0/lib/netstandard2.0/Microsoft.AI.DependencyCollector.dll;/home/runner/.nuget/packages/microsoft.applicationinsights/2.22.0/lib/netstandard2.0/Microsoft.ApplicationInsights.dll;...' == '').
   3:7>Target "_ComputeSkipAnalyzers" in file "/nix/store/8y83na7h81fw5kr1msmjc7rvx329djp0-dotnet-sdk-8.0.300/sdk/8.0.300/Roslyn/Microsoft.Managed.Core.targets" from project "/home/runner/workspace/PokerGame.Abstractions/PokerGame.Abstractions.csproj" (target "CoreCompile" depends on it):
       Task "ShowMessageForImplicitlySkipAnalyzers" skipped, due to false condition; ('$(_ImplicitlySkipAnalyzers)' == 'true') was evaluated as ('' == 'true').
   3:7>Done building target "_ComputeSkipAnalyzers" in project "PokerGame.Abstractions.csproj".
       Target "_SetPathMapFromSourceRoots" skipped, due to false condition; ('$(DeterministicSourcePaths)' == 'true') was evaluated as ('' == 'true').
       Target "CreateCompilerGeneratedFilesOutputPath" skipped, due to false condition; ('$(EmitCompilerGeneratedFiles)' == 'true' and !('$(DesignTimeBuild)' == 'true' OR '$(BuildingProject)' != 'true')) was evaluated as ('false' == 'true' and !('' == 'true' OR 'true' != 'true')).
       Target "BeforeCompile" skipped. Previously built successfully.
       Target "InitializeSourceControlInformationFromSourceControlManager" skipped. Previously built successfully.
   3:7>Target "SetEmbeddedFilesFromSourceControlManagerUntrackedFiles" in file "/nix/store/8y83na7h81fw5kr1msmjc7rvx329djp0-dotnet-sdk-8.0.300/sdk/8.0.300/Sdks/Microsoft.Build.Tasks.Git/build/Microsoft.Build.Tasks.Git.targets" from project "/home/runner/workspace/PokerGame.Abstractions/PokerGame.Abstractions.csproj" (target "_SetEmbeddedFilesFromSourceControlManagerUntrackedFiles" depends on it):
       Using "Microsoft.Build.Tasks.Git.GetUntrackedFiles" task from assembly "/nix/store/8y83na7h81fw5kr1msmjc7rvx329djp0-dotnet-sdk-8.0.300/sdk/8.0.300/Sdks/Microsoft.Build.Tasks.Git/build/../tools/core/Microsoft.Build.Tasks.Git.dll".
       Task "Microsoft.Build.Tasks.Git.GetUntrackedFiles"
         SourceLink: Reusing cached git repository information.
       Done executing task "Microsoft.Build.Tasks.Git.GetUntrackedFiles".
   3:7>Done building target "SetEmbeddedFilesFromSourceControlManagerUntrackedFiles" in project "PokerGame.Abstractions.csproj".
   3:7>Target "_SetEmbeddedFilesFromSourceControlManagerUntrackedFiles" in file "/nix/store/8y83na7h81fw5kr1msmjc7rvx329djp0-dotnet-sdk-8.0.300/sdk/8.0.300/Sdks/Microsoft.SourceLink.Common/build/Microsoft.SourceLink.Common.targets" from project "/home/runner/workspace/PokerGame.Abstractions/PokerGame.Abstractions.csproj" (target "CoreCompile" depends on it):
   3:7>Done building target "_SetEmbeddedFilesFromSourceControlManagerUntrackedFiles" in project "PokerGame.Abstractions.csproj".
       Target "InitializeSourceControlInformation" skipped. Previously built successfully.
   3:7>Target "_SetSourceLinkFilePath" in file "/nix/store/8y83na7h81fw5kr1msmjc7rvx329djp0-dotnet-sdk-8.0.300/sdk/8.0.300/Sdks/Microsoft.SourceLink.Common/build/Microsoft.SourceLink.Common.targets" from project "/home/runner/workspace/PokerGame.Abstractions/PokerGame.Abstractions.csproj" (target "_GenerateSourceLinkFile" depends on it):
   3:7>Done building target "_SetSourceLinkFilePath" in project "PokerGame.Abstractions.csproj".
       Target "InitializeSourceControlInformation" skipped. Previously built successfully.
   3:7>Target "_InitializeSourceRootMappedPathsFromSourceControl" in file "/nix/store/8y83na7h81fw5kr1msmjc7rvx329djp0-dotnet-sdk-8.0.300/sdk/8.0.300/Roslyn/Microsoft.Managed.Core.targets" from project "/home/runner/workspace/PokerGame.Abstractions/PokerGame.Abstractions.csproj" (target "InitializeSourceRootMappedPaths" depends on it):
   3:7>Done building target "_InitializeSourceRootMappedPathsFromSourceControl" in project "PokerGame.Abstractions.csproj".
   3:7>Target "InitializeSourceRootMappedPaths" in file "/nix/store/8y83na7h81fw5kr1msmjc7rvx329djp0-dotnet-sdk-8.0.300/sdk/8.0.300/Roslyn/Microsoft.Managed.Core.targets" from project "/home/runner/workspace/PokerGame.Abstractions/PokerGame.Abstractions.csproj" (target "_InitializeSourceRootMappedPathsOpt" depends on it):
       Using "Microsoft.CodeAnalysis.BuildTasks.MapSourceRoots" task from assembly "/nix/store/8y83na7h81fw5kr1msmjc7rvx329djp0-dotnet-sdk-8.0.300/sdk/8.0.300/Roslyn/Microsoft.Build.Tasks.CodeAnalysis.dll".
       Task "Microsoft.CodeAnalysis.BuildTasks.MapSourceRoots"
       Done executing task "Microsoft.CodeAnalysis.BuildTasks.MapSourceRoots".
   3:7>Done building target "InitializeSourceRootMappedPaths" in project "PokerGame.Abstractions.csproj".
   3:7>Target "_InitializeSourceRootMappedPathsOpt" in file "/nix/store/8y83na7h81fw5kr1msmjc7rvx329djp0-dotnet-sdk-8.0.300/sdk/8.0.300/Sdks/Microsoft.SourceLink.Common/build/Microsoft.SourceLink.Common.targets" from project "/home/runner/workspace/PokerGame.Abstractions/PokerGame.Abstractions.csproj" (target "_GenerateSourceLinkFile" depends on it):
   3:7>Done building target "_InitializeSourceRootMappedPathsOpt" in project "PokerGame.Abstractions.csproj".
   3:7>Target "_InitializeGitHubSourceLinkUrl" in file "/nix/store/8y83na7h81fw5kr1msmjc7rvx329djp0-dotnet-sdk-8.0.300/sdk/8.0.300/Sdks/Microsoft.SourceLink.GitHub/build/Microsoft.SourceLink.GitHub.targets" from project "/home/runner/workspace/PokerGame.Abstractions/PokerGame.Abstractions.csproj" (target "_GenerateSourceLinkFile" depends on it):
       Building target "_InitializeGitHubSourceLinkUrl" completely.
       No input files were specified.
       Using "Microsoft.SourceLink.GitHub.GetSourceLinkUrl" task from assembly "/nix/store/8y83na7h81fw5kr1msmjc7rvx329djp0-dotnet-sdk-8.0.300/sdk/8.0.300/Sdks/Microsoft.SourceLink.GitHub/build/../tools/core/Microsoft.SourceLink.GitHub.dll".
       Task "Microsoft.SourceLink.GitHub.GetSourceLinkUrl"
       Done executing task "Microsoft.SourceLink.GitHub.GetSourceLinkUrl".
   3:7>Done building target "_InitializeGitHubSourceLinkUrl" in project "PokerGame.Abstractions.csproj".
   3:7>Target "_InitializeGitHubSourceLinkUrl" in file "/nix/store/8y83na7h81fw5kr1msmjc7rvx329djp0-dotnet-sdk-8.0.300/sdk/8.0.300/Sdks/Microsoft.SourceLink.GitHub/build/Microsoft.SourceLink.GitHub.targets" from project "/home/runner/workspace/PokerGame.Abstractions/PokerGame.Abstractions.csproj" (target "_GenerateSourceLinkFile" depends on it):
       Building target "_InitializeGitHubSourceLinkUrl" completely.
       No input files were specified.
       Task "Microsoft.SourceLink.GitHub.GetSourceLinkUrl"
       Done executing task "Microsoft.SourceLink.GitHub.GetSourceLinkUrl".
   3:7>Done building target "_InitializeGitHubSourceLinkUrl" in project "PokerGame.Abstractions.csproj".
   3:7>Target "_InitializeGitLabSourceLinkUrl" in file "/nix/store/8y83na7h81fw5kr1msmjc7rvx329djp0-dotnet-sdk-8.0.300/sdk/8.0.300/Sdks/Microsoft.SourceLink.GitLab/build/Microsoft.SourceLink.GitLab.targets" from project "/home/runner/workspace/PokerGame.Abstractions/PokerGame.Abstractions.csproj" (target "_GenerateSourceLinkFile" depends on it):
       Building target "_InitializeGitLabSourceLinkUrl" completely.
       No input files were specified.
       Using "Microsoft.SourceLink.GitLab.GetSourceLinkUrl" task from assembly "/nix/store/8y83na7h81fw5kr1msmjc7rvx329djp0-dotnet-sdk-8.0.300/sdk/8.0.300/Sdks/Microsoft.SourceLink.GitLab/build/../tools/core/Microsoft.SourceLink.GitLab.dll".
       Task "Microsoft.SourceLink.GitLab.GetSourceLinkUrl"
       Done executing task "Microsoft.SourceLink.GitLab.GetSourceLinkUrl".
   3:7>Done building target "_InitializeGitLabSourceLinkUrl" in project "PokerGame.Abstractions.csproj".
   3:7>Target "_InitializeGitLabSourceLinkUrl" in file "/nix/store/8y83na7h81fw5kr1msmjc7rvx329djp0-dotnet-sdk-8.0.300/sdk/8.0.300/Sdks/Microsoft.SourceLink.GitLab/build/Microsoft.SourceLink.GitLab.targets" from project "/home/runner/workspace/PokerGame.Abstractions/PokerGame.Abstractions.csproj" (target "_GenerateSourceLinkFile" depends on it):
       Building target "_InitializeGitLabSourceLinkUrl" completely.
       No input files were specified.
       Task "Microsoft.SourceLink.GitLab.GetSourceLinkUrl"
       Done executing task "Microsoft.SourceLink.GitLab.GetSourceLinkUrl".
   3:7>Done building target "_InitializeGitLabSourceLinkUrl" in project "PokerGame.Abstractions.csproj".
   3:7>Target "_InitializeAzureReposGitSourceLinkUrl" in file "/nix/store/8y83na7h81fw5kr1msmjc7rvx329djp0-dotnet-sdk-8.0.300/sdk/8.0.300/Sdks/Microsoft.SourceLink.AzureRepos.Git/build/Microsoft.SourceLink.AzureRepos.Git.targets" from project "/home/runner/workspace/PokerGame.Abstractions/PokerGame.Abstractions.csproj" (target "_GenerateSourceLinkFile" depends on it):
       Building target "_InitializeAzureReposGitSourceLinkUrl" completely.
       No input files were specified.
       Using "Microsoft.SourceLink.AzureRepos.Git.GetSourceLinkUrl" task from assembly "/nix/store/8y83na7h81fw5kr1msmjc7rvx329djp0-dotnet-sdk-8.0.300/sdk/8.0.300/Sdks/Microsoft.SourceLink.AzureRepos.Git/build/../tools/core/Microsoft.SourceLink.AzureRepos.Git.dll".
       Task "Microsoft.SourceLink.AzureRepos.Git.GetSourceLinkUrl"
       Done executing task "Microsoft.SourceLink.AzureRepos.Git.GetSourceLinkUrl".
   3:7>Done building target "_InitializeAzureReposGitSourceLinkUrl" in project "PokerGame.Abstractions.csproj".
   3:7>Target "_InitializeAzureReposGitSourceLinkUrl" in file "/nix/store/8y83na7h81fw5kr1msmjc7rvx329djp0-dotnet-sdk-8.0.300/sdk/8.0.300/Sdks/Microsoft.SourceLink.AzureRepos.Git/build/Microsoft.SourceLink.AzureRepos.Git.targets" from project "/home/runner/workspace/PokerGame.Abstractions/PokerGame.Abstractions.csproj" (target "_GenerateSourceLinkFile" depends on it):
       Building target "_InitializeAzureReposGitSourceLinkUrl" completely.
       No input files were specified.
       Task "Microsoft.SourceLink.AzureRepos.Git.GetSourceLinkUrl"
       Done executing task "Microsoft.SourceLink.AzureRepos.Git.GetSourceLinkUrl".
   3:7>Done building target "_InitializeAzureReposGitSourceLinkUrl" in project "PokerGame.Abstractions.csproj".
   3:7>Target "_InitializeBitbucketGitSourceLinkUrl" in file "/nix/store/8y83na7h81fw5kr1msmjc7rvx329djp0-dotnet-sdk-8.0.300/sdk/8.0.300/Sdks/Microsoft.SourceLink.Bitbucket.Git/build/Microsoft.SourceLink.Bitbucket.Git.targets" from project "/home/runner/workspace/PokerGame.Abstractions/PokerGame.Abstractions.csproj" (target "_GenerateSourceLinkFile" depends on it):
       Building target "_InitializeBitbucketGitSourceLinkUrl" completely.
       No input files were specified.
       Using "Microsoft.SourceLink.Bitbucket.Git.GetSourceLinkUrl" task from assembly "/nix/store/8y83na7h81fw5kr1msmjc7rvx329djp0-dotnet-sdk-8.0.300/sdk/8.0.300/Sdks/Microsoft.SourceLink.Bitbucket.Git/build/../tools/core/Microsoft.SourceLink.Bitbucket.Git.dll".
       Task "Microsoft.SourceLink.Bitbucket.Git.GetSourceLinkUrl"
       Done executing task "Microsoft.SourceLink.Bitbucket.Git.GetSourceLinkUrl".
   3:7>Done building target "_InitializeBitbucketGitSourceLinkUrl" in project "PokerGame.Abstractions.csproj".
   3:7>Target "_InitializeBitbucketGitSourceLinkUrl" in file "/nix/store/8y83na7h81fw5kr1msmjc7rvx329djp0-dotnet-sdk-8.0.300/sdk/8.0.300/Sdks/Microsoft.SourceLink.Bitbucket.Git/build/Microsoft.SourceLink.Bitbucket.Git.targets" from project "/home/runner/workspace/PokerGame.Abstractions/PokerGame.Abstractions.csproj" (target "_GenerateSourceLinkFile" depends on it):
       Building target "_InitializeBitbucketGitSourceLinkUrl" completely.
       No input files were specified.
       Task "Microsoft.SourceLink.Bitbucket.Git.GetSourceLinkUrl"
       Done executing task "Microsoft.SourceLink.Bitbucket.Git.GetSourceLinkUrl".
   3:7>Done building target "_InitializeBitbucketGitSourceLinkUrl" in project "PokerGame.Abstractions.csproj".
   3:7>Target "_GenerateSourceLinkFile" in file "/nix/store/8y83na7h81fw5kr1msmjc7rvx329djp0-dotnet-sdk-8.0.300/sdk/8.0.300/Sdks/Microsoft.SourceLink.Common/build/Microsoft.SourceLink.Common.targets" from project "/home/runner/workspace/PokerGame.Abstractions/PokerGame.Abstractions.csproj" (target "GenerateSourceLinkFile" depends on it):
       Building target "_GenerateSourceLinkFile" completely.
       No input files were specified.
       Using "Microsoft.SourceLink.Common.GenerateSourceLinkFile" task from assembly "/nix/store/8y83na7h81fw5kr1msmjc7rvx329djp0-dotnet-sdk-8.0.300/sdk/8.0.300/Sdks/Microsoft.SourceLink.Common/build/../tools/core/Microsoft.SourceLink.Common.dll".
       Task "Microsoft.SourceLink.Common.GenerateSourceLinkFile"
         Source Link file 'obj/Debug/net8.0/PokerGame.Abstractions.sourcelink.json' is up-to-date.
       Done executing task "Microsoft.SourceLink.Common.GenerateSourceLinkFile".
   3:7>Done building target "_GenerateSourceLinkFile" in project "PokerGame.Abstractions.csproj".
   3:7>Target "GenerateSourceLinkFile" in file "/nix/store/8y83na7h81fw5kr1msmjc7rvx329djp0-dotnet-sdk-8.0.300/sdk/8.0.300/Sdks/Microsoft.SourceLink.Common/build/Microsoft.SourceLink.Common.targets" from project "/home/runner/workspace/PokerGame.Abstractions/PokerGame.Abstractions.csproj" (target "CoreCompile" depends on it):
   3:7>Done building target "GenerateSourceLinkFile" in project "PokerGame.Abstractions.csproj".
   3:7>Target "AddGlobalAnalyzerConfigForPackage_MicrosoftCodeAnalysisNetAnalyzers" in file "/nix/store/8y83na7h81fw5kr1msmjc7rvx329djp0-dotnet-sdk-8.0.300/sdk/8.0.300/Sdks/Microsoft.NET.Sdk/analyzers/build/Microsoft.CodeAnalysis.NetAnalyzers.targets" from project "/home/runner/workspace/PokerGame.Abstractions/PokerGame.Abstractions.csproj" (target "CoreCompile" depends on it):
   3:7>Done building target "AddGlobalAnalyzerConfigForPackage_MicrosoftCodeAnalysisNetAnalyzers" in project "PokerGame.Abstractions.csproj".
       Target "AddGlobalAnalyzerConfigForPackage_MicrosoftCodeAnalysisNetAnalyzersDesign" skipped, due to false condition; ('$(SkipGlobalAnalyzerConfigForPackage)' != 'true' and ('$(AnalysisLevelDesign)' != '' or '$(AnalysisModeDesign)' != '')) was evaluated as ('' != 'true' and ('' != '' or '' != '')).
       Target "AddGlobalAnalyzerConfigForPackage_MicrosoftCodeAnalysisNetAnalyzersDocumentation" skipped, due to false condition; ('$(SkipGlobalAnalyzerConfigForPackage)' != 'true' and ('$(AnalysisLevelDocumentation)' != '' or '$(AnalysisModeDocumentation)' != '')) was evaluated as ('' != 'true' and ('' != '' or '' != '')).
       Target "AddGlobalAnalyzerConfigForPackage_MicrosoftCodeAnalysisNetAnalyzersGlobalization" skipped, due to false condition; ('$(SkipGlobalAnalyzerConfigForPackage)' != 'true' and ('$(AnalysisLevelGlobalization)' != '' or '$(AnalysisModeGlobalization)' != '')) was evaluated as ('' != 'true' and ('' != '' or '' != '')).
       Target "AddGlobalAnalyzerConfigForPackage_MicrosoftCodeAnalysisNetAnalyzersInteroperability" skipped, due to false condition; ('$(SkipGlobalAnalyzerConfigForPackage)' != 'true' and ('$(AnalysisLevelInteroperability)' != '' or '$(AnalysisModeInteroperability)' != '')) was evaluated as ('' != 'true' and ('' != '' or '' != '')).
       Target "AddGlobalAnalyzerConfigForPackage_MicrosoftCodeAnalysisNetAnalyzersMaintainability" skipped, due to false condition; ('$(SkipGlobalAnalyzerConfigForPackage)' != 'true' and ('$(AnalysisLevelMaintainability)' != '' or '$(AnalysisModeMaintainability)' != '')) was evaluated as ('' != 'true' and ('' != '' or '' != '')).
       Target "AddGlobalAnalyzerConfigForPackage_MicrosoftCodeAnalysisNetAnalyzersNaming" skipped, due to false condition; ('$(SkipGlobalAnalyzerConfigForPackage)' != 'true' and ('$(AnalysisLevelNaming)' != '' or '$(AnalysisModeNaming)' != '')) was evaluated as ('' != 'true' and ('' != '' or '' != '')).
       Target "AddGlobalAnalyzerConfigForPackage_MicrosoftCodeAnalysisNetAnalyzersPerformance" skipped, due to false condition; ('$(SkipGlobalAnalyzerConfigForPackage)' != 'true' and ('$(AnalysisLevelPerformance)' != '' or '$(AnalysisModePerformance)' != '')) was evaluated as ('' != 'true' and ('' != '' or '' != '')).
       Target "AddGlobalAnalyzerConfigForPackage_MicrosoftCodeAnalysisNetAnalyzersReliability" skipped, due to false condition; ('$(SkipGlobalAnalyzerConfigForPackage)' != 'true' and ('$(AnalysisLevelReliability)' != '' or '$(AnalysisModeReliability)' != '')) was evaluated as ('' != 'true' and ('' != '' or '' != '')).
       Target "AddGlobalAnalyzerConfigForPackage_MicrosoftCodeAnalysisNetAnalyzersSecurity" skipped, due to false condition; ('$(SkipGlobalAnalyzerConfigForPackage)' != 'true' and ('$(AnalysisLevelSecurity)' != '' or '$(AnalysisModeSecurity)' != '')) was evaluated as ('' != 'true' and ('' != '' or '' != '')).
       Target "AddGlobalAnalyzerConfigForPackage_MicrosoftCodeAnalysisNetAnalyzersUsage" skipped, due to false condition; ('$(SkipGlobalAnalyzerConfigForPackage)' != 'true' and ('$(AnalysisLevelUsage)' != '' or '$(AnalysisModeUsage)' != '')) was evaluated as ('' != 'true' and ('' != '' or '' != '')).
       Target "_CodeAnalysisTreatWarningsAsErrors" skipped, due to false condition; ('$(DesignTimeBuild)' == 'true' OR '$(BuildingProject)' != 'true') was evaluated as ('' == 'true' OR 'true' != 'true').
   3:7>Target "_ReportUpgradeNetAnalyzersNuGetWarning" in file "/nix/store/8y83na7h81fw5kr1msmjc7rvx329djp0-dotnet-sdk-8.0.300/sdk/8.0.300/Sdks/Microsoft.NET.Sdk/analyzers/build/Microsoft.CodeAnalysis.NetAnalyzers.targets" from project "/home/runner/workspace/PokerGame.Abstractions/PokerGame.Abstractions.csproj" (target "CoreCompile" depends on it):
       Task "Warning" skipped, due to false condition; ('$(_NETAnalyzersNuGetAssemblyVersion)' != '' AND
                                '$(_NETAnalyzersSDKAssemblyVersion)' != '' AND
                                 $(_NETAnalyzersNuGetAssemblyVersion) < $(_NETAnalyzersSDKAssemblyVersion)) was evaluated as ('' != '' AND
                                '8.0.0' != '' AND
                                  < 8.0.0).
   3:7>Done building target "_ReportUpgradeNetAnalyzersNuGetWarning" in project "PokerGame.Abstractions.csproj".
   3:7>Target "CoreCompile" in file "/nix/store/8y83na7h81fw5kr1msmjc7rvx329djp0-dotnet-sdk-8.0.300/sdk/8.0.300/Roslyn/Microsoft.CSharp.Core.targets" from project "/home/runner/workspace/PokerGame.Abstractions/PokerGame.Abstractions.csproj" (target "Compile" depends on it):
       Skipping target "CoreCompile" because all output files are up-to-date with respect to the input files.
       Input files: 
           IGameEngineService.cs
           ITelemetryService.cs
           Messages/LobbyMessages.cs
           Models/GameSession.cs
           Models/Player.cs
           obj/Debug/net8.0/PokerGame.Abstractions.GlobalUsings.g.cs
           obj/Debug/net8.0/.NETCoreApp,Version=v8.0.AssemblyAttributes.cs
           obj/Debug/net8.0/PokerGame.Abstractions.AssemblyInfo.cs
           /home/runner/.nuget/packages/asyncio/0.1.69/lib/netstandard2.0/AsyncIO.dll
           /home/runner/.nuget/packages/microsoft.applicationinsights.dependencycollector/2.22.0/lib/netstandard2.0/Microsoft.AI.DependencyCollector.dll
           /home/runner/.nuget/packages/microsoft.applicationinsights/2.22.0/lib/netstandard2.0/Microsoft.ApplicationInsights.dll
           /home/runner/.nuget/packages/microsoft.bcl.asyncinterfaces/5.0.0/lib/netstandard2.1/Microsoft.Bcl.AsyncInterfaces.dll
           /nix/store/8y83na7h81fw5kr1msmjc7rvx329djp0-dotnet-sdk-8.0.300/packs/Microsoft.NETCore.App.Ref/8.0.5/ref/net8.0/Microsoft.CSharp.dll
           /home/runner/.nuget/packages/microsoft.extensions.configuration.abstractions/8.0.0/lib/net8.0/Microsoft.Extensions.Configuration.Abstractions.dll
           /home/runner/.nuget/packages/microsoft.extensions.configuration/8.0.0/lib/net8.0/Microsoft.Extensions.Configuration.dll
           /home/runner/.nuget/packages/microsoft.extensions.configuration.environmentvariables/8.0.0/lib/net8.0/Microsoft.Extensions.Configuration.EnvironmentVariables.dll
           /home/runner/.nuget/packages/microsoft.extensions.configuration.fileextensions/8.0.0/lib/net8.0/Microsoft.Extensions.Configuration.FileExtensions.dll
           /home/runner/.nuget/packages/microsoft.extensions.configuration.json/8.0.0/lib/net8.0/Microsoft.Extensions.Configuration.Json.dll
           /home/runner/.nuget/packages/microsoft.extensions.fileproviders.abstractions/8.0.0/lib/net8.0/Microsoft.Extensions.FileProviders.Abstractions.dll
           /home/runner/.nuget/packages/microsoft.extensions.fileproviders.physical/8.0.0/lib/net8.0/Microsoft.Extensions.FileProviders.Physical.dll
           /home/runner/.nuget/packages/microsoft.extensions.filesystemglobbing/8.0.0/lib/net8.0/Microsoft.Extensions.FileSystemGlobbing.dll
           /home/runner/.nuget/packages/microsoft.extensions.objectpool/5.0.10/lib/net5.0/Microsoft.Extensions.ObjectPool.dll
           /home/runner/.nuget/packages/microsoft.extensions.primitives/8.0.0/lib/net8.0/Microsoft.Extensions.Primitives.dll
           /nix/store/8y83na7h81fw5kr1msmjc7rvx329djp0-dotnet-sdk-8.0.300/packs/Microsoft.NETCore.App.Ref/8.0.5/ref/net8.0/Microsoft.VisualBasic.Core.dll
           /nix/store/8y83na7h81fw5kr1msmjc7rvx329djp0-dotnet-sdk-8.0.300/packs/Microsoft.NETCore.App.Ref/8.0.5/ref/net8.0/Microsoft.VisualBasic.dll
           /nix/store/8y83na7h81fw5kr1msmjc7rvx329djp0-dotnet-sdk-8.0.300/packs/Microsoft.NETCore.App.Ref/8.0.5/ref/net8.0/Microsoft.Win32.Primitives.dll
           /nix/store/8y83na7h81fw5kr1msmjc7rvx329djp0-dotnet-sdk-8.0.300/packs/Microsoft.NETCore.App.Ref/8.0.5/ref/net8.0/Microsoft.Win32.Registry.dll
           /home/runner/workspace/MSA.Foundation/obj/Debug/net8.0/ref/MSA.Foundation.dll
           /nix/store/8y83na7h81fw5kr1msmjc7rvx329djp0-dotnet-sdk-8.0.300/packs/Microsoft.NETCore.App.Ref/8.0.5/ref/net8.0/mscorlib.dll
           /home/runner/.nuget/packages/nacl.net/0.1.13/lib/netstandard2.1/NaCl.dll
           /home/runner/.nuget/packages/netmq/4.0.1.13/lib/netstandard2.1/NetMQ.dll
           /nix/store/8y83na7h81fw5kr1msmjc7rvx329djp0-dotnet-sdk-8.0.300/packs/Microsoft.NETCore.App.Ref/8.0.5/ref/net8.0/netstandard.dll
           /nix/store/8y83na7h81fw5kr1msmjc7rvx329djp0-dotnet-sdk-8.0.300/packs/Microsoft.NETCore.App.Ref/8.0.5/ref/net8.0/System.AppContext.dll
           /nix/store/8y83na7h81fw5kr1msmjc7rvx329djp0-dotnet-sdk-8.0.300/packs/Microsoft.NETCore.App.Ref/8.0.5/ref/net8.0/System.Buffers.dll
           /nix/store/8y83na7h81fw5kr1msmjc7rvx329djp0-dotnet-sdk-8.0.300/packs/Microsoft.NETCore.App.Ref/8.0.5/ref/net8.0/System.Collections.Concurrent.dll
           /nix/store/8y83na7h81fw5kr1msmjc7rvx329djp0-dotnet-sdk-8.0.300/packs/Microsoft.NETCore.App.Ref/8.0.5/ref/net8.0/System.Collections.dll
           /nix/store/8y83na7h81fw5kr1msmjc7rvx329djp0-dotnet-sdk-8.0.300/packs/Microsoft.NETCore.App.Ref/8.0.5/ref/net8.0/System.Collections.Immutable.dll
           /nix/store/8y83na7h81fw5kr1msmjc7rvx329djp0-dotnet-sdk-8.0.300/packs/Microsoft.NETCore.App.Ref/8.0.5/ref/net8.0/System.Collections.NonGeneric.dll
           /nix/store/8y83na7h81fw5kr1msmjc7rvx329djp0-dotnet-sdk-8.0.300/packs/Microsoft.NETCore.App.Ref/8.0.5/ref/net8.0/System.Collections.Specialized.dll
           /home/runner/.nuget/packages/system.commandline/2.0.0-beta4.22272.1/lib/net6.0/System.CommandLine.dll
           /nix/store/8y83na7h81fw5kr1msmjc7rvx329djp0-dotnet-sdk-8.0.300/packs/Microsoft.NETCore.App.Ref/8.0.5/ref/net8.0/System.ComponentModel.Annotations.dll
           /nix/store/8y83na7h81fw5kr1msmjc7rvx329djp0-dotnet-sdk-8.0.300/packs/Microsoft.NETCore.App.Ref/8.0.5/ref/net8.0/System.ComponentModel.DataAnnotations.dll
           /nix/store/8y83na7h81fw5kr1msmjc7rvx329djp0-dotnet-sdk-8.0.300/packs/Microsoft.NETCore.App.Ref/8.0.5/ref/net8.0/System.ComponentModel.dll
           /nix/store/8y83na7h81fw5kr1msmjc7rvx329djp0-dotnet-sdk-8.0.300/packs/Microsoft.NETCore.App.Ref/8.0.5/ref/net8.0/System.ComponentModel.EventBasedAsync.dll
           /nix/store/8y83na7h81fw5kr1msmjc7rvx329djp0-dotnet-sdk-8.0.300/packs/Microsoft.NETCore.App.Ref/8.0.5/ref/net8.0/System.ComponentModel.Primitives.dll
           /nix/store/8y83na7h81fw5kr1msmjc7rvx329djp0-dotnet-sdk-8.0.300/packs/Microsoft.NETCore.App.Ref/8.0.5/ref/net8.0/System.ComponentModel.TypeConverter.dll
           /nix/store/8y83na7h81fw5kr1msmjc7rvx329djp0-dotnet-sdk-8.0.300/packs/Microsoft.NETCore.App.Ref/8.0.5/ref/net8.0/System.Configuration.dll
           /nix/store/8y83na7h81fw5kr1msmjc7rvx329djp0-dotnet-sdk-8.0.300/packs/Microsoft.NETCore.App.Ref/8.0.5/ref/net8.0/System.Console.dll
           /nix/store/8y83na7h81fw5kr1msmjc7rvx329djp0-dotnet-sdk-8.0.300/packs/Microsoft.NETCore.App.Ref/8.0.5/ref/net8.0/System.Core.dll
           /nix/store/8y83na7h81fw5kr1msmjc7rvx329djp0-dotnet-sdk-8.0.300/packs/Microsoft.NETCore.App.Ref/8.0.5/ref/net8.0/System.Data.Common.dll
           /nix/store/8y83na7h81fw5kr1msmjc7rvx329djp0-dotnet-sdk-8.0.300/packs/Microsoft.NETCore.App.Ref/8.0.5/ref/net8.0/System.Data.DataSetExtensions.dll
           /nix/store/8y83na7h81fw5kr1msmjc7rvx329djp0-dotnet-sdk-8.0.300/packs/Microsoft.NETCore.App.Ref/8.0.5/ref/net8.0/System.Data.dll
           /nix/store/8y83na7h81fw5kr1msmjc7rvx329djp0-dotnet-sdk-8.0.300/packs/Microsoft.NETCore.App.Ref/8.0.5/ref/net8.0/System.Diagnostics.Contracts.dll
           /nix/store/8y83na7h81fw5kr1msmjc7rvx329djp0-dotnet-sdk-8.0.300/packs/Microsoft.NETCore.App.Ref/8.0.5/ref/net8.0/System.Diagnostics.Debug.dll
           /nix/store/8y83na7h81fw5kr1msmjc7rvx329djp0-dotnet-sdk-8.0.300/packs/Microsoft.NETCore.App.Ref/8.0.5/ref/net8.0/System.Diagnostics.DiagnosticSource.dll
           /nix/store/8y83na7h81fw5kr1msmjc7rvx329djp0-dotnet-sdk-8.0.300/packs/Microsoft.NETCore.App.Ref/8.0.5/ref/net8.0/System.Diagnostics.FileVersionInfo.dll
           /nix/store/8y83na7h81fw5kr1msmjc7rvx329djp0-dotnet-sdk-8.0.300/packs/Microsoft.NETCore.App.Ref/8.0.5/ref/net8.0/System.Diagnostics.Process.dll
           /nix/store/8y83na7h81fw5kr1msmjc7rvx329djp0-dotnet-sdk-8.0.300/packs/Microsoft.NETCore.App.Ref/8.0.5/ref/net8.0/System.Diagnostics.StackTrace.dll
           /nix/store/8y83na7h81fw5kr1msmjc7rvx329djp0-dotnet-sdk-8.0.300/packs/Microsoft.NETCore.App.Ref/8.0.5/ref/net8.0/System.Diagnostics.TextWriterTraceListener.dll
           /nix/store/8y83na7h81fw5kr1msmjc7rvx329djp0-dotnet-sdk-8.0.300/packs/Microsoft.NETCore.App.Ref/8.0.5/ref/net8.0/System.Diagnostics.Tools.dll
           /nix/store/8y83na7h81fw5kr1msmjc7rvx329djp0-dotnet-sdk-8.0.300/packs/Microsoft.NETCore.App.Ref/8.0.5/ref/net8.0/System.Diagnostics.TraceSource.dll
           /nix/store/8y83na7h81fw5kr1msmjc7rvx329djp0-dotnet-sdk-8.0.300/packs/Microsoft.NETCore.App.Ref/8.0.5/ref/net8.0/System.Diagnostics.Tracing.dll
           /nix/store/8y83na7h81fw5kr1msmjc7rvx329djp0-dotnet-sdk-8.0.300/packs/Microsoft.NETCore.App.Ref/8.0.5/ref/net8.0/System.dll
           /home/runner/.nuget/packages/system.drawing.common/5.0.0/ref/netcoreapp3.0/System.Drawing.Common.dll
           /nix/store/8y83na7h81fw5kr1msmjc7rvx329djp0-dotnet-sdk-8.0.300/packs/Microsoft.NETCore.App.Ref/8.0.5/ref/net8.0/System.Drawing.dll
           /nix/store/8y83na7h81fw5kr1msmjc7rvx329djp0-dotnet-sdk-8.0.300/packs/Microsoft.NETCore.App.Ref/8.0.5/ref/net8.0/System.Drawing.Primitives.dll
           /nix/store/8y83na7h81fw5kr1msmjc7rvx329djp0-dotnet-sdk-8.0.300/packs/Microsoft.NETCore.App.Ref/8.0.5/ref/net8.0/System.Dynamic.Runtime.dll
           /nix/store/8y83na7h81fw5kr1msmjc7rvx329djp0-dotnet-sdk-8.0.300/packs/Microsoft.NETCore.App.Ref/8.0.5/ref/net8.0/System.Formats.Asn1.dll
           /nix/store/8y83na7h81fw5kr1msmjc7rvx329djp0-dotnet-sdk-8.0.300/packs/Microsoft.NETCore.App.Ref/8.0.5/ref/net8.0/System.Formats.Tar.dll
           /nix/store/8y83na7h81fw5kr1msmjc7rvx329djp0-dotnet-sdk-8.0.300/packs/Microsoft.NETCore.App.Ref/8.0.5/ref/net8.0/System.Globalization.Calendars.dll
           /nix/store/8y83na7h81fw5kr1msmjc7rvx329djp0-dotnet-sdk-8.0.300/packs/Microsoft.NETCore.App.Ref/8.0.5/ref/net8.0/System.Globalization.dll
           /nix/store/8y83na7h81fw5kr1msmjc7rvx329djp0-dotnet-sdk-8.0.300/packs/Microsoft.NETCore.App.Ref/8.0.5/ref/net8.0/System.Globalization.Extensions.dll
           /nix/store/8y83na7h81fw5kr1msmjc7rvx329djp0-dotnet-sdk-8.0.300/packs/Microsoft.NETCore.App.Ref/8.0.5/ref/net8.0/System.IO.Compression.Brotli.dll
           /nix/store/8y83na7h81fw5kr1msmjc7rvx329djp0-dotnet-sdk-8.0.300/packs/Microsoft.NETCore.App.Ref/8.0.5/ref/net8.0/System.IO.Compression.dll
           /nix/store/8y83na7h81fw5kr1msmjc7rvx329djp0-dotnet-sdk-8.0.300/packs/Microsoft.NETCore.App.Ref/8.0.5/ref/net8.0/System.IO.Compression.FileSystem.dll
           /nix/store/8y83na7h81fw5kr1msmjc7rvx329djp0-dotnet-sdk-8.0.300/packs/Microsoft.NETCore.App.Ref/8.0.5/ref/net8.0/System.IO.Compression.ZipFile.dll
           /nix/store/8y83na7h81fw5kr1msmjc7rvx329djp0-dotnet-sdk-8.0.300/packs/Microsoft.NETCore.App.Ref/8.0.5/ref/net8.0/System.IO.dll
           /nix/store/8y83na7h81fw5kr1msmjc7rvx329djp0-dotnet-sdk-8.0.300/packs/Microsoft.NETCore.App.Ref/8.0.5/ref/net8.0/System.IO.FileSystem.AccessControl.dll
           /nix/store/8y83na7h81fw5kr1msmjc7rvx329djp0-dotnet-sdk-8.0.300/packs/Microsoft.NETCore.App.Ref/8.0.5/ref/net8.0/System.IO.FileSystem.dll
           /nix/store/8y83na7h81fw5kr1msmjc7rvx329djp0-dotnet-sdk-8.0.300/packs/Microsoft.NETCore.App.Ref/8.0.5/ref/net8.0/System.IO.FileSystem.DriveInfo.dll
           /nix/store/8y83na7h81fw5kr1msmjc7rvx329djp0-dotnet-sdk-8.0.300/packs/Microsoft.NETCore.App.Ref/8.0.5/ref/net8.0/System.IO.FileSystem.Primitives.dll
           /nix/store/8y83na7h81fw5kr1msmjc7rvx329djp0-dotnet-sdk-8.0.300/packs/Microsoft.NETCore.App.Ref/8.0.5/ref/net8.0/System.IO.FileSystem.Watcher.dll
           /nix/store/8y83na7h81fw5kr1msmjc7rvx329djp0-dotnet-sdk-8.0.300/packs/Microsoft.NETCore.App.Ref/8.0.5/ref/net8.0/System.IO.IsolatedStorage.dll
           /nix/store/8y83na7h81fw5kr1msmjc7rvx329djp0-dotnet-sdk-8.0.300/packs/Microsoft.NETCore.App.Ref/8.0.5/ref/net8.0/System.IO.MemoryMappedFiles.dll
           /nix/store/8y83na7h81fw5kr1msmjc7rvx329djp0-dotnet-sdk-8.0.300/packs/Microsoft.NETCore.App.Ref/8.0.5/ref/net8.0/System.IO.Pipes.AccessControl.dll
           /nix/store/8y83na7h81fw5kr1msmjc7rvx329djp0-dotnet-sdk-8.0.300/packs/Microsoft.NETCore.App.Ref/8.0.5/ref/net8.0/System.IO.Pipes.dll
           /nix/store/8y83na7h81fw5kr1msmjc7rvx329djp0-dotnet-sdk-8.0.300/packs/Microsoft.NETCore.App.Ref/8.0.5/ref/net8.0/System.IO.UnmanagedMemoryStream.dll
           /nix/store/8y83na7h81fw5kr1msmjc7rvx329djp0-dotnet-sdk-8.0.300/packs/Microsoft.NETCore.App.Ref/8.0.5/ref/net8.0/System.Linq.dll
           /nix/store/8y83na7h81fw5kr1msmjc7rvx329djp0-dotnet-sdk-8.0.300/packs/Microsoft.NETCore.App.Ref/8.0.5/ref/net8.0/System.Linq.Expressions.dll
           /nix/store/8y83na7h81fw5kr1msmjc7rvx329djp0-dotnet-sdk-8.0.300/packs/Microsoft.NETCore.App.Ref/8.0.5/ref/net8.0/System.Linq.Parallel.dll
           /nix/store/8y83na7h81fw5kr1msmjc7rvx329djp0-dotnet-sdk-8.0.300/packs/Microsoft.NETCore.App.Ref/8.0.5/ref/net8.0/System.Linq.Queryable.dll
           /nix/store/8y83na7h81fw5kr1msmjc7rvx329djp0-dotnet-sdk-8.0.300/packs/Microsoft.NETCore.App.Ref/8.0.5/ref/net8.0/System.Memory.dll
           /nix/store/8y83na7h81fw5kr1msmjc7rvx329djp0-dotnet-sdk-8.0.300/packs/Microsoft.NETCore.App.Ref/8.0.5/ref/net8.0/System.Net.dll
           /nix/store/8y83na7h81fw5kr1msmjc7rvx329djp0-dotnet-sdk-8.0.300/packs/Microsoft.NETCore.App.Ref/8.0.5/ref/net8.0/System.Net.Http.dll
           /nix/store/8y83na7h81fw5kr1msmjc7rvx329djp0-dotnet-sdk-8.0.300/packs/Microsoft.NETCore.App.Ref/8.0.5/ref/net8.0/System.Net.Http.Json.dll
           /nix/store/8y83na7h81fw5kr1msmjc7rvx329djp0-dotnet-sdk-8.0.300/packs/Microsoft.NETCore.App.Ref/8.0.5/ref/net8.0/System.Net.HttpListener.dll
           /nix/store/8y83na7h81fw5kr1msmjc7rvx329djp0-dotnet-sdk-8.0.300/packs/Microsoft.NETCore.App.Ref/8.0.5/ref/net8.0/System.Net.Mail.dll
           /nix/store/8y83na7h81fw5kr1msmjc7rvx329djp0-dotnet-sdk-8.0.300/packs/Microsoft.NETCore.App.Ref/8.0.5/ref/net8.0/System.Net.NameResolution.dll
           /nix/store/8y83na7h81fw5kr1msmjc7rvx329djp0-dotnet-sdk-8.0.300/packs/Microsoft.NETCore.App.Ref/8.0.5/ref/net8.0/System.Net.NetworkInformation.dll
           /nix/store/8y83na7h81fw5kr1msmjc7rvx329djp0-dotnet-sdk-8.0.300/packs/Microsoft.NETCore.App.Ref/8.0.5/ref/net8.0/System.Net.Ping.dll
           /nix/store/8y83na7h81fw5kr1msmjc7rvx329djp0-dotnet-sdk-8.0.300/packs/Microsoft.NETCore.App.Ref/8.0.5/ref/net8.0/System.Net.Primitives.dll
           /nix/store/8y83na7h81fw5kr1msmjc7rvx329djp0-dotnet-sdk-8.0.300/packs/Microsoft.NETCore.App.Ref/8.0.5/ref/net8.0/System.Net.Quic.dll
           /nix/store/8y83na7h81fw5kr1msmjc7rvx329djp0-dotnet-sdk-8.0.300/packs/Microsoft.NETCore.App.Ref/8.0.5/ref/net8.0/System.Net.Requests.dll
           /nix/store/8y83na7h81fw5kr1msmjc7rvx329djp0-dotnet-sdk-8.0.300/packs/Microsoft.NETCore.App.Ref/8.0.5/ref/net8.0/System.Net.Security.dll
           /nix/store/8y83na7h81fw5kr1msmjc7rvx329djp0-dotnet-sdk-8.0.300/packs/Microsoft.NETCore.App.Ref/8.0.5/ref/net8.0/System.Net.ServicePoint.dll
           /nix/store/8y83na7h81fw5kr1msmjc7rvx329djp0-dotnet-sdk-8.0.300/packs/Microsoft.NETCore.App.Ref/8.0.5/ref/net8.0/System.Net.Sockets.dll
           /nix/store/8y83na7h81fw5kr1msmjc7rvx329djp0-dotnet-sdk-8.0.300/packs/Microsoft.NETCore.App.Ref/8.0.5/ref/net8.0/System.Net.WebClient.dll
           /nix/store/8y83na7h81fw5kr1msmjc7rvx329djp0-dotnet-sdk-8.0.300/packs/Microsoft.NETCore.App.Ref/8.0.5/ref/net8.0/System.Net.WebHeaderCollection.dll
           /nix/store/8y83na7h81fw5kr1msmjc7rvx329djp0-dotnet-sdk-8.0.300/packs/Microsoft.NETCore.App.Ref/8.0.5/ref/net8.0/System.Net.WebProxy.dll
           /nix/store/8y83na7h81fw5kr1msmjc7rvx329djp0-dotnet-sdk-8.0.300/packs/Microsoft.NETCore.App.Ref/8.0.5/ref/net8.0/System.Net.WebSockets.Client.dll
           /nix/store/8y83na7h81fw5kr1msmjc7rvx329djp0-dotnet-sdk-8.0.300/packs/Microsoft.NETCore.App.Ref/8.0.5/ref/net8.0/System.Net.WebSockets.dll
           /nix/store/8y83na7h81fw5kr1msmjc7rvx329djp0-dotnet-sdk-8.0.300/packs/Microsoft.NETCore.App.Ref/8.0.5/ref/net8.0/System.Numerics.dll
           /nix/store/8y83na7h81fw5kr1msmjc7rvx329djp0-dotnet-sdk-8.0.300/packs/Microsoft.NETCore.App.Ref/8.0.5/ref/net8.0/System.Numerics.Vectors.dll
           /nix/store/8y83na7h81fw5kr1msmjc7rvx329djp0-dotnet-sdk-8.0.300/packs/Microsoft.NETCore.App.Ref/8.0.5/ref/net8.0/System.ObjectModel.dll
           /nix/store/8y83na7h81fw5kr1msmjc7rvx329djp0-dotnet-sdk-8.0.300/packs/Microsoft.NETCore.App.Ref/8.0.5/ref/net8.0/System.Reflection.DispatchProxy.dll
           /nix/store/8y83na7h81fw5kr1msmjc7rvx329djp0-dotnet-sdk-8.0.300/packs/Microsoft.NETCore.App.Ref/8.0.5/ref/net8.0/System.Reflection.dll
           /nix/store/8y83na7h81fw5kr1msmjc7rvx329djp0-dotnet-sdk-8.0.300/packs/Microsoft.NETCore.App.Ref/8.0.5/ref/net8.0/System.Reflection.Emit.dll
           /nix/store/8y83na7h81fw5kr1msmjc7rvx329djp0-dotnet-sdk-8.0.300/packs/Microsoft.NETCore.App.Ref/8.0.5/ref/net8.0/System.Reflection.Emit.ILGeneration.dll
           /nix/store/8y83na7h81fw5kr1msmjc7rvx329djp0-dotnet-sdk-8.0.300/packs/Microsoft.NETCore.App.Ref/8.0.5/ref/net8.0/System.Reflection.Emit.Lightweight.dll
           /nix/store/8y83na7h81fw5kr1msmjc7rvx329djp0-dotnet-sdk-8.0.300/packs/Microsoft.NETCore.App.Ref/8.0.5/ref/net8.0/System.Reflection.Extensions.dll
           /nix/store/8y83na7h81fw5kr1msmjc7rvx329djp0-dotnet-sdk-8.0.300/packs/Microsoft.NETCore.App.Ref/8.0.5/ref/net8.0/System.Reflection.Metadata.dll
           /nix/store/8y83na7h81fw5kr1msmjc7rvx329djp0-dotnet-sdk-8.0.300/packs/Microsoft.NETCore.App.Ref/8.0.5/ref/net8.0/System.Reflection.Primitives.dll
           /nix/store/8y83na7h81fw5kr1msmjc7rvx329djp0-dotnet-sdk-8.0.300/packs/Microsoft.NETCore.App.Ref/8.0.5/ref/net8.0/System.Reflection.TypeExtensions.dll
           /nix/store/8y83na7h81fw5kr1msmjc7rvx329djp0-dotnet-sdk-8.0.300/packs/Microsoft.NETCore.App.Ref/8.0.5/ref/net8.0/System.Resources.Reader.dll
           /nix/store/8y83na7h81fw5kr1msmjc7rvx329djp0-dotnet-sdk-8.0.300/packs/Microsoft.NETCore.App.Ref/8.0.5/ref/net8.0/System.Resources.ResourceManager.dll
           /nix/store/8y83na7h81fw5kr1msmjc7rvx329djp0-dotnet-sdk-8.0.300/packs/Microsoft.NETCore.App.Ref/8.0.5/ref/net8.0/System.Resources.Writer.dll
           /nix/store/8y83na7h81fw5kr1msmjc7rvx329djp0-dotnet-sdk-8.0.300/packs/Microsoft.NETCore.App.Ref/8.0.5/ref/net8.0/System.Runtime.CompilerServices.Unsafe.dll
           /nix/store/8y83na7h81fw5kr1msmjc7rvx329djp0-dotnet-sdk-8.0.300/packs/Microsoft.NETCore.App.Ref/8.0.5/ref/net8.0/System.Runtime.CompilerServices.VisualC.dll
           /nix/store/8y83na7h81fw5kr1msmjc7rvx329djp0-dotnet-sdk-8.0.300/packs/Microsoft.NETCore.App.Ref/8.0.5/ref/net8.0/System.Runtime.dll
           /nix/store/8y83na7h81fw5kr1msmjc7rvx329djp0-dotnet-sdk-8.0.300/packs/Microsoft.NETCore.App.Ref/8.0.5/ref/net8.0/System.Runtime.Extensions.dll
           /nix/store/8y83na7h81fw5kr1msmjc7rvx329djp0-dotnet-sdk-8.0.300/packs/Microsoft.NETCore.App.Ref/8.0.5/ref/net8.0/System.Runtime.Handles.dll
           /nix/store/8y83na7h81fw5kr1msmjc7rvx329djp0-dotnet-sdk-8.0.300/packs/Microsoft.NETCore.App.Ref/8.0.5/ref/net8.0/System.Runtime.InteropServices.dll
           /nix/store/8y83na7h81fw5kr1msmjc7rvx329djp0-dotnet-sdk-8.0.300/packs/Microsoft.NETCore.App.Ref/8.0.5/ref/net8.0/System.Runtime.InteropServices.JavaScript.dll
           /nix/store/8y83na7h81fw5kr1msmjc7rvx329djp0-dotnet-sdk-8.0.300/packs/Microsoft.NETCore.App.Ref/8.0.5/ref/net8.0/System.Runtime.InteropServices.RuntimeInformation.dll
           /nix/store/8y83na7h81fw5kr1msmjc7rvx329djp0-dotnet-sdk-8.0.300/packs/Microsoft.NETCore.App.Ref/8.0.5/ref/net8.0/System.Runtime.Intrinsics.dll
           /nix/store/8y83na7h81fw5kr1msmjc7rvx329djp0-dotnet-sdk-8.0.300/packs/Microsoft.NETCore.App.Ref/8.0.5/ref/net8.0/System.Runtime.Loader.dll
           /nix/store/8y83na7h81fw5kr1msmjc7rvx329djp0-dotnet-sdk-8.0.300/packs/Microsoft.NETCore.App.Ref/8.0.5/ref/net8.0/System.Runtime.Numerics.dll
           /nix/store/8y83na7h81fw5kr1msmjc7rvx329djp0-dotnet-sdk-8.0.300/packs/Microsoft.NETCore.App.Ref/8.0.5/ref/net8.0/System.Runtime.Serialization.dll
           /nix/store/8y83na7h81fw5kr1msmjc7rvx329djp0-dotnet-sdk-8.0.300/packs/Microsoft.NETCore.App.Ref/8.0.5/ref/net8.0/System.Runtime.Serialization.Formatters.dll
           /nix/store/8y83na7h81fw5kr1msmjc7rvx329djp0-dotnet-sdk-8.0.300/packs/Microsoft.NETCore.App.Ref/8.0.5/ref/net8.0/System.Runtime.Serialization.Json.dll
           /nix/store/8y83na7h81fw5kr1msmjc7rvx329djp0-dotnet-sdk-8.0.300/packs/Microsoft.NETCore.App.Ref/8.0.5/ref/net8.0/System.Runtime.Serialization.Primitives.dll
           /nix/store/8y83na7h81fw5kr1msmjc7rvx329djp0-dotnet-sdk-8.0.300/packs/Microsoft.NETCore.App.Ref/8.0.5/ref/net8.0/System.Runtime.Serialization.Xml.dll
           /nix/store/8y83na7h81fw5kr1msmjc7rvx329djp0-dotnet-sdk-8.0.300/packs/Microsoft.NETCore.App.Ref/8.0.5/ref/net8.0/System.Security.AccessControl.dll
           /nix/store/8y83na7h81fw5kr1msmjc7rvx329djp0-dotnet-sdk-8.0.300/packs/Microsoft.NETCore.App.Ref/8.0.5/ref/net8.0/System.Security.Claims.dll
           /nix/store/8y83na7h81fw5kr1msmjc7rvx329djp0-dotnet-sdk-8.0.300/packs/Microsoft.NETCore.App.Ref/8.0.5/ref/net8.0/System.Security.Cryptography.Algorithms.dll
           /nix/store/8y83na7h81fw5kr1msmjc7rvx329djp0-dotnet-sdk-8.0.300/packs/Microsoft.NETCore.App.Ref/8.0.5/ref/net8.0/System.Security.Cryptography.Cng.dll
           /nix/store/8y83na7h81fw5kr1msmjc7rvx329djp0-dotnet-sdk-8.0.300/packs/Microsoft.NETCore.App.Ref/8.0.5/ref/net8.0/System.Security.Cryptography.Csp.dll
           /nix/store/8y83na7h81fw5kr1msmjc7rvx329djp0-dotnet-sdk-8.0.300/packs/Microsoft.NETCore.App.Ref/8.0.5/ref/net8.0/System.Security.Cryptography.dll
           /nix/store/8y83na7h81fw5kr1msmjc7rvx329djp0-dotnet-sdk-8.0.300/packs/Microsoft.NETCore.App.Ref/8.0.5/ref/net8.0/System.Security.Cryptography.Encoding.dll
           /nix/store/8y83na7h81fw5kr1msmjc7rvx329djp0-dotnet-sdk-8.0.300/packs/Microsoft.NETCore.App.Ref/8.0.5/ref/net8.0/System.Security.Cryptography.OpenSsl.dll
           /nix/store/8y83na7h81fw5kr1msmjc7rvx329djp0-dotnet-sdk-8.0.300/packs/Microsoft.NETCore.App.Ref/8.0.5/ref/net8.0/System.Security.Cryptography.Primitives.dll
           /nix/store/8y83na7h81fw5kr1msmjc7rvx329djp0-dotnet-sdk-8.0.300/packs/Microsoft.NETCore.App.Ref/8.0.5/ref/net8.0/System.Security.Cryptography.X509Certificates.dll
           /home/runner/.nuget/packages/system.security.cryptography.xml/5.0.0/ref/netstandard2.0/System.Security.Cryptography.Xml.dll
           /nix/store/8y83na7h81fw5kr1msmjc7rvx329djp0-dotnet-sdk-8.0.300/packs/Microsoft.NETCore.App.Ref/8.0.5/ref/net8.0/System.Security.dll
           /home/runner/.nuget/packages/system.security.permissions/5.0.0/ref/net5.0/System.Security.Permissions.dll
           /nix/store/8y83na7h81fw5kr1msmjc7rvx329djp0-dotnet-sdk-8.0.300/packs/Microsoft.NETCore.App.Ref/8.0.5/ref/net8.0/System.Security.Principal.dll
           /nix/store/8y83na7h81fw5kr1msmjc7rvx329djp0-dotnet-sdk-8.0.300/packs/Microsoft.NETCore.App.Ref/8.0.5/ref/net8.0/System.Security.Principal.Windows.dll
           /nix/store/8y83na7h81fw5kr1msmjc7rvx329djp0-dotnet-sdk-8.0.300/packs/Microsoft.NETCore.App.Ref/8.0.5/ref/net8.0/System.Security.SecureString.dll
           /home/runner/.nuget/packages/system.servicemodel.primitives/4.9.0/ref/net6.0/System.ServiceModel.dll
           /home/runner/.nuget/packages/system.servicemodel.primitives/4.9.0/ref/net6.0/System.ServiceModel.Primitives.dll
           /nix/store/8y83na7h81fw5kr1msmjc7rvx329djp0-dotnet-sdk-8.0.300/packs/Microsoft.NETCore.App.Ref/8.0.5/ref/net8.0/System.ServiceModel.Web.dll
           /nix/store/8y83na7h81fw5kr1msmjc7rvx329djp0-dotnet-sdk-8.0.300/packs/Microsoft.NETCore.App.Ref/8.0.5/ref/net8.0/System.ServiceProcess.dll
           /nix/store/8y83na7h81fw5kr1msmjc7rvx329djp0-dotnet-sdk-8.0.300/packs/Microsoft.NETCore.App.Ref/8.0.5/ref/net8.0/System.Text.Encoding.CodePages.dll
           /nix/store/8y83na7h81fw5kr1msmjc7rvx329djp0-dotnet-sdk-8.0.300/packs/Microsoft.NETCore.App.Ref/8.0.5/ref/net8.0/System.Text.Encoding.dll
           /nix/store/8y83na7h81fw5kr1msmjc7rvx329djp0-dotnet-sdk-8.0.300/packs/Microsoft.NETCore.App.Ref/8.0.5/ref/net8.0/System.Text.Encoding.Extensions.dll
           /nix/store/8y83na7h81fw5kr1msmjc7rvx329djp0-dotnet-sdk-8.0.300/packs/Microsoft.NETCore.App.Ref/8.0.5/ref/net8.0/System.Text.Encodings.Web.dll
           /nix/store/8y83na7h81fw5kr1msmjc7rvx329djp0-dotnet-sdk-8.0.300/packs/Microsoft.NETCore.App.Ref/8.0.5/ref/net8.0/System.Text.Json.dll
           /nix/store/8y83na7h81fw5kr1msmjc7rvx329djp0-dotnet-sdk-8.0.300/packs/Microsoft.NETCore.App.Ref/8.0.5/ref/net8.0/System.Text.RegularExpressions.dll
           /nix/store/8y83na7h81fw5kr1msmjc7rvx329djp0-dotnet-sdk-8.0.300/packs/Microsoft.NETCore.App.Ref/8.0.5/ref/net8.0/System.Threading.Channels.dll
           /nix/store/8y83na7h81fw5kr1msmjc7rvx329djp0-dotnet-sdk-8.0.300/packs/Microsoft.NETCore.App.Ref/8.0.5/ref/net8.0/System.Threading.dll
           /nix/store/8y83na7h81fw5kr1msmjc7rvx329djp0-dotnet-sdk-8.0.300/packs/Microsoft.NETCore.App.Ref/8.0.5/ref/net8.0/System.Threading.Overlapped.dll
           /nix/store/8y83na7h81fw5kr1msmjc7rvx329djp0-dotnet-sdk-8.0.300/packs/Microsoft.NETCore.App.Ref/8.0.5/ref/net8.0/System.Threading.Tasks.Dataflow.dll
           /nix/store/8y83na7h81fw5kr1msmjc7rvx329djp0-dotnet-sdk-8.0.300/packs/Microsoft.NETCore.App.Ref/8.0.5/ref/net8.0/System.Threading.Tasks.dll
           /nix/store/8y83na7h81fw5kr1msmjc7rvx329djp0-dotnet-sdk-8.0.300/packs/Microsoft.NETCore.App.Ref/8.0.5/ref/net8.0/System.Threading.Tasks.Extensions.dll
           /nix/store/8y83na7h81fw5kr1msmjc7rvx329djp0-dotnet-sdk-8.0.300/packs/Microsoft.NETCore.App.Ref/8.0.5/ref/net8.0/System.Threading.Tasks.Parallel.dll
           /nix/store/8y83na7h81fw5kr1msmjc7rvx329djp0-dotnet-sdk-8.0.300/packs/Microsoft.NETCore.App.Ref/8.0.5/ref/net8.0/System.Threading.Thread.dll
           /nix/store/8y83na7h81fw5kr1msmjc7rvx329djp0-dotnet-sdk-8.0.300/packs/Microsoft.NETCore.App.Ref/8.0.5/ref/net8.0/System.Threading.ThreadPool.dll
           /nix/store/8y83na7h81fw5kr1msmjc7rvx329djp0-dotnet-sdk-8.0.300/packs/Microsoft.NETCore.App.Ref/8.0.5/ref/net8.0/System.Threading.Timer.dll
           /nix/store/8y83na7h81fw5kr1msmjc7rvx329djp0-dotnet-sdk-8.0.300/packs/Microsoft.NETCore.App.Ref/8.0.5/ref/net8.0/System.Transactions.dll
           /nix/store/8y83na7h81fw5kr1msmjc7rvx329djp0-dotnet-sdk-8.0.300/packs/Microsoft.NETCore.App.Ref/8.0.5/ref/net8.0/System.Transactions.Local.dll
           /nix/store/8y83na7h81fw5kr1msmjc7rvx329djp0-dotnet-sdk-8.0.300/packs/Microsoft.NETCore.App.Ref/8.0.5/ref/net8.0/System.ValueTuple.dll
           /nix/store/8y83na7h81fw5kr1msmjc7rvx329djp0-dotnet-sdk-8.0.300/packs/Microsoft.NETCore.App.Ref/8.0.5/ref/net8.0/System.Web.dll
           /nix/store/8y83na7h81fw5kr1msmjc7rvx329djp0-dotnet-sdk-8.0.300/packs/Microsoft.NETCore.App.Ref/8.0.5/ref/net8.0/System.Web.HttpUtility.dll
           /nix/store/8y83na7h81fw5kr1msmjc7rvx329djp0-dotnet-sdk-8.0.300/packs/Microsoft.NETCore.App.Ref/8.0.5/ref/net8.0/System.Windows.dll
           /home/runner/.nuget/packages/system.windows.extensions/5.0.0/ref/netcoreapp3.0/System.Windows.Extensions.dll
           /nix/store/8y83na7h81fw5kr1msmjc7rvx329djp0-dotnet-sdk-8.0.300/packs/Microsoft.NETCore.App.Ref/8.0.5/ref/net8.0/System.Xml.dll
           /nix/store/8y83na7h81fw5kr1msmjc7rvx329djp0-dotnet-sdk-8.0.300/packs/Microsoft.NETCore.App.Ref/8.0.5/ref/net8.0/System.Xml.Linq.dll
           /nix/store/8y83na7h81fw5kr1msmjc7rvx329djp0-dotnet-sdk-8.0.300/packs/Microsoft.NETCore.App.Ref/8.0.5/ref/net8.0/System.Xml.ReaderWriter.dll
           /nix/store/8y83na7h81fw5kr1msmjc7rvx329djp0-dotnet-sdk-8.0.300/packs/Microsoft.NETCore.App.Ref/8.0.5/ref/net8.0/System.Xml.Serialization.dll
           /nix/store/8y83na7h81fw5kr1msmjc7rvx329djp0-dotnet-sdk-8.0.300/packs/Microsoft.NETCore.App.Ref/8.0.5/ref/net8.0/System.Xml.XDocument.dll
           /nix/store/8y83na7h81fw5kr1msmjc7rvx329djp0-dotnet-sdk-8.0.300/packs/Microsoft.NETCore.App.Ref/8.0.5/ref/net8.0/System.Xml.XmlDocument.dll
           /nix/store/8y83na7h81fw5kr1msmjc7rvx329djp0-dotnet-sdk-8.0.300/packs/Microsoft.NETCore.App.Ref/8.0.5/ref/net8.0/System.Xml.XmlSerializer.dll
           /nix/store/8y83na7h81fw5kr1msmjc7rvx329djp0-dotnet-sdk-8.0.300/packs/Microsoft.NETCore.App.Ref/8.0.5/ref/net8.0/System.Xml.XPath.dll
           /nix/store/8y83na7h81fw5kr1msmjc7rvx329djp0-dotnet-sdk-8.0.300/packs/Microsoft.NETCore.App.Ref/8.0.5/ref/net8.0/System.Xml.XPath.XDocument.dll
           /nix/store/8y83na7h81fw5kr1msmjc7rvx329djp0-dotnet-sdk-8.0.300/packs/Microsoft.NETCore.App.Ref/8.0.5/ref/net8.0/WindowsBase.dll
           obj/Debug/net8.0/PokerGame.Abstractions.csproj.CoreCompileInputs.cache
           /nix/store/8y83na7h81fw5kr1msmjc7rvx329djp0-dotnet-sdk-8.0.300/sdk/8.0.300/Sdks/Microsoft.NET.Sdk/targets/../analyzers/Microsoft.CodeAnalysis.CSharp.NetAnalyzers.dll
           /nix/store/8y83na7h81fw5kr1msmjc7rvx329djp0-dotnet-sdk-8.0.300/sdk/8.0.300/Sdks/Microsoft.NET.Sdk/targets/../analyzers/Microsoft.CodeAnalysis.NetAnalyzers.dll
           /nix/store/8y83na7h81fw5kr1msmjc7rvx329djp0-dotnet-sdk-8.0.300/packs/Microsoft.NETCore.App.Ref/8.0.5/analyzers/dotnet/cs/Microsoft.Interop.ComInterfaceGenerator.dll
           /nix/store/8y83na7h81fw5kr1msmjc7rvx329djp0-dotnet-sdk-8.0.300/packs/Microsoft.NETCore.App.Ref/8.0.5/analyzers/dotnet/cs/Microsoft.Interop.JavaScript.JSImportGenerator.dll
           /nix/store/8y83na7h81fw5kr1msmjc7rvx329djp0-dotnet-sdk-8.0.300/packs/Microsoft.NETCore.App.Ref/8.0.5/analyzers/dotnet/cs/Microsoft.Interop.LibraryImportGenerator.dll
           /nix/store/8y83na7h81fw5kr1msmjc7rvx329djp0-dotnet-sdk-8.0.300/packs/Microsoft.NETCore.App.Ref/8.0.5/analyzers/dotnet/cs/Microsoft.Interop.SourceGeneration.dll
           /nix/store/8y83na7h81fw5kr1msmjc7rvx329djp0-dotnet-sdk-8.0.300/packs/Microsoft.NETCore.App.Ref/8.0.5/analyzers/dotnet/cs/System.Text.Json.SourceGeneration.dll
           /nix/store/8y83na7h81fw5kr1msmjc7rvx329djp0-dotnet-sdk-8.0.300/packs/Microsoft.NETCore.App.Ref/8.0.5/analyzers/dotnet/cs/System.Text.RegularExpressions.Generator.dll
           obj/Debug/net8.0/PokerGame.Abstractions.GeneratedMSBuildEditorConfig.editorconfig
           /nix/store/8y83na7h81fw5kr1msmjc7rvx329djp0-dotnet-sdk-8.0.300/sdk/8.0.300/Sdks/Microsoft.NET.Sdk/analyzers/build/config/analysislevel_8_default.globalconfig
           /home/runner/workspace/PokerGame.Abstractions/PokerGame.Abstractions.csproj
           /nix/store/8y83na7h81fw5kr1msmjc7rvx329djp0-dotnet-sdk-8.0.300/sdk/8.0.300/Current/Microsoft.Common.targets/ImportAfter/Microsoft.TestPlatform.ImportAfter.targets
           obj/Debug/net8.0/PokerGame.Abstractions.sourcelink.json
       Output files: 
           obj/Debug/net8.0/PokerGame.Abstractions.dll
           obj/Debug/net8.0/refint/PokerGame.Abstractions.dll
           obj/Debug/net8.0/PokerGame.Abstractions.pdb
   3:7>Done building target "CoreCompile" in project "PokerGame.Abstractions.csproj".
       Target "_TouchLastBuildWithSkipAnalyzers" skipped, due to false condition; ('$(_SkipAnalyzers)' == 'true') was evaluated as ('' == 'true').
       Target "_TimeStampAfterCompile" skipped, due to false condition; ('$(RunPostBuildEvent)'=='OnOutputUpdated' or ('$(RegisterForComInterop)'=='true' and '$(OutputType)'=='library')) was evaluated as (''=='OnOutputUpdated' or (''=='true' and 'Library'=='library')).
   3:7>Target "AfterCompile" in file "/nix/store/8y83na7h81fw5kr1msmjc7rvx329djp0-dotnet-sdk-8.0.300/sdk/8.0.300/Microsoft.Common.CurrentVersion.targets" from project "/home/runner/workspace/PokerGame.Abstractions/PokerGame.Abstractions.csproj" (target "Compile" depends on it):
   3:7>Done building target "AfterCompile" in project "PokerGame.Abstractions.csproj".
       Target "_CreateAppHost" skipped, due to false condition; ('$(ComputeNETCoreBuildOutputFiles)' == 'true' and
                            '$(AppHostSourcePath)' != '' and
                            Exists('@(IntermediateAssembly)') and
                            Exists('$(AppHostSourcePath)')) was evaluated as ('true' == 'true' and
                            '' != '' and
                            Exists('obj/Debug/net8.0/PokerGame.Abstractions.dll') and
                            Exists('')).
       Target "_CreateComHost" skipped, due to false condition; ('$(ComputeNETCoreBuildOutputFiles)' == 'true' and
                            '$(ComHostIntermediatePath)' != '' and
                            Exists('@(IntermediateAssembly)') and
                            Exists('$(ComHostSourcePath)')) was evaluated as ('true' == 'true' and
                            '' != '' and
                            Exists('obj/Debug/net8.0/PokerGame.Abstractions.dll') and
                            Exists('')).
       Target "_GetIjwHostPaths" skipped, due to false condition; ('$(UseIJWHost)' == 'true') was evaluated as ('' == 'true').
   3:7>Target "Compile" in file "/nix/store/8y83na7h81fw5kr1msmjc7rvx329djp0-dotnet-sdk-8.0.300/sdk/8.0.300/Microsoft.Common.CurrentVersion.targets" from project "/home/runner/workspace/PokerGame.Abstractions/PokerGame.Abstractions.csproj" (target "CoreBuild" depends on it):
   3:7>Done building target "Compile" in project "PokerGame.Abstractions.csproj".
       Target "ExportWindowsMDFile" skipped, due to false condition; ('$(ExportWinMDFile)' == 'true') was evaluated as ('' == 'true').
       Target "UnmanagedUnregistration" skipped, due to false condition; ((('$(_AssemblyTimestampBeforeCompile)' != '$(_AssemblyTimestampAfterCompile)' or '$(RegisterForComInterop)' != 'true' or '$(OutputType)' != 'library') or
                           ('$(_AssemblyTimestampBeforeCompile)' == '')) and
                          Exists('@(_UnmanagedRegistrationCache)')) was evaluated as ((('' != '' or '' != 'true' or 'Library' != 'library') or
                           ('' == '')) and
                          Exists('obj/PokerGame.Abstractions.csproj.UnmanagedRegistration.cache')).
       Target "GenerateSerializationAssemblies" skipped, due to false condition; ('$(_SGenGenerateSerializationAssembliesConfig)' == 'On' or ('@(WebReferenceUrl)'!='' and '$(_SGenGenerateSerializationAssembliesConfig)' == 'Auto')) was evaluated as ('Off' == 'On' or (''!='' and 'Off' == 'Auto')).
   3:7>Target "_GenerateSatelliteAssemblyInputs" in file "/nix/store/8y83na7h81fw5kr1msmjc7rvx329djp0-dotnet-sdk-8.0.300/sdk/8.0.300/Microsoft.Common.CurrentVersion.targets" from project "/home/runner/workspace/PokerGame.Abstractions/PokerGame.Abstractions.csproj" (target "CreateSatelliteAssemblies" depends on it):
       Task "Warning" skipped, due to false condition; ('@(ManifestResourceWithCulture)'!='' and '%(ManifestResourceWithCulture.EmittedForCompatibilityOnly)'=='') was evaluated as (''!='' and ''=='').
       Task "Warning" skipped, due to false condition; ('@(ManifestNonResxWithCultureOnDisk)'!='' and '%(ManifestNonResxWithCultureOnDisk.EmittedForCompatibilityOnly)'=='') was evaluated as (''!='' and ''=='').
   3:7>Done building target "_GenerateSatelliteAssemblyInputs" in project "PokerGame.Abstractions.csproj".
       Target "ComputeIntermediateSatelliteAssemblies" skipped, due to false condition; (@(EmbeddedResource->'%(WithCulture)') != '') was evaluated as ( != '').
       Target "GenerateSatelliteAssemblies" skipped, due to false condition; ('@(_SatelliteAssemblyResourceInputs)' != '' and '$(GenerateSatelliteAssembliesForCore)' != 'true') was evaluated as ('' != '' and 'true' != 'true').
       Target "CoreGenerateSatelliteAssemblies" skipped, due to false condition; ('@(_SatelliteAssemblyResourceInputs)' != ''  and '$(GenerateSatelliteAssembliesForCore)' == 'true' ) was evaluated as ('' != ''  and 'true' == 'true' ).
   3:7>Target "CreateSatelliteAssemblies" in file "/nix/store/8y83na7h81fw5kr1msmjc7rvx329djp0-dotnet-sdk-8.0.300/sdk/8.0.300/Microsoft.Common.CurrentVersion.targets" from project "/home/runner/workspace/PokerGame.Abstractions/PokerGame.Abstractions.csproj" (target "CoreBuild" depends on it):
   3:7>Done building target "CreateSatelliteAssemblies" in project "PokerGame.Abstractions.csproj".
       Target "GenerateManifests" skipped, due to false condition; ('$(GenerateClickOnceManifests)'=='true' or '@(NativeReference)'!='' or '@(ResolvedIsolatedComModules)'!='' or '$(GenerateAppxManifest)' == 'true') was evaluated as (''=='true' or ''!='' or ''!='' or '' == 'true').
   3:7>Target "GetTargetPathWithTargetPlatformMoniker" in file "/nix/store/8y83na7h81fw5kr1msmjc7rvx329djp0-dotnet-sdk-8.0.300/sdk/8.0.300/Microsoft.Common.CurrentVersion.targets" from project "/home/runner/workspace/PokerGame.Abstractions/PokerGame.Abstractions.csproj" (target "GetTargetPath" depends on it):
   3:7>Done building target "GetTargetPathWithTargetPlatformMoniker" in project "PokerGame.Abstractions.csproj".
   3:7>Target "GetTargetPath" in file "/nix/store/8y83na7h81fw5kr1msmjc7rvx329djp0-dotnet-sdk-8.0.300/sdk/8.0.300/Microsoft.Common.CurrentVersion.targets" from project "/home/runner/workspace/PokerGame.Abstractions/PokerGame.Abstractions.csproj" (target "CoreBuild" depends on it):
   3:7>Done building target "GetTargetPath" in project "PokerGame.Abstractions.csproj".
       Target "ComputeIntermediateSatelliteAssemblies" skipped, due to false condition; (@(EmbeddedResource->'%(WithCulture)') != '') was evaluated as ( != '').
   3:7>Target "_CopyFilesMarkedCopyLocal" in file "/nix/store/8y83na7h81fw5kr1msmjc7rvx329djp0-dotnet-sdk-8.0.300/sdk/8.0.300/Microsoft.Common.CurrentVersion.targets" from project "/home/runner/workspace/PokerGame.Abstractions/PokerGame.Abstractions.csproj" (target "CopyFilesToOutputDirectory" depends on it):
       Using "Copy" task from assembly "Microsoft.Build.Tasks.Core, Version=15.1.0.0, Culture=neutral, PublicKeyToken=b03f5f7f11d50a3a".
       Task "Copy"
         Did not copy from file "/home/runner/workspace/MSA.Foundation/bin/Debug/net8.0/MSA.Foundation.dll" to file "bin/Debug/net8.0/MSA.Foundation.dll" because the "SkipUnchangedFiles" parameter was set to "true" in the project and the files' sizes and timestamps match.
         Did not copy from file "/home/runner/workspace/MSA.Foundation/bin/Debug/net8.0/MSA.Foundation.pdb" to file "bin/Debug/net8.0/MSA.Foundation.pdb" because the "SkipUnchangedFiles" parameter was set to "true" in the project and the files' sizes and timestamps match.
       Done executing task "Copy".
       Task "Touch" skipped, due to false condition; ('@(ReferencesCopiedInThisBuild)' != '' and '$(WroteAtLeastOneFile)' == 'true') was evaluated as ('bin/Debug/net8.0/MSA.Foundation.dll;bin/Debug/net8.0/MSA.Foundation.pdb' != '' and 'False' == 'true').
   3:7>Done building target "_CopyFilesMarkedCopyLocal" in project "PokerGame.Abstractions.csproj".
       Target "AssignTargetPaths" skipped. Previously built successfully.
       Target "AssignProjectConfiguration" skipped. Previously built successfully.
       Target "_SplitProjectReferencesByFileExistence" skipped. Previously built successfully.
       Target "_GetProjectReferenceTargetFrameworkProperties" skipped. Previously built successfully.
   3:7>Target "_PopulateCommonStateForGetCopyToOutputDirectoryItems" in file "/nix/store/8y83na7h81fw5kr1msmjc7rvx329djp0-dotnet-sdk-8.0.300/sdk/8.0.300/Microsoft.Common.CurrentVersion.targets" from project "/home/runner/workspace/PokerGame.Abstractions/PokerGame.Abstractions.csproj" (target "GetCopyToOutputDirectoryItems" depends on it):
   3:7>Done building target "_PopulateCommonStateForGetCopyToOutputDirectoryItems" in project "PokerGame.Abstractions.csproj".
       Target "AddDepsJsonAndRuntimeConfigToCopyItemsForReferencingProjects" skipped, due to false condition; ('$(HasRuntimeOutput)' == 'true') was evaluated as ('' == 'true').
   3:7>Target "GetCopyToOutputDirectoryItems" in file "/nix/store/8y83na7h81fw5kr1msmjc7rvx329djp0-dotnet-sdk-8.0.300/sdk/8.0.300/Microsoft.Common.CurrentVersion.targets" from project "/home/runner/workspace/PokerGame.Abstractions/PokerGame.Abstractions.csproj" (target "_CopySourceItemsToOutputDirectory" depends on it):
       Using "CallTarget" task from assembly "Microsoft.Build.Tasks.Core, Version=15.1.0.0, Culture=neutral, PublicKeyToken=b03f5f7f11d50a3a".
       Task "CallTarget"
       Target "_PopulateCommonStateForGetCopyToOutputDirectoryItems" skipped. Previously built successfully.
       Target "_AddOutputPathToGlobalPropertiesToRemove" skipped. Previously built successfully.
   3:7>Target "_GetCopyToOutputDirectoryItemsFromTransitiveProjectReferences" in file "/nix/store/8y83na7h81fw5kr1msmjc7rvx329djp0-dotnet-sdk-8.0.300/sdk/8.0.300/Microsoft.Common.CurrentVersion.targets" from project "/home/runner/workspace/PokerGame.Abstractions/PokerGame.Abstractions.csproj" (target "GetCopyToOutputDirectoryItems" depends on it):
       Task "MSBuild"
         Removing Properties for project "../MSA.Foundation/MSA.Foundation.csproj":
           TargetFramework
           RuntimeIdentifier
           SelfContained
   3:7>Project "/home/runner/workspace/PokerGame.Abstractions/PokerGame.Abstractions.csproj" (3:7) is building "/home/runner/workspace/MSA.Foundation/MSA.Foundation.csproj" (4:13) on node 1 (GetCopyToOutputDirectoryItems target(s)).
  4:13>Target "GetCopyToOutputDirectoryItems" skipped. Previously built successfully.
  4:13>Done Building Project "/home/runner/workspace/MSA.Foundation/MSA.Foundation.csproj" (GetCopyToOutputDirectoryItems target(s)).
   3:7>Done executing task "MSBuild".
       Task "AssignTargetPath"
       Done executing task "AssignTargetPath".
   3:7>Done building target "_GetCopyToOutputDirectoryItemsFromTransitiveProjectReferences" in project "PokerGame.Abstractions.csproj".
       Done executing task "CallTarget".
       Task "CallTarget"
       Target "AssignTargetPaths" skipped. Previously built successfully.
       Target "_PopulateCommonStateForGetCopyToOutputDirectoryItems" skipped. Previously built successfully.
       Target "AddDepsJsonAndRuntimeConfigToCopyItemsForReferencingProjects" skipped, due to false condition; ('$(HasRuntimeOutput)' == 'true') was evaluated as ('' == 'true').
   3:7>Target "_GetCopyToOutputDirectoryItemsFromThisProject" in file "/nix/store/8y83na7h81fw5kr1msmjc7rvx329djp0-dotnet-sdk-8.0.300/sdk/8.0.300/Microsoft.Common.CurrentVersion.targets" from project "/home/runner/workspace/PokerGame.Abstractions/PokerGame.Abstractions.csproj" (target "GetCopyToOutputDirectoryItems" depends on it):
       Task "AssignTargetPath"
       Done executing task "AssignTargetPath".
   3:7>Done building target "_GetCopyToOutputDirectoryItemsFromThisProject" in project "PokerGame.Abstractions.csproj".
       Done executing task "CallTarget".
   3:7>Done building target "GetCopyToOutputDirectoryItems" in project "PokerGame.Abstractions.csproj".
       Target "_CopyOutOfDateSourceItemsToOutputDirectory" skipped, due to false condition; ( '@(_SourceItemsToCopyToOutputDirectory)' != '' ) was evaluated as ( '' != '' ).
       Target "_CopyOutOfDateSourceItemsToOutputDirectoryAlways" skipped, due to false condition; ( '@(_SourceItemsToCopyToOutputDirectoryAlways)' != '' ) was evaluated as ( '' != '' ).
   3:7>Target "_CopySourceItemsToOutputDirectory" in file "/nix/store/8y83na7h81fw5kr1msmjc7rvx329djp0-dotnet-sdk-8.0.300/sdk/8.0.300/Microsoft.Common.CurrentVersion.targets" from project "/home/runner/workspace/PokerGame.Abstractions/PokerGame.Abstractions.csproj" (target "CopyFilesToOutputDirectory" depends on it):
   3:7>Done building target "_CopySourceItemsToOutputDirectory" in project "PokerGame.Abstractions.csproj".
       Target "_CopyAppConfigFile" skipped, due to false condition; ( '@(AppConfigWithTargetPath)' != '' ) was evaluated as ( '' != '' ).
       Target "_CopyManifestFiles" skipped, due to false condition; ( '$(_DeploymentCopyApplicationManifest)'=='true' or '$(GenerateClickOnceManifests)'=='true' ) was evaluated as ( ''=='true' or ''=='true' ).
   3:7>Target "_CheckForCompileOutputs" in file "/nix/store/8y83na7h81fw5kr1msmjc7rvx329djp0-dotnet-sdk-8.0.300/sdk/8.0.300/Microsoft.Common.CurrentVersion.targets" from project "/home/runner/workspace/PokerGame.Abstractions/PokerGame.Abstractions.csproj" (target "CopyFilesToOutputDirectory" depends on it):
   3:7>Done building target "_CheckForCompileOutputs" in project "PokerGame.Abstractions.csproj".
       Target "_SGenCheckForOutputs" skipped, due to false condition; ('$(_SGenGenerateSerializationAssembliesConfig)' == 'On' or ('@(WebReferenceUrl)'!='' and '$(_SGenGenerateSerializationAssembliesConfig)' == 'Auto')) was evaluated as ('Off' == 'On' or (''!='' and 'Off' == 'Auto')).
       Target "_DefaultMicrosoftNETPlatformLibrary" skipped. Previously built successfully.
       Target "_HandlePackageFileConflicts" skipped. Previously built successfully.
       Target "ResolveAssemblyReferences" skipped. Previously built successfully.
   3:7>Target "_ComputeReferenceAssemblies" in file "/nix/store/8y83na7h81fw5kr1msmjc7rvx329djp0-dotnet-sdk-8.0.300/sdk/8.0.300/Sdks/Microsoft.NET.Sdk/targets/Microsoft.NET.Sdk.targets" from project "/home/runner/workspace/PokerGame.Abstractions/PokerGame.Abstractions.csproj" (target "GenerateBuildDependencyFile" depends on it):
   3:7>Done building target "_ComputeReferenceAssemblies" in project "PokerGame.Abstractions.csproj".
   3:7>Target "_ComputeUserRuntimeAssemblies" in file "/nix/store/8y83na7h81fw5kr1msmjc7rvx329djp0-dotnet-sdk-8.0.300/sdk/8.0.300/Sdks/Microsoft.NET.Sdk/targets/Microsoft.NET.Sdk.targets" from project "/home/runner/workspace/PokerGame.Abstractions/PokerGame.Abstractions.csproj" (target "GenerateBuildDependencyFile" depends on it):
   3:7>Done building target "_ComputeUserRuntimeAssemblies" in project "PokerGame.Abstractions.csproj".
       Target "ResolveRuntimePackAssets" skipped, due to false condition; ('@(RuntimePack)' != '') was evaluated as ('' != '').
       Target "_ComputePackageReferencePublish" skipped. Previously built successfully.
       Target "ComputeDependencyFileCompilerOptions" skipped, due to false condition; ('$(PreserveCompilationContext)' == 'true') was evaluated as ('' == 'true').
   3:7>Target "GenerateBuildDependencyFile" in file "/nix/store/8y83na7h81fw5kr1msmjc7rvx329djp0-dotnet-sdk-8.0.300/sdk/8.0.300/Sdks/Microsoft.NET.Sdk/targets/Microsoft.NET.Sdk.targets" from project "/home/runner/workspace/PokerGame.Abstractions/PokerGame.Abstractions.csproj" (target "CopyFilesToOutputDirectory" depends on it):
       Skipping target "GenerateBuildDependencyFile" because all output files are up-to-date with respect to the input files.
       Input files: 
           /home/runner/workspace/PokerGame.Abstractions/obj/project.assets.json
           /home/runner/workspace/PokerGame.Abstractions/obj/Debug/net8.0/PokerGame.Abstractions.assets.cache
           /home/runner/workspace/PokerGame.Abstractions/PokerGame.Abstractions.csproj
           /nix/store/8y83na7h81fw5kr1msmjc7rvx329djp0-dotnet-sdk-8.0.300/sdk/8.0.300/Current/Microsoft.Common.targets/ImportAfter/Microsoft.TestPlatform.ImportAfter.targets
       Output files: /home/runner/workspace/PokerGame.Abstractions/bin/Debug/net8.0/PokerGame.Abstractions.deps.json
   3:7>Done building target "GenerateBuildDependencyFile" in project "PokerGame.Abstractions.csproj".
       Target "GenerateBuildRuntimeConfigurationFiles" skipped, due to false condition; ( '$(GenerateRuntimeConfigurationFiles)' == 'true') was evaluated as ( '' == 'true').
       Target "GenerateShimsAssets" skipped, due to false condition; ('$(PackAsTool)' == 'true' and $(PackAsToolShimRuntimeIdentifiers) != '' ) was evaluated as ('' == 'true' and  != '' ).
   3:7>Target "CopyFilesToOutputDirectory" in file "/nix/store/8y83na7h81fw5kr1msmjc7rvx329djp0-dotnet-sdk-8.0.300/sdk/8.0.300/Microsoft.Common.CurrentVersion.targets" from project "/home/runner/workspace/PokerGame.Abstractions/PokerGame.Abstractions.csproj" (target "PrepareForRun" depends on it):
       Task "Copy"
         Did not copy from file "obj/Debug/net8.0/PokerGame.Abstractions.dll" to file "bin/Debug/net8.0/PokerGame.Abstractions.dll" because the "SkipUnchangedFiles" parameter was set to "true" in the project and the files' sizes and timestamps match.
       Done executing task "Copy".
       Using "CopyRefAssembly" task from assembly "/nix/store/8y83na7h81fw5kr1msmjc7rvx329djp0-dotnet-sdk-8.0.300/sdk/8.0.300/Roslyn/Microsoft.Build.Tasks.CodeAnalysis.dll".
       Task "CopyRefAssembly"
         Reference assembly "/home/runner/workspace/PokerGame.Abstractions/obj/Debug/net8.0/ref/PokerGame.Abstractions.dll" already has latest information. Leaving it untouched.
       Done executing task "CopyRefAssembly".
       Task "Message"
         PokerGame.Abstractions -> /home/runner/workspace/PokerGame.Abstractions/bin/Debug/net8.0/PokerGame.Abstractions.dll
       Done executing task "Message".
       Task "Copy" skipped, due to false condition; ('@(AddModules)' != '') was evaluated as ('' != '').
       Task "Copy" skipped, due to false condition; ('$(_SGenDllCreated)'=='true') was evaluated as ('false'=='true').
       Task "Copy"
         Did not copy from file "obj/Debug/net8.0/PokerGame.Abstractions.pdb" to file "bin/Debug/net8.0/PokerGame.Abstractions.pdb" because the "SkipUnchangedFiles" parameter was set to "true" in the project and the files' sizes and timestamps match.
       Done executing task "Copy".
       Task "Copy" skipped, due to false condition; ('$(_DocumentationFileProduced)'=='true' and '$(CopyDocumentationFileToOutputDirectory)'=='true') was evaluated as ('false'=='true' and 'true'=='true').
       Task "Copy" skipped, due to false condition; ('@(IntermediateSatelliteAssembliesWithTargetPath)' != '') was evaluated as ('' != '').
       Task "Copy" skipped, due to false condition; ('@(ReferenceComWrappersToCopyLocal)' != '' or '@(ResolvedIsolatedComModules)' != '' or '@(_DeploymentLooseManifestFile)' != '' or '@(NativeReferenceFile)' != '' ) was evaluated as ('' != '' or '' != '' or '' != '' or '' != '' ).
       Task "Copy" skipped, due to false condition; ('$(SkipCopyWinMDArtifact)' != 'true' and '@(WinMDExpArtifacts)' != '') was evaluated as ('' != 'true' and '' != '').
       Task "Message" skipped, due to false condition; ('$(SkipCopyWinMDArtifact)' != 'true' and '$(_WindowsMetadataOutputPath)' != '') was evaluated as ('' != 'true' and '' != '').
   3:7>Done building target "CopyFilesToOutputDirectory" in project "PokerGame.Abstractions.csproj".
       Target "_CopyReferenceOnlyAssembliesForBuild" skipped, due to false condition; ('$(PreserveCompilationReferences)' == 'true') was evaluated as ('' == 'true').
   3:7>Target "PrepareForRun" in file "/nix/store/8y83na7h81fw5kr1msmjc7rvx329djp0-dotnet-sdk-8.0.300/sdk/8.0.300/Microsoft.Common.CurrentVersion.targets" from project "/home/runner/workspace/PokerGame.Abstractions/PokerGame.Abstractions.csproj" (target "CoreBuild" depends on it):
   3:7>Done building target "PrepareForRun" in project "PokerGame.Abstractions.csproj".
       Target "UnmanagedRegistration" skipped, due to false condition; ('$(RegisterForComInterop)'=='true' and '$(OutputType)'=='library') was evaluated as (''=='true' and 'Library'=='library').
       Target "_CheckForCompileOutputs" skipped. Previously built successfully.
       Target "_SGenCheckForOutputs" skipped, due to false condition; ('$(_SGenGenerateSerializationAssembliesConfig)' == 'On' or ('@(WebReferenceUrl)'!='' and '$(_SGenGenerateSerializationAssembliesConfig)' == 'Auto')) was evaluated as ('Off' == 'On' or (''!='' and 'Off' == 'Auto')).
   3:7>Target "_CleanGetCurrentAndPriorFileWrites" in file "/nix/store/8y83na7h81fw5kr1msmjc7rvx329djp0-dotnet-sdk-8.0.300/sdk/8.0.300/Microsoft.Common.CurrentVersion.targets" from project "/home/runner/workspace/PokerGame.Abstractions/PokerGame.Abstractions.csproj" (target "IncrementalClean" depends on it):
       Using "ReadLinesFromFile" task from assembly "Microsoft.Build.Tasks.Core, Version=15.1.0.0, Culture=neutral, PublicKeyToken=b03f5f7f11d50a3a".
       Task "ReadLinesFromFile"
       Done executing task "ReadLinesFromFile".
       Task "ConvertToAbsolutePath"
       Done executing task "ConvertToAbsolutePath".
       Using "FindUnderPath" task from assembly "Microsoft.Build.Tasks.Core, Version=15.1.0.0, Culture=neutral, PublicKeyToken=b03f5f7f11d50a3a".
       Task "FindUnderPath"
         Comparison path is "/home/runner/workspace/PokerGame.Abstractions".
       Done executing task "FindUnderPath".
       Task "FindUnderPath"
         Comparison path is "bin/Debug/net8.0/".
       Done executing task "FindUnderPath".
       Task "FindUnderPath"
         Comparison path is "obj/Debug/net8.0/".
       Done executing task "FindUnderPath".
       Task "RemoveDuplicates"
       Done executing task "RemoveDuplicates".
   3:7>Done building target "_CleanGetCurrentAndPriorFileWrites" in project "PokerGame.Abstractions.csproj".
   3:7>Target "IncrementalClean" in file "/nix/store/8y83na7h81fw5kr1msmjc7rvx329djp0-dotnet-sdk-8.0.300/sdk/8.0.300/Microsoft.Common.CurrentVersion.targets" from project "/home/runner/workspace/PokerGame.Abstractions/PokerGame.Abstractions.csproj" (target "CoreBuild" depends on it):
       Task "FindUnderPath"
         Comparison path is "bin/Debug/net8.0/".
       Done executing task "FindUnderPath".
       Task "FindUnderPath"
         Comparison path is "obj/Debug/net8.0/".
       Done executing task "FindUnderPath".
       Using "Delete" task from assembly "Microsoft.Build.Tasks.Core, Version=15.1.0.0, Culture=neutral, PublicKeyToken=b03f5f7f11d50a3a".
       Task "Delete"
       Done executing task "Delete".
       Task "RemoveDuplicates"
       Done executing task "RemoveDuplicates".
       Task "WriteLinesToFile" skipped, due to false condition; ('@(_CleanUnfilteredPriorFileWrites)'!='@(_CleanUniqueRemainingFileWritesAfterIncrementalClean)') was evaluated as ('/home/runner/workspace/PokerGame.Abstractions/bin/Debug/net8.0/PokerGame.Abstractions.deps.json;/home/runner/workspace/PokerGame.Abstractions/bin/Debug/net8.0/PokerGame.Abstractions.dll;/home/runner/workspace/PokerGame.Abstractions/bin/Debug/net8.0/PokerGame.Abstractions.pdb;...'!='/home/runner/workspace/PokerGame.Abstractions/bin/Debug/net8.0/PokerGame.Abstractions.deps.json;/home/runner/workspace/PokerGame.Abstractions/bin/Debug/net8.0/PokerGame.Abstractions.dll;/home/runner/workspace/PokerGame.Abstractions/bin/Debug/net8.0/PokerGame.Abstractions.pdb;...').
   3:7>Done building target "IncrementalClean" in project "PokerGame.Abstractions.csproj".
       Target "PostBuildEvent" skipped, due to false condition; ('$(PostBuildEvent)' != '' and ('$(RunPostBuildEvent)' != 'OnOutputUpdated' or '$(_AssemblyTimestampBeforeCompile)' != '$(_AssemblyTimestampAfterCompile)')) was evaluated as ('' != '' and ('' != 'OnOutputUpdated' or '' != '')).
       Target "GenerateBuildDependencyFile" skipped. Previously built successfully.
       Target "GenerateBuildRuntimeConfigurationFiles" skipped, due to false condition; ( '$(GenerateRuntimeConfigurationFiles)' == 'true') was evaluated as ( '' == 'true').
   3:7>Target "CoreBuild" in file "/nix/store/8y83na7h81fw5kr1msmjc7rvx329djp0-dotnet-sdk-8.0.300/sdk/8.0.300/Microsoft.Common.CurrentVersion.targets" from project "/home/runner/workspace/PokerGame.Abstractions/PokerGame.Abstractions.csproj" (target "Build" depends on it):
   3:7>Done building target "CoreBuild" in project "PokerGame.Abstractions.csproj".
   3:7>Target "AfterBuild" in file "/nix/store/8y83na7h81fw5kr1msmjc7rvx329djp0-dotnet-sdk-8.0.300/sdk/8.0.300/Microsoft.Common.CurrentVersion.targets" from project "/home/runner/workspace/PokerGame.Abstractions/PokerGame.Abstractions.csproj" (target "Build" depends on it):
   3:7>Done building target "AfterBuild" in project "PokerGame.Abstractions.csproj".
       Target "_CheckBrowserWorkloadNeededButNotAvailable" skipped, due to false condition; ('$(RuntimeIdentifier)' == 'browser-wasm' and '$(_BrowserWorkloadDisabled)' != 'true' and '$(WasmNativeWorkloadAvailable)' != 'true') was evaluated as ('' == 'browser-wasm' and '' != 'true' and '' != 'true').
       Target "_ErrorWorkloadDisabledForTFMLessThan6" skipped, due to false condition; ('$(_BrowserWorkloadNotSupportedForTFM)' == 'true') was evaluated as ('' == 'true').
       Target "_ErrorDualWasmThreadPropsOn7" skipped, due to false condition; ('$(TargetsNet7)' == 'true' and '$(RuntimeIdentifier)' == 'browser-wasm' and
           '$(BrowserWorkloadDisabled)' != 'true' and '$(WasmEnableThreads)' == 'true' and '$(WasmEnablePerfTrace)' == 'true') was evaluated as ('' == 'true' and '' == 'browser-wasm' and
           '' != 'true' and '' == 'true' and '' == 'true').
       Target "_CheckForInvalidConfigurationAndPlatform" skipped. Previously built successfully.
       Target "_CheckForInvalidConfigurationAndPlatform" skipped. Previously built successfully.
   3:7>Target "Build" in file "/nix/store/8y83na7h81fw5kr1msmjc7rvx329djp0-dotnet-sdk-8.0.300/sdk/8.0.300/Microsoft.Common.CurrentVersion.targets" from project "/home/runner/workspace/PokerGame.Abstractions/PokerGame.Abstractions.csproj" (entry point):
   3:7>Done building target "Build" in project "PokerGame.Abstractions.csproj".
       Target "_PackAsBuildAfterTarget" skipped, due to false condition; ('$(GeneratePackageOnBuild)' == 'true' AND '$(IsInnerBuild)' != 'true') was evaluated as ('false' == 'true' AND '' != 'true').
   3:7>Target "_CheckContainersPackage" in file "/nix/store/8y83na7h81fw5kr1msmjc7rvx329djp0-dotnet-sdk-8.0.300/sdk/8.0.300/Containers/build/Microsoft.NET.Build.Containers.targets" from project "/home/runner/workspace/PokerGame.Abstractions/PokerGame.Abstractions.csproj" (entry point):
       Task "Warning" skipped, due to false condition; ($(_ContainerPackageIsPresent)
               and (
                 ($(_SdkCanPublishWeb) and $(_IsWebProject)) or
                 ($(_SdkCanPublishWorker) and $(_IsWorkerProject)) or
                 ($(_SdkCanPublishConsole) and '$(EnableSdkContainerSupport)' == 'true')
               )) was evaluated as (false
               and (
                 (True and false) or
                 (True and false) or
                 (True and '' == 'true')
               )).
   3:7>Done building target "_CheckContainersPackage" in project "PokerGame.Abstractions.csproj".
   3:7>Done Building Project "/home/runner/workspace/PokerGame.Abstractions/PokerGame.Abstractions.csproj" (default targets).
   2:6>Project "/home/runner/workspace/PokerGame.Core/PokerGame.Core.csproj" (2:6) is building "/home/runner/workspace/PokerGame.Abstractions/PokerGame.Abstractions.csproj" (3:9) on node 2 (default targets).
   3:9>Target "Build" skipped. Previously built successfully.
   3:9>Done Building Project "/home/runner/workspace/PokerGame.Abstractions/PokerGame.Abstractions.csproj" (default targets).
   2:6>Done executing task "MSBuild".
       Task "MSBuild"
         Removing Properties for project "../PokerGame.Abstractions/PokerGame.Abstractions.csproj":
           TargetFramework
           RuntimeIdentifier
           SelfContained
         Removing Properties for project "../MSA.Foundation/MSA.Foundation.csproj":
           TargetFramework
           RuntimeIdentifier
           SelfContained
   2:6>Project "/home/runner/workspace/PokerGame.Core/PokerGame.Core.csproj" (2:6) is building "/home/runner/workspace/MSA.Foundation/MSA.Foundation.csproj" (4:14) on node 1 (GetNativeManifest target(s)).
  4:14>Target "GetNativeManifest" skipped. Previously built successfully.
  4:14>Done Building Project "/home/runner/workspace/MSA.Foundation/MSA.Foundation.csproj" (GetNativeManifest target(s)).
   2:6>Project "/home/runner/workspace/PokerGame.Core/PokerGame.Core.csproj" (2:6) is building "/home/runner/workspace/PokerGame.Abstractions/PokerGame.Abstractions.csproj" (3:10) on node 2 (GetNativeManifest target(s)).
  3:10>Target "GetNativeManifest" in file "/nix/store/8y83na7h81fw5kr1msmjc7rvx329djp0-dotnet-sdk-8.0.300/sdk/8.0.300/Microsoft.Common.CurrentVersion.targets" from project "/home/runner/workspace/PokerGame.Abstractions/PokerGame.Abstractions.csproj" (entry point):
  3:10>Done building target "GetNativeManifest" in project "PokerGame.Abstractions.csproj".
  3:10>Done Building Project "/home/runner/workspace/PokerGame.Abstractions/PokerGame.Abstractions.csproj" (GetNativeManifest target(s)).
   2:6>Done executing task "MSBuild".
       Task "Warning" skipped, due to false condition; ('@(ProjectReferenceWithConfiguration)' != '' and '@(_MSBuildProjectReferenceNonexistent)' != '') was evaluated as ('../PokerGame.Abstractions/PokerGame.Abstractions.csproj;../MSA.Foundation/MSA.Foundation.csproj' != '' and '' != '').
   2:6>Done building target "ResolveProjectReferences" in project "PokerGame.Core.csproj".
       Target "FindInvalidProjectReferences" skipped, due to false condition; ('$(FindInvalidProjectReferences)' == 'true') was evaluated as ('' == 'true').
       Target "ResolveNativeReferences" skipped, due to false condition; ('@(NativeReference)'!='') was evaluated as (''!='').
       Target "ResolveProjectReferences" skipped. Previously built successfully.
       Target "FindInvalidProjectReferences" skipped, due to false condition; ('$(FindInvalidProjectReferences)' == 'true') was evaluated as ('' == 'true').
       Target "GetFrameworkPaths" skipped. Previously built successfully.
       Target "GetReferenceAssemblyPaths" skipped. Previously built successfully.
       Target "PrepareForBuild" skipped. Previously built successfully.
       Target "GetInstalledSDKLocations" skipped, due to false condition; ('@(SDKReference)' != '') was evaluated as ('' != '').
   2:6>Target "ResolveSDKReferences" in file "/nix/store/8y83na7h81fw5kr1msmjc7rvx329djp0-dotnet-sdk-8.0.300/sdk/8.0.300/Microsoft.Common.CurrentVersion.targets" from project "/home/runner/workspace/PokerGame.Core/PokerGame.Core.csproj" (target "ResolveAssemblyReferences" depends on it):
       Task "ResolveSDKReference" skipped, due to false condition; ('@(SDKReference)'!='') was evaluated as (''!='').
   2:6>Done building target "ResolveSDKReferences" in project "PokerGame.Core.csproj".
       Target "ResolveSDKReferences" skipped. Previously built successfully.
   2:6>Target "ExpandSDKReferences" in file "/nix/store/8y83na7h81fw5kr1msmjc7rvx329djp0-dotnet-sdk-8.0.300/sdk/8.0.300/Microsoft.Common.CurrentVersion.targets" from project "/home/runner/workspace/PokerGame.Core/PokerGame.Core.csproj" (target "ResolveAssemblyReferences" depends on it):
       Task "GetSDKReferenceFiles" skipped, due to false condition; ('@(ResolvedSDKReference)'!='') was evaluated as (''!='').
   2:6>Done building target "ExpandSDKReferences" in project "PokerGame.Core.csproj".
       Target "ResolvePackageDependenciesForBuild" skipped. Previously built successfully.
       Target "GetFrameworkPaths" skipped. Previously built successfully.
       Target "GetReferenceAssemblyPaths" skipped. Previously built successfully.
       Target "ProcessFrameworkReferences" skipped. Previously built successfully.
       Target "ResolvePackageAssets" skipped. Previously built successfully.
   2:6>Target "ResolveFrameworkReferences" in file "/nix/store/8y83na7h81fw5kr1msmjc7rvx329djp0-dotnet-sdk-8.0.300/sdk/8.0.300/Sdks/Microsoft.NET.Sdk/targets/Microsoft.NET.Sdk.FrameworkReferenceResolution.targets" from project "/home/runner/workspace/PokerGame.Core/PokerGame.Core.csproj" (target "ResolveTargetingPackAssets" depends on it):
       Using "GetPackageDirectory" task from assembly "/nix/store/8y83na7h81fw5kr1msmjc7rvx329djp0-dotnet-sdk-8.0.300/sdk/8.0.300/Sdks/Microsoft.NET.Sdk/targets/../tools/net8.0/Microsoft.NET.Build.Tasks.dll".
       Task "GetPackageDirectory"
       Done executing task "GetPackageDirectory".
       Task "GetPackageDirectory"
       Done executing task "GetPackageDirectory".
       Task "GetPackageDirectory"
       Done executing task "GetPackageDirectory".
       Task "GetPackageDirectory"
       Done executing task "GetPackageDirectory".
       Task "GetPackageDirectory"
       Done executing task "GetPackageDirectory".
       Task "GetPackageDirectory"
       Done executing task "GetPackageDirectory".
       Task "GetPackageDirectory"
       Done executing task "GetPackageDirectory".
       Task "GetPackageDirectory"
       Done executing task "GetPackageDirectory".
       Task "GetPackageDirectory"
       Done executing task "GetPackageDirectory".
       Task "GetPackageDirectory"
       Done executing task "GetPackageDirectory".
       Using "ResolveFrameworkReferences" task from assembly "/nix/store/8y83na7h81fw5kr1msmjc7rvx329djp0-dotnet-sdk-8.0.300/sdk/8.0.300/Sdks/Microsoft.NET.Sdk/targets/../tools/net8.0/Microsoft.NET.Build.Tasks.dll".
       Task "ResolveFrameworkReferences"
       Done executing task "ResolveFrameworkReferences".
   2:6>Done building target "ResolveFrameworkReferences" in project "PokerGame.Core.csproj".
   2:6>Target "ResolveTargetingPackAssets" in file "/nix/store/8y83na7h81fw5kr1msmjc7rvx329djp0-dotnet-sdk-8.0.300/sdk/8.0.300/Sdks/Microsoft.NET.Sdk/targets/Microsoft.NET.Sdk.FrameworkReferenceResolution.targets" from project "/home/runner/workspace/PokerGame.Core/PokerGame.Core.csproj" (target "_HandlePackageFileConflicts" depends on it):
       Using "ResolveTargetingPackAssets" task from assembly "/nix/store/8y83na7h81fw5kr1msmjc7rvx329djp0-dotnet-sdk-8.0.300/sdk/8.0.300/Sdks/Microsoft.NET.Sdk/targets/../tools/net8.0/Microsoft.NET.Build.Tasks.dll".
       Task "ResolveTargetingPackAssets"
       Done executing task "ResolveTargetingPackAssets".
   2:6>Done building target "ResolveTargetingPackAssets" in project "PokerGame.Core.csproj".
   2:6>Target "ResolveOffByDefaultAnalyzers" in file "/nix/store/8y83na7h81fw5kr1msmjc7rvx329djp0-dotnet-sdk-8.0.300/sdk/8.0.300/Sdks/Microsoft.NET.Sdk/targets/Microsoft.NET.Sdk.FrameworkReferenceResolution.targets" from project "/home/runner/workspace/PokerGame.Core/PokerGame.Core.csproj" (target "_HandlePackageFileConflicts" depends on it):
   2:6>Done building target "ResolveOffByDefaultAnalyzers" in project "PokerGame.Core.csproj".
   2:6>Target "_HandlePackageFileConflicts" in file "/nix/store/8y83na7h81fw5kr1msmjc7rvx329djp0-dotnet-sdk-8.0.300/sdk/8.0.300/Sdks/Microsoft.NET.Sdk/targets/Microsoft.NET.ConflictResolution.targets" from project "/home/runner/workspace/PokerGame.Core/PokerGame.Core.csproj" (target "ResolveAssemblyReferences" depends on it):
       Using "ResolvePackageFileConflicts" task from assembly "/nix/store/8y83na7h81fw5kr1msmjc7rvx329djp0-dotnet-sdk-8.0.300/sdk/8.0.300/Sdks/Microsoft.NET.Sdk/targets/../tools/net8.0/Microsoft.NET.Build.Tasks.dll".
